ARM Linker, 5.03 [Build 76] [MDK-ARM Professional]

==============================================================================

Section Cross References

    scopemain.o(.text) refers to interfacescope.o(.text) for HW_FPGA_RST_H
    scopemain.o(.text) refers to scope_it.o(.text) for IT_SYS_DlyMs
    scopemain.o(.text) refers to storagemanagement.o(.text) for Flash_Read_Param
    scopemain.o(.text) refers to printf8.o(i.__0printf$8) for __2printf
    scopemain.o(.text) refers to scope_eval.o(.text) for EVAL_OutputSet
    scopemain.o(.text) refers to protocol.o(.text) for PL_InitProtocol
    scopemain.o(.text) refers to samplingport.o(.text) for SPG_InitProtocol
    scopemain.o(.text) refers to stm32f4x7_eth_bsp.o(.text) for ETH_BSP_Config
    scopemain.o(.text) refers to netconf.o(.text) for LwIP_Init
    scopemain.o(.text) refers to udp_echoserver.o(.text) for udp_echoserver_init
    scopemain.o(.text) refers to systemscope.o(.text) for Iint_SysParam
    scopemain.o(.text) refers to storagemanagement.o(.bss) for g_Record_Param
    scopemain.o(.text) refers to processscope.o(.data) for g_AirLight_Flag
    system_stm32f4xx.o(.text) refers to system_stm32f4xx.o(.data) for SystemCoreClock
    startup_stm32f40_41xxx.o(RESET) refers to startup_stm32f40_41xxx.o(STACK) for __initial_sp
    startup_stm32f40_41xxx.o(RESET) refers to startup_stm32f40_41xxx.o(.text) for Reset_Handler
    startup_stm32f40_41xxx.o(RESET) refers to scope_it.o(.text) for SysTick_Handler
    startup_stm32f40_41xxx.o(.text) refers to system_stm32f4xx.o(.text) for SystemInit
    startup_stm32f40_41xxx.o(.text) refers to entry.o(.ARM.Collect$$$$00000000) for __main
    systemscope.o(.text) refers to memseta.o(.text) for __aeabi_memclr
    systemscope.o(.text) refers to processscope.o(.bss) for g_CRP_Data
    systemscope.o(.text) refers to systemscope.o(.data) for g_nError
    systemscope.o(.text) refers to systemscope.o(.bss) for g_tAxisPosStatus
    systemscope.o(.text) refers to systemscope.o(.constdata) for m_nConstBitsMap
    processscope.o(.text) refers to scope_it.o(.text) for IT_LIST_GetTicks
    processscope.o(.text) refers to protocol.o(.text) for PL_NET_SendResult
    processscope.o(.text) refers to processscope.o(.data) for g_Udp_Count
    processscope.o(.text) refers to printf8.o(i.__0printf$8) for __2printf
    processscope.o(.text) refers to interfacescope.o(.text) for HW_LWIP_Working_Recv_Handle
    processscope.o(.text) refers to netconf.o(.text) for LwIP_Periodic_Handle
    processscope.o(.text) refers to systemscope.o(.bss) for g_tAxisPosStatus
    processscope.o(.text) refers to processscope.o(.constdata) for .constdata
    processscope.o(.text) refers to storagemanagement.o(.bss) for g_Record_Param
    processscope.o(.text) refers to memseta.o(.text) for __aeabi_memclr
    processscope.o(.text) refers to processscope.o(.bss) for g_CRP_Data
    processscope.o(.text) refers to printf8.o(i.__0sprintf$8) for __2sprintf
    processscope.o(.text) refers to udp_echoserver.o(.text) for udp_echoserver_senddata
    processscope.o(.text) refers to storagemanagement.o(.text) for Flash_Write_Param
    processscope.o(.text) refers to systemscope.o(.text) for SYS_HasError
    protocol.o(.text) refers to buffercircle.o(.text) for BUF_Send_Init
    protocol.o(.text) refers to netbuffercircle.o(.text) for NET_BUF_Send_Init
    protocol.o(.text) refers to stm32f4xx_usart.o(.text) for USART_ITConfig
    protocol.o(.text) refers to udp_echoserver.o(.text) for udp_echoserver_senddata
    protocol.o(.text) refers to memcpya.o(.text) for __aeabi_memcpy
    protocol.o(.text) refers to strlen.o(.text) for strlen
    protocol.o(.text) refers to protocol.o(.data) for m_NET_tRecvBufStatus
    protocol.o(.text) refers to protocol.o(.bss) for g_NET_achCmdRvBuf
    interfacescope.o(.text) refers to scope_move.o(.text) for MV_InitPara
    interfacescope.o(.text) refers to fpga.o(.text) for FPGA_ReadBuffer
    interfacescope.o(.text) refers to processscope.o(.text) for moto_work_stat_2
    interfacescope.o(.text) refers to scope_it.o(.text) for IT_SYS_DlyMs
    interfacescope.o(.text) refers to printf8.o(i.__0printf$8) for __2printf
    interfacescope.o(.text) refers to systemscope.o(.bss) for g_tAxisPosStatus
    interfacescope.o(.text) refers to scope_move.o(.bss) for g_atMotorPara
    interfacescope.o(.text) refers to storagemanagement.o(.bss) for g_Record_Param
    interfacescope.o(.text) refers to systemscope.o(.text) for SYS_ErrorMark
    interfacescope.o(.text) refers to dfltui.o(.text) for __aeabi_ui2d
    interfacescope.o(.text) refers to dmul.o(.text) for __aeabi_dmul
    interfacescope.o(.text) refers to cdrcmple.o(.text) for __aeabi_cdrcmple
    interfacescope.o(.text) refers to dadd.o(.text) for __aeabi_drsub
    interfacescope.o(.text) refers to dfixui.o(.text) for __aeabi_d2uiz
    interfacescope.o(.text) refers to interfacescope.o(.data) for m_nIoValves
    interfacescope.o(.text) refers to interfacescope.o(.constdata) for .constdata
[...]
    Send_Data_HGB                            0x08012757   Thumb Code   100  interfacescope.o(.text)
    Send_Data_CRP                            0x080127bb   Thumb Code   102  interfacescope.o(.text)
    HW_ADC_PressPara                         0x08012821   Thumb Code    14  interfacescope.o(.text)
    HW_LEVEL_GetElectrode                    0x0801282f   Thumb Code   246  interfacescope.o(.text)
    hw_filter_get_electrode                  0x08012925   Thumb Code    44  interfacescope.o(.text)
    HW_ADC_SlaveGetADC                       0x08012951   Thumb Code    46  interfacescope.o(.text)
    HW_DIR_Ctrl                              0x0801297f   Thumb Code    30  interfacescope.o(.text)
    HW_SW_AdcWBC                             0x0801299d   Thumb Code    42  interfacescope.o(.text)
    HW_SW_AdcRBC                             0x080129c7   Thumb Code    42  interfacescope.o(.text)
    HW_EN_WBC                                0x080129f1   Thumb Code    42  interfacescope.o(.text)
    HW_Start_WBC                             0x08012a1b   Thumb Code    22  interfacescope.o(.text)
    HW_End_WBC                               0x08012a31   Thumb Code    22  interfacescope.o(.text)
    HW_DATA_GetData                          0x08012a47   Thumb Code   132  interfacescope.o(.text)
    HW_LWIP_Working                          0x08012acb   Thumb Code   230  interfacescope.o(.text)
    Send_Last_FIFO_Data                      0x08012bb1   Thumb Code    36  interfacescope.o(.text)
    HW_DATA_ClearData                        0x08012bd5   Thumb Code    76  interfacescope.o(.text)
    Clear_FPGA_FIFO_Data                     0x08012c21   Thumb Code    32  interfacescope.o(.text)
    Send_Packet_Test                         0x08012c41   Thumb Code   126  interfacescope.o(.text)
    HW_LWIP_Working_Recv_Handle              0x08012cbf   Thumb Code    64  interfacescope.o(.text)
    HW_LWIP_MainLine                         0x08012cff   Thumb Code    52  interfacescope.o(.text)
    MT_RESET_Software                        0x08012d33   Thumb Code   168  interfacescope.o(.text)
    MSG_SampleBoardFeedback                  0x08012ddb   Thumb Code    30  interfacescope.o(.text)
    SPG_ResetRecvComand                      0x08012df9   Thumb Code    10  samplingport.o(.text)
    SPG_InitProtocol                         0x08012e03   Thumb Code    18  samplingport.o(.text)
    SPG_IsRecvCommandValid                   0x08012e15   Thumb Code     6  samplingport.o(.text)
    SPG_GetDataLength                        0x08012e1b   Thumb Code    12  samplingport.o(.text)
    SPG_CommandCheck                         0x08012e27   Thumb Code    34  samplingport.o(.text)
    SPG_UnionTwoBytes                        0x08012e49   Thumb Code    12  samplingport.o(.text)
    SPG_UnionFourBytes                       0x08012e55   Thumb Code    20  samplingport.o(.text)
    SPG_TriggerSend                          0x08012e69   Thumb Code    84  samplingport.o(.text)
    SPG_SendChar                             0x08012ebd   Thumb Code    34  samplingport.o(.text)
    SPG_SendNChar                            0x08012edf   Thumb Code    38  samplingport.o(.text)
    SPG_SendString                           0x08012f05   Thumb Code    72  samplingport.o(.text)
    SPG_WaitingFrame                         0x08012f4d   Thumb Code   276  samplingport.o(.text)
    SPG_IsrHandling                          0x08013061   Thumb Code   178  samplingport.o(.text)
    SPG_IsrTime                              0x08013113   Thumb Code    40  samplingport.o(.text)
    SPG_Communicate                          0x0801313b   Thumb Code     8  samplingport.o(.text)
    STMFLASH_GetFlashSector                  0x0801315d   Thumb Code   116  storagemanagement.o(.text)
    Set_Default_Param                        0x080131d1   Thumb Code    22  storagemanagement.o(.text)
    Flash_Read_Param                         0x080131e7   Thumb Code    30  storagemanagement.o(.text)
    Flash_Write_Param                        0x08013205   Thumb Code   110  storagemanagement.o(.text)
    ETH_DeInit                               0x080132a5   Thumb Code    22  stm32f4x7_eth.o(.text)
    ETH_StructInit                           0x080132bb   Thumb Code   178  stm32f4x7_eth.o(.text)
    ETH_WritePHYRegister                     0x0801336d   Thumb Code   148  stm32f4x7_eth.o(.text)
    ETH_ReadPHYRegister                      0x08013401   Thumb Code   148  stm32f4x7_eth.o(.text)
    ETH_Init                                 0x08013495   Thumb Code  2358  stm32f4x7_eth.o(.text)
    ETH_DMAReceptionCmd                      0x08013dcb   Thumb Code    54  stm32f4x7_eth.o(.text)
    ETH_DMATransmissionCmd                   0x08013e01   Thumb Code    54  stm32f4x7_eth.o(.text)
    ETH_FlushTransmitFIFO                    0x08013e37   Thumb Code    98  stm32f4x7_eth.o(.text)
    ETH_MACReceptionCmd                      0x08013e99   Thumb Code    76  stm32f4x7_eth.o(.text)
    ETH_MACTransmissionCmd                   0x08013ee5   Thumb Code    76  stm32f4x7_eth.o(.text)
    ETH_Start                                0x08013f31   Thumb Code    32  stm32f4x7_eth.o(.text)
    ETH_Stop                                 0x08013f51   Thumb Code    32  stm32f4x7_eth.o(.text)
    ETH_GetFlowControlBusyStatus             0x08013f71   Thumb Code    20  stm32f4x7_eth.o(.text)
    ETH_InitiatePauseControlFrame            0x08013f85   Thumb Code    38  stm32f4x7_eth.o(.text)
    ETH_BackPressureActivationCmd            0x08013fab   Thumb Code    76  stm32f4x7_eth.o(.text)
    ETH_GetMACFlagStatus                     0x08013ff7   Thumb Code    60  stm32f4x7_eth.o(.text)
    ETH_GetMACITStatus                       0x08014033   Thumb Code    60  stm32f4x7_eth.o(.text)
    ETH_MACITConfig                          0x0801406f   Thumb Code    74  stm32f4x7_eth.o(.text)
    ETH_MACAddressConfig                     0x080140b9   Thumb Code    78  stm32f4x7_eth.o(.text)
    ETH_GetMACAddress                        0x08014107   Thumb Code    68  stm32f4x7_eth.o(.text)
    ETH_MACAddressPerfectFilterCmd           0x0801414b   Thumb Code   116  stm32f4x7_eth.o(.text)
    ETH_MACAddressFilterConfig               0x080141bf   Thumb Code   118  stm32f4x7_eth.o(.text)
    ETH_MACAddressMaskBytesFilterConfig      0x08014235   Thumb Code   168  stm32f4x7_eth.o(.text)
    ETH_Get_Received_Frame                   0x080142dd   Thumb Code    64  stm32f4x7_eth.o(.text)
    ETH_Get_Received_Frame_interrupt         0x0801431d   Thumb Code   270  stm32f4x7_eth.o(.text)
    ETH_Prepare_Transmit_Descriptors         0x0801442b   Thumb Code   194  stm32f4x7_eth.o(.text)
    ETH_DMARxDescChainInit                   0x080144ed   Thumb Code    82  stm32f4x7_eth.o(.text)
    ETH_CheckFrameReceived                   0x0801453f   Thumb Code   210  stm32f4x7_eth.o(.text)
    ETH_DMATxDescChainInit                   0x08014611   Thumb Code    70  stm32f4x7_eth.o(.text)
    ETH_GetDMATxDescFlagStatus               0x08014657   Thumb Code   200  stm32f4x7_eth.o(.text)
    ETH_GetDMATxDescCollisionCount           0x0801471f   Thumb Code    10  stm32f4x7_eth.o(.text)
    ETH_SetDMATxDescOwnBit                   0x08014729   Thumb Code    10  stm32f4x7_eth.o(.text)
    ETH_DMATxDescTransmitITConfig            0x08014733   Thumb Code    48  stm32f4x7_eth.o(.text)
    ETH_DMATxDescFrameSegmentConfig          0x08014763   Thumb Code    38  stm32f4x7_eth.o(.text)
    ETH_DMATxDescChecksumInsertionConfig     0x08014789   Thumb Code    46  stm32f4x7_eth.o(.text)
    ETH_DMATxDescCRCCmd                      0x080147b7   Thumb Code    46  stm32f4x7_eth.o(.text)
    ETH_DMATxDescSecondAddressChainedCmd     0x080147e5   Thumb Code    46  stm32f4x7_eth.o(.text)
    ETH_DMATxDescShortFramePaddingCmd        0x08014813   Thumb Code    46  stm32f4x7_eth.o(.text)
    ETH_DMATxDescBufferSizeConfig            0x08014841   Thumb Code    56  stm32f4x7_eth.o(.text)
    ETH_GetDMARxDescFlagStatus               0x08014879   Thumb Code   128  stm32f4x7_eth.o(.text)
    ETH_GetDMAPTPRxDescExtendedFlagStatus    0x080148f9   Thumb Code    78  stm32f4x7_eth.o(.text)
    ETH_SetDMARxDescOwnBit                   0x08014947   Thumb Code    10  stm32f4x7_eth.o(.text)
    ETH_GetDMARxDescFrameLength              0x08014951   Thumb Code    10  stm32f4x7_eth.o(.text)
    ETH_DMARxDescReceiveITConfig             0x0801495b   Thumb Code    46  stm32f4x7_eth.o(.text)
    ETH_GetDMARxDescBufferSize               0x08014989   Thumb Code    42  stm32f4x7_eth.o(.text)
    ETH_GetRxPktSize                         0x080149b3   Thumb Code    42  stm32f4x7_eth.o(.text)
    ETH_EnhancedDescriptorCmd                0x080149dd   Thumb Code    74  stm32f4x7_eth.o(.text)
    ETH_SoftwareReset                        0x08014a27   Thumb Code    14  stm32f4x7_eth.o(.text)
    ETH_GetSoftwareResetStatus               0x08014a35   Thumb Code    20  stm32f4x7_eth.o(.text)
    ETH_GetDMAFlagStatus                     0x08014a49   Thumb Code   128  stm32f4x7_eth.o(.text)
    ETH_DMAClearFlag                         0x08014ac9   Thumb Code    30  stm32f4x7_eth.o(.text)
    ETH_DMAITConfig                          0x08014ae7   Thumb Code    70  stm32f4x7_eth.o(.text)
    ETH_GetDMAITStatus                       0x08014b2d   Thumb Code   142  stm32f4x7_eth.o(.text)
    ETH_DMAClearITPendingBit                 0x08014bbb   Thumb Code    30  stm32f4x7_eth.o(.text)
    ETH_GetTransmitProcessState              0x08014bd9   Thumb Code    10  stm32f4x7_eth.o(.text)
    ETH_GetReceiveProcessState               0x08014be3   Thumb Code    10  stm32f4x7_eth.o(.text)
    ETH_GetFlushTransmitFIFOStatus           0x08014bed   Thumb Code    20  stm32f4x7_eth.o(.text)
    ETH_GetDMAOverflowStatus                 0x08014c01   Thumb Code    48  stm32f4x7_eth.o(.text)
    ETH_GetRxOverflowMissedFrameCounter      0x08014c31   Thumb Code    10  stm32f4x7_eth.o(.text)
    ETH_GetBufferUnavailableMissedFrameCounter 0x08014c3b   Thumb Code     8  stm32f4x7_eth.o(.text)
    ETH_GetCurrentTxDescStartAddress         0x08014c43   Thumb Code     6  stm32f4x7_eth.o(.text)
    ETH_GetCurrentRxDescStartAddress         0x08014c49   Thumb Code     6  stm32f4x7_eth.o(.text)
    ETH_GetCurrentTxBufferAddress            0x08014c4f   Thumb Code     6  stm32f4x7_eth.o(.text)
    ETH_GetCurrentRxBufferAddress            0x08014c55   Thumb Code     6  stm32f4x7_eth.o(.text)
    ETH_ResumeDMATransmission                0x08014c5b   Thumb Code     8  stm32f4x7_eth.o(.text)
    ETH_ResumeDMAReception                   0x08014c63   Thumb Code     8  stm32f4x7_eth.o(.text)
    ETH_SetReceiveWatchdogTimer              0x08014c6b   Thumb Code     6  stm32f4x7_eth.o(.text)
    ETH_PHYLoopBackCmd                       0x08014c71   Thumb Code    86  stm32f4x7_eth.o(.text)
    ETH_ResetWakeUpFrameFilterRegisterPointer 0x08014cc7   Thumb Code    38  stm32f4x7_eth.o(.text)
    ETH_SetWakeUpFrameFilterRegister         0x08014ced   Thumb Code    48  stm32f4x7_eth.o(.text)
    ETH_GlobalUnicastWakeUpCmd               0x08014d1d   Thumb Code    74  stm32f4x7_eth.o(.text)
    ETH_GetPMTFlagStatus                     0x08014d67   Thumb Code    44  stm32f4x7_eth.o(.text)
    ETH_WakeUpFrameDetectionCmd              0x08014d93   Thumb Code    74  stm32f4x7_eth.o(.text)
    ETH_MagicPacketDetectionCmd              0x08014ddd   Thumb Code    74  stm32f4x7_eth.o(.text)
    ETH_PowerDownCmd                         0x08014e27   Thumb Code    74  stm32f4x7_eth.o(.text)
    ETH_MMCCounterFullPreset                 0x08014e71   Thumb Code    16  stm32f4x7_eth.o(.text)
    ETH_MMCCounterHalfPreset                 0x08014e81   Thumb Code    30  stm32f4x7_eth.o(.text)
    ETH_MMCCounterFreezeCmd                  0x08014e9f   Thumb Code    56  stm32f4x7_eth.o(.text)
    ETH_MMCResetOnReadCmd                    0x08014ed7   Thumb Code    56  stm32f4x7_eth.o(.text)
    ETH_MMCCounterRolloverCmd                0x08014f0f   Thumb Code    56  stm32f4x7_eth.o(.text)
    ETH_MMCCountersReset                     0x08014f47   Thumb Code    16  stm32f4x7_eth.o(.text)
    ETH_MMCITConfig                          0x08014f57   Thumb Code   154  stm32f4x7_eth.o(.text)
    ETH_GetMMCITStatus                       0x08014ff1   Thumb Code   110  stm32f4x7_eth.o(.text)
    ETH_GetMMCRegister                       0x0801505f   Thumb Code    88  stm32f4x7_eth.o(.text)
    NVIC_PriorityGroupConfig                 0x080150d5   Thumb Code    54  misc.o(.text)
    NVIC_Init                                0x0801510b   Thumb Code   166  misc.o(.text)
    NVIC_SetVectorTable                      0x080151b1   Thumb Code    60  misc.o(.text)
    NVIC_SystemLPConfig                      0x080151ed   Thumb Code    78  misc.o(.text)
    SysTick_CLKSourceConfig                  0x0801523b   Thumb Code    62  misc.o(.text)
    EXTI_DeInit                              0x080152b1   Thumb Code    28  stm32f4xx_exti.o(.text)
    EXTI_Init                                0x080152cd   Thumb Code   236  stm32f4xx_exti.o(.text)
    EXTI_StructInit                          0x080153b9   Thumb Code    16  stm32f4xx_exti.o(.text)
    EXTI_GenerateSWInterrupt                 0x080153c9   Thumb Code    38  stm32f4xx_exti.o(.text)
    EXTI_GetFlagStatus                       0x080153ef   Thumb Code   164  stm32f4xx_exti.o(.text)
    EXTI_ClearFlag                           0x08015493   Thumb Code    30  stm32f4xx_exti.o(.text)
    EXTI_GetITStatus                         0x080154b1   Thumb Code   166  stm32f4xx_exti.o(.text)
    EXTI_ClearITPendingBit                   0x08015557   Thumb Code    32  stm32f4xx_exti.o(.text)
    FLASH_SetLatency                         0x080155a9   Thumb Code    84  stm32f4xx_flash.o(.text)
    FLASH_PrefetchBufferCmd                  0x080155fd   Thumb Code    52  stm32f4xx_flash.o(.text)
    FLASH_InstructionCacheCmd                0x08015631   Thumb Code    52  stm32f4xx_flash.o(.text)
    FLASH_DataCacheCmd                       0x08015665   Thumb Code    52  stm32f4xx_flash.o(.text)
    FLASH_InstructionCacheReset              0x08015699   Thumb Code    14  stm32f4xx_flash.o(.text)
    FLASH_DataCacheReset                     0x080156a7   Thumb Code    14  stm32f4xx_flash.o(.text)
    FLASH_Unlock                             0x080156b5   Thumb Code    26  stm32f4xx_flash.o(.text)
    FLASH_Lock                               0x080156cf   Thumb Code    18  stm32f4xx_flash.o(.text)
    FLASH_GetStatus                          0x080156e1   Thumb Code    90  stm32f4xx_flash.o(.text)
    FLASH_WaitForLastOperation               0x0801573b   Thumb Code    34  stm32f4xx_flash.o(.text)
    FLASH_EraseSector                        0x0801575d   Thumb Code   278  stm32f4xx_flash.o(.text)
    FLASH_EraseAllSectors                    0x08015873   Thumb Code   140  stm32f4xx_flash.o(.text)
    FLASH_EraseAllBank1Sectors               0x080158ff   Thumb Code   140  stm32f4xx_flash.o(.text)
    FLASH_EraseAllBank2Sectors               0x0801598b   Thumb Code   190  stm32f4xx_flash.o(.text)
    FLASH_ProgramDoubleWord                  0x08015a49   Thumb Code   122  stm32f4xx_flash.o(.text)
    FLASH_ProgramWord                        0x08015ac3   Thumb Code   112  stm32f4xx_flash.o(.text)
    FLASH_ProgramHalfWord                    0x08015b33   Thumb Code   112  stm32f4xx_flash.o(.text)
    FLASH_ProgramByte                        0x08015ba3   Thumb Code   108  stm32f4xx_flash.o(.text)
    FLASH_OB_Unlock                          0x08015c0f   Thumb Code    26  stm32f4xx_flash.o(.text)
    FLASH_OB_Lock                            0x08015c29   Thumb Code    18  stm32f4xx_flash.o(.text)
    FLASH_OB_WRPConfig                       0x08015c3b   Thumb Code    96  stm32f4xx_flash.o(.text)
    FLASH_OB_WRP1Config                      0x08015c9b   Thumb Code    96  stm32f4xx_flash.o(.text)
    FLASH_OB_PCROPSelectionConfig            0x08015cfb   Thumb Code    48  stm32f4xx_flash.o(.text)
    FLASH_OB_PCROPConfig                     0x08015d2b   Thumb Code    96  stm32f4xx_flash.o(.text)
    FLASH_OB_PCROP1Config                    0x08015d8b   Thumb Code   118  stm32f4xx_flash.o(.text)
    FLASH_OB_RDPConfig                       0x08015e01   Thumb Code    44  stm32f4xx_flash.o(.text)
    FLASH_OB_UserConfig                      0x08015e2d   Thumb Code   116  stm32f4xx_flash.o(.text)
    FLASH_OB_BootConfig                      0x08015ea1   Thumb Code    50  stm32f4xx_flash.o(.text)
    FLASH_OB_BORConfig                       0x08015ed3   Thumb Code    58  stm32f4xx_flash.o(.text)
    FLASH_OB_Launch                          0x08015f0d   Thumb Code    30  stm32f4xx_flash.o(.text)
    FLASH_OB_GetUser                         0x08015f2b   Thumb Code    12  stm32f4xx_flash.o(.text)
    FLASH_OB_GetWRP                          0x08015f37   Thumb Code     8  stm32f4xx_flash.o(.text)
    FLASH_OB_GetWRP1                         0x08015f3f   Thumb Code     8  stm32f4xx_flash.o(.text)
    FLASH_OB_GetPCROP                        0x08015f47   Thumb Code     8  stm32f4xx_flash.o(.text)
    FLASH_OB_GetPCROP1                       0x08015f4f   Thumb Code     8  stm32f4xx_flash.o(.text)
    FLASH_OB_GetRDP                          0x08015f57   Thumb Code    18  stm32f4xx_flash.o(.text)
    FLASH_OB_GetBOR                          0x08015f69   Thumb Code    12  stm32f4xx_flash.o(.text)
    FLASH_ITConfig                           0x08015f75   Thumb Code    82  stm32f4xx_flash.o(.text)
    FLASH_GetFlagStatus                      0x08015fc7   Thumb Code    76  stm32f4xx_flash.o(.text)
    FLASH_ClearFlag                          0x08016013   Thumb Code    38  stm32f4xx_flash.o(.text)
    FSMC_NORSRAMDeInit                       0x0801603d   Thumb Code    84  stm32f4xx_fsmc.o(.text)
    FSMC_NORSRAMInit                         0x08016091   Thumb Code   870  stm32f4xx_fsmc.o(.text)
    FSMC_NORSRAMStructInit                   0x080163f7   Thumb Code    48  stm32f4xx_fsmc.o(.text)
    FSMC_NORSRAMCmd                          0x08016427   Thumb Code   152  stm32f4xx_fsmc.o(.text)
    FSMC_NANDDeInit                          0x080164bf   Thumb Code    90  stm32f4xx_fsmc.o(.text)
    FSMC_NANDInit                            0x08016519   Thumb Code   594  stm32f4xx_fsmc.o(.text)
    FSMC_NANDStructInit                      0x0801676b   Thumb Code    54  stm32f4xx_fsmc.o(.text)
    FSMC_NANDCmd                             0x080167a1   Thumb Code   136  stm32f4xx_fsmc.o(.text)
    FSMC_NANDECCCmd                          0x08016829   Thumb Code   160  stm32f4xx_fsmc.o(.text)
    FSMC_GetECC                              0x080168c9   Thumb Code    22  stm32f4xx_fsmc.o(.text)
    FSMC_PCCARDDeInit                        0x080168df   Thumb Code    40  stm32f4xx_fsmc.o(.text)
    FSMC_PCCARDInit                          0x08016907   Thumb Code   532  stm32f4xx_fsmc.o(.text)
    FSMC_PCCARDStructInit                    0x08016b1b   Thumb Code    60  stm32f4xx_fsmc.o(.text)
    FSMC_PCCARDCmd                           0x08016b57   Thumb Code    64  stm32f4xx_fsmc.o(.text)
    FSMC_ITConfig                            0x08016b97   Thumb Code   206  stm32f4xx_fsmc.o(.text)
    FSMC_GetFlagStatus                       0x08016c65   Thumb Code   160  stm32f4xx_fsmc.o(.text)
    FSMC_ClearFlag                           0x08016d05   Thumb Code   120  stm32f4xx_fsmc.o(.text)
    FSMC_GetITStatus                         0x08016d7d   Thumb Code   132  stm32f4xx_fsmc.o(.text)
    FSMC_ClearITPendingBit                   0x08016e01   Thumb Code   122  stm32f4xx_fsmc.o(.text)
    GPIO_DeInit                              0x08016e85   Thumb Code   344  stm32f4xx_gpio.o(.text)
    GPIO_Init                                0x08016fdd   Thumb Code   354  stm32f4xx_gpio.o(.text)
    GPIO_StructInit                          0x0801713f   Thumb Code    18  stm32f4xx_gpio.o(.text)
    GPIO_PinLockConfig                       0x08017151   Thumb Code   134  stm32f4xx_gpio.o(.text)
    GPIO_ReadInputDataBit                    0x080171d7   Thumb Code   282  stm32f4xx_gpio.o(.text)
    GPIO_ReadInputData                       0x080172f1   Thumb Code    90  stm32f4xx_gpio.o(.text)
    GPIO_ReadOutputDataBit                   0x0801734b   Thumb Code   198  stm32f4xx_gpio.o(.text)
    GPIO_ReadOutputData                      0x08017411   Thumb Code    90  stm32f4xx_gpio.o(.text)
    GPIO_SetBits                             0x0801746b   Thumb Code   110  stm32f4xx_gpio.o(.text)
    GPIO_ResetBits                           0x080174d9   Thumb Code   110  stm32f4xx_gpio.o(.text)
    GPIO_WriteBit                            0x08017547   Thumb Code   212  stm32f4xx_gpio.o(.text)
    GPIO_Write                               0x0801761b   Thumb Code    90  stm32f4xx_gpio.o(.text)
    GPIO_ToggleBits                          0x08017675   Thumb Code   140  stm32f4xx_gpio.o(.text)
    GPIO_PinAFConfig                         0x08017701   Thumb Code   358  stm32f4xx_gpio.o(.text)
    RCC_DeInit                               0x08017895   Thumb Code    82  stm32f4xx_rcc.o(.text)
    RCC_HSEConfig                            0x080178e7   Thumb Code    40  stm32f4xx_rcc.o(.text)
    RCC_GetFlagStatus                        0x0801790f   Thumb Code   134  stm32f4xx_rcc.o(.text)
    RCC_WaitForHSEStartUp                    0x08017995   Thumb Code    56  stm32f4xx_rcc.o(.text)
    RCC_AdjustHSICalibrationValue            0x080179cd   Thumb Code    38  stm32f4xx_rcc.o(.text)
    RCC_HSICmd                               0x080179f3   Thumb Code    28  stm32f4xx_rcc.o(.text)
    RCC_LSEConfig                            0x08017a0f   Thumb Code    72  stm32f4xx_rcc.o(.text)
    RCC_LSICmd                               0x08017a57   Thumb Code    28  stm32f4xx_rcc.o(.text)
    RCC_PLLConfig                            0x08017a73   Thumb Code   156  stm32f4xx_rcc.o(.text)
    RCC_PLLCmd                               0x08017b0f   Thumb Code    28  stm32f4xx_rcc.o(.text)
    RCC_PLLI2SConfig                         0x08017b2b   Thumb Code    62  stm32f4xx_rcc.o(.text)
    RCC_PLLI2SCmd                            0x08017b69   Thumb Code    28  stm32f4xx_rcc.o(.text)
    RCC_PLLSAIConfig                         0x08017b85   Thumb Code    88  stm32f4xx_rcc.o(.text)
    RCC_PLLSAICmd                            0x08017bdd   Thumb Code    28  stm32f4xx_rcc.o(.text)
    RCC_ClockSecuritySystemCmd               0x08017bf9   Thumb Code    28  stm32f4xx_rcc.o(.text)
    RCC_MCO1Config                           0x08017c15   Thumb Code   168  stm32f4xx_rcc.o(.text)
    RCC_MCO2Config                           0x08017cbd   Thumb Code   102  stm32f4xx_rcc.o(.text)
    RCC_SYSCLKConfig                         0x08017d23   Thumb Code    44  stm32f4xx_rcc.o(.text)
    RCC_GetSYSCLKSource                      0x08017d4f   Thumb Code    10  stm32f4xx_rcc.o(.text)
    RCC_HCLKConfig                           0x08017d59   Thumb Code    68  stm32f4xx_rcc.o(.text)
    RCC_PCLK1Config                          0x08017d9d   Thumb Code    60  stm32f4xx_rcc.o(.text)
    RCC_PCLK2Config                          0x08017dd9   Thumb Code    62  stm32f4xx_rcc.o(.text)
    RCC_GetClocksFreq                        0x08017e17   Thumb Code   214  stm32f4xx_rcc.o(.text)
    RCC_RTCCLKConfig                         0x08017eed   Thumb Code   262  stm32f4xx_rcc.o(.text)
    RCC_RTCCLKCmd                            0x08017ff3   Thumb Code    30  stm32f4xx_rcc.o(.text)
    RCC_BackupResetCmd                       0x08018011   Thumb Code    32  stm32f4xx_rcc.o(.text)
    RCC_I2SCLKConfig                         0x08018031   Thumb Code    30  stm32f4xx_rcc.o(.text)
    RCC_SAIBlockACLKConfig                   0x0801804f   Thumb Code    50  stm32f4xx_rcc.o(.text)
    RCC_SAIBlockBCLKConfig                   0x08018081   Thumb Code    50  stm32f4xx_rcc.o(.text)
    RCC_SAIPLLI2SClkDivConfig                0x080180b3   Thumb Code    50  stm32f4xx_rcc.o(.text)
    RCC_SAIPLLSAIClkDivConfig                0x080180e5   Thumb Code   196  stm32f4xx_rcc.o(.text)
    RCC_LTDCCLKDivConfig                     0x080181a9   Thumb Code    54  stm32f4xx_rcc.o(.text)
    RCC_TIMCLKPresConfig                     0x080181df   Thumb Code    30  stm32f4xx_rcc.o(.text)
    RCC_AHB1PeriphClockCmd                   0x080181fd   Thumb Code    82  stm32f4xx_rcc.o(.text)
    RCC_AHB2PeriphClockCmd                   0x0801824f   Thumb Code    82  stm32f4xx_rcc.o(.text)
    RCC_AHB3PeriphClockCmd                   0x080182a1   Thumb Code    82  stm32f4xx_rcc.o(.text)
    RCC_APB1PeriphClockCmd                   0x080182f3   Thumb Code    82  stm32f4xx_rcc.o(.text)
    RCC_APB2PeriphClockCmd                   0x08018345   Thumb Code    82  stm32f4xx_rcc.o(.text)
    RCC_AHB1PeriphResetCmd                   0x08018397   Thumb Code    82  stm32f4xx_rcc.o(.text)
    RCC_AHB2PeriphResetCmd                   0x080183e9   Thumb Code    82  stm32f4xx_rcc.o(.text)
    RCC_AHB3PeriphResetCmd                   0x0801843b   Thumb Code    82  stm32f4xx_rcc.o(.text)
    RCC_APB1PeriphResetCmd                   0x0801848d   Thumb Code    82  stm32f4xx_rcc.o(.text)
    RCC_APB2PeriphResetCmd                   0x080184df   Thumb Code    82  stm32f4xx_rcc.o(.text)
    RCC_AHB1PeriphClockLPModeCmd             0x08018531   Thumb Code   108  stm32f4xx_rcc.o(.text)
    RCC_AHB2PeriphClockLPModeCmd             0x0801859d   Thumb Code    82  stm32f4xx_rcc.o(.text)
    RCC_AHB3PeriphClockLPModeCmd             0x080185ef   Thumb Code    82  stm32f4xx_rcc.o(.text)
    RCC_APB1PeriphClockLPModeCmd             0x08018641   Thumb Code    82  stm32f4xx_rcc.o(.text)
    RCC_APB2PeriphClockLPModeCmd             0x08018693   Thumb Code    82  stm32f4xx_rcc.o(.text)
    RCC_LSEModeConfig                        0x080186e5   Thumb Code    64  stm32f4xx_rcc.o(.text)
    RCC_ITConfig                             0x08018725   Thumb Code    82  stm32f4xx_rcc.o(.text)
    RCC_ClearFlag                            0x08018777   Thumb Code    18  stm32f4xx_rcc.o(.text)
    RCC_GetITStatus                          0x08018789   Thumb Code    72  stm32f4xx_rcc.o(.text)
    RCC_ClearITPendingBit                    0x080187d1   Thumb Code    28  stm32f4xx_rcc.o(.text)
    SYSCFG_DeInit                            0x080187f5   Thumb Code    22  stm32f4xx_syscfg.o(.text)
    SYSCFG_MemoryRemapConfig                 0x0801880b   Thumb Code    34  stm32f4xx_syscfg.o(.text)
    SYSCFG_MemorySwappingBank                0x0801882d   Thumb Code    26  stm32f4xx_syscfg.o(.text)
    SYSCFG_EXTILineConfig                    0x08018847   Thumb Code   194  stm32f4xx_syscfg.o(.text)
    SYSCFG_ETH_MediaInterfaceConfig          0x08018909   Thumb Code    26  stm32f4xx_syscfg.o(.text)
    SYSCFG_CompensationCellCmd               0x08018923   Thumb Code    26  stm32f4xx_syscfg.o(.text)
    SYSCFG_GetCompensationCellStatus         0x0801893d   Thumb Code    22  stm32f4xx_syscfg.o(.text)
    TIM_DeInit                               0x08018991   Thumb Code   440  stm32f4xx_tim.o(.text)
    TIM_TimeBaseInit                         0x08018b49   Thumb Code   278  stm32f4xx_tim.o(.text)
    TIM_TimeBaseStructInit                   0x08018c5f   Thumb Code    18  stm32f4xx_tim.o(.text)
    TIM_PrescalerConfig                      0x08018c71   Thumb Code   128  stm32f4xx_tim.o(.text)
    TIM_CounterModeConfig                    0x08018cf1   Thumb Code   100  stm32f4xx_tim.o(.text)
    TIM_SetCounter                           0x08018d55   Thumb Code   202  stm32f4xx_tim.o(.text)
    TIM_SetAutoreload                        0x08018e1f   Thumb Code   108  stm32f4xx_tim.o(.text)
    TIM_GetCounter                           0x08018e8b   Thumb Code   106  stm32f4xx_tim.o(.text)
    TIM_GetPrescaler                         0x08018ef5   Thumb Code   106  stm32f4xx_tim.o(.text)
    TIM_UpdateDisableConfig                  0x08018f5f   Thumb Code   148  stm32f4xx_tim.o(.text)
    TIM_UpdateRequestConfig                  0x08018ff3   Thumb Code   148  stm32f4xx_tim.o(.text)
    TIM_ARRPreloadConfig                     0x08019087   Thumb Code   148  stm32f4xx_tim.o(.text)
    TIM_SelectOnePulseMode                   0x0801911b   Thumb Code   142  stm32f4xx_tim.o(.text)
    TIM_SetClockDivision                     0x080191a9   Thumb Code   192  stm32f4xx_tim.o(.text)
    TIM_Cmd                                  0x08019269   Thumb Code   148  stm32f4xx_tim.o(.text)
    TIM_OC1Init                              0x080192fd   Thumb Code   416  stm32f4xx_tim.o(.text)
    TIM_OC2Init                              0x0801949d   Thumb Code   486  stm32f4xx_tim.o(.text)
    TIM_OC3Init                              0x08019683   Thumb Code   416  stm32f4xx_tim.o(.text)
    TIM_OC4Init                              0x08019823   Thumb Code   300  stm32f4xx_tim.o(.text)
    TIM_OCStructInit                         0x0801994f   Thumb Code    20  stm32f4xx_tim.o(.text)
    TIM_SelectOCxM                           0x08019963   Thumb Code   256  stm32f4xx_tim.o(.text)
    TIM_SetCompare1                          0x08019a63   Thumb Code   142  stm32f4xx_tim.o(.text)
    TIM_SetCompare2                          0x08019af1   Thumb Code    72  stm32f4xx_tim.o(.text)
    TIM_SetCompare3                          0x08019b39   Thumb Code    60  stm32f4xx_tim.o(.text)
    TIM_SetCompare4                          0x08019b75   Thumb Code    60  stm32f4xx_tim.o(.text)
    TIM_ForcedOC1Config                      0x08019bb1   Thumb Code   130  stm32f4xx_tim.o(.text)
    TIM_ForcedOC2Config                      0x08019c33   Thumb Code   114  stm32f4xx_tim.o(.text)
    TIM_ForcedOC3Config                      0x08019ca5   Thumb Code    94  stm32f4xx_tim.o(.text)
    TIM_ForcedOC4Config                      0x08019d03   Thumb Code   102  stm32f4xx_tim.o(.text)
    TIM_OC1PreloadConfig                     0x08019d69   Thumb Code   126  stm32f4xx_tim.o(.text)
    TIM_OC2PreloadConfig                     0x08019de7   Thumb Code   108  stm32f4xx_tim.o(.text)
    TIM_OC3PreloadConfig                     0x08019e53   Thumb Code   138  stm32f4xx_tim.o(.text)
    TIM_OC4PreloadConfig                     0x08019edd   Thumb Code    96  stm32f4xx_tim.o(.text)
    TIM_OC1FastConfig                        0x08019f3d   Thumb Code   124  stm32f4xx_tim.o(.text)
    TIM_OC2FastConfig                        0x08019fb9   Thumb Code   108  stm32f4xx_tim.o(.text)
    TIM_OC3FastConfig                        0x0801a025   Thumb Code    88  stm32f4xx_tim.o(.text)
    TIM_OC4FastConfig                        0x0801a07d   Thumb Code    96  stm32f4xx_tim.o(.text)
    TIM_ClearOC1Ref                          0x0801a0dd   Thumb Code   124  stm32f4xx_tim.o(.text)
    TIM_ClearOC2Ref                          0x0801a159   Thumb Code   106  stm32f4xx_tim.o(.text)
    TIM_ClearOC3Ref                          0x0801a1c3   Thumb Code    88  stm32f4xx_tim.o(.text)
    TIM_ClearOC4Ref                          0x0801a21b   Thumb Code    94  stm32f4xx_tim.o(.text)
    TIM_OC1PolarityConfig                    0x0801a279   Thumb Code   174  stm32f4xx_tim.o(.text)
    TIM_OC1NPolarityConfig                   0x0801a327   Thumb Code    64  stm32f4xx_tim.o(.text)
    TIM_OC2PolarityConfig                    0x0801a367   Thumb Code   108  stm32f4xx_tim.o(.text)
    TIM_OC2NPolarityConfig                   0x0801a3d3   Thumb Code    72  stm32f4xx_tim.o(.text)
    TIM_OC3PolarityConfig                    0x0801a41b   Thumb Code    96  stm32f4xx_tim.o(.text)
    TIM_OC3NPolarityConfig                   0x0801a47b   Thumb Code    72  stm32f4xx_tim.o(.text)
    TIM_OC4PolarityConfig                    0x0801a4c3   Thumb Code    96  stm32f4xx_tim.o(.text)
    TIM_CCxCmd                               0x0801a523   Thumb Code   168  stm32f4xx_tim.o(.text)
    TIM_CCxNCmd                              0x0801a5cb   Thumb Code   104  stm32f4xx_tim.o(.text)
    TIM_SetIC4Prescaler                      0x0801a633   Thumb Code   106  stm32f4xx_tim.o(.text)
    TIM_SetIC3Prescaler                      0x0801a71d   Thumb Code    98  stm32f4xx_tim.o(.text)
    TIM_SetIC2Prescaler                      0x0801a7c7   Thumb Code   118  stm32f4xx_tim.o(.text)
    TIM_SetIC1Prescaler                      0x0801a88d   Thumb Code   134  stm32f4xx_tim.o(.text)
    TIM_ICInit                               0x0801a94d   Thumb Code   508  stm32f4xx_tim.o(.text)
    TIM_ICStructInit                         0x0801ab49   Thumb Code    18  stm32f4xx_tim.o(.text)
    TIM_PWMIConfig                           0x0801ab5b   Thumb Code   184  stm32f4xx_tim.o(.text)
    TIM_GetCapture1                          0x0801ac13   Thumb Code    92  stm32f4xx_tim.o(.text)
    TIM_GetCapture2                          0x0801ac6f   Thumb Code    68  stm32f4xx_tim.o(.text)
    TIM_GetCapture3                          0x0801acb3   Thumb Code    56  stm32f4xx_tim.o(.text)
    TIM_GetCapture4                          0x0801aceb   Thumb Code    56  stm32f4xx_tim.o(.text)
    TIM_BDTRConfig                           0x0801ad23   Thumb Code   222  stm32f4xx_tim.o(.text)
    TIM_BDTRStructInit                       0x0801ae01   Thumb Code    18  stm32f4xx_tim.o(.text)
    TIM_CtrlPWMOutputs                       0x0801ae13   Thumb Code    78  stm32f4xx_tim.o(.text)
    TIM_SelectCOM                            0x0801ae61   Thumb Code    72  stm32f4xx_tim.o(.text)
    TIM_CCPreloadControl                     0x0801aea9   Thumb Code    72  stm32f4xx_tim.o(.text)
    TIM_ITConfig                             0x0801aef1   Thumb Code   218  stm32f4xx_tim.o(.text)
    TIM_GenerateEvent                        0x0801afcb   Thumb Code   126  stm32f4xx_tim.o(.text)
    TIM_GetFlagStatus                        0x0801b049   Thumb Code   188  stm32f4xx_tim.o(.text)
    TIM_ClearFlag                            0x0801b105   Thumb Code   108  stm32f4xx_tim.o(.text)
    TIM_GetITStatus                          0x0801b171   Thumb Code   186  stm32f4xx_tim.o(.text)
    TIM_ClearITPendingBit                    0x0801b22b   Thumb Code   108  stm32f4xx_tim.o(.text)
    TIM_DMAConfig                            0x0801b297   Thumb Code   334  stm32f4xx_tim.o(.text)
    TIM_DMACmd                               0x0801b3e5   Thumb Code   126  stm32f4xx_tim.o(.text)
    TIM_SelectCCDMA                          0x0801b463   Thumb Code    96  stm32f4xx_tim.o(.text)
    TIM_InternalClockConfig                  0x0801b4c3   Thumb Code    76  stm32f4xx_tim.o(.text)
    TIM_SelectInputTrigger                   0x0801b50f   Thumb Code   148  stm32f4xx_tim.o(.text)
    TIM_ITRxExternalClockConfig              0x0801b5a3   Thumb Code   110  stm32f4xx_tim.o(.text)
    TIM_TIxExternalClockConfig               0x0801b611   Thumb Code   184  stm32f4xx_tim.o(.text)
    TIM_ETRConfig                            0x0801b6c9   Thumb Code   164  stm32f4xx_tim.o(.text)
    TIM_ETRClockMode1Config                  0x0801b76d   Thumb Code   228  stm32f4xx_tim.o(.text)
    TIM_ETRClockMode2Config                  0x0801b851   Thumb Code   152  stm32f4xx_tim.o(.text)
    TIM_SelectOutputTrigger                  0x0801b8e9   Thumb Code   126  stm32f4xx_tim.o(.text)
    TIM_SelectSlaveMode                      0x0801b967   Thumb Code   112  stm32f4xx_tim.o(.text)
    TIM_SelectMasterSlaveMode                0x0801b9d7   Thumb Code   102  stm32f4xx_tim.o(.text)
    TIM_EncoderInterfaceConfig               0x0801ba3d   Thumb Code   226  stm32f4xx_tim.o(.text)
    TIM_SelectHallSensor                     0x0801bb1f   Thumb Code   108  stm32f4xx_tim.o(.text)
    TIM_RemapConfig                          0x0801bb8b   Thumb Code   138  stm32f4xx_tim.o(.text)
    USART_DeInit                             0x0801bc15   Thumb Code   276  stm32f4xx_usart.o(.text)
    USART_Init                               0x0801bd29   Thumb Code   492  stm32f4xx_usart.o(.text)
    USART_StructInit                         0x0801bf15   Thumb Code    24  stm32f4xx_usart.o(.text)
    USART_ClockInit                          0x0801bf2d   Thumb Code   166  stm32f4xx_usart.o(.text)
    USART_ClockStructInit                    0x0801bfd3   Thumb Code    12  stm32f4xx_usart.o(.text)
    USART_Cmd                                0x0801bfdf   Thumb Code   214  stm32f4xx_usart.o(.text)
    USART_SetPrescaler                       0x0801c0b5   Thumb Code    96  stm32f4xx_usart.o(.text)
    USART_OverSampling8Cmd                   0x0801c115   Thumb Code   122  stm32f4xx_usart.o(.text)
    USART_OneBitMethodCmd                    0x0801c18f   Thumb Code   124  stm32f4xx_usart.o(.text)
    USART_SendData                           0x0801c20b   Thumb Code   108  stm32f4xx_usart.o(.text)
    USART_ReceiveData                        0x0801c277   Thumb Code    86  stm32f4xx_usart.o(.text)
    USART_SetAddress                         0x0801c2cd   Thumb Code   116  stm32f4xx_usart.o(.text)
    USART_ReceiverWakeUpCmd                  0x0801c341   Thumb Code   124  stm32f4xx_usart.o(.text)
    USART_WakeUpConfig                       0x0801c3bd   Thumb Code   120  stm32f4xx_usart.o(.text)
    USART_LINBreakDetectLengthConfig         0x0801c435   Thumb Code   160  stm32f4xx_usart.o(.text)
    USART_LINCmd                             0x0801c4d5   Thumb Code   124  stm32f4xx_usart.o(.text)
    USART_SendBreak                          0x0801c551   Thumb Code    88  stm32f4xx_usart.o(.text)
    USART_HalfDuplexCmd                      0x0801c5a9   Thumb Code   124  stm32f4xx_usart.o(.text)
    USART_SetGuardTime                       0x0801c625   Thumb Code    60  stm32f4xx_usart.o(.text)
    USART_SmartCardCmd                       0x0801c661   Thumb Code    88  stm32f4xx_usart.o(.text)
    USART_SmartCardNACKCmd                   0x0801c6b9   Thumb Code    88  stm32f4xx_usart.o(.text)
    USART_IrDAConfig                         0x0801c711   Thumb Code   118  stm32f4xx_usart.o(.text)
    USART_IrDACmd                            0x0801c787   Thumb Code   124  stm32f4xx_usart.o(.text)
    USART_DMACmd                             0x0801c803   Thumb Code   184  stm32f4xx_usart.o(.text)
    USART_ITConfig                           0x0801c8bb   Thumb Code   290  stm32f4xx_usart.o(.text)
    USART_GetFlagStatus                      0x0801c9dd   Thumb Code   200  stm32f4xx_usart.o(.text)
    USART_ClearFlag                          0x0801caa5   Thumb Code   158  stm32f4xx_usart.o(.text)
    USART_GetITStatus                        0x0801cb43   Thumb Code   306  stm32f4xx_usart.o(.text)
    USART_ClearITPendingBit                  0x0801cc75   Thumb Code   234  stm32f4xx_usart.o(.text)
    FPGA_Init                                0x0801cd71   Thumb Code   674  fpga.o(.text)
    FPGA_WriteBuffer                         0x0801d013   Thumb Code    24  fpga.o(.text)
    FPGA_ResetHardware                       0x0801d02b   Thumb Code   104  fpga.o(.text)
    FPGA_ReadBuffer                          0x0801d093   Thumb Code    22  fpga.o(.text)
    FPGA_DATA_WriteBuffer                    0x0801d0a9   Thumb Code    24  fpga.o(.text)
    FPGA_DATA_ReadBuffer                     0x0801d0c1   Thumb Code    22  fpga.o(.text)
    SysTick_Handler                          0x0801d0e9   Thumb Code    38  scope_it.o(.text)
    TIM2_IRQHandler                          0x0801d10f   Thumb Code   254  scope_it.o(.text)
    EXTI9_5_IRQHandler                       0x0801d20d   Thumb Code    32  scope_it.o(.text)
    USART1_IRQHandler                        0x0801d22d   Thumb Code    14  scope_it.o(.text)
    USART3_IRQHandler                        0x0801d23b   Thumb Code    14  scope_it.o(.text)
    IT_SYS_DlyMs                             0x0801d249   Thumb Code    30  scope_it.o(.text)
    IT_SYS_GetTicks                          0x0801d267   Thumb Code     6  scope_it.o(.text)
    IT_SYS_SetTicks                          0x0801d26d   Thumb Code    10  scope_it.o(.text)
    IT_SYS_SetDlyMs                          0x0801d277   Thumb Code    16  scope_it.o(.text)
    IT_SYS_CheckDlyFin                       0x0801d287   Thumb Code    20  scope_it.o(.text)
    IT_LIST_GetTicks                         0x0801d29b   Thumb Code     6  scope_it.o(.text)
    IT_LIST_SetTicks                         0x0801d2a1   Thumb Code    10  scope_it.o(.text)
    IT_ADC_GetTicks                          0x0801d2ab   Thumb Code     6  scope_it.o(.text)
    IT_ADC_SetTicks                          0x0801d2b1   Thumb Code    10  scope_it.o(.text)
    assert_failed                            0x0801d2f5   Thumb Code    18  scope_eval.o(.text)
    fputc                                    0x0801d307   Thumb Code    16  scope_eval.o(.text)
    PF_InitTimer2                            0x0801d317   Thumb Code   122  scope_eval.o(.text)
    EVAL_Init                                0x0801d555   Thumb Code   198  scope_eval.o(.text)
    EVAL_OutputSet                           0x0801d61b   Thumb Code    16  scope_eval.o(.text)
    EVAL_OutputClr                           0x0801d62b   Thumb Code    16  scope_eval.o(.text)
    EVAL_OutputToggle                        0x0801d63b   Thumb Code    26  scope_eval.o(.text)
    EVAL_InputGetState                       0x0801d655   Thumb Code    22  scope_eval.o(.text)
    MV_InitPara                              0x0801d741   Thumb Code   190  scope_move.o(.text)
    MV_Move                                  0x0801d7ff   Thumb Code   434  scope_move.o(.text)
    MV_Stop                                  0x0801d9b1   Thumb Code    98  scope_move.o(.text)
    MV_Wait                                  0x0801da13   Thumb Code    84  scope_move.o(.text)
    MV_GetStepsExecuted                      0x0801da67   Thumb Code    56  scope_move.o(.text)
    MV_IsFinished                            0x0801da9f   Thumb Code    20  scope_move.o(.text)
    MV_IsrMoveHandling                       0x0801dab3   Thumb Code   104  scope_move.o(.text)
    BUF_Send_Init                            0x0801db2d   Thumb Code    14  buffercircle.o(.text)
    BUF_Send_PutChar                         0x0801db3b   Thumb Code    54  buffercircle.o(.text)
    BUF_Send_GetChar                         0x0801db71   Thumb Code    74  buffercircle.o(.text)
    BUF_Send_PutNChar                        0x0801dc45   Thumb Code    94  buffercircle.o(.text)
    BUF_Send_GetNChar                        0x0801dca3   Thumb Code    94  buffercircle.o(.text)
    BUF_Recv_Init                            0x0801dd01   Thumb Code    14  buffercircle.o(.text)
    BUF_Recv_PutChar                         0x0801dd0f   Thumb Code    54  buffercircle.o(.text)
    BUF_Recv_GetChar                         0x0801dd45   Thumb Code    74  buffercircle.o(.text)
    BUF_Recv_PutNChar                        0x0801de19   Thumb Code    94  buffercircle.o(.text)
    BUF_Recv_GetNChar                        0x0801de77   Thumb Code    94  buffercircle.o(.text)
    NET_BUF_Send_Init                        0x0801dee5   Thumb Code    14  netbuffercircle.o(.text)
    NET_BUF_Send_PutChar                     0x0801def3   Thumb Code    54  netbuffercircle.o(.text)
    NET_BUF_Send_GetChar                     0x0801df29   Thumb Code    74  netbuffercircle.o(.text)
    NET_BUF_Send_GetLenConsume               0x0801df73   Thumb Code   112  netbuffercircle.o(.text)
    NET_BUF_Send_GetLenRemain                0x0801dfe3   Thumb Code    26  netbuffercircle.o(.text)
    NET_BUF_Send_PutNChar                    0x0801dffd   Thumb Code    94  netbuffercircle.o(.text)
    NET_BUF_Send_GetNChar                    0x0801e05b   Thumb Code    94  netbuffercircle.o(.text)
    NET_BUF_Recv_Init                        0x0801e0b9   Thumb Code    14  netbuffercircle.o(.text)
    NET_BUF_Recv_PutChar                     0x0801e0c7   Thumb Code    54  netbuffercircle.o(.text)
    NET_BUF_Recv_GetChar                     0x0801e0fd   Thumb Code    74  netbuffercircle.o(.text)
    NET_BUF_Recv_GetLenConsume               0x0801e147   Thumb Code   112  netbuffercircle.o(.text)
    NET_BUF_Recv_GetLenRemain                0x0801e1b7   Thumb Code    26  netbuffercircle.o(.text)
    NET_BUF_Recv_PutNChar                    0x0801e1d1   Thumb Code    94  netbuffercircle.o(.text)
    NET_BUF_Recv_GetNChar                    0x0801e22f   Thumb Code    94  netbuffercircle.o(.text)
    SPG_Send_Init                            0x0801e29d   Thumb Code    14  samplebuffercircle.o(.text)
    SPG_Send_PutChar                         0x0801e2ab   Thumb Code    52  samplebuffercircle.o(.text)
    SPG_Send_GetChar                         0x0801e2df   Thumb Code    68  samplebuffercircle.o(.text)
    SPG_Send_PutNChar                        0x0801e3a3   Thumb Code    92  samplebuffercircle.o(.text)
    SPG_Send_GetNChar                        0x0801e3ff   Thumb Code    92  samplebuffercircle.o(.text)
    SPG_Recv_Init                            0x0801e45b   Thumb Code    14  samplebuffercircle.o(.text)
    SPG_Recv_PutChar                         0x0801e469   Thumb Code    52  samplebuffercircle.o(.text)
    SPG_Recv_GetChar                         0x0801e49d   Thumb Code    68  samplebuffercircle.o(.text)
    SPG_Recv_PutNChar                        0x0801e561   Thumb Code    92  samplebuffercircle.o(.text)
    SPG_Recv_GetNChar                        0x0801e5bd   Thumb Code    92  samplebuffercircle.o(.text)
    ethernetif_input                         0x0801e845   Thumb Code    42  ethernetif.o(.text)
    ethernetif_init                          0x0801e86f   Thumb Code    38  ethernetif.o(.text)
    etharp_tmr                               0x0801e8f3   Thumb Code   136  etharp.o(.text)
    etharp_cleanup_netif                     0x0801ebc1   Thumb Code    52  etharp.o(.text)
    etharp_find_addr                         0x0801ebf5   Thumb Code    82  etharp.o(.text)
    etharp_request                           0x0801ee09   Thumb Code    36  etharp.o(.text)
    etharp_query                             0x0801ee95   Thumb Code   338  etharp.o(.text)
    etharp_output                            0x0801efe7   Thumb Code   314  etharp.o(.text)
    ethernet_input                           0x0801f121   Thumb Code   178  etharp.o(.text)
    icmp_input                               0x0801f1e5   Thumb Code   340  icmp.o(.text)
    icmp_dest_unreach                        0x0801f3a9   Thumb Code    18  icmp.o(.text)
    icmp_time_exceeded                       0x0801f3bb   Thumb Code    18  icmp.o(.text)
    inet_chksum_pseudo                       0x0801f433   Thumb Code   162  inet_chksum.o(.text)
    inet_chksum_pseudo_partial               0x0801f4d5   Thumb Code   184  inet_chksum.o(.text)
    inet_chksum                              0x0801f58d   Thumb Code    20  inet_chksum.o(.text)
    inet_chksum_pbuf                         0x0801f5a1   Thumb Code    86  inet_chksum.o(.text)
    ip_route                                 0x0801f5f9   Thumb Code    76  ip.o(.text)
    ip_input                                 0x0801f645   Thumb Code   422  ip.o(.text)
    ip_output_if                             0x0801f7eb   Thumb Code   192  ip.o(.text)
    ip_output                                0x0801f8ab   Thumb Code    56  ip.o(.text)
    ip4_addr_isbroadcast                     0x0801f901   Thumb Code    78  ip_addr.o(.text)
    ip4_addr_netmask_valid                   0x0801f94f   Thumb Code    52  ip_addr.o(.text)
    ipaddr_aton                              0x0801f983   Thumb Code   348  ip_addr.o(.text)
    ipaddr_addr                              0x0801fadf   Thumb Code    24  ip_addr.o(.text)
    ipaddr_ntoa_r                            0x0801faf7   Thumb Code   168  ip_addr.o(.text)
    ipaddr_ntoa                              0x0801fb9f   Thumb Code    16  ip_addr.o(.text)
    ip_reass_tmr                             0x0801fc79   Thumb Code    48  ip_frag.o(.text)
    ip_reass                                 0x0801fecf   Thumb Code   396  ip_frag.o(.text)
    ip_frag                                  0x08020097   Thumb Code   424  ip_frag.o(.text)
    lwip_htons                               0x08020249   Thumb Code    12  def.o(.text)
    lwip_ntohs                               0x08020255   Thumb Code    12  def.o(.text)
    lwip_htonl                               0x08020261   Thumb Code    26  def.o(.text)
    lwip_ntohl                               0x0802027b   Thumb Code    12  def.o(.text)
    dhcp_renew                               0x08020719   Thumb Code   160  dhcp.o(.text)
    dhcp_coarse_tmr                          0x0802087d   Thumb Code    62  dhcp.o(.text)
    dhcp_release                             0x0802095f   Thumb Code   162  dhcp.o(.text)
    dhcp_fine_tmr                            0x08020b89   Thumb Code    64  dhcp.o(.text)
    dhcp_set_struct                          0x08020c4f   Thumb Code    30  dhcp.o(.text)
    dhcp_cleanup                             0x08020c6d   Thumb Code    24  dhcp.o(.text)
    dhcp_stop                                0x08020c85   Thumb Code    58  dhcp.o(.text)
    dhcp_start                               0x080210cb   Thumb Code   206  dhcp.o(.text)
    dhcp_inform                              0x08021199   Thumb Code   170  dhcp.o(.text)
    dhcp_network_changed                     0x08021243   Thumb Code    80  dhcp.o(.text)
    dhcp_arp_reply                           0x08021311   Thumb Code    46  dhcp.o(.text)
    mem_init                                 0x080213d1   Thumb Code    74  mem.o(.text)
    mem_free                                 0x0802141b   Thumb Code    68  mem.o(.text)
    mem_trim                                 0x0802145f   Thumb Code   288  mem.o(.text)
    mem_malloc                               0x0802157f   Thumb Code   222  mem.o(.text)
    mem_calloc                               0x0802165d   Thumb Code    34  mem.o(.text)
    memp_init                                0x08021691   Thumb Code    82  memp.o(.text)
    memp_malloc                              0x080216e3   Thumb Code    40  memp.o(.text)
    memp_free                                0x0802170b   Thumb Code    28  memp.o(.text)
    netif_init                               0x08021739   Thumb Code     2  netif.o(.text)
    netif_set_gw                             0x0802173b   Thumb Code    12  netif.o(.text)
    netif_set_netmask                        0x08021747   Thumb Code    12  netif.o(.text)
    netif_set_ipaddr                         0x08021753   Thumb Code   110  netif.o(.text)
    netif_set_addr                           0x080217c1   Thumb Code    40  netif.o(.text)
    netif_add                                0x080217e9   Thumb Code   104  netif.o(.text)
    netif_set_default                        0x08021851   Thumb Code     6  netif.o(.text)
    netif_set_down                           0x08021857   Thumb Code    42  netif.o(.text)
    netif_remove                             0x08021881   Thumb Code    90  netif.o(.text)
    netif_find                               0x080218db   Thumb Code    64  netif.o(.text)
    netif_set_up                             0x0802191b   Thumb Code    54  netif.o(.text)
    netif_set_link_up                        0x08021951   Thumb Code    80  netif.o(.text)
    netif_set_link_down                      0x080219a1   Thumb Code    42  netif.o(.text)
    netif_set_link_callback                  0x080219cb   Thumb Code     6  netif.o(.text)
    pbuf_free                                0x080219e5   Thumb Code   134  pbuf.o(.text)
    pbuf_alloc                               0x08021a6b   Thumb Code   408  pbuf.o(.text)
    pbuf_alloced_custom                      0x08021c03   Thumb Code   108  pbuf.o(.text)
    pbuf_realloc                             0x08021c6f   Thumb Code   120  pbuf.o(.text)
    pbuf_header                              0x08021ce7   Thumb Code   126  pbuf.o(.text)
    pbuf_clen                                0x08021d65   Thumb Code    18  pbuf.o(.text)
    pbuf_ref                                 0x08021d77   Thumb Code    10  pbuf.o(.text)
    pbuf_cat                                 0x08021d81   Thumb Code    56  pbuf.o(.text)
    pbuf_chain                               0x08021db9   Thumb Code    22  pbuf.o(.text)
    pbuf_dechain                             0x08021dcf   Thumb Code    56  pbuf.o(.text)
    pbuf_copy                                0x08021e07   Thumb Code   192  pbuf.o(.text)
    pbuf_copy_partial                        0x08021ec7   Thumb Code   146  pbuf.o(.text)
    pbuf_take                                0x08021f59   Thumb Code   116  pbuf.o(.text)
    pbuf_coalesce                            0x08021fcd   Thumb Code    60  pbuf.o(.text)
    pbuf_get_at                              0x08022009   Thumb Code    46  pbuf.o(.text)
    pbuf_memcmp                              0x08022037   Thumb Code    96  pbuf.o(.text)
    pbuf_memfind                             0x08022097   Thumb Code    76  pbuf.o(.text)
    pbuf_strstr                              0x080220e3   Thumb Code    60  pbuf.o(.text)
    raw_input                                0x08022121   Thumb Code   102  raw.o(.text)
    raw_bind                                 0x08022187   Thumb Code    16  raw.o(.text)
    raw_connect                              0x08022197   Thumb Code    16  raw.o(.text)
    raw_recv                                 0x080221a7   Thumb Code     6  raw.o(.text)
    raw_sendto                               0x080221ad   Thumb Code   158  raw.o(.text)
    raw_send                                 0x0802224b   Thumb Code    18  raw.o(.text)
    raw_remove                               0x0802225d   Thumb Code    60  raw.o(.text)
    raw_new                                  0x08022299   Thumb Code    42  raw.o(.text)
    tcp_init                                 0x080222d1   Thumb Code     2  tcp.o(.text)
    tcp_seg_free                             0x080222d3   Thumb Code    26  tcp.o(.text)
    tcp_segs_free                            0x080222ed   Thumb Code    24  tcp.o(.text)
    tcp_pcb_purge                            0x08022305   Thumb Code    64  tcp.o(.text)
    tcp_slowtmr                              0x08022345   Thumb Code   802  tcp.o(.text)
    tcp_pcb_remove                           0x08022667   Thumb Code   140  tcp.o(.text)
    tcp_close                                0x080228cb   Thumb Code    28  tcp.o(.text)
    tcp_update_rcv_ann_wnd                   0x080228e7   Thumb Code    78  tcp.o(.text)
    tcp_recved                               0x08022935   Thumb Code    70  tcp.o(.text)
    tcp_recv_null                            0x0802297b   Thumb Code    46  tcp.o(.text)
    tcp_process_refused_data                 0x080229a9   Thumb Code   140  tcp.o(.text)
    tcp_fasttmr                              0x08022a35   Thumb Code   110  tcp.o(.text)
    tcp_tmr                                  0x08022aa3   Thumb Code    30  tcp.o(.text)
    tcp_shutdown                             0x08022ac1   Thumb Code    98  tcp.o(.text)
    tcp_abandon                              0x08022b23   Thumb Code   170  tcp.o(.text)
    tcp_abort                                0x08022bcd   Thumb Code    14  tcp.o(.text)
    tcp_bind                                 0x08022c3b   Thumb Code   142  tcp.o(.text)
    tcp_listen_with_backlog                  0x08022cd1   Thumb Code   198  tcp.o(.text)
    tcp_eff_send_mss                         0x08022d97   Thumb Code    46  tcp.o(.text)
    tcp_next_iss                             0x08022dc5   Thumb Code    20  tcp.o(.text)
    tcp_connect                              0x08022dd9   Thumb Code   328  tcp.o(.text)
    tcp_setprio                              0x08022f21   Thumb Code     4  tcp.o(.text)
    tcp_alloc                                0x08022fa3   Thumb Code   242  tcp.o(.text)
    tcp_new                                  0x08023095   Thumb Code    10  tcp.o(.text)
    tcp_arg                                  0x0802309f   Thumb Code     4  tcp.o(.text)
    tcp_recv                                 0x080230a3   Thumb Code     8  tcp.o(.text)
    tcp_sent                                 0x080230ab   Thumb Code     8  tcp.o(.text)
    tcp_err                                  0x080230b3   Thumb Code    10  tcp.o(.text)
    tcp_accept                               0x080230bd   Thumb Code     4  tcp.o(.text)
    tcp_poll                                 0x080230c1   Thumb Code    14  tcp.o(.text)
    tcp_debug_state_str                      0x080230cf   Thumb Code    10  tcp.o(.text)
    tcp_input                                0x08023efd   Thumb Code  1134  tcp_in.o(.text)
    tcp_enqueue_flags                        0x080244b9   Thumb Code   272  tcp_out.o(.text)
    tcp_send_fin                             0x080245c9   Thumb Code    74  tcp_out.o(.text)
    tcp_write                                0x080246fb   Thumb Code   902  tcp_out.o(.text)
    tcp_send_empty_ack                       0x08024a81   Thumb Code    78  tcp_out.o(.text)
    tcp_output                               0x08024b97   Thumb Code   444  tcp_out.o(.text)
    tcp_rst                                  0x08024d53   Thumb Code   124  tcp_out.o(.text)
    tcp_rexmit_rto                           0x08024dcf   Thumb Code    58  tcp_out.o(.text)
    tcp_rexmit                               0x08024e09   Thumb Code    90  tcp_out.o(.text)
    tcp_rexmit_fast                          0x08024e63   Thumb Code   112  tcp_out.o(.text)
    tcp_keepalive                            0x08024ed3   Thumb Code    68  tcp_out.o(.text)
    tcp_zero_window_probe                    0x08024f17   Thumb Code   172  tcp_out.o(.text)
    tcp_timer_needed                         0x08024fc3   Thumb Code     2  timers.o(.text)
    udp_init                                 0x08024fc5   Thumb Code     2  udp.o(.text)
    udp_input                                0x08025017   Thumb Code   450  udp.o(.text)
    udp_bind                                 0x080251d9   Thumb Code   122  udp.o(.text)
    udp_sendto_if                            0x08025253   Thumb Code   206  udp.o(.text)
    udp_sendto                               0x08025321   Thumb Code    46  udp.o(.text)
    udp_send                                 0x0802534f   Thumb Code    20  udp.o(.text)
    udp_connect                              0x08025363   Thumb Code   110  udp.o(.text)
    udp_disconnect                           0x080253d1   Thumb Code    16  udp.o(.text)
    udp_recv                                 0x080253e1   Thumb Code     6  udp.o(.text)
    udp_remove                               0x080253e7   Thumb Code    60  udp.o(.text)
    udp_new                                  0x08025423   Thumb Code    28  udp.o(.text)
    LwIP_Init                                0x08025445   Thumb Code   164  netconf.o(.text)
    LwIP_Pkt_Handle                          0x080254e9   Thumb Code    10  netconf.o(.text)
    LwIP_Periodic_Handle                     0x080254f3   Thumb Code    52  netconf.o(.text)
    ETH_BSP_Config                           0x0802570f   Thumb Code    38  stm32f4x7_eth_bsp.o(.text)
    Eth_Link_PHYITConfig                     0x08025735   Thumb Code    70  stm32f4x7_eth_bsp.o(.text)
    Eth_Link_EXTIConfig                      0x0802577b   Thumb Code   104  stm32f4x7_eth_bsp.o(.text)
    Eth_Link_ITHandler                       0x080257e3   Thumb Code    48  stm32f4x7_eth_bsp.o(.text)
    ETH_link_callback                        0x08025813   Thumb Code   282  stm32f4x7_eth_bsp.o(.text)
    udp_echoserver_receive_callback          0x080259ed   Thumb Code   174  udp_echoserver.o(.text)
    udp_echoserver_init                      0x08025a9b   Thumb Code   162  udp_echoserver.o(.text)
    udp_echoserver_senddata                  0x08025b3d   Thumb Code    52  udp_echoserver.o(.text)
    __aeabi_memcpy                           0x08025c49   Thumb Code    36  memcpya.o(.text)
    __aeabi_memcpy4                          0x08025c49   Thumb Code     0  memcpya.o(.text)
    __aeabi_memcpy8                          0x08025c49   Thumb Code     0  memcpya.o(.text)
    __aeabi_memset                           0x08025c6d   Thumb Code    14  memseta.o(.text)
    __aeabi_memset4                          0x08025c6d   Thumb Code     0  memseta.o(.text)
    __aeabi_memset8                          0x08025c6d   Thumb Code     0  memseta.o(.text)
    __aeabi_memclr                           0x08025c7b   Thumb Code     4  memseta.o(.text)
    __aeabi_memclr4                          0x08025c7b   Thumb Code     0  memseta.o(.text)
    __aeabi_memclr8                          0x08025c7b   Thumb Code     0  memseta.o(.text)
    _memset$wrapper                          0x08025c7f   Thumb Code    18  memseta.o(.text)
    strlen                                   0x08025c91   Thumb Code    14  strlen.o(.text)
    memcmp                                   0x08025c9f   Thumb Code    26  memcmp.o(.text)
    __aeabi_dadd                             0x08025cb9   Thumb Code   322  dadd.o(.text)
    __aeabi_dsub                             0x08025dfb   Thumb Code     6  dadd.o(.text)
    __aeabi_drsub                            0x08025e01   Thumb Code     6  dadd.o(.text)
    __aeabi_dmul                             0x08025e07   Thumb Code   228  dmul.o(.text)
    __aeabi_ui2d                             0x08025eeb   Thumb Code    26  dfltui.o(.text)
    __aeabi_d2iz                             0x08025f05   Thumb Code    62  dfixi.o(.text)
    __aeabi_d2uiz                            0x08025f43   Thumb Code    50  dfixui.o(.text)
    __aeabi_cdrcmple                         0x08025f75   Thumb Code    38  cdrcmple.o(.text)
    __aeabi_uldivmod                         0x08025f9d   Thumb Code    98  uldiv.o(.text)
    __aeabi_llsl                             0x08025fff   Thumb Code    30  llshl.o(.text)
    _ll_shift_l                              0x08025fff   Thumb Code     0  llshl.o(.text)
    __aeabi_llsr                             0x0802601d   Thumb Code    32  llushr.o(.text)
    _ll_ushift_r                             0x0802601d   Thumb Code     0  llushr.o(.text)
    __aeabi_lasr                             0x0802603d   Thumb Code    36  llsshr.o(.text)
    _ll_sshift_r                             0x0802603d   Thumb Code     0  llsshr.o(.text)
    __I$use$fp                               0x08026061   Thumb Code     0  iusefp.o(.text)
    _double_round                            0x08026061   Thumb Code    26  depilogue.o(.text)
    _double_epilogue                         0x0802607b   Thumb Code   164  depilogue.o(.text)
    __decompress                             0x0802611f   Thumb Code     0  __dczerorl2.o(.text)
    __decompress1                            0x0802611f   Thumb Code    92  __dczerorl2.o(.text)
    __0printf$8                              0x0802617d   Thumb Code    22  printf8.o(i.__0printf$8)
    __1printf$8                              0x0802617d   Thumb Code     0  printf8.o(i.__0printf$8)
    __2printf                                0x0802617d   Thumb Code     0  printf8.o(i.__0printf$8)
    __0sprintf$8                             0x0802619d   Thumb Code    34  printf8.o(i.__0sprintf$8)
    __1sprintf$8                             0x0802619d   Thumb Code     0  printf8.o(i.__0sprintf$8)
    __2sprintf                               0x0802619d   Thumb Code     0  printf8.o(i.__0sprintf$8)
    softver_edtion                           0x080266ec   Data           6  processscope.o(.constdata)
    FSMC_DefaultTimingStruct                 0x08027604   Data          28  stm32f4xx_fsmc.o(.constdata)
    COM_USART                                0x08027620   Data          12  scope_eval.o(.constdata)
    COM_USART_CLK                            0x0802762c   Data          12  scope_eval.o(.constdata)
    COM_ET_IRQn                              0x08027638   Data           6  scope_eval.o(.constdata)
    COM_TX_PORT                              0x08027640   Data          12  scope_eval.o(.constdata)
    COM_TX_PIN                               0x0802764c   Data           6  scope_eval.o(.constdata)
    COM_TX_PORT_CLK                          0x08027654   Data          12  scope_eval.o(.constdata)
    COM_RX_PORT                              0x08027660   Data          12  scope_eval.o(.constdata)
    COM_RX_PIN                               0x0802766c   Data           6  scope_eval.o(.constdata)
    COM_RX_PORT_CLK                          0x08027674   Data          12  scope_eval.o(.constdata)
    COM_AF_TX_PINSOURCE                      0x08027680   Data           3  scope_eval.o(.constdata)
    COM_AF_RX_PINSOURCE                      0x08027683   Data           3  scope_eval.o(.constdata)
    COM_AF_UART                              0x08027686   Data           3  scope_eval.o(.constdata)
    OUT_PORT                                 0x0802768c   Data          28  scope_eval.o(.constdata)
    OUT_PIN                                  0x080276a8   Data          14  scope_eval.o(.constdata)
    OUT_CLK                                  0x080276b8   Data          28  scope_eval.o(.constdata)
    IN_PORT                                  0x080276d4   Data          28  scope_eval.o(.constdata)
    IN_PIN                                   0x080276f0   Data          14  scope_eval.o(.constdata)
    IN_CLK                                   0x08027700   Data          28  scope_eval.o(.constdata)
    IN_ET_LINE                               0x0802771c   Data          14  scope_eval.o(.constdata)
    IN_ET_PORT                               0x0802772a   Data          14  scope_eval.o(.constdata)
    IN_ET_PIN                                0x08027738   Data          14  scope_eval.o(.constdata)
    IN_ET_IRQn                               0x08027746   Data          14  scope_eval.o(.constdata)
    ethbroadcast                             0x08027764   Data           6  etharp.o(.constdata)
    ethzero                                  0x0802776a   Data           6  etharp.o(.constdata)
    ip_addr_any                              0x08027770   Data           4  ip_addr.o(.constdata)
    ip_addr_broadcast                        0x08027774   Data           4  ip_addr.o(.constdata)
    tcp_state_str                            0x0802779c   Data          44  tcp.o(.constdata)
    tcp_backoff                              0x080277c8   Data          13  tcp.o(.constdata)
    tcp_persist_backoff                      0x080277d5   Data           7  tcp.o(.constdata)
    tcp_pcb_lists                            0x080277dc   Data          16  tcp.o(.constdata)
    SystemCoreClock                          0x20000000   Data           4  system_stm32f4xx.o(.data)
    AHBPrescTable                            0x20000004   Data          16  system_stm32f4xx.o(.data)
    g_tOCLevel                               0x20000014   Data           4  systemscope.o(.data)
    g_tSystemStatus                          0x20000018   Data           3  systemscope.o(.data)
    g_atInterval                             0x2000001c   Data           8  systemscope.o(.data)
    g_nError                                 0x20000024   Data           4  systemscope.o(.data)
    g_nFlag                                  0x20000028   Data           4  systemscope.o(.data)
    g_Udp_Count                              0x20000030   Data           4  processscope.o(.data)
    g_Frame_Count                            0x20000034   Data           4  processscope.o(.data)
    g_Send_Fail                              0x20000038   Data           4  processscope.o(.data)
    g_AirLight_Flag                          0x2000003c   Data           1  processscope.o(.data)
    DMATxDescToSet                           0x2000005c   Data           4  stm32f4x7_eth.o(.data)
    DMARxDescToGet                           0x20000060   Data           4  stm32f4x7_eth.o(.data)
    DMA_RX_FRAME_infos                       0x20000064   Data           4  stm32f4x7_eth.o(.data)
    Frame_Rx_index                           0x20000068   Data           4  stm32f4x7_eth.o(.data)
    current_netif                            0x200000ac   Data           4  ip.o(.data)
    current_header                           0x200000b0   Data           4  ip.o(.data)
    current_iphdr_src                        0x200000b4   Data           4  ip.o(.data)
    current_iphdr_dest                       0x200000b8   Data           4  ip.o(.data)
    netif_list                               0x200000d8   Data           4  netif.o(.data)
    netif_default                            0x200000dc   Data           4  netif.o(.data)
    tcp_ticks                                0x200000f0   Data           4  tcp.o(.data)
    tcp_bound_pcbs                           0x200000f4   Data           4  tcp.o(.data)
    tcp_listen_pcbs                          0x200000f8   Data           4  tcp.o(.data)
    tcp_active_pcbs                          0x200000fc   Data           4  tcp.o(.data)
    tcp_tw_pcbs                              0x20000100   Data           4  tcp.o(.data)
    tcp_tmp_pcb                              0x20000104   Data           4  tcp.o(.data)
    tcp_active_pcbs_changed                  0x20000108   Data           1  tcp.o(.data)
    tcp_input_pcb                            0x20000128   Data           4  tcp_in.o(.data)
    udp_pcbs                                 0x20000130   Data           4  udp.o(.data)
    TCPTimer                                 0x20000134   Data           4  netconf.o(.data)
    ARPTimer                                 0x20000138   Data           4  netconf.o(.data)
    IPaddress                                0x2000013c   Data           4  netconf.o(.data)
    EthStatus                                0x20000140   Data           4  stm32f4x7_eth_bsp.o(.data)
    s_tAddr                                  0x20000144   Data           4  udp_echoserver.o(.data)
    s_nPort                                  0x20000148   Data           2  udp_echoserver.o(.data)
    s_ptUpcb                                 0x2000014c   Data           4  udp_echoserver.o(.data)
    __stdout                                 0x20000150   Data           4  stdout.o(.data)
    g_tAxisPosStatus                         0x20000154   Data          28  systemscope.o(.bss)
    g_tSystemPara                            0x20000170   Data          54  systemscope.o(.bss)
    g_nErrorParaSet                          0x200001a6   Data          64  systemscope.o(.bss)
    g_CRP_Data                               0x200001e6   Data        1030  processscope.o(.bss)
    g_NET_achCmdRvBuf                        0x200005ec   Data         256  protocol.o(.bss)
    g_achFbkSdBuf                            0x200006ec   Data        1500  protocol.o(.bss)
    g_SPG_achCmdRvBuf                        0x20001880   Data          80  samplingport.o(.bss)
    g_Record_Param                           0x200018d0   Data          16  storagemanagement.o(.bss)
    DMARxDscrTab                             0x200018e0   Data         256  stm32f4x7_eth.o(.bss)
    DMATxDscrTab                             0x200019e0   Data         256  stm32f4x7_eth.o(.bss)
    Rx_Buff                                  0x20001ae0   Data       12192  stm32f4x7_eth.o(.bss)
    Tx_Buff                                  0x20004a80   Data       12192  stm32f4x7_eth.o(.bss)
    RX_Frame_Descriptor                      0x20007a20   Data          12  stm32f4x7_eth.o(.bss)
    g_atMotorStatus                          0x20007a2c   Data          16  scope_move.o(.bss)
    g_atMotorPara                            0x20007a3c   Data          32  scope_move.o(.bss)
    dhcp_rx_options_val                      0x20009240   Data          40  dhcp.o(.bss)
    dhcp_rx_options_given                    0x20009268   Data          10  dhcp.o(.bss)
    ram_heap                                 0x20009272   Data       10260  mem.o(.bss)
    gnetif                                   0x200106a0   Data          56  netconf.o(.bss)
    ETH_InitStructure                        0x200106d8   Data         188  stm32f4x7_eth_bsp.o(.bss)
    __initial_sp                             0x20014798   Data           0  startup_stm32f40_41xxx.o(STACK)



==============================================================================

Memory Map of the image

  Image Entry point : 0x08000189

  Load Region LR_IROM1 (Base: 0x08000000, Size: 0x00000354, Max: 0x00007fff, ABSOLUTE, COMPRESSED[0x0000023c])

    Execution Region ER_IROM1 (Base: 0x08000000, Size: 0x00000200, Max: 0x00007fff, ABSOLUTE)

    Base Addr    Size         Type   Attr      Idx    E Section Name        Object

    0x08000000   0x00000188   Data   RO          281    RESET               startup_stm32f40_41xxx.o
    0x08000188   0x00000000   Code   RO         2041  * .ARM.Collect$$$$00000000  mc_w.l(entry.o)
    0x08000188   0x00000004   Code   RO         2327    .ARM.Collect$$$$00000001  mc_w.l(entry2.o)
    0x0800018c   0x00000004   Code   RO         2330    .ARM.Collect$$$$00000004  mc_w.l(entry5.o)
    0x08000190   0x00000000   Code   RO         2332    .ARM.Collect$$$$00000008  mc_w.l(entry7b.o)
    0x08000190   0x00000000   Code   RO         2334    .ARM.Collect$$$$0000000A  mc_w.l(entry8b.o)
    0x08000190   0x00000008   Code   RO         2335    .ARM.Collect$$$$0000000B  mc_w.l(entry9a.o)
    0x08000198   0x00000000   Code   RO         2337    .ARM.Collect$$$$0000000D  mc_w.l(entry10a.o)
    0x08000198   0x00000000   Code   RO         2339    .ARM.Collect$$$$0000000F  mc_w.l(entry11a.o)
    0x08000198   0x00000004   Code   RO         2328    .ARM.Collect$$$$00002712  mc_w.l(entry2.o)
    0x0800019c   0x00000024   Code   RO         2359    .text               mc_w.l(init.o)
    0x080001c0   0x0000000e   Code   RO         2363    i.__scatterload_copy  mc_w.l(handlers.o)
    0x080001ce   0x00000002   Code   RO         2364    i.__scatterload_null  mc_w.l(handlers.o)
    0x080001d0   0x0000000e   Code   RO         2365    i.__scatterload_zeroinit  mc_w.l(handlers.o)
    0x080001de   0x00000002   PAD
    0x080001e0   0x00000020   Data   RO         2361    Region$$Table       anon$$obj.o


    Execution Region RW_IRAM1 (Base: 0x20000000, Size: 0x00014798, Max: 0x00020000, ABSOLUTE, COMPRESSED[0x0000003c])

    Base Addr    Size         Type   Attr      Idx    E Section Name        Object

    0x20000000   0x00000014   Data   RW          256    .data               system_stm32f4xx.o
    0x20000014   0x00000018   Data   RW          291    .data               systemscope.o
    0x2000002c   0x00000011   Data   RW          319    .data               processscope.o
    0x2000003d   0x00000002   Data   RW          349    .data               protocol.o
    0x2000003f   0x00000001   PAD
    0x20000040   0x00000012   Data   RW          381    .data               interfacescope.o
    0x20000052   0x0000000a   Data   RW          408    .data               samplingport.o
    0x2000005c   0x00000010   Data   RW          461    .data               stm32f4x7_eth.o
    0x2000006c   0x00000010   Data   RW         1016    .data               stm32f4xx_rcc.o
    0x2000007c   0x00000014   Data   RW         1224    .data               scope_it.o
    0x20000090   0x00000008   Data   RW         1301    .data               buffercircle.o
    0x20000098   0x00000008   Data   RW         1324    .data               netbuffercircle.o
    0x200000a0   0x00000008   Data   RW         1347    .data               samplebuffercircle.o
    0x200000a8   0x00000001   Data   RW         1437    .data               etharp.o
    0x200000a9   0x00000003   PAD
    0x200000ac   0x00000012   Data   RW         1552    .data               ip.o
    0x200000be   0x00000002   PAD
    0x200000c0   0x00000006   Data   RW         1612    .data               ip_frag.o
    0x200000c6   0x00000002   PAD
    0x200000c8   0x00000004   Data   RW         1642    .data               dhcp.o
    0x200000cc   0x0000000c   Data   RW         1700    .data               mem.o
    0x200000d8   0x00000009   Data   RW         1742    .data               netif.o
    0x200000e1   0x00000003   PAD
    0x200000e4   0x00000004   Data   RW         1776    .data               raw.o
    0x200000e8   0x00000023   Data   RW         1804    .data               tcp.o
    0x2000010b   0x00000001   PAD
    0x2000010c   0x00000020   Data   RW         1827    .data               tcp_in.o
    0x2000012c   0x00000008   Data   RW         1873    .data               udp.o
    0x20000134   0x0000000c   Data   RW         1956    .data               netconf.o
    0x20000140   0x00000004   Data   RW         1981    .data               stm32f4x7_eth_bsp.o
    0x20000144   0x0000000c   Data   RW         2014    .data               udp_echoserver.o
    0x20000150   0x00000004   Data   RW         2341    .data               mc_w.l(stdout.o)
    0x20000154   0x00000092   Zero   RW          289    .bss                systemscope.o
    0x200001e6   0x00000406   Zero   RW          317    .bss                processscope.o
    0x200005ec   0x000006dc   Zero   RW          348    .bss                protocol.o
    0x20000cc8   0x00000bb8   Zero   RW          379    .bss                interfacescope.o
    0x20001880   0x00000050   Zero   RW          407    .bss                samplingport.o
    0x200018d0   0x00000010   Zero   RW          434    .bss                storagemanagement.o
    0x200018e0   0x0000614c   Zero   RW          460    .bss                stm32f4x7_eth.o
    0x20007a2c   0x00000030   Zero   RW         1273    .bss                scope_move.o
    0x20007a5c   0x000009c4   Zero   RW         1300    .bss                buffercircle.o
    0x20008420   0x00000c80   Zero   RW         1323    .bss                netbuffercircle.o
    0x200090a0   0x000000c8   Zero   RW         1346    .bss                samplebuffercircle.o
    0x20009168   0x000000c8   Zero   RW         1435    .bss                etharp.o
    0x20009230   0x00000010   Zero   RW         1589    .bss                ip_addr.o
    0x20009240   0x00000032   Zero   RW         1641    .bss                dhcp.o
    0x20009272   0x00002814   Zero   RW         1699    .bss                mem.o
    0x2000ba86   0x00000002   PAD
    0x2000ba88   0x00004c07   Zero   RW         1715    .bss                memp.o
    0x2001068f   0x00000001   PAD
    0x20010690   0x00000010   Zero   RW         1826    .bss                tcp_in.o
    0x200106a0   0x00000038   Zero   RW         1955    .bss                netconf.o
    0x200106d8   0x000000bc   Zero   RW         1980    .bss                stm32f4x7_eth_bsp.o
    0x20010794   0x00000004   PAD
    0x20010798   0x00004000   Zero   RW          279    STACK               startup_stm32f40_41xxx.o



  Load Region LR_IROM2 (Base: 0x0800c000, Size: 0x0001b8a0, Max: 0x00074000, ABSOLUTE)

    Execution Region ER_IROM2 (Base: 0x0800c000, Size: 0x0001b8a0, Max: 0x00074000, ABSOLUTE)

    Base Addr    Size         Type   Attr      Idx    E Section Name        Object

    0x0800c000   0x000001fc   Code   RO            3    .text               scopemain.o
    0x0800c1fc   0x0000020c   Code   RO          255    .text               system_stm32f4xx.o
    0x0800c408   0x00000024   Code   RO          282    .text               startup_stm32f40_41xxx.o
    0x0800c42c   0x000001d4   Code   RO          288    .text               systemscope.o
    0x0800c600   0x00004b60   Code   RO          316    .text               processscope.o
    0x08011160   0x0000049c   Code   RO          347    .text               protocol.o
    0x080115fc   0x000017fc   Code   RO          378    .text               interfacescope.o
    0x08012df8   0x00000364   Code   RO          406    .text               samplingport.o
    0x0801315c   0x00000148   Code   RO          433    .text               storagemanagement.o
    0x080132a4   0x00001e30   Code   RO          459    .text               stm32f4x7_eth.o
    0x080150d4   0x000001dc   Code   RO          483    .text               misc.o
    0x080152b0   0x000002f8   Code   RO          766    .text               stm32f4xx_exti.o
    0x080155a8   0x00000a94   Code   RO          786    .text               stm32f4xx_flash.o
    0x0801603c   0x00000e48   Code   RO          829    .text               stm32f4xx_fsmc.o
    0x08016e84   0x00000a10   Code   RO          852    .text               stm32f4xx_gpio.o
    0x08017894   0x00000f60   Code   RO         1015    .text               stm32f4xx_rcc.o
    0x080187f4   0x0000019c   Code   RO         1140    .text               stm32f4xx_syscfg.o
    0x08018990   0x00003284   Code   RO         1160    .text               stm32f4xx_tim.o
    0x0801bc14   0x0000115c   Code   RO         1180    .text               stm32f4xx_usart.o
    0x0801cd70   0x00000378   Code   RO         1200    .text               fpga.o
    0x0801d0e8   0x000001ec   Code   RO         1223    .text               scope_it.o
    0x0801d2d4   0x0000046c   Code   RO         1245    .text               scope_eval.o
    0x0801d740   0x000003ec   Code   RO         1272    .text               scope_move.o
    0x0801db2c   0x000003b8   Code   RO         1299    .text               buffercircle.o
    0x0801dee4   0x000003b8   Code   RO         1322    .text               netbuffercircle.o
    0x0801e29c   0x0000038c   Code   RO         1345    .text               samplebuffercircle.o
    0x0801e628   0x00000290   Code   RO         1394    .text               ethernetif.o
    0x0801e8b8   0x0000092c   Code   RO         1434    .text               etharp.o
    0x0801f1e4   0x000001f0   Code   RO         1493    .text               icmp.o
    0x0801f3d4   0x00000222   Code   RO         1533    .text               inet_chksum.o
    0x0801f5f6   0x00000002   PAD
    0x0801f5f8   0x00000308   Code   RO         1551    .text               ip.o
    0x0801f900   0x000002b4   Code   RO         1588    .text               ip_addr.o
    0x0801fbb4   0x00000694   Code   RO         1611    .text               ip_frag.o
    0x08020248   0x0000003e   Code   RO         1628    .text               def.o
    0x08020286   0x00000002   PAD
    0x08020288   0x000010cc   Code   RO         1640    .text               dhcp.o
    0x08021354   0x0000033c   Code   RO         1698    .text               mem.o
    0x08021690   0x000000a8   Code   RO         1714    .text               memp.o
    0x08021738   0x000002ac   Code   RO         1741    .text               netif.o
    0x080219e4   0x0000073a   Code   RO         1763    .text               pbuf.o
    0x0802211e   0x00000002   PAD
    0x08022120   0x000001b0   Code   RO         1775    .text               raw.o
    0x080222d0   0x00000e18   Code   RO         1801    .text               tcp.o
    0x080230e8   0x000012ac   Code   RO         1825    .text               tcp_in.o
    0x08024394   0x00000c2e   Code   RO         1848    .text               tcp_out.o
    0x08024fc2   0x00000002   Code   RO         1860    .text               timers.o
    0x08024fc4   0x00000480   Code   RO         1872    .text               udp.o
    0x08025444   0x00000170   Code   RO         1954    .text               netconf.o
    0x080255b4   0x00000438   Code   RO         1979    .text               stm32f4x7_eth_bsp.o
    0x080259ec   0x0000025c   Code   RO         2012    .text               udp_echoserver.o
    0x08025c48   0x00000024   Code   RO         2044    .text               mc_w.l(memcpya.o)
    0x08025c6c   0x00000024   Code   RO         2046    .text               mc_w.l(memseta.o)
    0x08025c90   0x0000000e   Code   RO         2048    .text               mc_w.l(strlen.o)
    0x08025c9e   0x0000001a   Code   RO         2050    .text               mc_w.l(memcmp.o)
    0x08025cb8   0x0000014e   Code   RO         2315    .text               mf_w.l(dadd.o)
    0x08025e06   0x000000e4   Code   RO         2317    .text               mf_w.l(dmul.o)
    0x08025eea   0x0000001a   Code   RO         2319    .text               mf_w.l(dfltui.o)
    0x08025f04   0x0000003e   Code   RO         2321    .text               mf_w.l(dfixi.o)
    0x08025f42   0x00000032   Code   RO         2323    .text               mf_w.l(dfixui.o)
    0x08025f74   0x00000028   Code   RO         2325    .text               mf_w.l(cdrcmple.o)
    0x08025f9c   0x00000062   Code   RO         2344    .text               mc_w.l(uldiv.o)
    0x08025ffe   0x0000001e   Code   RO         2346    .text               mc_w.l(llshl.o)
    0x0802601c   0x00000020   Code   RO         2348    .text               mc_w.l(llushr.o)
    0x0802603c   0x00000024   Code   RO         2350    .text               mc_w.l(llsshr.o)
    0x08026060   0x00000000   Code   RO         2352    .text               mc_w.l(iusefp.o)
    0x08026060   0x000000be   Code   RO         2353    .text               mf_w.l(depilogue.o)
    0x0802611e   0x0000005c   Code   RO         2369    .text               mc_w.l(__dczerorl2.o)
    0x0802617a   0x00000002   PAD
    0x0802617c   0x00000020   Code   RO         2261    i.__0printf$8       mc_w.l(printf8.o)
    0x0802619c   0x00000028   Code   RO         2263    i.__0sprintf$8      mc_w.l(printf8.o)
    0x080261c4   0x00000408   Code   RO         2268    i._printf_core      mc_w.l(printf8.o)
    0x080265cc   0x00000026   Code   RO         2269    i._printf_post_padding  mc_w.l(printf8.o)
    0x080265f2   0x00000030   Code   RO         2270    i._printf_pre_padding  mc_w.l(printf8.o)
    0x08026622   0x0000000a   Code   RO         2272    i._sputc            mc_w.l(printf8.o)
    0x0802662c   0x000000c0   Data   RO          290    .constdata          systemscope.o
    0x080266ec   0x00000e80   Data   RO          318    .constdata          processscope.o
    0x0802756c   0x00000098   Data   RO          380    .constdata          interfacescope.o
    0x08027604   0x0000001c   Data   RO          830    .constdata          stm32f4xx_fsmc.o
    0x08027620   0x00000134   Data   RO         1246    .constdata          scope_eval.o
    0x08027754   0x00000010   Data   RO         1274    .constdata          scope_move.o
    0x08027764   0x0000000c   Data   RO         1436    .constdata          etharp.o
    0x08027770   0x00000008   Data   RO         1590    .constdata          ip_addr.o
    0x08027778   0x00000024   Data   RO         1716    .constdata          memp.o
    0x0802779c   0x00000050   Data   RO         1802    .constdata          tcp.o
    0x080277ec   0x0000004b   Data   RO         2013    .constdata          udp_echoserver.o
    0x08027837   0x00000068   Data   RO         1803    .conststring        tcp.o


==============================================================================

Image component sizes


      Code (inc. data)   RO Data    RW Data    ZI Data      Debug   Object Name

       952         16          0          8       2500       4438   buffercircle.o
        62          0          0          0          0       1190   def.o
      4300         80          0          4         50      12626   dhcp.o
      2348         22         12          1        200      16025   etharp.o
       656         36          0          0          0       7843   ethernetif.o
       888         18          0          0          0       2731   fpga.o
       496          8          0          0          0       3398   icmp.o
         0          0          0          0          0       3788   inet.o
       546          0          0          0          0       2929   inet_chksum.o
      6140        624        152         18       3000      44893   interfacescope.o
       776         30          0         18          0      15604   ip.o
       692         12          8          0         16       9243   ip_addr.o
      1684         18          0          6          0       7064   ip_frag.o
       828         18          0         12      10260       3878   mem.o
       168         18         36          0      19463       2382   memp.o
       476         56          0          0          0       1925   misc.o
       952         16          0          8       3200       4764   netbuffercircle.o
       368        142          0         12         56       1862   netconf.o
       684         20          0          9          0       6529   netif.o
      1850          0          0          0          0       8849   pbuf.o
     19296       3736       3712         17       1030      24597   processscope.o
      1180         58          0          2       1756       8250   protocol.o
       432         14          0          4          0       3297   raw.o
       908         16          0          8        200       4466   samplebuffercircle.o
       868         32          0         10         80       6269   samplingport.o
      1132        214        308          0          0      31150   scope_eval.o
       492         26          0         20          0       3571   scope_it.o
      1004         18         16          0         48       4487   scope_move.o
       508        176          0          0          0     367366   scopemain.o
        36          8        392          0      16384        808   startup_stm32f40_41xxx.o
      7728        216          0         16      24908      23349   stm32f4x7_eth.o
      1080        192          0          4        188       4721   stm32f4x7_eth_bsp.o
       760         50          0          0          0       2591   stm32f4xx_exti.o
      2708         82          0          0          0       9954   stm32f4xx_flash.o
      3656        130         28          0          0       7094   stm32f4xx_fsmc.o
      2576        178          0          0          0       5253   stm32f4xx_gpio.o
      3936        252          0         16          0      15112   stm32f4xx_rcc.o
       412         62          0          0          0       1981   stm32f4xx_syscfg.o
     12932        652          0          0          0      29144   stm32f4xx_tim.o
      4444        228          0          0          0       9892   stm32f4xx_usart.o
       328         50          0          0         16       3476   storagemanagement.o
       524         44          0         20          0       1787   system_stm32f4xx.o
       468         46        192         24        146       5741   systemscope.o
      3608        138        184         35          0      21303   tcp.o
      4780        232          0         32         16      14583   tcp_in.o
      3118          8          0          0          0       9347   tcp_out.o
         2          0          0          0          0        455   timers.o
      1152         22          0          8          0      13897   udp.o
       604        216         75         12          0       2273   udp_echoserver.o

    ----------------------------------------------------------------------
    105544       8230       5148        336      83524     798175   Object Totals
         0          0         32          0          0          0   (incl. Generated)
         6          0          1         12          7          0   (incl. Padding)

    ----------------------------------------------------------------------

      Code (inc. data)   RO Data    RW Data    ZI Data      Debug   Library Member Name

        92          0          0          0          0          0   __dczerorl2.o
         0          0          0          0          0          0   entry.o
         0          0          0          0          0          0   entry10a.o
         0          0          0          0          0          0   entry11a.o
         8          4          0          0          0          0   entry2.o
         4          0          0          0          0          0   entry5.o
         0          0          0          0          0          0   entry7b.o
         0          0          0          0          0          0   entry8b.o
         8          4          0          0          0          0   entry9a.o
        30          0          0          0          0          0   handlers.o
        36          8          0          0          0         68   init.o
         0          0          0          0          0          0   iusefp.o
        30          0          0          0          0         68   llshl.o
        36          0          0          0          0         68   llsshr.o
        32          0          0          0          0         68   llushr.o
        26          0          0          0          0         80   memcmp.o
        36          0          0          0          0         68   memcpya.o
        36          0          0          0          0        108   memseta.o
      1200         60          0          0          0        504   printf8.o
         0          0          0          4          0          0   stdout.o
        14          0          0          0          0         68   strlen.o
        98          0          0          0          0         92   uldiv.o
        40          2          0          0          0         68   cdrcmple.o
       334          0          0          0          0        148   dadd.o
       190          0          0          0          0        176   depilogue.o
        62          0          0          0          0         80   dfixi.o
        50          0          0          0          0         76   dfixui.o
        26          0          0          0          0         76   dfltui.o
       228          0          0          0          0         96   dmul.o

    ----------------------------------------------------------------------
      2620         78          0          4          0       1912   Library Totals
         4          0          0          0          0          0   (incl. Padding)

    ----------------------------------------------------------------------

      Code (inc. data)   RO Data    RW Data    ZI Data      Debug   Library Name

      1686         76          0          4          0       1192   mc_w.l
       930          2          0          0          0        720   mf_w.l

    ----------------------------------------------------------------------
      2620         78          0          4          0       1912   Library Totals

    ----------------------------------------------------------------------

==============================================================================


      Code (inc. data)   RO Data    RW Data    ZI Data      Debug   

    108164       8308       5148        340      83524     788099   Grand Totals
    108164       8308       5148         60      83524     788099   ELF Image Totals (compressed)
    108164       8308       5148         60          0          0   ROM Totals

==============================================================================

    Total RO  Size (Code + RO Data)               113312 ( 110.66kB)
    Total RW  Size (RW Data + ZI Data)             83864 (  81.90kB)
    Total ROM Size (Code + RO Data + RW Data)     113372 ( 110.71kB)

==============================================================================

