ARM Linker, 5.03 [Build 76] [MDK-ARM Professional]

==============================================================================

Section Cross References

    scopemain.o(.text) refers to interfacescope.o(.text) for HW_FPGA_RST_H
    scopemain.o(.text) refers to scope_it.o(.text) for IT_SYS_DlyMs
    scopemain.o(.text) refers to storagemanagement.o(.text) for Flash_Read_Param
    scopemain.o(.text) refers to printf8.o(i.__0printf$8) for __2printf
    scopemain.o(.text) refers to scope_eval.o(.text) for EVAL_OutputSet
    scopemain.o(.text) refers to protocol.o(.text) for PL_InitProtocol
    scopemain.o(.text) refers to samplingport.o(.text) for SPG_InitProtocol
    scopemain.o(.text) refers to stm32f4x7_eth_bsp.o(.text) for ETH_BSP_Config
    scopemain.o(.text) refers to netconf.o(.text) for LwIP_Init
    scopemain.o(.text) refers to udp_echoserver.o(.text) for udp_echoserver_init
    scopemain.o(.text) refers to systemscope.o(.text) for SYS_InitSystem
    scopemain.o(.text) refers to storagemanagement.o(.bss) for g_Record_Param
    scopemain.o(.text) refers to processscope.o(.data) for g_AirLight_Flag
    system_stm32f4xx.o(.text) refers to system_stm32f4xx.o(.data) for SystemCoreClock
    startup_stm32f40_41xxx.o(RESET) refers to startup_stm32f40_41xxx.o(STACK) for __initial_sp
    startup_stm32f40_41xxx.o(RESET) refers to startup_stm32f40_41xxx.o(.text) for Reset_Handler
    startup_stm32f40_41xxx.o(RESET) refers to scope_it.o(.text) for SysTick_Handler
    startup_stm32f40_41xxx.o(.text) refers to system_stm32f4xx.o(.text) for SystemInit
    startup_stm32f40_41xxx.o(.text) refers to entry.o(.ARM.Collect$$$$00000000) for __main
    systemscope.o(.text) refers to systemscope.o(.data) for g_nError
    systemscope.o(.text) refers to systemscope.o(.bss) for g_tAxisPosStatus
    systemscope.o(.text) refers to systemscope.o(.constdata) for m_nConstBitsMap
    processscope.o(.text) refers to scope_it.o(.text) for IT_LIST_GetTicks
    processscope.o(.text) refers to protocol.o(.text) for PL_NET_SendResult
    processscope.o(.text) refers to processscope.o(.data) for g_Udp_Count
    processscope.o(.text) refers to printf8.o(i.__0printf$8) for __2printf
    processscope.o(.text) refers to interfacescope.o(.text) for HW_ADC_SpiGetPress
    processscope.o(.text) refers to netconf.o(.text) for LwIP_Periodic_Handle
    processscope.o(.text) refers to systemscope.o(.bss) for g_tAxisPosStatus
    processscope.o(.text) refers to processscope.o(.constdata) for .constdata
    processscope.o(.text) refers to storagemanagement.o(.bss) for g_Record_Param
    processscope.o(.text) refers to memseta.o(.text) for __aeabi_memclr4
    processscope.o(.text) refers to printf8.o(i.__0sprintf$8) for __2sprintf
    processscope.o(.text) refers to storagemanagement.o(.text) for Flash_Write_Param
    processscope.o(.text) refers to udp_echoserver.o(.text) for udp_echoserver_senddata
    processscope.o(.text) refers to systemscope.o(.text) for SYS_HasError
    protocol.o(.text) refers to buffercircle.o(.text) for BUF_Send_Init
    protocol.o(.text) refers to netbuffercircle.o(.text) for NET_BUF_Send_Init
    protocol.o(.text) refers to stm32f4xx_usart.o(.text) for USART_ITConfig
    protocol.o(.text) refers to udp_echoserver.o(.text) for udp_echoserver_senddata
    protocol.o(.text) refers to memcpya.o(.text) for __aeabi_memcpy
    protocol.o(.text) refers to strlen.o(.text) for strlen
    protocol.o(.text) refers to protocol.o(.data) for m_NET_tRecvBufStatus
    protocol.o(.text) refers to protocol.o(.bss) for g_NET_achCmdRvBuf
    interfacescope.o(.text) refers to scope_move.o(.text) for MV_InitPara
    interfacescope.o(.text) refers to fpga.o(.text) for FPGA_ReadBuffer
    interfacescope.o(.text) refers to processscope.o(.text) for moto_work_stat_2
    interfacescope.o(.text) refers to scope_it.o(.text) for IT_SYS_DlyMs
    interfacescope.o(.text) refers to printf8.o(i.__0printf$8) for __2printf
    interfacescope.o(.text) refers to systemscope.o(.bss) for g_tAxisPosStatus
    interfacescope.o(.text) refers to scope_move.o(.bss) for g_atMotorPara
    interfacescope.o(.text) refers to storagemanagement.o(.bss) for g_Record_Param
    interfacescope.o(.text) refers to systemscope.o(.text) for SYS_ErrorMark
    interfacescope.o(.text) refers to interfacescope.o(.data) for m_nIoValves
    interfacescope.o(.text) refers to dfltui.o(.text) for __aeabi_ui2d
    interfacescope.o(.text) refers to dmul.o(.text) for __aeabi_dmul
    interfacescope.o(.text) refers to cdrcmple.o(.text) for __aeabi_cdrcmple
    interfacescope.o(.text) refers to dadd.o(.text) for __aeabi_drsub
    interfacescope.o(.text) refers to dfixi.o(.text) for __aeabi_d2iz
    interfacescope.o(.text) refers to interfacescope.o(.constdata) for .constdata
    interfacescope.o(.text) refers to samplingport.o(.text) for SPG_IsRecvCommandValid
    interfacescope.o(.text) refers to netconf.o(.text) for LwIP_Periodic_Handle
[...]
    HW_FPGA_RST_L                            0x08011d9f   Thumb Code    30  interfacescope.o(.text)
    HW_PUMP_GetFeedbackPulse                 0x08011dbd   Thumb Code    40  interfacescope.o(.text)
    HW_ADJ_SetResistor                       0x08011de5   Thumb Code    74  interfacescope.o(.text)
    HW_ADC_SpiCtrl                           0x08011e2f   Thumb Code    42  interfacescope.o(.text)
    HW_ADC_SpiGetADC                         0x08011e59   Thumb Code   108  interfacescope.o(.text)
    HW_ADC_SpiGetPress                       0x08011ec5   Thumb Code   196  interfacescope.o(.text)
    HW_ADC_PressPara                         0x08011f89   Thumb Code    14  interfacescope.o(.text)
    HW_LEVEL_GetElectrode                    0x08011f97   Thumb Code   238  interfacescope.o(.text)
    hw_filter_get_electrode                  0x08012085   Thumb Code    44  interfacescope.o(.text)
    HW_ADC_SlaveGetADC                       0x080120b1   Thumb Code    46  interfacescope.o(.text)
    HW_DIR_Ctrl                              0x080120df   Thumb Code    30  interfacescope.o(.text)
    HW_SW_AdcWBC                             0x080120fd   Thumb Code    42  interfacescope.o(.text)
    HW_SW_AdcRBC                             0x08012127   Thumb Code    42  interfacescope.o(.text)
    HW_EN_WBC                                0x08012151   Thumb Code    42  interfacescope.o(.text)
    HW_Start_WBC                             0x0801217b   Thumb Code    22  interfacescope.o(.text)
    HW_End_WBC                               0x08012191   Thumb Code    22  interfacescope.o(.text)
    HW_DATA_GetData                          0x080121a7   Thumb Code   132  interfacescope.o(.text)
    HW_LWIP_Working                          0x0801222b   Thumb Code   230  interfacescope.o(.text)
    Send_Last_FIFO_Data                      0x08012311   Thumb Code    36  interfacescope.o(.text)
    HW_DATA_ClearData                        0x08012335   Thumb Code    76  interfacescope.o(.text)
    Clear_FPGA_FIFO_Data                     0x08012381   Thumb Code    32  interfacescope.o(.text)
    Send_Packet_Test                         0x080123a1   Thumb Code   126  interfacescope.o(.text)
    HW_LWIP_Working_Recv_Handle              0x0801241f   Thumb Code    64  interfacescope.o(.text)
    HW_LWIP_MainLine                         0x0801245f   Thumb Code    52  interfacescope.o(.text)
    MT_RESET_Software                        0x08012493   Thumb Code   168  interfacescope.o(.text)
    MSG_SampleBoardFeedback                  0x0801253b   Thumb Code    30  interfacescope.o(.text)
    SPG_ResetRecvComand                      0x08012559   Thumb Code    10  samplingport.o(.text)
    SPG_InitProtocol                         0x08012563   Thumb Code    18  samplingport.o(.text)
    SPG_IsRecvCommandValid                   0x08012575   Thumb Code     6  samplingport.o(.text)
    SPG_GetDataLength                        0x0801257b   Thumb Code    12  samplingport.o(.text)
    SPG_CommandCheck                         0x08012587   Thumb Code    34  samplingport.o(.text)
    SPG_UnionTwoBytes                        0x080125a9   Thumb Code    12  samplingport.o(.text)
    SPG_UnionFourBytes                       0x080125b5   Thumb Code    20  samplingport.o(.text)
    SPG_TriggerSend                          0x080125c9   Thumb Code    84  samplingport.o(.text)
    SPG_SendChar                             0x0801261d   Thumb Code    34  samplingport.o(.text)
    SPG_SendNChar                            0x0801263f   Thumb Code    38  samplingport.o(.text)
    SPG_SendString                           0x08012665   Thumb Code    72  samplingport.o(.text)
    SPG_WaitingFrame                         0x080126ad   Thumb Code   276  samplingport.o(.text)
    SPG_IsrHandling                          0x080127c1   Thumb Code   178  samplingport.o(.text)
    SPG_IsrTime                              0x08012873   Thumb Code    40  samplingport.o(.text)
    SPG_Communicate                          0x0801289b   Thumb Code     8  samplingport.o(.text)
    STMFLASH_GetFlashSector                  0x080128bd   Thumb Code   116  storagemanagement.o(.text)
    Set_Default_Param                        0x08012931   Thumb Code    22  storagemanagement.o(.text)
    Flash_Read_Param                         0x08012947   Thumb Code    30  storagemanagement.o(.text)
    Flash_Write_Param                        0x08012965   Thumb Code   110  storagemanagement.o(.text)
    ETH_DeInit                               0x08012a05   Thumb Code    22  stm32f4x7_eth.o(.text)
    ETH_StructInit                           0x08012a1b   Thumb Code   178  stm32f4x7_eth.o(.text)
    ETH_WritePHYRegister                     0x08012acd   Thumb Code   148  stm32f4x7_eth.o(.text)
    ETH_ReadPHYRegister                      0x08012b61   Thumb Code   148  stm32f4x7_eth.o(.text)
    ETH_Init                                 0x08012bf5   Thumb Code  2358  stm32f4x7_eth.o(.text)
    ETH_DMAReceptionCmd                      0x0801352b   Thumb Code    54  stm32f4x7_eth.o(.text)
    ETH_DMATransmissionCmd                   0x08013561   Thumb Code    54  stm32f4x7_eth.o(.text)
    ETH_FlushTransmitFIFO                    0x08013597   Thumb Code    98  stm32f4x7_eth.o(.text)
    ETH_MACReceptionCmd                      0x080135f9   Thumb Code    76  stm32f4x7_eth.o(.text)
    ETH_MACTransmissionCmd                   0x08013645   Thumb Code    76  stm32f4x7_eth.o(.text)
    ETH_Start                                0x08013691   Thumb Code    32  stm32f4x7_eth.o(.text)
    ETH_Stop                                 0x080136b1   Thumb Code    32  stm32f4x7_eth.o(.text)
    ETH_GetFlowControlBusyStatus             0x080136d1   Thumb Code    20  stm32f4x7_eth.o(.text)
    ETH_InitiatePauseControlFrame            0x080136e5   Thumb Code    38  stm32f4x7_eth.o(.text)
    ETH_BackPressureActivationCmd            0x0801370b   Thumb Code    76  stm32f4x7_eth.o(.text)
    ETH_GetMACFlagStatus                     0x08013757   Thumb Code    60  stm32f4x7_eth.o(.text)
    ETH_GetMACITStatus                       0x08013793   Thumb Code    60  stm32f4x7_eth.o(.text)
    ETH_MACITConfig                          0x080137cf   Thumb Code    74  stm32f4x7_eth.o(.text)
    ETH_MACAddressConfig                     0x08013819   Thumb Code    78  stm32f4x7_eth.o(.text)
    ETH_GetMACAddress                        0x08013867   Thumb Code    68  stm32f4x7_eth.o(.text)
    ETH_MACAddressPerfectFilterCmd           0x080138ab   Thumb Code   116  stm32f4x7_eth.o(.text)
    ETH_MACAddressFilterConfig               0x0801391f   Thumb Code   118  stm32f4x7_eth.o(.text)
    ETH_MACAddressMaskBytesFilterConfig      0x08013995   Thumb Code   168  stm32f4x7_eth.o(.text)
    ETH_Get_Received_Frame                   0x08013a3d   Thumb Code    64  stm32f4x7_eth.o(.text)
    ETH_Get_Received_Frame_interrupt         0x08013a7d   Thumb Code   270  stm32f4x7_eth.o(.text)
    ETH_Prepare_Transmit_Descriptors         0x08013b8b   Thumb Code   194  stm32f4x7_eth.o(.text)
    ETH_DMARxDescChainInit                   0x08013c4d   Thumb Code    82  stm32f4x7_eth.o(.text)
    ETH_CheckFrameReceived                   0x08013c9f   Thumb Code   210  stm32f4x7_eth.o(.text)
    ETH_DMATxDescChainInit                   0x08013d71   Thumb Code    70  stm32f4x7_eth.o(.text)
    ETH_GetDMATxDescFlagStatus               0x08013db7   Thumb Code   200  stm32f4x7_eth.o(.text)
    ETH_GetDMATxDescCollisionCount           0x08013e7f   Thumb Code    10  stm32f4x7_eth.o(.text)
    ETH_SetDMATxDescOwnBit                   0x08013e89   Thumb Code    10  stm32f4x7_eth.o(.text)
    ETH_DMATxDescTransmitITConfig            0x08013e93   Thumb Code    48  stm32f4x7_eth.o(.text)
    ETH_DMATxDescFrameSegmentConfig          0x08013ec3   Thumb Code    38  stm32f4x7_eth.o(.text)
    ETH_DMATxDescChecksumInsertionConfig     0x08013ee9   Thumb Code    46  stm32f4x7_eth.o(.text)
    ETH_DMATxDescCRCCmd                      0x08013f17   Thumb Code    46  stm32f4x7_eth.o(.text)
    ETH_DMATxDescSecondAddressChainedCmd     0x08013f45   Thumb Code    46  stm32f4x7_eth.o(.text)
    ETH_DMATxDescShortFramePaddingCmd        0x08013f73   Thumb Code    46  stm32f4x7_eth.o(.text)
    ETH_DMATxDescBufferSizeConfig            0x08013fa1   Thumb Code    56  stm32f4x7_eth.o(.text)
    ETH_GetDMARxDescFlagStatus               0x08013fd9   Thumb Code   128  stm32f4x7_eth.o(.text)
    ETH_GetDMAPTPRxDescExtendedFlagStatus    0x08014059   Thumb Code    78  stm32f4x7_eth.o(.text)
    ETH_SetDMARxDescOwnBit                   0x080140a7   Thumb Code    10  stm32f4x7_eth.o(.text)
    ETH_GetDMARxDescFrameLength              0x080140b1   Thumb Code    10  stm32f4x7_eth.o(.text)
    ETH_DMARxDescReceiveITConfig             0x080140bb   Thumb Code    46  stm32f4x7_eth.o(.text)
    ETH_GetDMARxDescBufferSize               0x080140e9   Thumb Code    42  stm32f4x7_eth.o(.text)
    ETH_GetRxPktSize                         0x08014113   Thumb Code    42  stm32f4x7_eth.o(.text)
    ETH_EnhancedDescriptorCmd                0x0801413d   Thumb Code    74  stm32f4x7_eth.o(.text)
    ETH_SoftwareReset                        0x08014187   Thumb Code    14  stm32f4x7_eth.o(.text)
    ETH_GetSoftwareResetStatus               0x08014195   Thumb Code    20  stm32f4x7_eth.o(.text)
    ETH_GetDMAFlagStatus                     0x080141a9   Thumb Code   128  stm32f4x7_eth.o(.text)
    ETH_DMAClearFlag                         0x08014229   Thumb Code    30  stm32f4x7_eth.o(.text)
    ETH_DMAITConfig                          0x08014247   Thumb Code    70  stm32f4x7_eth.o(.text)
    ETH_GetDMAITStatus                       0x0801428d   Thumb Code   142  stm32f4x7_eth.o(.text)
    ETH_DMAClearITPendingBit                 0x0801431b   Thumb Code    30  stm32f4x7_eth.o(.text)
    ETH_GetTransmitProcessState              0x08014339   Thumb Code    10  stm32f4x7_eth.o(.text)
    ETH_GetReceiveProcessState               0x08014343   Thumb Code    10  stm32f4x7_eth.o(.text)
    ETH_GetFlushTransmitFIFOStatus           0x0801434d   Thumb Code    20  stm32f4x7_eth.o(.text)
    ETH_GetDMAOverflowStatus                 0x08014361   Thumb Code    48  stm32f4x7_eth.o(.text)
    ETH_GetRxOverflowMissedFrameCounter      0x08014391   Thumb Code    10  stm32f4x7_eth.o(.text)
    ETH_GetBufferUnavailableMissedFrameCounter 0x0801439b   Thumb Code     8  stm32f4x7_eth.o(.text)
    ETH_GetCurrentTxDescStartAddress         0x080143a3   Thumb Code     6  stm32f4x7_eth.o(.text)
    ETH_GetCurrentRxDescStartAddress         0x080143a9   Thumb Code     6  stm32f4x7_eth.o(.text)
    ETH_GetCurrentTxBufferAddress            0x080143af   Thumb Code     6  stm32f4x7_eth.o(.text)
    ETH_GetCurrentRxBufferAddress            0x080143b5   Thumb Code     6  stm32f4x7_eth.o(.text)
    ETH_ResumeDMATransmission                0x080143bb   Thumb Code     8  stm32f4x7_eth.o(.text)
    ETH_ResumeDMAReception                   0x080143c3   Thumb Code     8  stm32f4x7_eth.o(.text)
    ETH_SetReceiveWatchdogTimer              0x080143cb   Thumb Code     6  stm32f4x7_eth.o(.text)
    ETH_PHYLoopBackCmd                       0x080143d1   Thumb Code    86  stm32f4x7_eth.o(.text)
    ETH_ResetWakeUpFrameFilterRegisterPointer 0x08014427   Thumb Code    38  stm32f4x7_eth.o(.text)
    ETH_SetWakeUpFrameFilterRegister         0x0801444d   Thumb Code    48  stm32f4x7_eth.o(.text)
    ETH_GlobalUnicastWakeUpCmd               0x0801447d   Thumb Code    74  stm32f4x7_eth.o(.text)
    ETH_GetPMTFlagStatus                     0x080144c7   Thumb Code    44  stm32f4x7_eth.o(.text)
    ETH_WakeUpFrameDetectionCmd              0x080144f3   Thumb Code    74  stm32f4x7_eth.o(.text)
    ETH_MagicPacketDetectionCmd              0x0801453d   Thumb Code    74  stm32f4x7_eth.o(.text)
    ETH_PowerDownCmd                         0x08014587   Thumb Code    74  stm32f4x7_eth.o(.text)
    ETH_MMCCounterFullPreset                 0x080145d1   Thumb Code    16  stm32f4x7_eth.o(.text)
    ETH_MMCCounterHalfPreset                 0x080145e1   Thumb Code    30  stm32f4x7_eth.o(.text)
    ETH_MMCCounterFreezeCmd                  0x080145ff   Thumb Code    56  stm32f4x7_eth.o(.text)
    ETH_MMCResetOnReadCmd                    0x08014637   Thumb Code    56  stm32f4x7_eth.o(.text)
    ETH_MMCCounterRolloverCmd                0x0801466f   Thumb Code    56  stm32f4x7_eth.o(.text)
    ETH_MMCCountersReset                     0x080146a7   Thumb Code    16  stm32f4x7_eth.o(.text)
    ETH_MMCITConfig                          0x080146b7   Thumb Code   154  stm32f4x7_eth.o(.text)
    ETH_GetMMCITStatus                       0x08014751   Thumb Code   110  stm32f4x7_eth.o(.text)
    ETH_GetMMCRegister                       0x080147bf   Thumb Code    88  stm32f4x7_eth.o(.text)
    NVIC_PriorityGroupConfig                 0x08014835   Thumb Code    54  misc.o(.text)
    NVIC_Init                                0x0801486b   Thumb Code   166  misc.o(.text)
    NVIC_SetVectorTable                      0x08014911   Thumb Code    60  misc.o(.text)
    NVIC_SystemLPConfig                      0x0801494d   Thumb Code    78  misc.o(.text)
    SysTick_CLKSourceConfig                  0x0801499b   Thumb Code    62  misc.o(.text)
    EXTI_DeInit                              0x08014a11   Thumb Code    28  stm32f4xx_exti.o(.text)
    EXTI_Init                                0x08014a2d   Thumb Code   236  stm32f4xx_exti.o(.text)
    EXTI_StructInit                          0x08014b19   Thumb Code    16  stm32f4xx_exti.o(.text)
    EXTI_GenerateSWInterrupt                 0x08014b29   Thumb Code    38  stm32f4xx_exti.o(.text)
    EXTI_GetFlagStatus                       0x08014b4f   Thumb Code   164  stm32f4xx_exti.o(.text)
    EXTI_ClearFlag                           0x08014bf3   Thumb Code    30  stm32f4xx_exti.o(.text)
    EXTI_GetITStatus                         0x08014c11   Thumb Code   166  stm32f4xx_exti.o(.text)
    EXTI_ClearITPendingBit                   0x08014cb7   Thumb Code    32  stm32f4xx_exti.o(.text)
    FLASH_SetLatency                         0x08014d09   Thumb Code    84  stm32f4xx_flash.o(.text)
    FLASH_PrefetchBufferCmd                  0x08014d5d   Thumb Code    52  stm32f4xx_flash.o(.text)
    FLASH_InstructionCacheCmd                0x08014d91   Thumb Code    52  stm32f4xx_flash.o(.text)
    FLASH_DataCacheCmd                       0x08014dc5   Thumb Code    52  stm32f4xx_flash.o(.text)
    FLASH_InstructionCacheReset              0x08014df9   Thumb Code    14  stm32f4xx_flash.o(.text)
    FLASH_DataCacheReset                     0x08014e07   Thumb Code    14  stm32f4xx_flash.o(.text)
    FLASH_Unlock                             0x08014e15   Thumb Code    26  stm32f4xx_flash.o(.text)
    FLASH_Lock                               0x08014e2f   Thumb Code    18  stm32f4xx_flash.o(.text)
    FLASH_GetStatus                          0x08014e41   Thumb Code    90  stm32f4xx_flash.o(.text)
    FLASH_WaitForLastOperation               0x08014e9b   Thumb Code    34  stm32f4xx_flash.o(.text)
    FLASH_EraseSector                        0x08014ebd   Thumb Code   278  stm32f4xx_flash.o(.text)
    FLASH_EraseAllSectors                    0x08014fd3   Thumb Code   140  stm32f4xx_flash.o(.text)
    FLASH_EraseAllBank1Sectors               0x0801505f   Thumb Code   140  stm32f4xx_flash.o(.text)
    FLASH_EraseAllBank2Sectors               0x080150eb   Thumb Code   190  stm32f4xx_flash.o(.text)
    FLASH_ProgramDoubleWord                  0x080151a9   Thumb Code   122  stm32f4xx_flash.o(.text)
    FLASH_ProgramWord                        0x08015223   Thumb Code   112  stm32f4xx_flash.o(.text)
    FLASH_ProgramHalfWord                    0x08015293   Thumb Code   112  stm32f4xx_flash.o(.text)
    FLASH_ProgramByte                        0x08015303   Thumb Code   108  stm32f4xx_flash.o(.text)
    FLASH_OB_Unlock                          0x0801536f   Thumb Code    26  stm32f4xx_flash.o(.text)
    FLASH_OB_Lock                            0x08015389   Thumb Code    18  stm32f4xx_flash.o(.text)
    FLASH_OB_WRPConfig                       0x0801539b   Thumb Code    96  stm32f4xx_flash.o(.text)
    FLASH_OB_WRP1Config                      0x080153fb   Thumb Code    96  stm32f4xx_flash.o(.text)
    FLASH_OB_PCROPSelectionConfig            0x0801545b   Thumb Code    48  stm32f4xx_flash.o(.text)
    FLASH_OB_PCROPConfig                     0x0801548b   Thumb Code    96  stm32f4xx_flash.o(.text)
    FLASH_OB_PCROP1Config                    0x080154eb   Thumb Code   118  stm32f4xx_flash.o(.text)
    FLASH_OB_RDPConfig                       0x08015561   Thumb Code    44  stm32f4xx_flash.o(.text)
    FLASH_OB_UserConfig                      0x0801558d   Thumb Code   116  stm32f4xx_flash.o(.text)
    FLASH_OB_BootConfig                      0x08015601   Thumb Code    50  stm32f4xx_flash.o(.text)
    FLASH_OB_BORConfig                       0x08015633   Thumb Code    58  stm32f4xx_flash.o(.text)
    FLASH_OB_Launch                          0x0801566d   Thumb Code    30  stm32f4xx_flash.o(.text)
    FLASH_OB_GetUser                         0x0801568b   Thumb Code    12  stm32f4xx_flash.o(.text)
    FLASH_OB_GetWRP                          0x08015697   Thumb Code     8  stm32f4xx_flash.o(.text)
    FLASH_OB_GetWRP1                         0x0801569f   Thumb Code     8  stm32f4xx_flash.o(.text)
    FLASH_OB_GetPCROP                        0x080156a7   Thumb Code     8  stm32f4xx_flash.o(.text)
    FLASH_OB_GetPCROP1                       0x080156af   Thumb Code     8  stm32f4xx_flash.o(.text)
    FLASH_OB_GetRDP                          0x080156b7   Thumb Code    18  stm32f4xx_flash.o(.text)
    FLASH_OB_GetBOR                          0x080156c9   Thumb Code    12  stm32f4xx_flash.o(.text)
    FLASH_ITConfig                           0x080156d5   Thumb Code    82  stm32f4xx_flash.o(.text)
    FLASH_GetFlagStatus                      0x08015727   Thumb Code    76  stm32f4xx_flash.o(.text)
    FLASH_ClearFlag                          0x08015773   Thumb Code    38  stm32f4xx_flash.o(.text)
    FSMC_NORSRAMDeInit                       0x0801579d   Thumb Code    84  stm32f4xx_fsmc.o(.text)
    FSMC_NORSRAMInit                         0x080157f1   Thumb Code   870  stm32f4xx_fsmc.o(.text)
    FSMC_NORSRAMStructInit                   0x08015b57   Thumb Code    48  stm32f4xx_fsmc.o(.text)
    FSMC_NORSRAMCmd                          0x08015b87   Thumb Code   152  stm32f4xx_fsmc.o(.text)
    FSMC_NANDDeInit                          0x08015c1f   Thumb Code    90  stm32f4xx_fsmc.o(.text)
    FSMC_NANDInit                            0x08015c79   Thumb Code   594  stm32f4xx_fsmc.o(.text)
    FSMC_NANDStructInit                      0x08015ecb   Thumb Code    54  stm32f4xx_fsmc.o(.text)
    FSMC_NANDCmd                             0x08015f01   Thumb Code   136  stm32f4xx_fsmc.o(.text)
    FSMC_NANDECCCmd                          0x08015f89   Thumb Code   160  stm32f4xx_fsmc.o(.text)
    FSMC_GetECC                              0x08016029   Thumb Code    22  stm32f4xx_fsmc.o(.text)
    FSMC_PCCARDDeInit                        0x0801603f   Thumb Code    40  stm32f4xx_fsmc.o(.text)
    FSMC_PCCARDInit                          0x08016067   Thumb Code   532  stm32f4xx_fsmc.o(.text)
    FSMC_PCCARDStructInit                    0x0801627b   Thumb Code    60  stm32f4xx_fsmc.o(.text)
    FSMC_PCCARDCmd                           0x080162b7   Thumb Code    64  stm32f4xx_fsmc.o(.text)
    FSMC_ITConfig                            0x080162f7   Thumb Code   206  stm32f4xx_fsmc.o(.text)
    FSMC_GetFlagStatus                       0x080163c5   Thumb Code   160  stm32f4xx_fsmc.o(.text)
    FSMC_ClearFlag                           0x08016465   Thumb Code   120  stm32f4xx_fsmc.o(.text)
    FSMC_GetITStatus                         0x080164dd   Thumb Code   132  stm32f4xx_fsmc.o(.text)
    FSMC_ClearITPendingBit                   0x08016561   Thumb Code   122  stm32f4xx_fsmc.o(.text)
    GPIO_DeInit                              0x080165e5   Thumb Code   344  stm32f4xx_gpio.o(.text)
    GPIO_Init                                0x0801673d   Thumb Code   354  stm32f4xx_gpio.o(.text)
    GPIO_StructInit                          0x0801689f   Thumb Code    18  stm32f4xx_gpio.o(.text)
    GPIO_PinLockConfig                       0x080168b1   Thumb Code   134  stm32f4xx_gpio.o(.text)
    GPIO_ReadInputDataBit                    0x08016937   Thumb Code   282  stm32f4xx_gpio.o(.text)
    GPIO_ReadInputData                       0x08016a51   Thumb Code    90  stm32f4xx_gpio.o(.text)
    GPIO_ReadOutputDataBit                   0x08016aab   Thumb Code   198  stm32f4xx_gpio.o(.text)
    GPIO_ReadOutputData                      0x08016b71   Thumb Code    90  stm32f4xx_gpio.o(.text)
    GPIO_SetBits                             0x08016bcb   Thumb Code   110  stm32f4xx_gpio.o(.text)
    GPIO_ResetBits                           0x08016c39   Thumb Code   110  stm32f4xx_gpio.o(.text)
    GPIO_WriteBit                            0x08016ca7   Thumb Code   212  stm32f4xx_gpio.o(.text)
    GPIO_Write                               0x08016d7b   Thumb Code    90  stm32f4xx_gpio.o(.text)
    GPIO_ToggleBits                          0x08016dd5   Thumb Code   140  stm32f4xx_gpio.o(.text)
    GPIO_PinAFConfig                         0x08016e61   Thumb Code   358  stm32f4xx_gpio.o(.text)
    RCC_DeInit                               0x08016ff5   Thumb Code    82  stm32f4xx_rcc.o(.text)
    RCC_HSEConfig                            0x08017047   Thumb Code    40  stm32f4xx_rcc.o(.text)
    RCC_GetFlagStatus                        0x0801706f   Thumb Code   134  stm32f4xx_rcc.o(.text)
    RCC_WaitForHSEStartUp                    0x080170f5   Thumb Code    56  stm32f4xx_rcc.o(.text)
    RCC_AdjustHSICalibrationValue            0x0801712d   Thumb Code    38  stm32f4xx_rcc.o(.text)
    RCC_HSICmd                               0x08017153   Thumb Code    28  stm32f4xx_rcc.o(.text)
    RCC_LSEConfig                            0x0801716f   Thumb Code    72  stm32f4xx_rcc.o(.text)
    RCC_LSICmd                               0x080171b7   Thumb Code    28  stm32f4xx_rcc.o(.text)
    RCC_PLLConfig                            0x080171d3   Thumb Code   156  stm32f4xx_rcc.o(.text)
    RCC_PLLCmd                               0x0801726f   Thumb Code    28  stm32f4xx_rcc.o(.text)
    RCC_PLLI2SConfig                         0x0801728b   Thumb Code    62  stm32f4xx_rcc.o(.text)
    RCC_PLLI2SCmd                            0x080172c9   Thumb Code    28  stm32f4xx_rcc.o(.text)
    RCC_PLLSAIConfig                         0x080172e5   Thumb Code    88  stm32f4xx_rcc.o(.text)
    RCC_PLLSAICmd                            0x0801733d   Thumb Code    28  stm32f4xx_rcc.o(.text)
    RCC_ClockSecuritySystemCmd               0x08017359   Thumb Code    28  stm32f4xx_rcc.o(.text)
    RCC_MCO1Config                           0x08017375   Thumb Code   168  stm32f4xx_rcc.o(.text)
    RCC_MCO2Config                           0x0801741d   Thumb Code   102  stm32f4xx_rcc.o(.text)
    RCC_SYSCLKConfig                         0x08017483   Thumb Code    44  stm32f4xx_rcc.o(.text)
    RCC_GetSYSCLKSource                      0x080174af   Thumb Code    10  stm32f4xx_rcc.o(.text)
    RCC_HCLKConfig                           0x080174b9   Thumb Code    68  stm32f4xx_rcc.o(.text)
    RCC_PCLK1Config                          0x080174fd   Thumb Code    60  stm32f4xx_rcc.o(.text)
    RCC_PCLK2Config                          0x08017539   Thumb Code    62  stm32f4xx_rcc.o(.text)
    RCC_GetClocksFreq                        0x08017577   Thumb Code   214  stm32f4xx_rcc.o(.text)
    RCC_RTCCLKConfig                         0x0801764d   Thumb Code   262  stm32f4xx_rcc.o(.text)
    RCC_RTCCLKCmd                            0x08017753   Thumb Code    30  stm32f4xx_rcc.o(.text)
    RCC_BackupResetCmd                       0x08017771   Thumb Code    32  stm32f4xx_rcc.o(.text)
    RCC_I2SCLKConfig                         0x08017791   Thumb Code    30  stm32f4xx_rcc.o(.text)
    RCC_SAIBlockACLKConfig                   0x080177af   Thumb Code    50  stm32f4xx_rcc.o(.text)
    RCC_SAIBlockBCLKConfig                   0x080177e1   Thumb Code    50  stm32f4xx_rcc.o(.text)
    RCC_SAIPLLI2SClkDivConfig                0x08017813   Thumb Code    50  stm32f4xx_rcc.o(.text)
    RCC_SAIPLLSAIClkDivConfig                0x08017845   Thumb Code   196  stm32f4xx_rcc.o(.text)
    RCC_LTDCCLKDivConfig                     0x08017909   Thumb Code    54  stm32f4xx_rcc.o(.text)
    RCC_TIMCLKPresConfig                     0x0801793f   Thumb Code    30  stm32f4xx_rcc.o(.text)
    RCC_AHB1PeriphClockCmd                   0x0801795d   Thumb Code    82  stm32f4xx_rcc.o(.text)
    RCC_AHB2PeriphClockCmd                   0x080179af   Thumb Code    82  stm32f4xx_rcc.o(.text)
    RCC_AHB3PeriphClockCmd                   0x08017a01   Thumb Code    82  stm32f4xx_rcc.o(.text)
    RCC_APB1PeriphClockCmd                   0x08017a53   Thumb Code    82  stm32f4xx_rcc.o(.text)
    RCC_APB2PeriphClockCmd                   0x08017aa5   Thumb Code    82  stm32f4xx_rcc.o(.text)
    RCC_AHB1PeriphResetCmd                   0x08017af7   Thumb Code    82  stm32f4xx_rcc.o(.text)
    RCC_AHB2PeriphResetCmd                   0x08017b49   Thumb Code    82  stm32f4xx_rcc.o(.text)
    RCC_AHB3PeriphResetCmd                   0x08017b9b   Thumb Code    82  stm32f4xx_rcc.o(.text)
    RCC_APB1PeriphResetCmd                   0x08017bed   Thumb Code    82  stm32f4xx_rcc.o(.text)
    RCC_APB2PeriphResetCmd                   0x08017c3f   Thumb Code    82  stm32f4xx_rcc.o(.text)
    RCC_AHB1PeriphClockLPModeCmd             0x08017c91   Thumb Code   108  stm32f4xx_rcc.o(.text)
    RCC_AHB2PeriphClockLPModeCmd             0x08017cfd   Thumb Code    82  stm32f4xx_rcc.o(.text)
    RCC_AHB3PeriphClockLPModeCmd             0x08017d4f   Thumb Code    82  stm32f4xx_rcc.o(.text)
    RCC_APB1PeriphClockLPModeCmd             0x08017da1   Thumb Code    82  stm32f4xx_rcc.o(.text)
    RCC_APB2PeriphClockLPModeCmd             0x08017df3   Thumb Code    82  stm32f4xx_rcc.o(.text)
    RCC_LSEModeConfig                        0x08017e45   Thumb Code    64  stm32f4xx_rcc.o(.text)
    RCC_ITConfig                             0x08017e85   Thumb Code    82  stm32f4xx_rcc.o(.text)
    RCC_ClearFlag                            0x08017ed7   Thumb Code    18  stm32f4xx_rcc.o(.text)
    RCC_GetITStatus                          0x08017ee9   Thumb Code    72  stm32f4xx_rcc.o(.text)
    RCC_ClearITPendingBit                    0x08017f31   Thumb Code    28  stm32f4xx_rcc.o(.text)
    SYSCFG_DeInit                            0x08017f55   Thumb Code    22  stm32f4xx_syscfg.o(.text)
    SYSCFG_MemoryRemapConfig                 0x08017f6b   Thumb Code    34  stm32f4xx_syscfg.o(.text)
    SYSCFG_MemorySwappingBank                0x08017f8d   Thumb Code    26  stm32f4xx_syscfg.o(.text)
    SYSCFG_EXTILineConfig                    0x08017fa7   Thumb Code   194  stm32f4xx_syscfg.o(.text)
    SYSCFG_ETH_MediaInterfaceConfig          0x08018069   Thumb Code    26  stm32f4xx_syscfg.o(.text)
    SYSCFG_CompensationCellCmd               0x08018083   Thumb Code    26  stm32f4xx_syscfg.o(.text)
    SYSCFG_GetCompensationCellStatus         0x0801809d   Thumb Code    22  stm32f4xx_syscfg.o(.text)
    TIM_DeInit                               0x080180f1   Thumb Code   440  stm32f4xx_tim.o(.text)
    TIM_TimeBaseInit                         0x080182a9   Thumb Code   278  stm32f4xx_tim.o(.text)
    TIM_TimeBaseStructInit                   0x080183bf   Thumb Code    18  stm32f4xx_tim.o(.text)
    TIM_PrescalerConfig                      0x080183d1   Thumb Code   128  stm32f4xx_tim.o(.text)
    TIM_CounterModeConfig                    0x08018451   Thumb Code   100  stm32f4xx_tim.o(.text)
    TIM_SetCounter                           0x080184b5   Thumb Code   202  stm32f4xx_tim.o(.text)
    TIM_SetAutoreload                        0x0801857f   Thumb Code   108  stm32f4xx_tim.o(.text)
    TIM_GetCounter                           0x080185eb   Thumb Code   106  stm32f4xx_tim.o(.text)
    TIM_GetPrescaler                         0x08018655   Thumb Code   106  stm32f4xx_tim.o(.text)
    TIM_UpdateDisableConfig                  0x080186bf   Thumb Code   148  stm32f4xx_tim.o(.text)
    TIM_UpdateRequestConfig                  0x08018753   Thumb Code   148  stm32f4xx_tim.o(.text)
    TIM_ARRPreloadConfig                     0x080187e7   Thumb Code   148  stm32f4xx_tim.o(.text)
    TIM_SelectOnePulseMode                   0x0801887b   Thumb Code   142  stm32f4xx_tim.o(.text)
    TIM_SetClockDivision                     0x08018909   Thumb Code   192  stm32f4xx_tim.o(.text)
    TIM_Cmd                                  0x080189c9   Thumb Code   148  stm32f4xx_tim.o(.text)
    TIM_OC1Init                              0x08018a5d   Thumb Code   416  stm32f4xx_tim.o(.text)
    TIM_OC2Init                              0x08018bfd   Thumb Code   486  stm32f4xx_tim.o(.text)
    TIM_OC3Init                              0x08018de3   Thumb Code   416  stm32f4xx_tim.o(.text)
    TIM_OC4Init                              0x08018f83   Thumb Code   300  stm32f4xx_tim.o(.text)
    TIM_OCStructInit                         0x080190af   Thumb Code    20  stm32f4xx_tim.o(.text)
    TIM_SelectOCxM                           0x080190c3   Thumb Code   256  stm32f4xx_tim.o(.text)
    TIM_SetCompare1                          0x080191c3   Thumb Code   142  stm32f4xx_tim.o(.text)
    TIM_SetCompare2                          0x08019251   Thumb Code    72  stm32f4xx_tim.o(.text)
    TIM_SetCompare3                          0x08019299   Thumb Code    60  stm32f4xx_tim.o(.text)
    TIM_SetCompare4                          0x080192d5   Thumb Code    60  stm32f4xx_tim.o(.text)
    TIM_ForcedOC1Config                      0x08019311   Thumb Code   130  stm32f4xx_tim.o(.text)
    TIM_ForcedOC2Config                      0x08019393   Thumb Code   114  stm32f4xx_tim.o(.text)
    TIM_ForcedOC3Config                      0x08019405   Thumb Code    94  stm32f4xx_tim.o(.text)
    TIM_ForcedOC4Config                      0x08019463   Thumb Code   102  stm32f4xx_tim.o(.text)
    TIM_OC1PreloadConfig                     0x080194c9   Thumb Code   126  stm32f4xx_tim.o(.text)
    TIM_OC2PreloadConfig                     0x08019547   Thumb Code   108  stm32f4xx_tim.o(.text)
    TIM_OC3PreloadConfig                     0x080195b3   Thumb Code   138  stm32f4xx_tim.o(.text)
    TIM_OC4PreloadConfig                     0x0801963d   Thumb Code    96  stm32f4xx_tim.o(.text)
    TIM_OC1FastConfig                        0x0801969d   Thumb Code   124  stm32f4xx_tim.o(.text)
    TIM_OC2FastConfig                        0x08019719   Thumb Code   108  stm32f4xx_tim.o(.text)
    TIM_OC3FastConfig                        0x08019785   Thumb Code    88  stm32f4xx_tim.o(.text)
    TIM_OC4FastConfig                        0x080197dd   Thumb Code    96  stm32f4xx_tim.o(.text)
    TIM_ClearOC1Ref                          0x0801983d   Thumb Code   124  stm32f4xx_tim.o(.text)
    TIM_ClearOC2Ref                          0x080198b9   Thumb Code   106  stm32f4xx_tim.o(.text)
    TIM_ClearOC3Ref                          0x08019923   Thumb Code    88  stm32f4xx_tim.o(.text)
    TIM_ClearOC4Ref                          0x0801997b   Thumb Code    94  stm32f4xx_tim.o(.text)
    TIM_OC1PolarityConfig                    0x080199d9   Thumb Code   174  stm32f4xx_tim.o(.text)
    TIM_OC1NPolarityConfig                   0x08019a87   Thumb Code    64  stm32f4xx_tim.o(.text)
    TIM_OC2PolarityConfig                    0x08019ac7   Thumb Code   108  stm32f4xx_tim.o(.text)
    TIM_OC2NPolarityConfig                   0x08019b33   Thumb Code    72  stm32f4xx_tim.o(.text)
    TIM_OC3PolarityConfig                    0x08019b7b   Thumb Code    96  stm32f4xx_tim.o(.text)
    TIM_OC3NPolarityConfig                   0x08019bdb   Thumb Code    72  stm32f4xx_tim.o(.text)
    TIM_OC4PolarityConfig                    0x08019c23   Thumb Code    96  stm32f4xx_tim.o(.text)
    TIM_CCxCmd                               0x08019c83   Thumb Code   168  stm32f4xx_tim.o(.text)
    TIM_CCxNCmd                              0x08019d2b   Thumb Code   104  stm32f4xx_tim.o(.text)
    TIM_SetIC4Prescaler                      0x08019d93   Thumb Code   106  stm32f4xx_tim.o(.text)
    TIM_SetIC3Prescaler                      0x08019e7d   Thumb Code    98  stm32f4xx_tim.o(.text)
    TIM_SetIC2Prescaler                      0x08019f27   Thumb Code   118  stm32f4xx_tim.o(.text)
    TIM_SetIC1Prescaler                      0x08019fed   Thumb Code   134  stm32f4xx_tim.o(.text)
    TIM_ICInit                               0x0801a0ad   Thumb Code   508  stm32f4xx_tim.o(.text)
    TIM_ICStructInit                         0x0801a2a9   Thumb Code    18  stm32f4xx_tim.o(.text)
    TIM_PWMIConfig                           0x0801a2bb   Thumb Code   184  stm32f4xx_tim.o(.text)
    TIM_GetCapture1                          0x0801a373   Thumb Code    92  stm32f4xx_tim.o(.text)
    TIM_GetCapture2                          0x0801a3cf   Thumb Code    68  stm32f4xx_tim.o(.text)
    TIM_GetCapture3                          0x0801a413   Thumb Code    56  stm32f4xx_tim.o(.text)
    TIM_GetCapture4                          0x0801a44b   Thumb Code    56  stm32f4xx_tim.o(.text)
    TIM_BDTRConfig                           0x0801a483   Thumb Code   222  stm32f4xx_tim.o(.text)
    TIM_BDTRStructInit                       0x0801a561   Thumb Code    18  stm32f4xx_tim.o(.text)
    TIM_CtrlPWMOutputs                       0x0801a573   Thumb Code    78  stm32f4xx_tim.o(.text)
    TIM_SelectCOM                            0x0801a5c1   Thumb Code    72  stm32f4xx_tim.o(.text)
    TIM_CCPreloadControl                     0x0801a609   Thumb Code    72  stm32f4xx_tim.o(.text)
    TIM_ITConfig                             0x0801a651   Thumb Code   218  stm32f4xx_tim.o(.text)
    TIM_GenerateEvent                        0x0801a72b   Thumb Code   126  stm32f4xx_tim.o(.text)
    TIM_GetFlagStatus                        0x0801a7a9   Thumb Code   188  stm32f4xx_tim.o(.text)
    TIM_ClearFlag                            0x0801a865   Thumb Code   108  stm32f4xx_tim.o(.text)
    TIM_GetITStatus                          0x0801a8d1   Thumb Code   186  stm32f4xx_tim.o(.text)
    TIM_ClearITPendingBit                    0x0801a98b   Thumb Code   108  stm32f4xx_tim.o(.text)
    TIM_DMAConfig                            0x0801a9f7   Thumb Code   334  stm32f4xx_tim.o(.text)
    TIM_DMACmd                               0x0801ab45   Thumb Code   126  stm32f4xx_tim.o(.text)
    TIM_SelectCCDMA                          0x0801abc3   Thumb Code    96  stm32f4xx_tim.o(.text)
    TIM_InternalClockConfig                  0x0801ac23   Thumb Code    76  stm32f4xx_tim.o(.text)
    TIM_SelectInputTrigger                   0x0801ac6f   Thumb Code   148  stm32f4xx_tim.o(.text)
    TIM_ITRxExternalClockConfig              0x0801ad03   Thumb Code   110  stm32f4xx_tim.o(.text)
    TIM_TIxExternalClockConfig               0x0801ad71   Thumb Code   184  stm32f4xx_tim.o(.text)
    TIM_ETRConfig                            0x0801ae29   Thumb Code   164  stm32f4xx_tim.o(.text)
    TIM_ETRClockMode1Config                  0x0801aecd   Thumb Code   228  stm32f4xx_tim.o(.text)
    TIM_ETRClockMode2Config                  0x0801afb1   Thumb Code   152  stm32f4xx_tim.o(.text)
    TIM_SelectOutputTrigger                  0x0801b049   Thumb Code   126  stm32f4xx_tim.o(.text)
    TIM_SelectSlaveMode                      0x0801b0c7   Thumb Code   112  stm32f4xx_tim.o(.text)
    TIM_SelectMasterSlaveMode                0x0801b137   Thumb Code   102  stm32f4xx_tim.o(.text)
    TIM_EncoderInterfaceConfig               0x0801b19d   Thumb Code   226  stm32f4xx_tim.o(.text)
    TIM_SelectHallSensor                     0x0801b27f   Thumb Code   108  stm32f4xx_tim.o(.text)
    TIM_RemapConfig                          0x0801b2eb   Thumb Code   138  stm32f4xx_tim.o(.text)
    USART_DeInit                             0x0801b375   Thumb Code   276  stm32f4xx_usart.o(.text)
    USART_Init                               0x0801b489   Thumb Code   492  stm32f4xx_usart.o(.text)
    USART_StructInit                         0x0801b675   Thumb Code    24  stm32f4xx_usart.o(.text)
    USART_ClockInit                          0x0801b68d   Thumb Code   166  stm32f4xx_usart.o(.text)
    USART_ClockStructInit                    0x0801b733   Thumb Code    12  stm32f4xx_usart.o(.text)
    USART_Cmd                                0x0801b73f   Thumb Code   214  stm32f4xx_usart.o(.text)
    USART_SetPrescaler                       0x0801b815   Thumb Code    96  stm32f4xx_usart.o(.text)
    USART_OverSampling8Cmd                   0x0801b875   Thumb Code   122  stm32f4xx_usart.o(.text)
    USART_OneBitMethodCmd                    0x0801b8ef   Thumb Code   124  stm32f4xx_usart.o(.text)
    USART_SendData                           0x0801b96b   Thumb Code   108  stm32f4xx_usart.o(.text)
    USART_ReceiveData                        0x0801b9d7   Thumb Code    86  stm32f4xx_usart.o(.text)
    USART_SetAddress                         0x0801ba2d   Thumb Code   116  stm32f4xx_usart.o(.text)
    USART_ReceiverWakeUpCmd                  0x0801baa1   Thumb Code   124  stm32f4xx_usart.o(.text)
    USART_WakeUpConfig                       0x0801bb1d   Thumb Code   120  stm32f4xx_usart.o(.text)
    USART_LINBreakDetectLengthConfig         0x0801bb95   Thumb Code   160  stm32f4xx_usart.o(.text)
    USART_LINCmd                             0x0801bc35   Thumb Code   124  stm32f4xx_usart.o(.text)
    USART_SendBreak                          0x0801bcb1   Thumb Code    88  stm32f4xx_usart.o(.text)
    USART_HalfDuplexCmd                      0x0801bd09   Thumb Code   124  stm32f4xx_usart.o(.text)
    USART_SetGuardTime                       0x0801bd85   Thumb Code    60  stm32f4xx_usart.o(.text)
    USART_SmartCardCmd                       0x0801bdc1   Thumb Code    88  stm32f4xx_usart.o(.text)
    USART_SmartCardNACKCmd                   0x0801be19   Thumb Code    88  stm32f4xx_usart.o(.text)
    USART_IrDAConfig                         0x0801be71   Thumb Code   118  stm32f4xx_usart.o(.text)
    USART_IrDACmd                            0x0801bee7   Thumb Code   124  stm32f4xx_usart.o(.text)
    USART_DMACmd                             0x0801bf63   Thumb Code   184  stm32f4xx_usart.o(.text)
    USART_ITConfig                           0x0801c01b   Thumb Code   290  stm32f4xx_usart.o(.text)
    USART_GetFlagStatus                      0x0801c13d   Thumb Code   200  stm32f4xx_usart.o(.text)
    USART_ClearFlag                          0x0801c205   Thumb Code   158  stm32f4xx_usart.o(.text)
    USART_GetITStatus                        0x0801c2a3   Thumb Code   306  stm32f4xx_usart.o(.text)
    USART_ClearITPendingBit                  0x0801c3d5   Thumb Code   234  stm32f4xx_usart.o(.text)
    FPGA_Init                                0x0801c4d1   Thumb Code   674  fpga.o(.text)
    FPGA_WriteBuffer                         0x0801c773   Thumb Code    24  fpga.o(.text)
    FPGA_ResetHardware                       0x0801c78b   Thumb Code   104  fpga.o(.text)
    FPGA_ReadBuffer                          0x0801c7f3   Thumb Code    22  fpga.o(.text)
    FPGA_DATA_WriteBuffer                    0x0801c809   Thumb Code    24  fpga.o(.text)
    FPGA_DATA_ReadBuffer                     0x0801c821   Thumb Code    22  fpga.o(.text)
    SysTick_Handler                          0x0801c849   Thumb Code    38  scope_it.o(.text)
    TIM2_IRQHandler                          0x0801c86f   Thumb Code   102  scope_it.o(.text)
    EXTI9_5_IRQHandler                       0x0801c8d5   Thumb Code    32  scope_it.o(.text)
    USART1_IRQHandler                        0x0801c8f5   Thumb Code    14  scope_it.o(.text)
    USART3_IRQHandler                        0x0801c903   Thumb Code    14  scope_it.o(.text)
    IT_SYS_DlyMs                             0x0801c911   Thumb Code    30  scope_it.o(.text)
    IT_SYS_GetTicks                          0x0801c92f   Thumb Code     6  scope_it.o(.text)
    IT_SYS_SetTicks                          0x0801c935   Thumb Code    10  scope_it.o(.text)
    IT_SYS_SetDlyMs                          0x0801c93f   Thumb Code    16  scope_it.o(.text)
    IT_SYS_CheckDlyFin                       0x0801c94f   Thumb Code    20  scope_it.o(.text)
    IT_LIST_GetTicks                         0x0801c963   Thumb Code     6  scope_it.o(.text)
    IT_LIST_SetTicks                         0x0801c969   Thumb Code    10  scope_it.o(.text)
    IT_ADC_GetTicks                          0x0801c973   Thumb Code     6  scope_it.o(.text)
    IT_ADC_SetTicks                          0x0801c979   Thumb Code    10  scope_it.o(.text)
    assert_failed                            0x0801c9b9   Thumb Code    18  scope_eval.o(.text)
    fputc                                    0x0801c9cb   Thumb Code    16  scope_eval.o(.text)
    PF_InitTimer2                            0x0801c9db   Thumb Code   122  scope_eval.o(.text)
    EVAL_Init                                0x0801cc19   Thumb Code   250  scope_eval.o(.text)
    EVAL_OutputSet                           0x0801cd13   Thumb Code    16  scope_eval.o(.text)
    EVAL_OutputClr                           0x0801cd23   Thumb Code    16  scope_eval.o(.text)
    EVAL_OutputToggle                        0x0801cd33   Thumb Code    26  scope_eval.o(.text)
    EVAL_InputGetState                       0x0801cd4d   Thumb Code    22  scope_eval.o(.text)
    MV_InitPara                              0x0801ce39   Thumb Code   190  scope_move.o(.text)
    MV_Move                                  0x0801cef7   Thumb Code   434  scope_move.o(.text)
    MV_Stop                                  0x0801d0a9   Thumb Code    98  scope_move.o(.text)
    MV_Wait                                  0x0801d10b   Thumb Code    84  scope_move.o(.text)
    MV_GetStepsExecuted                      0x0801d15f   Thumb Code    56  scope_move.o(.text)
    MV_IsFinished                            0x0801d197   Thumb Code    20  scope_move.o(.text)
    MV_IsrMoveHandling                       0x0801d1ab   Thumb Code   104  scope_move.o(.text)
    BUF_Send_Init                            0x0801d225   Thumb Code    14  buffercircle.o(.text)
    BUF_Send_PutChar                         0x0801d233   Thumb Code    54  buffercircle.o(.text)
    BUF_Send_GetChar                         0x0801d269   Thumb Code    74  buffercircle.o(.text)
    BUF_Send_PutNChar                        0x0801d33d   Thumb Code    94  buffercircle.o(.text)
    BUF_Send_GetNChar                        0x0801d39b   Thumb Code    94  buffercircle.o(.text)
    BUF_Recv_Init                            0x0801d3f9   Thumb Code    14  buffercircle.o(.text)
    BUF_Recv_PutChar                         0x0801d407   Thumb Code    54  buffercircle.o(.text)
    BUF_Recv_GetChar                         0x0801d43d   Thumb Code    74  buffercircle.o(.text)
    BUF_Recv_PutNChar                        0x0801d511   Thumb Code    94  buffercircle.o(.text)
    BUF_Recv_GetNChar                        0x0801d56f   Thumb Code    94  buffercircle.o(.text)
    NET_BUF_Send_Init                        0x0801d5dd   Thumb Code    14  netbuffercircle.o(.text)
    NET_BUF_Send_PutChar                     0x0801d5eb   Thumb Code    54  netbuffercircle.o(.text)
    NET_BUF_Send_GetChar                     0x0801d621   Thumb Code    74  netbuffercircle.o(.text)
    NET_BUF_Send_GetLenConsume               0x0801d66b   Thumb Code   112  netbuffercircle.o(.text)
    NET_BUF_Send_GetLenRemain                0x0801d6db   Thumb Code    26  netbuffercircle.o(.text)
    NET_BUF_Send_PutNChar                    0x0801d6f5   Thumb Code    94  netbuffercircle.o(.text)
    NET_BUF_Send_GetNChar                    0x0801d753   Thumb Code    94  netbuffercircle.o(.text)
    NET_BUF_Recv_Init                        0x0801d7b1   Thumb Code    14  netbuffercircle.o(.text)
    NET_BUF_Recv_PutChar                     0x0801d7bf   Thumb Code    54  netbuffercircle.o(.text)
    NET_BUF_Recv_GetChar                     0x0801d7f5   Thumb Code    74  netbuffercircle.o(.text)
    NET_BUF_Recv_GetLenConsume               0x0801d83f   Thumb Code   112  netbuffercircle.o(.text)
    NET_BUF_Recv_GetLenRemain                0x0801d8af   Thumb Code    26  netbuffercircle.o(.text)
    NET_BUF_Recv_PutNChar                    0x0801d8c9   Thumb Code    94  netbuffercircle.o(.text)
    NET_BUF_Recv_GetNChar                    0x0801d927   Thumb Code    94  netbuffercircle.o(.text)
    SPG_Send_Init                            0x0801d995   Thumb Code    14  samplebuffercircle.o(.text)
    SPG_Send_PutChar                         0x0801d9a3   Thumb Code    52  samplebuffercircle.o(.text)
    SPG_Send_GetChar                         0x0801d9d7   Thumb Code    68  samplebuffercircle.o(.text)
    SPG_Send_PutNChar                        0x0801da9b   Thumb Code    92  samplebuffercircle.o(.text)
    SPG_Send_GetNChar                        0x0801daf7   Thumb Code    92  samplebuffercircle.o(.text)
    SPG_Recv_Init                            0x0801db53   Thumb Code    14  samplebuffercircle.o(.text)
    SPG_Recv_PutChar                         0x0801db61   Thumb Code    52  samplebuffercircle.o(.text)
    SPG_Recv_GetChar                         0x0801db95   Thumb Code    68  samplebuffercircle.o(.text)
    SPG_Recv_PutNChar                        0x0801dc59   Thumb Code    92  samplebuffercircle.o(.text)
    SPG_Recv_GetNChar                        0x0801dcb5   Thumb Code    92  samplebuffercircle.o(.text)
    ethernetif_input                         0x0801df3d   Thumb Code    42  ethernetif.o(.text)
    ethernetif_init                          0x0801df67   Thumb Code    38  ethernetif.o(.text)
    etharp_tmr                               0x0801dfeb   Thumb Code   136  etharp.o(.text)
    etharp_cleanup_netif                     0x0801e2b9   Thumb Code    52  etharp.o(.text)
    etharp_find_addr                         0x0801e2ed   Thumb Code    82  etharp.o(.text)
    etharp_request                           0x0801e501   Thumb Code    36  etharp.o(.text)
    etharp_query                             0x0801e58d   Thumb Code   338  etharp.o(.text)
    etharp_output                            0x0801e6df   Thumb Code   314  etharp.o(.text)
    ethernet_input                           0x0801e819   Thumb Code   178  etharp.o(.text)
    icmp_input                               0x0801e8dd   Thumb Code   340  icmp.o(.text)
    icmp_dest_unreach                        0x0801eaa1   Thumb Code    18  icmp.o(.text)
    icmp_time_exceeded                       0x0801eab3   Thumb Code    18  icmp.o(.text)
    inet_chksum_pseudo                       0x0801eb2b   Thumb Code   162  inet_chksum.o(.text)
    inet_chksum_pseudo_partial               0x0801ebcd   Thumb Code   184  inet_chksum.o(.text)
    inet_chksum                              0x0801ec85   Thumb Code    20  inet_chksum.o(.text)
    inet_chksum_pbuf                         0x0801ec99   Thumb Code    86  inet_chksum.o(.text)
    ip_route                                 0x0801ecf1   Thumb Code    76  ip.o(.text)
    ip_input                                 0x0801ed3d   Thumb Code   422  ip.o(.text)
    ip_output_if                             0x0801eee3   Thumb Code   192  ip.o(.text)
    ip_output                                0x0801efa3   Thumb Code    56  ip.o(.text)
    ip4_addr_isbroadcast                     0x0801eff9   Thumb Code    78  ip_addr.o(.text)
    ip4_addr_netmask_valid                   0x0801f047   Thumb Code    52  ip_addr.o(.text)
    ipaddr_aton                              0x0801f07b   Thumb Code   348  ip_addr.o(.text)
    ipaddr_addr                              0x0801f1d7   Thumb Code    24  ip_addr.o(.text)
    ipaddr_ntoa_r                            0x0801f1ef   Thumb Code   168  ip_addr.o(.text)
    ipaddr_ntoa                              0x0801f297   Thumb Code    16  ip_addr.o(.text)
    ip_reass_tmr                             0x0801f371   Thumb Code    48  ip_frag.o(.text)
    ip_reass                                 0x0801f5c7   Thumb Code   396  ip_frag.o(.text)
    ip_frag                                  0x0801f78f   Thumb Code   424  ip_frag.o(.text)
    lwip_htons                               0x0801f941   Thumb Code    12  def.o(.text)
    lwip_ntohs                               0x0801f94d   Thumb Code    12  def.o(.text)
    lwip_htonl                               0x0801f959   Thumb Code    26  def.o(.text)
    lwip_ntohl                               0x0801f973   Thumb Code    12  def.o(.text)
    dhcp_renew                               0x0801fe11   Thumb Code   160  dhcp.o(.text)
    dhcp_coarse_tmr                          0x0801ff75   Thumb Code    62  dhcp.o(.text)
    dhcp_release                             0x08020057   Thumb Code   162  dhcp.o(.text)
    dhcp_fine_tmr                            0x08020281   Thumb Code    64  dhcp.o(.text)
    dhcp_set_struct                          0x08020347   Thumb Code    30  dhcp.o(.text)
    dhcp_cleanup                             0x08020365   Thumb Code    24  dhcp.o(.text)
    dhcp_stop                                0x0802037d   Thumb Code    58  dhcp.o(.text)
    dhcp_start                               0x080207c3   Thumb Code   206  dhcp.o(.text)
    dhcp_inform                              0x08020891   Thumb Code   170  dhcp.o(.text)
    dhcp_network_changed                     0x0802093b   Thumb Code    80  dhcp.o(.text)
    dhcp_arp_reply                           0x08020a09   Thumb Code    46  dhcp.o(.text)
    mem_init                                 0x08020ac9   Thumb Code    74  mem.o(.text)
    mem_free                                 0x08020b13   Thumb Code    68  mem.o(.text)
    mem_trim                                 0x08020b57   Thumb Code   288  mem.o(.text)
    mem_malloc                               0x08020c77   Thumb Code   222  mem.o(.text)
    mem_calloc                               0x08020d55   Thumb Code    34  mem.o(.text)
    memp_init                                0x08020d89   Thumb Code    82  memp.o(.text)
    memp_malloc                              0x08020ddb   Thumb Code    40  memp.o(.text)
    memp_free                                0x08020e03   Thumb Code    28  memp.o(.text)
    netif_init                               0x08020e31   Thumb Code     2  netif.o(.text)
    netif_set_gw                             0x08020e33   Thumb Code    12  netif.o(.text)
    netif_set_netmask                        0x08020e3f   Thumb Code    12  netif.o(.text)
    netif_set_ipaddr                         0x08020e4b   Thumb Code   110  netif.o(.text)
    netif_set_addr                           0x08020eb9   Thumb Code    40  netif.o(.text)
    netif_add                                0x08020ee1   Thumb Code   104  netif.o(.text)
    netif_set_default                        0x08020f49   Thumb Code     6  netif.o(.text)
    netif_set_down                           0x08020f4f   Thumb Code    42  netif.o(.text)
    netif_remove                             0x08020f79   Thumb Code    90  netif.o(.text)
    netif_find                               0x08020fd3   Thumb Code    64  netif.o(.text)
    netif_set_up                             0x08021013   Thumb Code    54  netif.o(.text)
    netif_set_link_up                        0x08021049   Thumb Code    80  netif.o(.text)
    netif_set_link_down                      0x08021099   Thumb Code    42  netif.o(.text)
    netif_set_link_callback                  0x080210c3   Thumb Code     6  netif.o(.text)
    pbuf_free                                0x080210dd   Thumb Code   134  pbuf.o(.text)
    pbuf_alloc                               0x08021163   Thumb Code   408  pbuf.o(.text)
    pbuf_alloced_custom                      0x080212fb   Thumb Code   108  pbuf.o(.text)
    pbuf_realloc                             0x08021367   Thumb Code   120  pbuf.o(.text)
    pbuf_header                              0x080213df   Thumb Code   126  pbuf.o(.text)
    pbuf_clen                                0x0802145d   Thumb Code    18  pbuf.o(.text)
    pbuf_ref                                 0x0802146f   Thumb Code    10  pbuf.o(.text)
    pbuf_cat                                 0x08021479   Thumb Code    56  pbuf.o(.text)
    pbuf_chain                               0x080214b1   Thumb Code    22  pbuf.o(.text)
    pbuf_dechain                             0x080214c7   Thumb Code    56  pbuf.o(.text)
    pbuf_copy                                0x080214ff   Thumb Code   192  pbuf.o(.text)
    pbuf_copy_partial                        0x080215bf   Thumb Code   146  pbuf.o(.text)
    pbuf_take                                0x08021651   Thumb Code   116  pbuf.o(.text)
    pbuf_coalesce                            0x080216c5   Thumb Code    60  pbuf.o(.text)
    pbuf_get_at                              0x08021701   Thumb Code    46  pbuf.o(.text)
    pbuf_memcmp                              0x0802172f   Thumb Code    96  pbuf.o(.text)
    pbuf_memfind                             0x0802178f   Thumb Code    76  pbuf.o(.text)
    pbuf_strstr                              0x080217db   Thumb Code    60  pbuf.o(.text)
    raw_input                                0x08021819   Thumb Code   102  raw.o(.text)
    raw_bind                                 0x0802187f   Thumb Code    16  raw.o(.text)
    raw_connect                              0x0802188f   Thumb Code    16  raw.o(.text)
    raw_recv                                 0x0802189f   Thumb Code     6  raw.o(.text)
    raw_sendto                               0x080218a5   Thumb Code   158  raw.o(.text)
    raw_send                                 0x08021943   Thumb Code    18  raw.o(.text)
    raw_remove                               0x08021955   Thumb Code    60  raw.o(.text)
    raw_new                                  0x08021991   Thumb Code    42  raw.o(.text)
    tcp_init                                 0x080219c9   Thumb Code     2  tcp.o(.text)
    tcp_seg_free                             0x080219cb   Thumb Code    26  tcp.o(.text)
    tcp_segs_free                            0x080219e5   Thumb Code    24  tcp.o(.text)
    tcp_pcb_purge                            0x080219fd   Thumb Code    64  tcp.o(.text)
    tcp_slowtmr                              0x08021a3d   Thumb Code   802  tcp.o(.text)
    tcp_pcb_remove                           0x08021d5f   Thumb Code   140  tcp.o(.text)
    tcp_close                                0x08021fc3   Thumb Code    28  tcp.o(.text)
    tcp_update_rcv_ann_wnd                   0x08021fdf   Thumb Code    78  tcp.o(.text)
    tcp_recved                               0x0802202d   Thumb Code    70  tcp.o(.text)
    tcp_recv_null                            0x08022073   Thumb Code    46  tcp.o(.text)
    tcp_process_refused_data                 0x080220a1   Thumb Code   140  tcp.o(.text)
    tcp_fasttmr                              0x0802212d   Thumb Code   110  tcp.o(.text)
    tcp_tmr                                  0x0802219b   Thumb Code    30  tcp.o(.text)
    tcp_shutdown                             0x080221b9   Thumb Code    98  tcp.o(.text)
    tcp_abandon                              0x0802221b   Thumb Code   170  tcp.o(.text)
    tcp_abort                                0x080222c5   Thumb Code    14  tcp.o(.text)
    tcp_bind                                 0x08022333   Thumb Code   142  tcp.o(.text)
    tcp_listen_with_backlog                  0x080223c9   Thumb Code   198  tcp.o(.text)
    tcp_eff_send_mss                         0x0802248f   Thumb Code    46  tcp.o(.text)
    tcp_next_iss                             0x080224bd   Thumb Code    20  tcp.o(.text)
    tcp_connect                              0x080224d1   Thumb Code   328  tcp.o(.text)
    tcp_setprio                              0x08022619   Thumb Code     4  tcp.o(.text)
    tcp_alloc                                0x0802269b   Thumb Code   242  tcp.o(.text)
    tcp_new                                  0x0802278d   Thumb Code    10  tcp.o(.text)
    tcp_arg                                  0x08022797   Thumb Code     4  tcp.o(.text)
    tcp_recv                                 0x0802279b   Thumb Code     8  tcp.o(.text)
    tcp_sent                                 0x080227a3   Thumb Code     8  tcp.o(.text)
    tcp_err                                  0x080227ab   Thumb Code    10  tcp.o(.text)
    tcp_accept                               0x080227b5   Thumb Code     4  tcp.o(.text)
    tcp_poll                                 0x080227b9   Thumb Code    14  tcp.o(.text)
    tcp_debug_state_str                      0x080227c7   Thumb Code    10  tcp.o(.text)
    tcp_input                                0x080235f5   Thumb Code  1134  tcp_in.o(.text)
    tcp_enqueue_flags                        0x08023bb1   Thumb Code   272  tcp_out.o(.text)
    tcp_send_fin                             0x08023cc1   Thumb Code    74  tcp_out.o(.text)
    tcp_write                                0x08023df3   Thumb Code   902  tcp_out.o(.text)
    tcp_send_empty_ack                       0x08024179   Thumb Code    78  tcp_out.o(.text)
    tcp_output                               0x0802428f   Thumb Code   444  tcp_out.o(.text)
    tcp_rst                                  0x0802444b   Thumb Code   124  tcp_out.o(.text)
    tcp_rexmit_rto                           0x080244c7   Thumb Code    58  tcp_out.o(.text)
    tcp_rexmit                               0x08024501   Thumb Code    90  tcp_out.o(.text)
    tcp_rexmit_fast                          0x0802455b   Thumb Code   112  tcp_out.o(.text)
    tcp_keepalive                            0x080245cb   Thumb Code    68  tcp_out.o(.text)
    tcp_zero_window_probe                    0x0802460f   Thumb Code   172  tcp_out.o(.text)
    tcp_timer_needed                         0x080246bb   Thumb Code     2  timers.o(.text)
    udp_init                                 0x080246bd   Thumb Code     2  udp.o(.text)
    udp_input                                0x0802470f   Thumb Code   450  udp.o(.text)
    udp_bind                                 0x080248d1   Thumb Code   122  udp.o(.text)
    udp_sendto_if                            0x0802494b   Thumb Code   206  udp.o(.text)
    udp_sendto                               0x08024a19   Thumb Code    46  udp.o(.text)
    udp_send                                 0x08024a47   Thumb Code    20  udp.o(.text)
    udp_connect                              0x08024a5b   Thumb Code   110  udp.o(.text)
    udp_disconnect                           0x08024ac9   Thumb Code    16  udp.o(.text)
    udp_recv                                 0x08024ad9   Thumb Code     6  udp.o(.text)
    udp_remove                               0x08024adf   Thumb Code    60  udp.o(.text)
    udp_new                                  0x08024b1b   Thumb Code    28  udp.o(.text)
    LwIP_Init                                0x08024b3d   Thumb Code   164  netconf.o(.text)
    LwIP_Pkt_Handle                          0x08024be1   Thumb Code    10  netconf.o(.text)
    LwIP_Periodic_Handle                     0x08024beb   Thumb Code    52  netconf.o(.text)
    ETH_BSP_Config                           0x08024e07   Thumb Code    38  stm32f4x7_eth_bsp.o(.text)
    Eth_Link_PHYITConfig                     0x08024e2d   Thumb Code    70  stm32f4x7_eth_bsp.o(.text)
    Eth_Link_EXTIConfig                      0x08024e73   Thumb Code   104  stm32f4x7_eth_bsp.o(.text)
    Eth_Link_ITHandler                       0x08024edb   Thumb Code    48  stm32f4x7_eth_bsp.o(.text)
    ETH_link_callback                        0x08024f0b   Thumb Code   282  stm32f4x7_eth_bsp.o(.text)
    udp_echoserver_receive_callback          0x080250e5   Thumb Code   174  udp_echoserver.o(.text)
    udp_echoserver_init                      0x08025193   Thumb Code   162  udp_echoserver.o(.text)
    udp_echoserver_senddata                  0x08025235   Thumb Code    52  udp_echoserver.o(.text)
    __aeabi_memcpy                           0x08025341   Thumb Code    36  memcpya.o(.text)
    __aeabi_memcpy4                          0x08025341   Thumb Code     0  memcpya.o(.text)
    __aeabi_memcpy8                          0x08025341   Thumb Code     0  memcpya.o(.text)
    __aeabi_memset                           0x08025365   Thumb Code    14  memseta.o(.text)
    __aeabi_memset4                          0x08025365   Thumb Code     0  memseta.o(.text)
    __aeabi_memset8                          0x08025365   Thumb Code     0  memseta.o(.text)
    __aeabi_memclr                           0x08025373   Thumb Code     4  memseta.o(.text)
    __aeabi_memclr4                          0x08025373   Thumb Code     0  memseta.o(.text)
    __aeabi_memclr8                          0x08025373   Thumb Code     0  memseta.o(.text)
    _memset$wrapper                          0x08025377   Thumb Code    18  memseta.o(.text)
    strlen                                   0x08025389   Thumb Code    14  strlen.o(.text)
    memcmp                                   0x08025397   Thumb Code    26  memcmp.o(.text)
    __aeabi_dadd                             0x080253b1   Thumb Code   322  dadd.o(.text)
    __aeabi_dsub                             0x080254f3   Thumb Code     6  dadd.o(.text)
    __aeabi_drsub                            0x080254f9   Thumb Code     6  dadd.o(.text)
    __aeabi_dmul                             0x080254ff   Thumb Code   228  dmul.o(.text)
    __aeabi_ui2d                             0x080255e3   Thumb Code    26  dfltui.o(.text)
    __aeabi_d2iz                             0x080255fd   Thumb Code    62  dfixi.o(.text)
    __aeabi_cdrcmple                         0x0802563d   Thumb Code    38  cdrcmple.o(.text)
    __aeabi_uldivmod                         0x08025665   Thumb Code    98  uldiv.o(.text)
    __aeabi_llsl                             0x080256c7   Thumb Code    30  llshl.o(.text)
    _ll_shift_l                              0x080256c7   Thumb Code     0  llshl.o(.text)
    __aeabi_llsr                             0x080256e5   Thumb Code    32  llushr.o(.text)
    _ll_ushift_r                             0x080256e5   Thumb Code     0  llushr.o(.text)
    __aeabi_lasr                             0x08025705   Thumb Code    36  llsshr.o(.text)
    _ll_sshift_r                             0x08025705   Thumb Code     0  llsshr.o(.text)
    __I$use$fp                               0x08025729   Thumb Code     0  iusefp.o(.text)
    _double_round                            0x08025729   Thumb Code    26  depilogue.o(.text)
    _double_epilogue                         0x08025743   Thumb Code   164  depilogue.o(.text)
    __decompress                             0x080257e7   Thumb Code     0  __dczerorl2.o(.text)
    __decompress1                            0x080257e7   Thumb Code    92  __dczerorl2.o(.text)
    __0printf$8                              0x08025845   Thumb Code    22  printf8.o(i.__0printf$8)
    __1printf$8                              0x08025845   Thumb Code     0  printf8.o(i.__0printf$8)
    __2printf                                0x08025845   Thumb Code     0  printf8.o(i.__0printf$8)
    __0sprintf$8                             0x08025865   Thumb Code    34  printf8.o(i.__0sprintf$8)
    __1sprintf$8                             0x08025865   Thumb Code     0  printf8.o(i.__0sprintf$8)
    __2sprintf                               0x08025865   Thumb Code     0  printf8.o(i.__0sprintf$8)
    softver_edtion                           0x08025db4   Data           6  processscope.o(.constdata)
    FSMC_DefaultTimingStruct                 0x08026cc8   Data          28  stm32f4xx_fsmc.o(.constdata)
    COM_USART                                0x08026ce4   Data          12  scope_eval.o(.constdata)
    COM_USART_CLK                            0x08026cf0   Data          12  scope_eval.o(.constdata)
    COM_ET_IRQn                              0x08026cfc   Data           6  scope_eval.o(.constdata)
    COM_TX_PORT                              0x08026d04   Data          12  scope_eval.o(.constdata)
    COM_TX_PIN                               0x08026d10   Data           6  scope_eval.o(.constdata)
    COM_TX_PORT_CLK                          0x08026d18   Data          12  scope_eval.o(.constdata)
    COM_RX_PORT                              0x08026d24   Data          12  scope_eval.o(.constdata)
    COM_RX_PIN                               0x08026d30   Data           6  scope_eval.o(.constdata)
    COM_RX_PORT_CLK                          0x08026d38   Data          12  scope_eval.o(.constdata)
    COM_AF_TX_PINSOURCE                      0x08026d44   Data           3  scope_eval.o(.constdata)
    COM_AF_RX_PINSOURCE                      0x08026d47   Data           3  scope_eval.o(.constdata)
    COM_AF_UART                              0x08026d4a   Data           3  scope_eval.o(.constdata)
    OUT_PORT                                 0x08026d50   Data          28  scope_eval.o(.constdata)
    OUT_PIN                                  0x08026d6c   Data          14  scope_eval.o(.constdata)
    OUT_CLK                                  0x08026d7c   Data          28  scope_eval.o(.constdata)
    IN_PORT                                  0x08026d98   Data          28  scope_eval.o(.constdata)
    IN_PIN                                   0x08026db4   Data          14  scope_eval.o(.constdata)
    IN_CLK                                   0x08026dc4   Data          28  scope_eval.o(.constdata)
    IN_ET_LINE                               0x08026de0   Data          14  scope_eval.o(.constdata)
    IN_ET_PORT                               0x08026dee   Data          14  scope_eval.o(.constdata)
    IN_ET_PIN                                0x08026dfc   Data          14  scope_eval.o(.constdata)
    IN_ET_IRQn                               0x08026e0a   Data          14  scope_eval.o(.constdata)
    ethbroadcast                             0x08026e28   Data           6  etharp.o(.constdata)
    ethzero                                  0x08026e2e   Data           6  etharp.o(.constdata)
    ip_addr_any                              0x08026e34   Data           4  ip_addr.o(.constdata)
    ip_addr_broadcast                        0x08026e38   Data           4  ip_addr.o(.constdata)
    tcp_state_str                            0x08026e60   Data          44  tcp.o(.constdata)
    tcp_backoff                              0x08026e8c   Data          13  tcp.o(.constdata)
    tcp_persist_backoff                      0x08026e99   Data           7  tcp.o(.constdata)
    tcp_pcb_lists                            0x08026ea0   Data          16  tcp.o(.constdata)
    SystemCoreClock                          0x20000000   Data           4  system_stm32f4xx.o(.data)
    AHBPrescTable                            0x20000004   Data          16  system_stm32f4xx.o(.data)
    g_tOCLevel                               0x20000014   Data           4  systemscope.o(.data)
    g_tSystemStatus                          0x20000018   Data           3  systemscope.o(.data)
    g_atInterval                             0x2000001c   Data           8  systemscope.o(.data)
    g_nError                                 0x20000024   Data           4  systemscope.o(.data)
    g_nFlag                                  0x20000028   Data           4  systemscope.o(.data)
    g_Udp_Count                              0x20000030   Data           4  processscope.o(.data)
    g_Frame_Count                            0x20000034   Data           4  processscope.o(.data)
    g_Send_Fail                              0x20000038   Data           4  processscope.o(.data)
    g_AirLight_Flag                          0x2000003c   Data           1  processscope.o(.data)
    DMATxDescToSet                           0x2000005c   Data           4  stm32f4x7_eth.o(.data)
    DMARxDescToGet                           0x20000060   Data           4  stm32f4x7_eth.o(.data)
    DMA_RX_FRAME_infos                       0x20000064   Data           4  stm32f4x7_eth.o(.data)
    Frame_Rx_index                           0x20000068   Data           4  stm32f4x7_eth.o(.data)
    current_netif                            0x200000ac   Data           4  ip.o(.data)
    current_header                           0x200000b0   Data           4  ip.o(.data)
    current_iphdr_src                        0x200000b4   Data           4  ip.o(.data)
    current_iphdr_dest                       0x200000b8   Data           4  ip.o(.data)
    netif_list                               0x200000d8   Data           4  netif.o(.data)
    netif_default                            0x200000dc   Data           4  netif.o(.data)
    tcp_ticks                                0x200000f0   Data           4  tcp.o(.data)
    tcp_bound_pcbs                           0x200000f4   Data           4  tcp.o(.data)
    tcp_listen_pcbs                          0x200000f8   Data           4  tcp.o(.data)
    tcp_active_pcbs                          0x200000fc   Data           4  tcp.o(.data)
    tcp_tw_pcbs                              0x20000100   Data           4  tcp.o(.data)
    tcp_tmp_pcb                              0x20000104   Data           4  tcp.o(.data)
    tcp_active_pcbs_changed                  0x20000108   Data           1  tcp.o(.data)
    tcp_input_pcb                            0x20000128   Data           4  tcp_in.o(.data)
    udp_pcbs                                 0x20000130   Data           4  udp.o(.data)
    TCPTimer                                 0x20000134   Data           4  netconf.o(.data)
    ARPTimer                                 0x20000138   Data           4  netconf.o(.data)
    IPaddress                                0x2000013c   Data           4  netconf.o(.data)
    EthStatus                                0x20000140   Data           4  stm32f4x7_eth_bsp.o(.data)
    s_tAddr                                  0x20000144   Data           4  udp_echoserver.o(.data)
    s_nPort                                  0x20000148   Data           2  udp_echoserver.o(.data)
    s_ptUpcb                                 0x2000014c   Data           4  udp_echoserver.o(.data)
    __stdout                                 0x20000150   Data           4  stdout.o(.data)
    g_tAxisPosStatus                         0x20000154   Data          28  systemscope.o(.bss)
    g_tSystemPara                            0x20000170   Data          54  systemscope.o(.bss)
    g_nErrorParaSet                          0x200001a6   Data          64  systemscope.o(.bss)
    g_NET_achCmdRvBuf                        0x200001e6   Data         256  protocol.o(.bss)
    g_achFbkSdBuf                            0x200002e6   Data        1500  protocol.o(.bss)
    g_SPG_achCmdRvBuf                        0x2000147a   Data          80  samplingport.o(.bss)
    g_Record_Param                           0x200014cc   Data          16  storagemanagement.o(.bss)
    DMARxDscrTab                             0x200014dc   Data         256  stm32f4x7_eth.o(.bss)
    DMATxDscrTab                             0x200015dc   Data         256  stm32f4x7_eth.o(.bss)
    Rx_Buff                                  0x200016dc   Data       12192  stm32f4x7_eth.o(.bss)
    Tx_Buff                                  0x2000467c   Data       12192  stm32f4x7_eth.o(.bss)
    RX_Frame_Descriptor                      0x2000761c   Data          12  stm32f4x7_eth.o(.bss)
    g_atMotorStatus                          0x20007628   Data          16  scope_move.o(.bss)
    g_atMotorPara                            0x20007638   Data          32  scope_move.o(.bss)
    dhcp_rx_options_val                      0x20008e3c   Data          40  dhcp.o(.bss)
    dhcp_rx_options_given                    0x20008e64   Data          10  dhcp.o(.bss)
    ram_heap                                 0x20008e6e   Data       10260  mem.o(.bss)
    gnetif                                   0x2001029c   Data          56  netconf.o(.bss)
    ETH_InitStructure                        0x200102d4   Data         188  stm32f4x7_eth_bsp.o(.bss)
    __initial_sp                             0x20014390   Data           0  startup_stm32f40_41xxx.o(STACK)



==============================================================================

Memory Map of the image

  Image Entry point : 0x08000189

  Load Region LR_IROM1 (Base: 0x08000000, Size: 0x00000354, Max: 0x00007fff, ABSOLUTE, COMPRESSED[0x0000023c])

    Execution Region ER_IROM1 (Base: 0x08000000, Size: 0x00000200, Max: 0x00007fff, ABSOLUTE)

    Base Addr    Size         Type   Attr      Idx    E Section Name        Object

    0x08000000   0x00000188   Data   RO          281    RESET               startup_stm32f40_41xxx.o
    0x08000188   0x00000000   Code   RO         2037  * .ARM.Collect$$$$00000000  mc_w.l(entry.o)
    0x08000188   0x00000004   Code   RO         2321    .ARM.Collect$$$$00000001  mc_w.l(entry2.o)
    0x0800018c   0x00000004   Code   RO         2324    .ARM.Collect$$$$00000004  mc_w.l(entry5.o)
    0x08000190   0x00000000   Code   RO         2326    .ARM.Collect$$$$00000008  mc_w.l(entry7b.o)
    0x08000190   0x00000000   Code   RO         2328    .ARM.Collect$$$$0000000A  mc_w.l(entry8b.o)
    0x08000190   0x00000008   Code   RO         2329    .ARM.Collect$$$$0000000B  mc_w.l(entry9a.o)
    0x08000198   0x00000000   Code   RO         2331    .ARM.Collect$$$$0000000D  mc_w.l(entry10a.o)
    0x08000198   0x00000000   Code   RO         2333    .ARM.Collect$$$$0000000F  mc_w.l(entry11a.o)
    0x08000198   0x00000004   Code   RO         2322    .ARM.Collect$$$$00002712  mc_w.l(entry2.o)
    0x0800019c   0x00000024   Code   RO         2353    .text               mc_w.l(init.o)
    0x080001c0   0x0000000e   Code   RO         2357    i.__scatterload_copy  mc_w.l(handlers.o)
    0x080001ce   0x00000002   Code   RO         2358    i.__scatterload_null  mc_w.l(handlers.o)
    0x080001d0   0x0000000e   Code   RO         2359    i.__scatterload_zeroinit  mc_w.l(handlers.o)
    0x080001de   0x00000002   PAD
    0x080001e0   0x00000020   Data   RO         2355    Region$$Table       anon$$obj.o


    Execution Region RW_IRAM1 (Base: 0x20000000, Size: 0x00014390, Max: 0x00020000, ABSOLUTE, COMPRESSED[0x0000003c])

    Base Addr    Size         Type   Attr      Idx    E Section Name        Object

    0x20000000   0x00000014   Data   RW          256    .data               system_stm32f4xx.o
    0x20000014   0x00000018   Data   RW          291    .data               systemscope.o
    0x2000002c   0x00000011   Data   RW          318    .data               processscope.o
    0x2000003d   0x00000002   Data   RW          345    .data               protocol.o
    0x2000003f   0x00000001   PAD
    0x20000040   0x00000012   Data   RW          377    .data               interfacescope.o
    0x20000052   0x0000000a   Data   RW          404    .data               samplingport.o
    0x2000005c   0x00000010   Data   RW          457    .data               stm32f4x7_eth.o
    0x2000006c   0x00000010   Data   RW         1012    .data               stm32f4xx_rcc.o
    0x2000007c   0x00000014   Data   RW         1220    .data               scope_it.o
    0x20000090   0x00000008   Data   RW         1297    .data               buffercircle.o
    0x20000098   0x00000008   Data   RW         1320    .data               netbuffercircle.o
    0x200000a0   0x00000008   Data   RW         1343    .data               samplebuffercircle.o
    0x200000a8   0x00000001   Data   RW         1433    .data               etharp.o
    0x200000a9   0x00000003   PAD
    0x200000ac   0x00000012   Data   RW         1548    .data               ip.o
    0x200000be   0x00000002   PAD
    0x200000c0   0x00000006   Data   RW         1608    .data               ip_frag.o
    0x200000c6   0x00000002   PAD
    0x200000c8   0x00000004   Data   RW         1638    .data               dhcp.o
    0x200000cc   0x0000000c   Data   RW         1696    .data               mem.o
    0x200000d8   0x00000009   Data   RW         1738    .data               netif.o
    0x200000e1   0x00000003   PAD
    0x200000e4   0x00000004   Data   RW         1772    .data               raw.o
    0x200000e8   0x00000023   Data   RW         1800    .data               tcp.o
    0x2000010b   0x00000001   PAD
    0x2000010c   0x00000020   Data   RW         1823    .data               tcp_in.o
    0x2000012c   0x00000008   Data   RW         1869    .data               udp.o
    0x20000134   0x0000000c   Data   RW         1952    .data               netconf.o
    0x20000140   0x00000004   Data   RW         1977    .data               stm32f4x7_eth_bsp.o
    0x20000144   0x0000000c   Data   RW         2010    .data               udp_echoserver.o
    0x20000150   0x00000004   Data   RW         2335    .data               mc_w.l(stdout.o)
    0x20000154   0x00000092   Zero   RW          289    .bss                systemscope.o
    0x200001e6   0x000006dc   Zero   RW          344    .bss                protocol.o
    0x200008c2   0x00000bb8   Zero   RW          375    .bss                interfacescope.o
    0x2000147a   0x00000050   Zero   RW          403    .bss                samplingport.o
    0x200014ca   0x00000002   PAD
    0x200014cc   0x00000010   Zero   RW          430    .bss                storagemanagement.o
    0x200014dc   0x0000614c   Zero   RW          456    .bss                stm32f4x7_eth.o
    0x20007628   0x00000030   Zero   RW         1269    .bss                scope_move.o
    0x20007658   0x000009c4   Zero   RW         1296    .bss                buffercircle.o
    0x2000801c   0x00000c80   Zero   RW         1319    .bss                netbuffercircle.o
    0x20008c9c   0x000000c8   Zero   RW         1342    .bss                samplebuffercircle.o
    0x20008d64   0x000000c8   Zero   RW         1431    .bss                etharp.o
    0x20008e2c   0x00000010   Zero   RW         1585    .bss                ip_addr.o
    0x20008e3c   0x00000032   Zero   RW         1637    .bss                dhcp.o
    0x20008e6e   0x00002814   Zero   RW         1695    .bss                mem.o
    0x2000b682   0x00000002   PAD
    0x2000b684   0x00004c07   Zero   RW         1711    .bss                memp.o
    0x2001028b   0x00000001   PAD
    0x2001028c   0x00000010   Zero   RW         1822    .bss                tcp_in.o
    0x2001029c   0x00000038   Zero   RW         1951    .bss                netconf.o
    0x200102d4   0x000000bc   Zero   RW         1976    .bss                stm32f4x7_eth_bsp.o
    0x20010390   0x00004000   Zero   RW          279    STACK               startup_stm32f40_41xxx.o



  Load Region LR_IROM2 (Base: 0x0800c000, Size: 0x0001af64, Max: 0x00074000, ABSOLUTE)

    Execution Region ER_IROM2 (Base: 0x0800c000, Size: 0x0001af64, Max: 0x00074000, ABSOLUTE)

    Base Addr    Size         Type   Attr      Idx    E Section Name        Object

    0x0800c000   0x00000200   Code   RO            3    .text               scopemain.o
    0x0800c200   0x0000020c   Code   RO          255    .text               system_stm32f4xx.o
    0x0800c40c   0x00000024   Code   RO          282    .text               startup_stm32f40_41xxx.o
    0x0800c430   0x000001bc   Code   RO          288    .text               systemscope.o
    0x0800c5ec   0x00004784   Code   RO          316    .text               processscope.o
    0x08010d70   0x0000049c   Code   RO          343    .text               protocol.o
    0x0801120c   0x0000134c   Code   RO          374    .text               interfacescope.o
    0x08012558   0x00000364   Code   RO          402    .text               samplingport.o
    0x080128bc   0x00000148   Code   RO          429    .text               storagemanagement.o
    0x08012a04   0x00001e30   Code   RO          455    .text               stm32f4x7_eth.o
    0x08014834   0x000001dc   Code   RO          479    .text               misc.o
    0x08014a10   0x000002f8   Code   RO          762    .text               stm32f4xx_exti.o
    0x08014d08   0x00000a94   Code   RO          782    .text               stm32f4xx_flash.o
    0x0801579c   0x00000e48   Code   RO          825    .text               stm32f4xx_fsmc.o
    0x080165e4   0x00000a10   Code   RO          848    .text               stm32f4xx_gpio.o
    0x08016ff4   0x00000f60   Code   RO         1011    .text               stm32f4xx_rcc.o
    0x08017f54   0x0000019c   Code   RO         1136    .text               stm32f4xx_syscfg.o
    0x080180f0   0x00003284   Code   RO         1156    .text               stm32f4xx_tim.o
    0x0801b374   0x0000115c   Code   RO         1176    .text               stm32f4xx_usart.o
    0x0801c4d0   0x00000378   Code   RO         1196    .text               fpga.o
    0x0801c848   0x00000150   Code   RO         1219    .text               scope_it.o
    0x0801c998   0x000004a0   Code   RO         1241    .text               scope_eval.o
    0x0801ce38   0x000003ec   Code   RO         1268    .text               scope_move.o
    0x0801d224   0x000003b8   Code   RO         1295    .text               buffercircle.o
    0x0801d5dc   0x000003b8   Code   RO         1318    .text               netbuffercircle.o
    0x0801d994   0x0000038c   Code   RO         1341    .text               samplebuffercircle.o
    0x0801dd20   0x00000290   Code   RO         1390    .text               ethernetif.o
    0x0801dfb0   0x0000092c   Code   RO         1430    .text               etharp.o
    0x0801e8dc   0x000001f0   Code   RO         1489    .text               icmp.o
    0x0801eacc   0x00000222   Code   RO         1529    .text               inet_chksum.o
    0x0801ecee   0x00000002   PAD
    0x0801ecf0   0x00000308   Code   RO         1547    .text               ip.o
    0x0801eff8   0x000002b4   Code   RO         1584    .text               ip_addr.o
    0x0801f2ac   0x00000694   Code   RO         1607    .text               ip_frag.o
    0x0801f940   0x0000003e   Code   RO         1624    .text               def.o
    0x0801f97e   0x00000002   PAD
    0x0801f980   0x000010cc   Code   RO         1636    .text               dhcp.o
    0x08020a4c   0x0000033c   Code   RO         1694    .text               mem.o
    0x08020d88   0x000000a8   Code   RO         1710    .text               memp.o
    0x08020e30   0x000002ac   Code   RO         1737    .text               netif.o
    0x080210dc   0x0000073a   Code   RO         1759    .text               pbuf.o
    0x08021816   0x00000002   PAD
    0x08021818   0x000001b0   Code   RO         1771    .text               raw.o
    0x080219c8   0x00000e18   Code   RO         1797    .text               tcp.o
    0x080227e0   0x000012ac   Code   RO         1821    .text               tcp_in.o
    0x08023a8c   0x00000c2e   Code   RO         1844    .text               tcp_out.o
    0x080246ba   0x00000002   Code   RO         1856    .text               timers.o
    0x080246bc   0x00000480   Code   RO         1868    .text               udp.o
    0x08024b3c   0x00000170   Code   RO         1950    .text               netconf.o
    0x08024cac   0x00000438   Code   RO         1975    .text               stm32f4x7_eth_bsp.o
    0x080250e4   0x0000025c   Code   RO         2008    .text               udp_echoserver.o
    0x08025340   0x00000024   Code   RO         2040    .text               mc_w.l(memcpya.o)
    0x08025364   0x00000024   Code   RO         2042    .text               mc_w.l(memseta.o)
    0x08025388   0x0000000e   Code   RO         2044    .text               mc_w.l(strlen.o)
    0x08025396   0x0000001a   Code   RO         2046    .text               mc_w.l(memcmp.o)
    0x080253b0   0x0000014e   Code   RO         2311    .text               mf_w.l(dadd.o)
    0x080254fe   0x000000e4   Code   RO         2313    .text               mf_w.l(dmul.o)
    0x080255e2   0x0000001a   Code   RO         2315    .text               mf_w.l(dfltui.o)
    0x080255fc   0x0000003e   Code   RO         2317    .text               mf_w.l(dfixi.o)
    0x0802563a   0x00000002   PAD
    0x0802563c   0x00000028   Code   RO         2319    .text               mf_w.l(cdrcmple.o)
    0x08025664   0x00000062   Code   RO         2338    .text               mc_w.l(uldiv.o)
    0x080256c6   0x0000001e   Code   RO         2340    .text               mc_w.l(llshl.o)
    0x080256e4   0x00000020   Code   RO         2342    .text               mc_w.l(llushr.o)
    0x08025704   0x00000024   Code   RO         2344    .text               mc_w.l(llsshr.o)
    0x08025728   0x00000000   Code   RO         2346    .text               mc_w.l(iusefp.o)
    0x08025728   0x000000be   Code   RO         2347    .text               mf_w.l(depilogue.o)
    0x080257e6   0x0000005c   Code   RO         2363    .text               mc_w.l(__dczerorl2.o)
    0x08025842   0x00000002   PAD
    0x08025844   0x00000020   Code   RO         2257    i.__0printf$8       mc_w.l(printf8.o)
    0x08025864   0x00000028   Code   RO         2259    i.__0sprintf$8      mc_w.l(printf8.o)
    0x0802588c   0x00000408   Code   RO         2264    i._printf_core      mc_w.l(printf8.o)
    0x08025c94   0x00000026   Code   RO         2265    i._printf_post_padding  mc_w.l(printf8.o)
    0x08025cba   0x00000030   Code   RO         2266    i._printf_pre_padding  mc_w.l(printf8.o)
    0x08025cea   0x0000000a   Code   RO         2268    i._sputc            mc_w.l(printf8.o)
    0x08025cf4   0x000000c0   Data   RO          290    .constdata          systemscope.o
    0x08025db4   0x00000e7c   Data   RO          317    .constdata          processscope.o
    0x08026c30   0x00000098   Data   RO          376    .constdata          interfacescope.o
    0x08026cc8   0x0000001c   Data   RO          826    .constdata          stm32f4xx_fsmc.o
    0x08026ce4   0x00000134   Data   RO         1242    .constdata          scope_eval.o
    0x08026e18   0x00000010   Data   RO         1270    .constdata          scope_move.o
    0x08026e28   0x0000000c   Data   RO         1432    .constdata          etharp.o
    0x08026e34   0x00000008   Data   RO         1586    .constdata          ip_addr.o
    0x08026e3c   0x00000024   Data   RO         1712    .constdata          memp.o
    0x08026e60   0x00000050   Data   RO         1798    .constdata          tcp.o
    0x08026eb0   0x0000004b   Data   RO         2009    .constdata          udp_echoserver.o
    0x08026efb   0x00000068   Data   RO         1799    .conststring        tcp.o


==============================================================================

Image component sizes


      Code (inc. data)   RO Data    RW Data    ZI Data      Debug   Object Name

       952         16          0          8       2500       4446   buffercircle.o
        62          0          0          0          0       1194   def.o
      4300         80          0          4         50      12630   dhcp.o
      2348         22         12          1        200      16037   etharp.o
       656         36          0          0          0       7855   ethernetif.o
       888         18          0          0          0       2731   fpga.o
       496          8          0          0          0       3402   icmp.o
         0          0          0          0          0       3788   inet.o
       546          0          0          0          0       2937   inet_chksum.o
      4940        524        152         18       3000      39659   interfacescope.o
       776         30          0         18          0      15616   ip.o
       692         12          8          0         16       9251   ip_addr.o
      1684         18          0          6          0       7068   ip_frag.o
       828         18          0         12      10260       3886   mem.o
       168         18         36          0      19463       2382   memp.o
       476         56          0          0          0       1929   misc.o
       952         16          0          8       3200       4764   netbuffercircle.o
       368        142          0         12         56       1866   netconf.o
       684         20          0          9          0       6529   netif.o
      1850          0          0          0          0       8853   pbuf.o
     18308       3484       3708         17          0      18913   processscope.o
      1180         58          0          2       1756       8250   protocol.o
       432         14          0          4          0       3301   raw.o
       908         16          0          8        200       4474   samplebuffercircle.o
       868         32          0         10         80       6269   samplingport.o
      1184        214        308          0          0      31186   scope_eval.o
       336         22          0         20          0       3507   scope_it.o
      1004         18         16          0         48       4491   scope_move.o
       512        176          0          0          0     367186   scopemain.o
        36          8        392          0      16384        808   startup_stm32f40_41xxx.o
      7728        216          0         16      24908      23349   stm32f4x7_eth.o
      1080        192          0          4        188       4729   stm32f4x7_eth_bsp.o
       760         50          0          0          0       2591   stm32f4xx_exti.o
      2708         82          0          0          0       9958   stm32f4xx_flash.o
      3656        130         28          0          0       7098   stm32f4xx_fsmc.o
      2576        178          0          0          0       5253   stm32f4xx_gpio.o
      3936        252          0         16          0      15116   stm32f4xx_rcc.o
       412         62          0          0          0       1981   stm32f4xx_syscfg.o
     12932        652          0          0          0      29144   stm32f4xx_tim.o
      4444        228          0          0          0       9892   stm32f4xx_usart.o
       328         50          0          0         16       3476   storagemanagement.o
       524         44          0         20          0       1791   system_stm32f4xx.o
       444         42        192         24        146       5467   systemscope.o
      3608        138        184         35          0      21307   tcp.o
      4780        232          0         32         16      14587   tcp_in.o
      3118          8          0          0          0       9347   tcp_out.o
         2          0          0          0          0        455   timers.o
      1152         22          0          8          0      13913   udp.o
       604        216         75         12          0       2277   udp_echoserver.o

    ----------------------------------------------------------------------
    103232       7870       5144        336      82492     786939   Object Totals
         0          0         32          0          0          0   (incl. Generated)
         6          0          1         12          5          0   (incl. Padding)

    ----------------------------------------------------------------------

      Code (inc. data)   RO Data    RW Data    ZI Data      Debug   Library Member Name

        92          0          0          0          0          0   __dczerorl2.o
         0          0          0          0          0          0   entry.o
         0          0          0          0          0          0   entry10a.o
         0          0          0          0          0          0   entry11a.o
         8          4          0          0          0          0   entry2.o
         4          0          0          0          0          0   entry5.o
         0          0          0          0          0          0   entry7b.o
         0          0          0          0          0          0   entry8b.o
         8          4          0          0          0          0   entry9a.o
        30          0          0          0          0          0   handlers.o
        36          8          0          0          0         68   init.o
         0          0          0          0          0          0   iusefp.o
        30          0          0          0          0         68   llshl.o
        36          0          0          0          0         68   llsshr.o
        32          0          0          0          0         68   llushr.o
        26          0          0          0          0         80   memcmp.o
        36          0          0          0          0         68   memcpya.o
        36          0          0          0          0        108   memseta.o
      1200         60          0          0          0        504   printf8.o
         0          0          0          4          0          0   stdout.o
        14          0          0          0          0         68   strlen.o
        98          0          0          0          0         92   uldiv.o
        40          2          0          0          0         68   cdrcmple.o
       334          0          0          0          0        148   dadd.o
       190          0          0          0          0        176   depilogue.o
        62          0          0          0          0         80   dfixi.o
        26          0          0          0          0         76   dfltui.o
       228          0          0          0          0         96   dmul.o

    ----------------------------------------------------------------------
      2572         78          0          4          0       1836   Library Totals
         6          0          0          0          0          0   (incl. Padding)

    ----------------------------------------------------------------------

      Code (inc. data)   RO Data    RW Data    ZI Data      Debug   Library Name

      1686         76          0          4          0       1192   mc_w.l
       880          2          0          0          0        644   mf_w.l

    ----------------------------------------------------------------------
      2572         78          0          4          0       1836   Library Totals

    ----------------------------------------------------------------------

==============================================================================


      Code (inc. data)   RO Data    RW Data    ZI Data      Debug   

    105804       7948       5144        340      82492     777139   Grand Totals
    105804       7948       5144         60      82492     777139   ELF Image Totals (compressed)
    105804       7948       5144         60          0          0   ROM Totals

==============================================================================

    Total RO  Size (Code + RO Data)               110948 ( 108.35kB)
    Total RW  Size (RW Data + ZI Data)             82832 (  80.89kB)
    Total ROM Size (Code + RO Data + RW Data)     111008 ( 108.41kB)

==============================================================================

