ARM Linker, 5.03 [Build 76] [MDK-ARM Professional]

==============================================================================

Section Cross References

    scopemain.o(.text) refers to memseta.o(.text) for __aeabi_memclr4
    scopemain.o(.text) refers to storagemanagement.o(.text) for Flash_Read_Param
    scopemain.o(.text) refers to printf8.o(i.__0printf$8) for __2printf
    scopemain.o(.text) refers to scope_eval.o(.text) for EVAL_OutputSet
    scopemain.o(.text) refers to scope_it.o(.text) for IT_SYS_DlyMs
    scopemain.o(.text) refers to protocol.o(.text) for PL_InitProtocol
    scopemain.o(.text) refers to samplingport.o(.text) for SPG_InitProtocol
    scopemain.o(.text) refers to stm32f4x7_eth_bsp.o(.text) for ETH_BSP_Config
    scopemain.o(.text) refers to netconf.o(.text) for LwIP_Init
    scopemain.o(.text) refers to udp_echoserver.o(.text) for udp_echoserver_init
    scopemain.o(.text) refers to systemscope.o(.text) for Iint_SysParam
    scopemain.o(.text) refers to interfacescope.o(.text) for HW_LWIP_MainLine
    scopemain.o(.text) refers to storagemanagement.o(.bss) for g_Record_Param
    scopemain.o(.text) refers to processscope.o(.constdata) for softver_edtion
    scopemain.o(.text) refers to processscope.o(.data) for g_AirLight_Flag
    system_stm32f4xx.o(.text) refers to stm32f4xx_rcc.o(.text) for RCC_DeInit
    system_stm32f4xx.o(.text) refers to system_stm32f4xx.o(.data) for SystemCoreClock
    startup_stm32f40_41xxx.o(RESET) refers to startup_stm32f40_41xxx.o(STACK) for __initial_sp
    startup_stm32f40_41xxx.o(RESET) refers to startup_stm32f40_41xxx.o(.text) for Reset_Handler
    startup_stm32f40_41xxx.o(RESET) refers to scope_it.o(.text) for SysTick_Handler
    startup_stm32f40_41xxx.o(RESET) refers to driver.o(.text) for EXTI9_5_IRQHandler
    startup_stm32f40_41xxx.o(.text) refers to system_stm32f4xx.o(.text) for SystemInit
    startup_stm32f40_41xxx.o(.text) refers to entry.o(.ARM.Collect$$$$00000000) for __main
    systemscope.o(.text) refers to memseta.o(.text) for __aeabi_memclr4
    systemscope.o(.text) refers to processscope.o(.bss) for g_CRP_Data
    systemscope.o(.text) refers to systemscope.o(.data) for g_nError
    systemscope.o(.text) refers to systemscope.o(.bss) for g_tAxisPosStatus
    systemscope.o(.text) refers to systemscope.o(.constdata) for m_nConstBitsMap
    processscope.o(.text) refers to scope_it.o(.text) for IT_LIST_GetTicks
    processscope.o(.text) refers to protocol.o(.text) for PL_NET_SendResult
    processscope.o(.text) refers to processscope.o(.data) for g_Udp_Count
    processscope.o(.text) refers to printf8.o(i.__0printf$8) for __2printf
    processscope.o(.text) refers to interfacescope.o(.text) for HW_LWIP_Working_Recv_Handle
    processscope.o(.text) refers to netconf.o(.text) for LwIP_Periodic_Handle
    processscope.o(.text) refers to systemscope.o(.bss) for g_tAxisPosStatus
    processscope.o(.text) refers to processscope.o(.constdata) for .constdata
    processscope.o(.text) refers to storagemanagement.o(.bss) for g_Record_Param
    processscope.o(.text) refers to storagemanagement.o(.text) for Flash_Write_Param
    processscope.o(.text) refers to memseta.o(.text) for __aeabi_memclr4
    processscope.o(.text) refers to driver.o(.text) for Get_Micro_OC_Status
    processscope.o(.text) refers to processscope.o(.bss) for g_CRP_Data
    processscope.o(.text) refers to stm32f4xx_adc.o(.text) for ADC_DMACmd
    processscope.o(.text) refers to stm32f4xx_dma.o(.text) for DMA_Cmd
    processscope.o(.text) refers to printf8.o(i.__0sprintf$8) for __2sprintf
    processscope.o(.text) refers to udp_echoserver.o(.text) for udp_echoserver_senddata
    processscope.o(.text) refers to protocol.o(.bss) for g_achFbkSdLogBuf
    processscope.o(.text) refers to systemscope.o(.text) for SYS_HasError
    processscope.o(.text) refers to strncpy.o(.text) for strncpy
    protocol.o(.text) refers to buffercircle.o(.text) for BUF_Send_Init
    protocol.o(.text) refers to netbuffercircle.o(.text) for NET_BUF_Send_Init
    protocol.o(.text) refers to stm32f4xx_usart.o(.text) for USART_ITConfig
    protocol.o(.text) refers to udp_echoserver.o(.text) for udp_echoserver_senddata
    protocol.o(.text) refers to memcpya.o(.text) for __aeabi_memcpy
    protocol.o(.text) refers to strlen.o(.text) for strlen
    protocol.o(.text) refers to protocol.o(.data) for m_NET_tRecvBufStatus
    protocol.o(.text) refers to protocol.o(.bss) for g_NET_achCmdRvBuf
    interfacescope.o(.text) refers to scope_move.o(.text) for MV_InitPara
    interfacescope.o(.text) refers to fpga.o(.text) for FPGA_ReadBuffer
    interfacescope.o(.text) refers to processscope.o(.text) for moto_work_stat_2
    interfacescope.o(.text) refers to scope_it.o(.text) for IT_SYS_DlyMs
    interfacescope.o(.text) refers to printf8.o(i.__0printf$8) for __2printf
    interfacescope.o(.text) refers to systemscope.o(.bss) for g_tAxisPosStatus
    interfacescope.o(.text) refers to scope_move.o(.bss) for g_atMotorPara
[...]
    EXTI_StructInit                          0x080147f5   Thumb Code    16  stm32f4xx_exti.o(.text)
    EXTI_GenerateSWInterrupt                 0x08014805   Thumb Code    38  stm32f4xx_exti.o(.text)
    EXTI_GetFlagStatus                       0x0801482b   Thumb Code   164  stm32f4xx_exti.o(.text)
    EXTI_ClearFlag                           0x080148cf   Thumb Code    30  stm32f4xx_exti.o(.text)
    EXTI_GetITStatus                         0x080148ed   Thumb Code   166  stm32f4xx_exti.o(.text)
    EXTI_ClearITPendingBit                   0x08014993   Thumb Code    32  stm32f4xx_exti.o(.text)
    FLASH_SetLatency                         0x080149e5   Thumb Code    84  stm32f4xx_flash.o(.text)
    FLASH_PrefetchBufferCmd                  0x08014a39   Thumb Code    52  stm32f4xx_flash.o(.text)
    FLASH_InstructionCacheCmd                0x08014a6d   Thumb Code    52  stm32f4xx_flash.o(.text)
    FLASH_DataCacheCmd                       0x08014aa1   Thumb Code    52  stm32f4xx_flash.o(.text)
    FLASH_InstructionCacheReset              0x08014ad5   Thumb Code    14  stm32f4xx_flash.o(.text)
    FLASH_DataCacheReset                     0x08014ae3   Thumb Code    14  stm32f4xx_flash.o(.text)
    FLASH_Unlock                             0x08014af1   Thumb Code    26  stm32f4xx_flash.o(.text)
    FLASH_Lock                               0x08014b0b   Thumb Code    18  stm32f4xx_flash.o(.text)
    FLASH_GetStatus                          0x08014b1d   Thumb Code    90  stm32f4xx_flash.o(.text)
    FLASH_WaitForLastOperation               0x08014b77   Thumb Code    34  stm32f4xx_flash.o(.text)
    FLASH_EraseSector                        0x08014b99   Thumb Code   278  stm32f4xx_flash.o(.text)
    FLASH_EraseAllSectors                    0x08014caf   Thumb Code   140  stm32f4xx_flash.o(.text)
    FLASH_EraseAllBank1Sectors               0x08014d3b   Thumb Code   140  stm32f4xx_flash.o(.text)
    FLASH_EraseAllBank2Sectors               0x08014dc7   Thumb Code   190  stm32f4xx_flash.o(.text)
    FLASH_ProgramDoubleWord                  0x08014e85   Thumb Code   122  stm32f4xx_flash.o(.text)
    FLASH_ProgramWord                        0x08014eff   Thumb Code   112  stm32f4xx_flash.o(.text)
    FLASH_ProgramHalfWord                    0x08014f6f   Thumb Code   112  stm32f4xx_flash.o(.text)
    FLASH_ProgramByte                        0x08014fdf   Thumb Code   108  stm32f4xx_flash.o(.text)
    FLASH_OB_Unlock                          0x0801504b   Thumb Code    26  stm32f4xx_flash.o(.text)
    FLASH_OB_Lock                            0x08015065   Thumb Code    18  stm32f4xx_flash.o(.text)
    FLASH_OB_WRPConfig                       0x08015077   Thumb Code    96  stm32f4xx_flash.o(.text)
    FLASH_OB_WRP1Config                      0x080150d7   Thumb Code    96  stm32f4xx_flash.o(.text)
    FLASH_OB_PCROPSelectionConfig            0x08015137   Thumb Code    48  stm32f4xx_flash.o(.text)
    FLASH_OB_PCROPConfig                     0x08015167   Thumb Code    96  stm32f4xx_flash.o(.text)
    FLASH_OB_PCROP1Config                    0x080151c7   Thumb Code   118  stm32f4xx_flash.o(.text)
    FLASH_OB_RDPConfig                       0x0801523d   Thumb Code    44  stm32f4xx_flash.o(.text)
    FLASH_OB_UserConfig                      0x08015269   Thumb Code   116  stm32f4xx_flash.o(.text)
    FLASH_OB_BootConfig                      0x080152dd   Thumb Code    50  stm32f4xx_flash.o(.text)
    FLASH_OB_BORConfig                       0x0801530f   Thumb Code    58  stm32f4xx_flash.o(.text)
    FLASH_OB_Launch                          0x08015349   Thumb Code    30  stm32f4xx_flash.o(.text)
    FLASH_OB_GetUser                         0x08015367   Thumb Code    12  stm32f4xx_flash.o(.text)
    FLASH_OB_GetWRP                          0x08015373   Thumb Code     8  stm32f4xx_flash.o(.text)
    FLASH_OB_GetWRP1                         0x0801537b   Thumb Code     8  stm32f4xx_flash.o(.text)
    FLASH_OB_GetPCROP                        0x08015383   Thumb Code     8  stm32f4xx_flash.o(.text)
    FLASH_OB_GetPCROP1                       0x0801538b   Thumb Code     8  stm32f4xx_flash.o(.text)
    FLASH_OB_GetRDP                          0x08015393   Thumb Code    18  stm32f4xx_flash.o(.text)
    FLASH_OB_GetBOR                          0x080153a5   Thumb Code    12  stm32f4xx_flash.o(.text)
    FLASH_ITConfig                           0x080153b1   Thumb Code    82  stm32f4xx_flash.o(.text)
    FLASH_GetFlagStatus                      0x08015403   Thumb Code    76  stm32f4xx_flash.o(.text)
    FLASH_ClearFlag                          0x0801544f   Thumb Code    38  stm32f4xx_flash.o(.text)
    FSMC_NORSRAMDeInit                       0x08015479   Thumb Code    84  stm32f4xx_fsmc.o(.text)
    FSMC_NORSRAMInit                         0x080154cd   Thumb Code   870  stm32f4xx_fsmc.o(.text)
    FSMC_NORSRAMStructInit                   0x08015833   Thumb Code    48  stm32f4xx_fsmc.o(.text)
    FSMC_NORSRAMCmd                          0x08015863   Thumb Code   152  stm32f4xx_fsmc.o(.text)
    FSMC_NANDDeInit                          0x080158fb   Thumb Code    90  stm32f4xx_fsmc.o(.text)
    FSMC_NANDInit                            0x08015955   Thumb Code   594  stm32f4xx_fsmc.o(.text)
    FSMC_NANDStructInit                      0x08015ba7   Thumb Code    54  stm32f4xx_fsmc.o(.text)
    FSMC_NANDCmd                             0x08015bdd   Thumb Code   136  stm32f4xx_fsmc.o(.text)
    FSMC_NANDECCCmd                          0x08015c65   Thumb Code   160  stm32f4xx_fsmc.o(.text)
    FSMC_GetECC                              0x08015d05   Thumb Code    22  stm32f4xx_fsmc.o(.text)
    FSMC_PCCARDDeInit                        0x08015d1b   Thumb Code    40  stm32f4xx_fsmc.o(.text)
    FSMC_PCCARDInit                          0x08015d43   Thumb Code   532  stm32f4xx_fsmc.o(.text)
    FSMC_PCCARDStructInit                    0x08015f57   Thumb Code    60  stm32f4xx_fsmc.o(.text)
    FSMC_PCCARDCmd                           0x08015f93   Thumb Code    64  stm32f4xx_fsmc.o(.text)
    FSMC_ITConfig                            0x08015fd3   Thumb Code   206  stm32f4xx_fsmc.o(.text)
    FSMC_GetFlagStatus                       0x080160a1   Thumb Code   160  stm32f4xx_fsmc.o(.text)
    FSMC_ClearFlag                           0x08016141   Thumb Code   120  stm32f4xx_fsmc.o(.text)
    FSMC_GetITStatus                         0x080161b9   Thumb Code   132  stm32f4xx_fsmc.o(.text)
    FSMC_ClearITPendingBit                   0x0801623d   Thumb Code   122  stm32f4xx_fsmc.o(.text)
    GPIO_DeInit                              0x080162c1   Thumb Code   344  stm32f4xx_gpio.o(.text)
    GPIO_Init                                0x08016419   Thumb Code   354  stm32f4xx_gpio.o(.text)
    GPIO_StructInit                          0x0801657b   Thumb Code    18  stm32f4xx_gpio.o(.text)
    GPIO_PinLockConfig                       0x0801658d   Thumb Code   134  stm32f4xx_gpio.o(.text)
    GPIO_ReadInputDataBit                    0x08016613   Thumb Code   282  stm32f4xx_gpio.o(.text)
    GPIO_ReadInputData                       0x0801672d   Thumb Code    90  stm32f4xx_gpio.o(.text)
    GPIO_ReadOutputDataBit                   0x08016787   Thumb Code   198  stm32f4xx_gpio.o(.text)
    GPIO_ReadOutputData                      0x0801684d   Thumb Code    90  stm32f4xx_gpio.o(.text)
    GPIO_SetBits                             0x080168a7   Thumb Code   110  stm32f4xx_gpio.o(.text)
    GPIO_ResetBits                           0x08016915   Thumb Code   110  stm32f4xx_gpio.o(.text)
    GPIO_WriteBit                            0x08016983   Thumb Code   212  stm32f4xx_gpio.o(.text)
    GPIO_Write                               0x08016a57   Thumb Code    90  stm32f4xx_gpio.o(.text)
    GPIO_ToggleBits                          0x08016ab1   Thumb Code   140  stm32f4xx_gpio.o(.text)
    GPIO_PinAFConfig                         0x08016b3d   Thumb Code   358  stm32f4xx_gpio.o(.text)
    RCC_DeInit                               0x08016cd1   Thumb Code    82  stm32f4xx_rcc.o(.text)
    RCC_HSEConfig                            0x08016d23   Thumb Code    40  stm32f4xx_rcc.o(.text)
    RCC_GetFlagStatus                        0x08016d4b   Thumb Code   134  stm32f4xx_rcc.o(.text)
    RCC_WaitForHSEStartUp                    0x08016dd1   Thumb Code    56  stm32f4xx_rcc.o(.text)
    RCC_AdjustHSICalibrationValue            0x08016e09   Thumb Code    38  stm32f4xx_rcc.o(.text)
    RCC_HSICmd                               0x08016e2f   Thumb Code    28  stm32f4xx_rcc.o(.text)
    RCC_LSEConfig                            0x08016e4b   Thumb Code    72  stm32f4xx_rcc.o(.text)
    RCC_LSICmd                               0x08016e93   Thumb Code    28  stm32f4xx_rcc.o(.text)
    RCC_PLLConfig                            0x08016eaf   Thumb Code   156  stm32f4xx_rcc.o(.text)
    RCC_PLLCmd                               0x08016f4b   Thumb Code    28  stm32f4xx_rcc.o(.text)
    RCC_PLLI2SConfig                         0x08016f67   Thumb Code    62  stm32f4xx_rcc.o(.text)
    RCC_PLLI2SCmd                            0x08016fa5   Thumb Code    28  stm32f4xx_rcc.o(.text)
    RCC_PLLSAIConfig                         0x08016fc1   Thumb Code    88  stm32f4xx_rcc.o(.text)
    RCC_PLLSAICmd                            0x08017019   Thumb Code    28  stm32f4xx_rcc.o(.text)
    RCC_ClockSecuritySystemCmd               0x08017035   Thumb Code    28  stm32f4xx_rcc.o(.text)
    RCC_MCO1Config                           0x08017051   Thumb Code   168  stm32f4xx_rcc.o(.text)
    RCC_MCO2Config                           0x080170f9   Thumb Code   102  stm32f4xx_rcc.o(.text)
    RCC_SYSCLKConfig                         0x0801715f   Thumb Code    44  stm32f4xx_rcc.o(.text)
    RCC_GetSYSCLKSource                      0x0801718b   Thumb Code    10  stm32f4xx_rcc.o(.text)
    RCC_HCLKConfig                           0x08017195   Thumb Code    68  stm32f4xx_rcc.o(.text)
    RCC_PCLK1Config                          0x080171d9   Thumb Code    60  stm32f4xx_rcc.o(.text)
    RCC_PCLK2Config                          0x08017215   Thumb Code    62  stm32f4xx_rcc.o(.text)
    RCC_GetClocksFreq                        0x08017253   Thumb Code   214  stm32f4xx_rcc.o(.text)
    RCC_RTCCLKConfig                         0x08017329   Thumb Code   262  stm32f4xx_rcc.o(.text)
    RCC_RTCCLKCmd                            0x0801742f   Thumb Code    30  stm32f4xx_rcc.o(.text)
    RCC_BackupResetCmd                       0x0801744d   Thumb Code    32  stm32f4xx_rcc.o(.text)
    RCC_I2SCLKConfig                         0x0801746d   Thumb Code    30  stm32f4xx_rcc.o(.text)
    RCC_SAIBlockACLKConfig                   0x0801748b   Thumb Code    50  stm32f4xx_rcc.o(.text)
    RCC_SAIBlockBCLKConfig                   0x080174bd   Thumb Code    50  stm32f4xx_rcc.o(.text)
    RCC_SAIPLLI2SClkDivConfig                0x080174ef   Thumb Code    50  stm32f4xx_rcc.o(.text)
    RCC_SAIPLLSAIClkDivConfig                0x08017521   Thumb Code   196  stm32f4xx_rcc.o(.text)
    RCC_LTDCCLKDivConfig                     0x080175e5   Thumb Code    54  stm32f4xx_rcc.o(.text)
    RCC_TIMCLKPresConfig                     0x0801761b   Thumb Code    30  stm32f4xx_rcc.o(.text)
    RCC_AHB1PeriphClockCmd                   0x08017639   Thumb Code    82  stm32f4xx_rcc.o(.text)
    RCC_AHB2PeriphClockCmd                   0x0801768b   Thumb Code    82  stm32f4xx_rcc.o(.text)
    RCC_AHB3PeriphClockCmd                   0x080176dd   Thumb Code    82  stm32f4xx_rcc.o(.text)
    RCC_APB1PeriphClockCmd                   0x0801772f   Thumb Code    82  stm32f4xx_rcc.o(.text)
    RCC_APB2PeriphClockCmd                   0x08017781   Thumb Code    82  stm32f4xx_rcc.o(.text)
    RCC_AHB1PeriphResetCmd                   0x080177d3   Thumb Code    82  stm32f4xx_rcc.o(.text)
    RCC_AHB2PeriphResetCmd                   0x08017825   Thumb Code    82  stm32f4xx_rcc.o(.text)
    RCC_AHB3PeriphResetCmd                   0x08017877   Thumb Code    82  stm32f4xx_rcc.o(.text)
    RCC_APB1PeriphResetCmd                   0x080178c9   Thumb Code    82  stm32f4xx_rcc.o(.text)
    RCC_APB2PeriphResetCmd                   0x0801791b   Thumb Code    82  stm32f4xx_rcc.o(.text)
    RCC_AHB1PeriphClockLPModeCmd             0x0801796d   Thumb Code   108  stm32f4xx_rcc.o(.text)
    RCC_AHB2PeriphClockLPModeCmd             0x080179d9   Thumb Code    82  stm32f4xx_rcc.o(.text)
    RCC_AHB3PeriphClockLPModeCmd             0x08017a2b   Thumb Code    82  stm32f4xx_rcc.o(.text)
    RCC_APB1PeriphClockLPModeCmd             0x08017a7d   Thumb Code    82  stm32f4xx_rcc.o(.text)
    RCC_APB2PeriphClockLPModeCmd             0x08017acf   Thumb Code    82  stm32f4xx_rcc.o(.text)
    RCC_LSEModeConfig                        0x08017b21   Thumb Code    64  stm32f4xx_rcc.o(.text)
    RCC_ITConfig                             0x08017b61   Thumb Code    82  stm32f4xx_rcc.o(.text)
    RCC_ClearFlag                            0x08017bb3   Thumb Code    18  stm32f4xx_rcc.o(.text)
    RCC_GetITStatus                          0x08017bc5   Thumb Code    72  stm32f4xx_rcc.o(.text)
    RCC_ClearITPendingBit                    0x08017c0d   Thumb Code    28  stm32f4xx_rcc.o(.text)
    SPI_I2S_DeInit                           0x08017c31   Thumb Code   198  stm32f4xx_spi.o(.text)
    SPI_Init                                 0x08017cf7   Thumb Code   366  stm32f4xx_spi.o(.text)
    I2S_Init                                 0x08017e65   Thumb Code   624  stm32f4xx_spi.o(.text)
    SPI_StructInit                           0x080180d5   Thumb Code    24  stm32f4xx_spi.o(.text)
    I2S_StructInit                           0x080180ed   Thumb Code    20  stm32f4xx_spi.o(.text)
    SPI_Cmd                                  0x08018101   Thumb Code   100  stm32f4xx_spi.o(.text)
    I2S_Cmd                                  0x08018165   Thumb Code    88  stm32f4xx_spi.o(.text)
    SPI_DataSizeConfig                       0x080181bd   Thumb Code    96  stm32f4xx_spi.o(.text)
    SPI_BiDirectionalLineConfig              0x0801821d   Thumb Code   112  stm32f4xx_spi.o(.text)
    SPI_NSSInternalSoftwareConfig            0x0801828d   Thumb Code   114  stm32f4xx_spi.o(.text)
    SPI_SSOutputCmd                          0x080182ff   Thumb Code   100  stm32f4xx_spi.o(.text)
    SPI_TIModeCmd                            0x08018363   Thumb Code   100  stm32f4xx_spi.o(.text)
    I2S_FullDuplexConfig                     0x080183c7   Thumb Code   258  stm32f4xx_spi.o(.text)
    SPI_I2S_ReceiveData                      0x080184c9   Thumb Code   100  stm32f4xx_spi.o(.text)
    SPI_I2S_SendData                         0x0801852d   Thumb Code    72  stm32f4xx_spi.o(.text)
    SPI_CalculateCRC                         0x08018575   Thumb Code   100  stm32f4xx_spi.o(.text)
    SPI_TransmitCRC                          0x080185d9   Thumb Code    64  stm32f4xx_spi.o(.text)
    SPI_GetCRC                               0x08018619   Thumb Code    92  stm32f4xx_spi.o(.text)
    SPI_GetCRCPolynomial                     0x08018675   Thumb Code    58  stm32f4xx_spi.o(.text)
    SPI_I2S_DMACmd                           0x080186af   Thumb Code   132  stm32f4xx_spi.o(.text)
    SPI_I2S_ITConfig                         0x08018733   Thumb Code   156  stm32f4xx_spi.o(.text)
    SPI_I2S_GetFlagStatus                    0x080187cf   Thumb Code   138  stm32f4xx_spi.o(.text)
    SPI_I2S_ClearFlag                        0x08018859   Thumb Code    92  stm32f4xx_spi.o(.text)
    SPI_I2S_GetITStatus                      0x080188b5   Thumb Code   200  stm32f4xx_spi.o(.text)
    SPI_I2S_ClearITPendingBit                0x0801897d   Thumb Code   104  stm32f4xx_spi.o(.text)
    SYSCFG_DeInit                            0x08018a01   Thumb Code    22  stm32f4xx_syscfg.o(.text)
    SYSCFG_MemoryRemapConfig                 0x08018a17   Thumb Code    34  stm32f4xx_syscfg.o(.text)
    SYSCFG_MemorySwappingBank                0x08018a39   Thumb Code    26  stm32f4xx_syscfg.o(.text)
    SYSCFG_EXTILineConfig                    0x08018a53   Thumb Code   194  stm32f4xx_syscfg.o(.text)
    SYSCFG_ETH_MediaInterfaceConfig          0x08018b15   Thumb Code    26  stm32f4xx_syscfg.o(.text)
    SYSCFG_CompensationCellCmd               0x08018b2f   Thumb Code    26  stm32f4xx_syscfg.o(.text)
    SYSCFG_GetCompensationCellStatus         0x08018b49   Thumb Code    22  stm32f4xx_syscfg.o(.text)
    TIM_DeInit                               0x08018b9d   Thumb Code   440  stm32f4xx_tim.o(.text)
    TIM_TimeBaseInit                         0x08018d55   Thumb Code   278  stm32f4xx_tim.o(.text)
    TIM_TimeBaseStructInit                   0x08018e6b   Thumb Code    18  stm32f4xx_tim.o(.text)
    TIM_PrescalerConfig                      0x08018e7d   Thumb Code   128  stm32f4xx_tim.o(.text)
    TIM_CounterModeConfig                    0x08018efd   Thumb Code   100  stm32f4xx_tim.o(.text)
    TIM_SetCounter                           0x08018f61   Thumb Code   202  stm32f4xx_tim.o(.text)
    TIM_SetAutoreload                        0x0801902b   Thumb Code   108  stm32f4xx_tim.o(.text)
    TIM_GetCounter                           0x08019097   Thumb Code   106  stm32f4xx_tim.o(.text)
    TIM_GetPrescaler                         0x08019101   Thumb Code   106  stm32f4xx_tim.o(.text)
    TIM_UpdateDisableConfig                  0x0801916b   Thumb Code   148  stm32f4xx_tim.o(.text)
    TIM_UpdateRequestConfig                  0x080191ff   Thumb Code   148  stm32f4xx_tim.o(.text)
    TIM_ARRPreloadConfig                     0x08019293   Thumb Code   148  stm32f4xx_tim.o(.text)
    TIM_SelectOnePulseMode                   0x08019327   Thumb Code   142  stm32f4xx_tim.o(.text)
    TIM_SetClockDivision                     0x080193b5   Thumb Code   192  stm32f4xx_tim.o(.text)
    TIM_Cmd                                  0x08019475   Thumb Code   148  stm32f4xx_tim.o(.text)
    TIM_OC1Init                              0x08019509   Thumb Code   416  stm32f4xx_tim.o(.text)
    TIM_OC2Init                              0x080196a9   Thumb Code   486  stm32f4xx_tim.o(.text)
    TIM_OC3Init                              0x0801988f   Thumb Code   416  stm32f4xx_tim.o(.text)
    TIM_OC4Init                              0x08019a2f   Thumb Code   300  stm32f4xx_tim.o(.text)
    TIM_OCStructInit                         0x08019b5b   Thumb Code    20  stm32f4xx_tim.o(.text)
    TIM_SelectOCxM                           0x08019b6f   Thumb Code   256  stm32f4xx_tim.o(.text)
    TIM_SetCompare1                          0x08019c6f   Thumb Code   142  stm32f4xx_tim.o(.text)
    TIM_SetCompare2                          0x08019cfd   Thumb Code    72  stm32f4xx_tim.o(.text)
    TIM_SetCompare3                          0x08019d45   Thumb Code    60  stm32f4xx_tim.o(.text)
    TIM_SetCompare4                          0x08019d81   Thumb Code    60  stm32f4xx_tim.o(.text)
    TIM_ForcedOC1Config                      0x08019dbd   Thumb Code   130  stm32f4xx_tim.o(.text)
    TIM_ForcedOC2Config                      0x08019e3f   Thumb Code   114  stm32f4xx_tim.o(.text)
    TIM_ForcedOC3Config                      0x08019eb1   Thumb Code    94  stm32f4xx_tim.o(.text)
    TIM_ForcedOC4Config                      0x08019f0f   Thumb Code   102  stm32f4xx_tim.o(.text)
    TIM_OC1PreloadConfig                     0x08019f75   Thumb Code   126  stm32f4xx_tim.o(.text)
    TIM_OC2PreloadConfig                     0x08019ff3   Thumb Code   108  stm32f4xx_tim.o(.text)
    TIM_OC3PreloadConfig                     0x0801a05f   Thumb Code   138  stm32f4xx_tim.o(.text)
    TIM_OC4PreloadConfig                     0x0801a0e9   Thumb Code    96  stm32f4xx_tim.o(.text)
    TIM_OC1FastConfig                        0x0801a149   Thumb Code   124  stm32f4xx_tim.o(.text)
    TIM_OC2FastConfig                        0x0801a1c5   Thumb Code   108  stm32f4xx_tim.o(.text)
    TIM_OC3FastConfig                        0x0801a231   Thumb Code    88  stm32f4xx_tim.o(.text)
    TIM_OC4FastConfig                        0x0801a289   Thumb Code    96  stm32f4xx_tim.o(.text)
    TIM_ClearOC1Ref                          0x0801a2e9   Thumb Code   124  stm32f4xx_tim.o(.text)
    TIM_ClearOC2Ref                          0x0801a365   Thumb Code   106  stm32f4xx_tim.o(.text)
    TIM_ClearOC3Ref                          0x0801a3cf   Thumb Code    88  stm32f4xx_tim.o(.text)
    TIM_ClearOC4Ref                          0x0801a427   Thumb Code    94  stm32f4xx_tim.o(.text)
    TIM_OC1PolarityConfig                    0x0801a485   Thumb Code   174  stm32f4xx_tim.o(.text)
    TIM_OC1NPolarityConfig                   0x0801a533   Thumb Code    64  stm32f4xx_tim.o(.text)
    TIM_OC2PolarityConfig                    0x0801a573   Thumb Code   108  stm32f4xx_tim.o(.text)
    TIM_OC2NPolarityConfig                   0x0801a5df   Thumb Code    72  stm32f4xx_tim.o(.text)
    TIM_OC3PolarityConfig                    0x0801a627   Thumb Code    96  stm32f4xx_tim.o(.text)
    TIM_OC3NPolarityConfig                   0x0801a687   Thumb Code    72  stm32f4xx_tim.o(.text)
    TIM_OC4PolarityConfig                    0x0801a6cf   Thumb Code    96  stm32f4xx_tim.o(.text)
    TIM_CCxCmd                               0x0801a72f   Thumb Code   168  stm32f4xx_tim.o(.text)
    TIM_CCxNCmd                              0x0801a7d7   Thumb Code   104  stm32f4xx_tim.o(.text)
    TIM_SetIC4Prescaler                      0x0801a83f   Thumb Code   106  stm32f4xx_tim.o(.text)
    TIM_SetIC3Prescaler                      0x0801a929   Thumb Code    98  stm32f4xx_tim.o(.text)
    TIM_SetIC2Prescaler                      0x0801a9d3   Thumb Code   118  stm32f4xx_tim.o(.text)
    TIM_SetIC1Prescaler                      0x0801aa99   Thumb Code   134  stm32f4xx_tim.o(.text)
    TIM_ICInit                               0x0801ab59   Thumb Code   508  stm32f4xx_tim.o(.text)
    TIM_ICStructInit                         0x0801ad55   Thumb Code    18  stm32f4xx_tim.o(.text)
    TIM_PWMIConfig                           0x0801ad67   Thumb Code   184  stm32f4xx_tim.o(.text)
    TIM_GetCapture1                          0x0801ae1f   Thumb Code    92  stm32f4xx_tim.o(.text)
    TIM_GetCapture2                          0x0801ae7b   Thumb Code    68  stm32f4xx_tim.o(.text)
    TIM_GetCapture3                          0x0801aebf   Thumb Code    56  stm32f4xx_tim.o(.text)
    TIM_GetCapture4                          0x0801aef7   Thumb Code    56  stm32f4xx_tim.o(.text)
    TIM_BDTRConfig                           0x0801af2f   Thumb Code   222  stm32f4xx_tim.o(.text)
    TIM_BDTRStructInit                       0x0801b00d   Thumb Code    18  stm32f4xx_tim.o(.text)
    TIM_CtrlPWMOutputs                       0x0801b01f   Thumb Code    78  stm32f4xx_tim.o(.text)
    TIM_SelectCOM                            0x0801b06d   Thumb Code    72  stm32f4xx_tim.o(.text)
    TIM_CCPreloadControl                     0x0801b0b5   Thumb Code    72  stm32f4xx_tim.o(.text)
    TIM_ITConfig                             0x0801b0fd   Thumb Code   218  stm32f4xx_tim.o(.text)
    TIM_GenerateEvent                        0x0801b1d7   Thumb Code   126  stm32f4xx_tim.o(.text)
    TIM_GetFlagStatus                        0x0801b255   Thumb Code   188  stm32f4xx_tim.o(.text)
    TIM_ClearFlag                            0x0801b311   Thumb Code   108  stm32f4xx_tim.o(.text)
    TIM_GetITStatus                          0x0801b37d   Thumb Code   186  stm32f4xx_tim.o(.text)
    TIM_ClearITPendingBit                    0x0801b437   Thumb Code   108  stm32f4xx_tim.o(.text)
    TIM_DMAConfig                            0x0801b4a3   Thumb Code   334  stm32f4xx_tim.o(.text)
    TIM_DMACmd                               0x0801b5f1   Thumb Code   126  stm32f4xx_tim.o(.text)
    TIM_SelectCCDMA                          0x0801b66f   Thumb Code    96  stm32f4xx_tim.o(.text)
    TIM_InternalClockConfig                  0x0801b6cf   Thumb Code    76  stm32f4xx_tim.o(.text)
    TIM_SelectInputTrigger                   0x0801b71b   Thumb Code   148  stm32f4xx_tim.o(.text)
    TIM_ITRxExternalClockConfig              0x0801b7af   Thumb Code   110  stm32f4xx_tim.o(.text)
    TIM_TIxExternalClockConfig               0x0801b81d   Thumb Code   184  stm32f4xx_tim.o(.text)
    TIM_ETRConfig                            0x0801b8d5   Thumb Code   164  stm32f4xx_tim.o(.text)
    TIM_ETRClockMode1Config                  0x0801b979   Thumb Code   228  stm32f4xx_tim.o(.text)
    TIM_ETRClockMode2Config                  0x0801ba5d   Thumb Code   152  stm32f4xx_tim.o(.text)
    TIM_SelectOutputTrigger                  0x0801baf5   Thumb Code   126  stm32f4xx_tim.o(.text)
    TIM_SelectSlaveMode                      0x0801bb73   Thumb Code   112  stm32f4xx_tim.o(.text)
    TIM_SelectMasterSlaveMode                0x0801bbe3   Thumb Code   102  stm32f4xx_tim.o(.text)
    TIM_EncoderInterfaceConfig               0x0801bc49   Thumb Code   226  stm32f4xx_tim.o(.text)
    TIM_SelectHallSensor                     0x0801bd2b   Thumb Code   108  stm32f4xx_tim.o(.text)
    TIM_RemapConfig                          0x0801bd97   Thumb Code   138  stm32f4xx_tim.o(.text)
    USART_DeInit                             0x0801be21   Thumb Code   276  stm32f4xx_usart.o(.text)
    USART_Init                               0x0801bf35   Thumb Code   492  stm32f4xx_usart.o(.text)
    USART_StructInit                         0x0801c121   Thumb Code    24  stm32f4xx_usart.o(.text)
    USART_ClockInit                          0x0801c139   Thumb Code   166  stm32f4xx_usart.o(.text)
    USART_ClockStructInit                    0x0801c1df   Thumb Code    12  stm32f4xx_usart.o(.text)
    USART_Cmd                                0x0801c1eb   Thumb Code   214  stm32f4xx_usart.o(.text)
    USART_SetPrescaler                       0x0801c2c1   Thumb Code    96  stm32f4xx_usart.o(.text)
    USART_OverSampling8Cmd                   0x0801c321   Thumb Code   122  stm32f4xx_usart.o(.text)
    USART_OneBitMethodCmd                    0x0801c39b   Thumb Code   124  stm32f4xx_usart.o(.text)
    USART_SendData                           0x0801c417   Thumb Code   108  stm32f4xx_usart.o(.text)
    USART_ReceiveData                        0x0801c483   Thumb Code    86  stm32f4xx_usart.o(.text)
    USART_SetAddress                         0x0801c4d9   Thumb Code   116  stm32f4xx_usart.o(.text)
    USART_ReceiverWakeUpCmd                  0x0801c54d   Thumb Code   124  stm32f4xx_usart.o(.text)
    USART_WakeUpConfig                       0x0801c5c9   Thumb Code   120  stm32f4xx_usart.o(.text)
    USART_LINBreakDetectLengthConfig         0x0801c641   Thumb Code   160  stm32f4xx_usart.o(.text)
    USART_LINCmd                             0x0801c6e1   Thumb Code   124  stm32f4xx_usart.o(.text)
    USART_SendBreak                          0x0801c75d   Thumb Code    88  stm32f4xx_usart.o(.text)
    USART_HalfDuplexCmd                      0x0801c7b5   Thumb Code   124  stm32f4xx_usart.o(.text)
    USART_SetGuardTime                       0x0801c831   Thumb Code    60  stm32f4xx_usart.o(.text)
    USART_SmartCardCmd                       0x0801c86d   Thumb Code    88  stm32f4xx_usart.o(.text)
    USART_SmartCardNACKCmd                   0x0801c8c5   Thumb Code    88  stm32f4xx_usart.o(.text)
    USART_IrDAConfig                         0x0801c91d   Thumb Code   118  stm32f4xx_usart.o(.text)
    USART_IrDACmd                            0x0801c993   Thumb Code   124  stm32f4xx_usart.o(.text)
    USART_DMACmd                             0x0801ca0f   Thumb Code   184  stm32f4xx_usart.o(.text)
    USART_ITConfig                           0x0801cac7   Thumb Code   290  stm32f4xx_usart.o(.text)
    USART_GetFlagStatus                      0x0801cbe9   Thumb Code   200  stm32f4xx_usart.o(.text)
    USART_ClearFlag                          0x0801ccb1   Thumb Code   158  stm32f4xx_usart.o(.text)
    USART_GetITStatus                        0x0801cd4f   Thumb Code   306  stm32f4xx_usart.o(.text)
    USART_ClearITPendingBit                  0x0801ce81   Thumb Code   234  stm32f4xx_usart.o(.text)
    FPGA_Init                                0x0801cf7d   Thumb Code   674  fpga.o(.text)
    FPGA_WriteBuffer                         0x0801d21f   Thumb Code    24  fpga.o(.text)
    FPGA_ResetHardware                       0x0801d237   Thumb Code   104  fpga.o(.text)
    FPGA_ReadBuffer                          0x0801d29f   Thumb Code    22  fpga.o(.text)
    FPGA_DATA_WriteBuffer                    0x0801d2b5   Thumb Code    24  fpga.o(.text)
    FPGA_DATA_ReadBuffer                     0x0801d2cd   Thumb Code    22  fpga.o(.text)
    SysTick_Handler                          0x0801d2f5   Thumb Code    38  scope_it.o(.text)
    TIM2_IRQHandler                          0x0801d31b   Thumb Code   380  scope_it.o(.text)
    USART1_IRQHandler                        0x0801d497   Thumb Code    14  scope_it.o(.text)
    USART3_IRQHandler                        0x0801d4a5   Thumb Code    14  scope_it.o(.text)
    IT_SYS_DlyMs                             0x0801d4b3   Thumb Code    30  scope_it.o(.text)
    IT_SYS_GetTicks                          0x0801d4d1   Thumb Code     6  scope_it.o(.text)
    IT_SYS_SetTicks                          0x0801d4d7   Thumb Code    10  scope_it.o(.text)
    IT_SYS_SetDlyMs                          0x0801d4e1   Thumb Code    16  scope_it.o(.text)
    IT_SYS_CheckDlyFin                       0x0801d4f1   Thumb Code    20  scope_it.o(.text)
    IT_LIST_GetTicks                         0x0801d505   Thumb Code     6  scope_it.o(.text)
    IT_LIST_SetTicks                         0x0801d50b   Thumb Code    10  scope_it.o(.text)
    IT_ADC_GetTicks                          0x0801d515   Thumb Code     6  scope_it.o(.text)
    IT_ADC_SetTicks                          0x0801d51b   Thumb Code    10  scope_it.o(.text)
    assert_failed                            0x0801d589   Thumb Code    18  scope_eval.o(.text)
    fputc                                    0x0801d59b   Thumb Code    16  scope_eval.o(.text)
    PF_InitTimer2                            0x0801d5ab   Thumb Code   122  scope_eval.o(.text)
    EVAL_Init                                0x0801d74d   Thumb Code   250  scope_eval.o(.text)
    EVAL_OutputSet                           0x0801d847   Thumb Code    16  scope_eval.o(.text)
    EVAL_OutputClr                           0x0801d857   Thumb Code    16  scope_eval.o(.text)
    EVAL_OutputToggle                        0x0801d867   Thumb Code    26  scope_eval.o(.text)
    EVAL_InputGetState                       0x0801d91d   Thumb Code    22  scope_eval.o(.text)
    MV_InitPara                              0x0801da2d   Thumb Code   190  scope_move.o(.text)
    MV_Move                                  0x0801daeb   Thumb Code   434  scope_move.o(.text)
    MV_Stop                                  0x0801dc9d   Thumb Code    98  scope_move.o(.text)
    MV_Wait                                  0x0801dcff   Thumb Code    84  scope_move.o(.text)
    MV_GetStepsExecuted                      0x0801dd53   Thumb Code    56  scope_move.o(.text)
    MV_IsFinished                            0x0801dd8b   Thumb Code    20  scope_move.o(.text)
    MV_IsrMoveHandling                       0x0801dd9f   Thumb Code   104  scope_move.o(.text)
    BUF_Send_Init                            0x0801de19   Thumb Code    14  buffercircle.o(.text)
    BUF_Send_PutChar                         0x0801de27   Thumb Code    54  buffercircle.o(.text)
    BUF_Send_GetChar                         0x0801de5d   Thumb Code    74  buffercircle.o(.text)
    BUF_Send_PutNChar                        0x0801df31   Thumb Code    94  buffercircle.o(.text)
    BUF_Send_GetNChar                        0x0801df8f   Thumb Code    94  buffercircle.o(.text)
    BUF_Recv_Init                            0x0801dfed   Thumb Code    14  buffercircle.o(.text)
    BUF_Recv_PutChar                         0x0801dffb   Thumb Code    54  buffercircle.o(.text)
    BUF_Recv_GetChar                         0x0801e031   Thumb Code    74  buffercircle.o(.text)
    BUF_Recv_PutNChar                        0x0801e105   Thumb Code    94  buffercircle.o(.text)
    BUF_Recv_GetNChar                        0x0801e163   Thumb Code    94  buffercircle.o(.text)
    NET_BUF_Send_Init                        0x0801e1d1   Thumb Code    14  netbuffercircle.o(.text)
    NET_BUF_Send_PutChar                     0x0801e1df   Thumb Code    54  netbuffercircle.o(.text)
    NET_BUF_Send_GetChar                     0x0801e215   Thumb Code    74  netbuffercircle.o(.text)
    NET_BUF_Send_GetLenConsume               0x0801e25f   Thumb Code   112  netbuffercircle.o(.text)
    NET_BUF_Send_GetLenRemain                0x0801e2cf   Thumb Code    26  netbuffercircle.o(.text)
    NET_BUF_Send_PutNChar                    0x0801e2e9   Thumb Code    94  netbuffercircle.o(.text)
    NET_BUF_Send_GetNChar                    0x0801e347   Thumb Code    94  netbuffercircle.o(.text)
    NET_BUF_Recv_Init                        0x0801e3a5   Thumb Code    14  netbuffercircle.o(.text)
    NET_BUF_Recv_PutChar                     0x0801e3b3   Thumb Code    54  netbuffercircle.o(.text)
    NET_BUF_Recv_GetChar                     0x0801e3e9   Thumb Code    74  netbuffercircle.o(.text)
    NET_BUF_Recv_GetLenConsume               0x0801e433   Thumb Code   112  netbuffercircle.o(.text)
    NET_BUF_Recv_GetLenRemain                0x0801e4a3   Thumb Code    26  netbuffercircle.o(.text)
    NET_BUF_Recv_PutNChar                    0x0801e4bd   Thumb Code    94  netbuffercircle.o(.text)
    NET_BUF_Recv_GetNChar                    0x0801e51b   Thumb Code    94  netbuffercircle.o(.text)
    SPG_Send_Init                            0x0801e589   Thumb Code    14  samplebuffercircle.o(.text)
    SPG_Send_PutChar                         0x0801e597   Thumb Code    52  samplebuffercircle.o(.text)
    SPG_Send_GetChar                         0x0801e5cb   Thumb Code    68  samplebuffercircle.o(.text)
    SPG_Send_PutNChar                        0x0801e68f   Thumb Code    92  samplebuffercircle.o(.text)
    SPG_Send_GetNChar                        0x0801e6eb   Thumb Code    92  samplebuffercircle.o(.text)
    SPG_Recv_Init                            0x0801e747   Thumb Code    14  samplebuffercircle.o(.text)
    SPG_Recv_PutChar                         0x0801e755   Thumb Code    52  samplebuffercircle.o(.text)
    SPG_Recv_GetChar                         0x0801e789   Thumb Code    68  samplebuffercircle.o(.text)
    SPG_Recv_PutNChar                        0x0801e84d   Thumb Code    92  samplebuffercircle.o(.text)
    SPG_Recv_GetNChar                        0x0801e8a9   Thumb Code    92  samplebuffercircle.o(.text)
    Delay_US                                 0x0801e915   Thumb Code    54  driver.o(.text)
    ADC1_DMA_Config                          0x0801e94b   Thumb Code   174  driver.o(.text)
    ADC1_Init                                0x0801e9f9   Thumb Code   192  driver.o(.text)
    DMA2_Stream0_IRQHandler                  0x0801eab9   Thumb Code    72  driver.o(.text)
    DMA2_Stream3_IRQHandler                  0x0801eb01   Thumb Code    80  driver.o(.text)
    ADC2_DMA_Config                          0x0801eb51   Thumb Code   194  driver.o(.text)
    ADC2_Init                                0x0801ec13   Thumb Code   174  driver.o(.text)
    ADC3_GPIO_Init                           0x0801ecc1   Thumb Code   358  driver.o(.text)
    ADC3_Init                                0x0801ee27   Thumb Code    84  driver.o(.text)
    Get_ADC3_Channel_Value                   0x0801ee7b   Thumb Code    90  driver.o(.text)
    Get_Press_ADC                            0x0801eed5   Thumb Code     4  driver.o(.text)
    Get_XK_ADC                               0x0801eed9   Thumb Code    18  driver.o(.text)
    Get_12V_N_ADC                            0x0801eeeb   Thumb Code    18  driver.o(.text)
    Get_12V_P_ADC                            0x0801eefd   Thumb Code    18  driver.o(.text)
    Get_56V_Cur_ADC                          0x0801ef0f   Thumb Code    18  driver.o(.text)
    Get_LED_Cur_ADC                          0x0801ef21   Thumb Code    18  driver.o(.text)
    Get_Temp_ADC                             0x0801ef33   Thumb Code    18  driver.o(.text)
    HW_Get_ADC_HGB                           0x0801ef45   Thumb Code    18  driver.o(.text)
    HW_Get_ADC_CRP                           0x0801ef57   Thumb Code    18  driver.o(.text)
    Get_HGB_Value                            0x0801ef69   Thumb Code    38  driver.o(.text)
    Get_CRP_Value                            0x0801ef8f   Thumb Code    26  driver.o(.text)
    Press_I2C_Init                           0x0801efa9   Thumb Code    96  driver.o(.text)
    Press_Init                               0x0801f009   Thumb Code     8  driver.o(.text)
    Press_I2C_Start                          0x0801f011   Thumb Code    68  driver.o(.text)
    Press_I2C_Stop                           0x0801f055   Thumb Code    60  driver.o(.text)
    Press_I2C_Wait_Ack                       0x0801f091   Thumb Code    78  driver.o(.text)
    Press_I2C_Ack                            0x0801f0df   Thumb Code    72  driver.o(.text)
    Press_I2C_NAck                           0x0801f127   Thumb Code   136  driver.o(.text)
    Press_I2C_Send_Byte                      0x0801f1af   Thumb Code    96  driver.o(.text)
    Press_I2C_Read_Byte                      0x0801f20f   Thumb Code    94  driver.o(.text)
    Get_Press_I2C                            0x0801f26d   Thumb Code   202  driver.o(.text)
    Reset_Elec_Status                        0x0801f337   Thumb Code    14  driver.o(.text)
    Set_Elec_Status                          0x0801f345   Thumb Code    14  driver.o(.text)
    Get_Elec_Status                          0x0801f353   Thumb Code    14  driver.o(.text)
    Elec_Init                                0x0801f361   Thumb Code    44  driver.o(.text)
    Get_Elec_ADC                             0x0801f38d   Thumb Code    86  driver.o(.text)
    Beep_Init                                0x0801f3e3   Thumb Code    46  driver.o(.text)
    Beep                                     0x0801f411   Thumb Code    34  driver.o(.text)
    Pump_PWM_Init                            0x0801f433   Thumb Code   176  driver.o(.text)
    Pump_init                                0x0801f4e3   Thumb Code    22  driver.o(.text)
    Pump_AntiClockWise                       0x0801f4f9   Thumb Code     2  driver.o(.text)
    Pump_ClockWise                           0x0801f4fb   Thumb Code     2  driver.o(.text)
    Pump_Speed_Set                           0x0801f4fd   Thumb Code    32  driver.o(.text)
    Pump_Exec                                0x0801f51d   Thumb Code    40  driver.o(.text)
    Mixing_Motor_Init                        0x0801f545   Thumb Code    56  driver.o(.text)
    Mixing_Motor_Run                         0x0801f57d   Thumb Code    52  driver.o(.text)
    Mixing_Motor_Stop                        0x0801f5b1   Thumb Code    12  driver.o(.text)
    Valve_Init                               0x0801f5bd   Thumb Code   100  driver.o(.text)
    Valve_Air_Exec                           0x0801f621   Thumb Code    32  driver.o(.text)
    Valve_Liquid_Exec                        0x0801f641   Thumb Code    30  driver.o(.text)
    Valve_Exec                               0x0801f65f   Thumb Code    28  driver.o(.text)
    Turn_Motor_Init                          0x0801f67b   Thumb Code   252  driver.o(.text)
    Turn_Motor_Power                         0x0801f777   Thumb Code    32  driver.o(.text)
    Get_Fix_OC_Status                        0x0801f797   Thumb Code    12  driver.o(.text)
    Turn_Motor_Reset                         0x0801f7a3   Thumb Code    82  driver.o(.text)
    Turn_Motor_Goto_Postion                  0x0801f7f5   Thumb Code   112  driver.o(.text)
    Turn_Motor_Select_LED                    0x0801f865   Thumb Code   108  driver.o(.text)
    EXTI9_5_IRQHandler                       0x0801f8d1   Thumb Code    50  driver.o(.text)
    Micro_OC_Init                            0x0801f903   Thumb Code   128  driver.o(.text)
    OC_Init                                  0x0801f983   Thumb Code   190  driver.o(.text)
    Get_Micro_OC_Status                      0x0801fa41   Thumb Code    12  driver.o(.text)
    Get_Out_OC_Status                        0x0801fa4d   Thumb Code    12  driver.o(.text)
    Get_In_OC_Status                         0x0801fa59   Thumb Code    12  driver.o(.text)
    LED_Cur_DAC_Init                         0x0801fa65   Thumb Code    84  driver.o(.text)
    LED_Init                                 0x0801fab9   Thumb Code   572  driver.o(.text)
    LED_Cur_DAC_Set                          0x0801fcf5   Thumb Code    14  driver.o(.text)
    LED_Cur_Switch                           0x0801fd03   Thumb Code    32  driver.o(.text)
    LED_Cur_Auto_Adjust                      0x0801fd23   Thumb Code    98  driver.o(.text)
    LEC_Cur_ADC_Check_Channel                0x0801fd85   Thumb Code    20  driver.o(.text)
    LED_Exec                                 0x0801fd99   Thumb Code   266  driver.o(.text)
    DRegister_SPI_Init                       0x0801fea3   Thumb Code   252  driver.o(.text)
    DResistor_Init                           0x0801ff9f   Thumb Code     8  driver.o(.text)
    DRegister_Write                          0x0801ffa7   Thumb Code    28  driver.o(.text)
    DResistor_Set                            0x0801ffc3   Thumb Code    24  driver.o(.text)
    Driver_Debug                             0x0801ffdb   Thumb Code  1314  driver.o(.text)
    ADC24Bit_SPI_Init                        0x080205f5   Thumb Code   286  ad7799.o(.text)
    ADC24Bit_GPIO_Init                       0x08020713   Thumb Code   156  ad7799.o(.text)
    SPI_Write                                0x080207af   Thumb Code   184  ad7799.o(.text)
    AD7799_SetRegisterValue                  0x08020867   Thumb Code   110  ad7799.o(.text)
    AD7799_Init                              0x080208d5   Thumb Code    80  ad7799.o(.text)
    ADC24Bit_Init                            0x08020925   Thumb Code    12  ad7799.o(.text)
    ADC24Bit_SPI_GetByte                     0x08020931   Thumb Code    24  ad7799.o(.text)
    ADC24Bit_SPI_SendByte                    0x08020949   Thumb Code    28  ad7799.o(.text)
    SPI_Read                                 0x08020965   Thumb Code   204  ad7799.o(.text)
    AD7799_GetRegisterValue                  0x08020a31   Thumb Code   126  ad7799.o(.text)
    AD7799_Reset                             0x08020aaf   Thumb Code    40  ad7799.o(.text)
    AD7799_SetReference                      0x08020ad7   Thumb Code    40  ad7799.o(.text)
    AD7799_Calibrate                         0x08020aff   Thumb Code   266  ad7799.o(.text)
    AD7799_Get_ADC_Value                     0x08020c09   Thumb Code    12  ad7799.o(.text)
    ethernetif_input                         0x08020e3d   Thumb Code    42  ethernetif.o(.text)
    ethernetif_init                          0x08020e67   Thumb Code    38  ethernetif.o(.text)
    etharp_tmr                               0x08020eeb   Thumb Code   136  etharp.o(.text)
    etharp_cleanup_netif                     0x080211b9   Thumb Code    52  etharp.o(.text)
    etharp_find_addr                         0x080211ed   Thumb Code    82  etharp.o(.text)
    etharp_request                           0x08021401   Thumb Code    36  etharp.o(.text)
    etharp_query                             0x0802148d   Thumb Code   338  etharp.o(.text)
    etharp_output                            0x080215df   Thumb Code   314  etharp.o(.text)
    ethernet_input                           0x08021719   Thumb Code   178  etharp.o(.text)
    icmp_input                               0x080217dd   Thumb Code   340  icmp.o(.text)
    icmp_dest_unreach                        0x080219a1   Thumb Code    18  icmp.o(.text)
    icmp_time_exceeded                       0x080219b3   Thumb Code    18  icmp.o(.text)
    inet_chksum_pseudo                       0x08021a2b   Thumb Code   162  inet_chksum.o(.text)
    inet_chksum_pseudo_partial               0x08021acd   Thumb Code   184  inet_chksum.o(.text)
    inet_chksum                              0x08021b85   Thumb Code    20  inet_chksum.o(.text)
    inet_chksum_pbuf                         0x08021b99   Thumb Code    86  inet_chksum.o(.text)
    ip_route                                 0x08021bf1   Thumb Code    76  ip.o(.text)
    ip_input                                 0x08021c3d   Thumb Code   422  ip.o(.text)
    ip_output_if                             0x08021de3   Thumb Code   192  ip.o(.text)
    ip_output                                0x08021ea3   Thumb Code    56  ip.o(.text)
    ip4_addr_isbroadcast                     0x08021ef9   Thumb Code    78  ip_addr.o(.text)
    ip4_addr_netmask_valid                   0x08021f47   Thumb Code    52  ip_addr.o(.text)
    ipaddr_aton                              0x08021f7b   Thumb Code   348  ip_addr.o(.text)
    ipaddr_addr                              0x080220d7   Thumb Code    24  ip_addr.o(.text)
    ipaddr_ntoa_r                            0x080220ef   Thumb Code   168  ip_addr.o(.text)
    ipaddr_ntoa                              0x08022197   Thumb Code    16  ip_addr.o(.text)
    ip_reass_tmr                             0x08022271   Thumb Code    48  ip_frag.o(.text)
    ip_reass                                 0x080224c7   Thumb Code   396  ip_frag.o(.text)
    ip_frag                                  0x0802268f   Thumb Code   424  ip_frag.o(.text)
    lwip_htons                               0x08022841   Thumb Code    12  def.o(.text)
    lwip_ntohs                               0x0802284d   Thumb Code    12  def.o(.text)
    lwip_htonl                               0x08022859   Thumb Code    26  def.o(.text)
    lwip_ntohl                               0x08022873   Thumb Code    12  def.o(.text)
    dhcp_renew                               0x08022d11   Thumb Code   160  dhcp.o(.text)
    dhcp_coarse_tmr                          0x08022e75   Thumb Code    62  dhcp.o(.text)
    dhcp_release                             0x08022f57   Thumb Code   162  dhcp.o(.text)
    dhcp_fine_tmr                            0x08023181   Thumb Code    64  dhcp.o(.text)
    dhcp_set_struct                          0x08023247   Thumb Code    30  dhcp.o(.text)
    dhcp_cleanup                             0x08023265   Thumb Code    24  dhcp.o(.text)
    dhcp_stop                                0x0802327d   Thumb Code    58  dhcp.o(.text)
    dhcp_start                               0x080236c3   Thumb Code   206  dhcp.o(.text)
    dhcp_inform                              0x08023791   Thumb Code   170  dhcp.o(.text)
    dhcp_network_changed                     0x0802383b   Thumb Code    80  dhcp.o(.text)
    dhcp_arp_reply                           0x08023909   Thumb Code    46  dhcp.o(.text)
    mem_init                                 0x080239c9   Thumb Code    74  mem.o(.text)
    mem_free                                 0x08023a13   Thumb Code    68  mem.o(.text)
    mem_trim                                 0x08023a57   Thumb Code   288  mem.o(.text)
    mem_malloc                               0x08023b77   Thumb Code   222  mem.o(.text)
    mem_calloc                               0x08023c55   Thumb Code    34  mem.o(.text)
    memp_init                                0x08023c89   Thumb Code    82  memp.o(.text)
    memp_malloc                              0x08023cdb   Thumb Code    40  memp.o(.text)
    memp_free                                0x08023d03   Thumb Code    28  memp.o(.text)
    netif_init                               0x08023d31   Thumb Code     2  netif.o(.text)
    netif_set_gw                             0x08023d33   Thumb Code    12  netif.o(.text)
    netif_set_netmask                        0x08023d3f   Thumb Code    12  netif.o(.text)
    netif_set_ipaddr                         0x08023d4b   Thumb Code   110  netif.o(.text)
    netif_set_addr                           0x08023db9   Thumb Code    40  netif.o(.text)
    netif_add                                0x08023de1   Thumb Code   104  netif.o(.text)
    netif_set_default                        0x08023e49   Thumb Code     6  netif.o(.text)
    netif_set_down                           0x08023e4f   Thumb Code    42  netif.o(.text)
    netif_remove                             0x08023e79   Thumb Code    90  netif.o(.text)
    netif_find                               0x08023ed3   Thumb Code    64  netif.o(.text)
    netif_set_up                             0x08023f13   Thumb Code    54  netif.o(.text)
    netif_set_link_up                        0x08023f49   Thumb Code    80  netif.o(.text)
    netif_set_link_down                      0x08023f99   Thumb Code    42  netif.o(.text)
    netif_set_link_callback                  0x08023fc3   Thumb Code     6  netif.o(.text)
    pbuf_free                                0x08023fdd   Thumb Code   134  pbuf.o(.text)
    pbuf_alloc                               0x08024063   Thumb Code   408  pbuf.o(.text)
    pbuf_alloced_custom                      0x080241fb   Thumb Code   108  pbuf.o(.text)
    pbuf_realloc                             0x08024267   Thumb Code   120  pbuf.o(.text)
    pbuf_header                              0x080242df   Thumb Code   126  pbuf.o(.text)
    pbuf_clen                                0x0802435d   Thumb Code    18  pbuf.o(.text)
    pbuf_ref                                 0x0802436f   Thumb Code    10  pbuf.o(.text)
    pbuf_cat                                 0x08024379   Thumb Code    56  pbuf.o(.text)
    pbuf_chain                               0x080243b1   Thumb Code    22  pbuf.o(.text)
    pbuf_dechain                             0x080243c7   Thumb Code    56  pbuf.o(.text)
    pbuf_copy                                0x080243ff   Thumb Code   192  pbuf.o(.text)
    pbuf_copy_partial                        0x080244bf   Thumb Code   146  pbuf.o(.text)
    pbuf_take                                0x08024551   Thumb Code   116  pbuf.o(.text)
    pbuf_coalesce                            0x080245c5   Thumb Code    60  pbuf.o(.text)
    pbuf_get_at                              0x08024601   Thumb Code    46  pbuf.o(.text)
    pbuf_memcmp                              0x0802462f   Thumb Code    96  pbuf.o(.text)
    pbuf_memfind                             0x0802468f   Thumb Code    76  pbuf.o(.text)
    pbuf_strstr                              0x080246db   Thumb Code    60  pbuf.o(.text)
    raw_input                                0x08024719   Thumb Code   102  raw.o(.text)
    raw_bind                                 0x0802477f   Thumb Code    16  raw.o(.text)
    raw_connect                              0x0802478f   Thumb Code    16  raw.o(.text)
    raw_recv                                 0x0802479f   Thumb Code     6  raw.o(.text)
    raw_sendto                               0x080247a5   Thumb Code   158  raw.o(.text)
    raw_send                                 0x08024843   Thumb Code    18  raw.o(.text)
    raw_remove                               0x08024855   Thumb Code    60  raw.o(.text)
    raw_new                                  0x08024891   Thumb Code    42  raw.o(.text)
    tcp_init                                 0x080248c9   Thumb Code     2  tcp.o(.text)
    tcp_seg_free                             0x080248cb   Thumb Code    26  tcp.o(.text)
    tcp_segs_free                            0x080248e5   Thumb Code    24  tcp.o(.text)
    tcp_pcb_purge                            0x080248fd   Thumb Code    64  tcp.o(.text)
    tcp_slowtmr                              0x0802493d   Thumb Code   802  tcp.o(.text)
    tcp_pcb_remove                           0x08024c5f   Thumb Code   140  tcp.o(.text)
    tcp_close                                0x08024ec3   Thumb Code    28  tcp.o(.text)
    tcp_update_rcv_ann_wnd                   0x08024edf   Thumb Code    78  tcp.o(.text)
    tcp_recved                               0x08024f2d   Thumb Code    70  tcp.o(.text)
    tcp_recv_null                            0x08024f73   Thumb Code    46  tcp.o(.text)
    tcp_process_refused_data                 0x08024fa1   Thumb Code   140  tcp.o(.text)
    tcp_fasttmr                              0x0802502d   Thumb Code   110  tcp.o(.text)
    tcp_tmr                                  0x0802509b   Thumb Code    30  tcp.o(.text)
    tcp_shutdown                             0x080250b9   Thumb Code    98  tcp.o(.text)
    tcp_abandon                              0x0802511b   Thumb Code   170  tcp.o(.text)
    tcp_abort                                0x080251c5   Thumb Code    14  tcp.o(.text)
    tcp_bind                                 0x08025233   Thumb Code   142  tcp.o(.text)
    tcp_listen_with_backlog                  0x080252c9   Thumb Code   198  tcp.o(.text)
    tcp_eff_send_mss                         0x0802538f   Thumb Code    46  tcp.o(.text)
    tcp_next_iss                             0x080253bd   Thumb Code    20  tcp.o(.text)
    tcp_connect                              0x080253d1   Thumb Code   328  tcp.o(.text)
    tcp_setprio                              0x08025519   Thumb Code     4  tcp.o(.text)
    tcp_alloc                                0x0802559b   Thumb Code   242  tcp.o(.text)
    tcp_new                                  0x0802568d   Thumb Code    10  tcp.o(.text)
    tcp_arg                                  0x08025697   Thumb Code     4  tcp.o(.text)
    tcp_recv                                 0x0802569b   Thumb Code     8  tcp.o(.text)
    tcp_sent                                 0x080256a3   Thumb Code     8  tcp.o(.text)
    tcp_err                                  0x080256ab   Thumb Code    10  tcp.o(.text)
    tcp_accept                               0x080256b5   Thumb Code     4  tcp.o(.text)
    tcp_poll                                 0x080256b9   Thumb Code    14  tcp.o(.text)
    tcp_debug_state_str                      0x080256c7   Thumb Code    10  tcp.o(.text)
    tcp_input                                0x080264f5   Thumb Code  1134  tcp_in.o(.text)
    tcp_enqueue_flags                        0x08026ab1   Thumb Code   272  tcp_out.o(.text)
    tcp_send_fin                             0x08026bc1   Thumb Code    74  tcp_out.o(.text)
    tcp_write                                0x08026cf3   Thumb Code   902  tcp_out.o(.text)
    tcp_send_empty_ack                       0x08027079   Thumb Code    78  tcp_out.o(.text)
    tcp_output                               0x0802718f   Thumb Code   444  tcp_out.o(.text)
    tcp_rst                                  0x0802734b   Thumb Code   124  tcp_out.o(.text)
    tcp_rexmit_rto                           0x080273c7   Thumb Code    58  tcp_out.o(.text)
    tcp_rexmit                               0x08027401   Thumb Code    90  tcp_out.o(.text)
    tcp_rexmit_fast                          0x0802745b   Thumb Code   112  tcp_out.o(.text)
    tcp_keepalive                            0x080274cb   Thumb Code    68  tcp_out.o(.text)
    tcp_zero_window_probe                    0x0802750f   Thumb Code   172  tcp_out.o(.text)
    tcp_timer_needed                         0x080275bb   Thumb Code     2  timers.o(.text)
    udp_init                                 0x080275bd   Thumb Code     2  udp.o(.text)
    udp_input                                0x0802760f   Thumb Code   450  udp.o(.text)
    udp_bind                                 0x080277d1   Thumb Code   122  udp.o(.text)
    udp_sendto_if                            0x0802784b   Thumb Code   206  udp.o(.text)
    udp_sendto                               0x08027919   Thumb Code    46  udp.o(.text)
    udp_send                                 0x08027947   Thumb Code    20  udp.o(.text)
    udp_connect                              0x0802795b   Thumb Code   110  udp.o(.text)
    udp_disconnect                           0x080279c9   Thumb Code    16  udp.o(.text)
    udp_recv                                 0x080279d9   Thumb Code     6  udp.o(.text)
    udp_remove                               0x080279df   Thumb Code    60  udp.o(.text)
    udp_new                                  0x08027a1b   Thumb Code    28  udp.o(.text)
    LwIP_Init                                0x08027a3d   Thumb Code   164  netconf.o(.text)
    LwIP_Pkt_Handle                          0x08027ae1   Thumb Code    10  netconf.o(.text)
    LwIP_Periodic_Handle                     0x08027aeb   Thumb Code    52  netconf.o(.text)
    ETH_BSP_Config                           0x08027d07   Thumb Code    38  stm32f4x7_eth_bsp.o(.text)
    Eth_Link_PHYITConfig                     0x08027d2d   Thumb Code    70  stm32f4x7_eth_bsp.o(.text)
    Eth_Link_EXTIConfig                      0x08027d73   Thumb Code   104  stm32f4x7_eth_bsp.o(.text)
    Eth_Link_ITHandler                       0x08027ddb   Thumb Code    48  stm32f4x7_eth_bsp.o(.text)
    ETH_link_callback                        0x08027e0b   Thumb Code   282  stm32f4x7_eth_bsp.o(.text)
    udp_echoserver_receive_callback          0x08027fe5   Thumb Code   174  udp_echoserver.o(.text)
    udp_echoserver_init                      0x08028093   Thumb Code   162  udp_echoserver.o(.text)
    udp_echoserver_senddata                  0x08028135   Thumb Code    52  udp_echoserver.o(.text)
    __aeabi_memcpy                           0x08028241   Thumb Code    36  memcpya.o(.text)
    __aeabi_memcpy4                          0x08028241   Thumb Code     0  memcpya.o(.text)
    __aeabi_memcpy8                          0x08028241   Thumb Code     0  memcpya.o(.text)
    __aeabi_memset                           0x08028265   Thumb Code    14  memseta.o(.text)
    __aeabi_memset4                          0x08028265   Thumb Code     0  memseta.o(.text)
    __aeabi_memset8                          0x08028265   Thumb Code     0  memseta.o(.text)
    __aeabi_memclr                           0x08028273   Thumb Code     4  memseta.o(.text)
    __aeabi_memclr4                          0x08028273   Thumb Code     0  memseta.o(.text)
    __aeabi_memclr8                          0x08028273   Thumb Code     0  memseta.o(.text)
    _memset$wrapper                          0x08028277   Thumb Code    18  memseta.o(.text)
    strncpy                                  0x08028289   Thumb Code    24  strncpy.o(.text)
    strlen                                   0x080282a1   Thumb Code    14  strlen.o(.text)
    memcmp                                   0x080282af   Thumb Code    26  memcmp.o(.text)
    __aeabi_dadd                             0x080282c9   Thumb Code   322  dadd.o(.text)
    __aeabi_dsub                             0x0802840b   Thumb Code     6  dadd.o(.text)
    __aeabi_drsub                            0x08028411   Thumb Code     6  dadd.o(.text)
    __aeabi_dmul                             0x08028417   Thumb Code   228  dmul.o(.text)
    __aeabi_ui2d                             0x080284fb   Thumb Code    26  dfltui.o(.text)
    __aeabi_d2iz                             0x08028515   Thumb Code    62  dfixi.o(.text)
    __aeabi_d2uiz                            0x08028553   Thumb Code    50  dfixui.o(.text)
    __aeabi_cdrcmple                         0x08028585   Thumb Code    38  cdrcmple.o(.text)
    __aeabi_uldivmod                         0x080285ad   Thumb Code    98  uldiv.o(.text)
    __aeabi_llsl                             0x0802860f   Thumb Code    30  llshl.o(.text)
    _ll_shift_l                              0x0802860f   Thumb Code     0  llshl.o(.text)
    __aeabi_llsr                             0x0802862d   Thumb Code    32  llushr.o(.text)
    _ll_ushift_r                             0x0802862d   Thumb Code     0  llushr.o(.text)
    __aeabi_lasr                             0x0802864d   Thumb Code    36  llsshr.o(.text)
    _ll_sshift_r                             0x0802864d   Thumb Code     0  llsshr.o(.text)
    __I$use$fp                               0x08028671   Thumb Code     0  iusefp.o(.text)
    _double_round                            0x08028671   Thumb Code    26  depilogue.o(.text)
    _double_epilogue                         0x0802868b   Thumb Code   164  depilogue.o(.text)
    __decompress                             0x0802872f   Thumb Code     0  __dczerorl2.o(.text)
    __decompress1                            0x0802872f   Thumb Code    92  __dczerorl2.o(.text)
    __0printf$8                              0x0802878d   Thumb Code    22  printf8.o(i.__0printf$8)
    __1printf$8                              0x0802878d   Thumb Code     0  printf8.o(i.__0printf$8)
    __2printf                                0x0802878d   Thumb Code     0  printf8.o(i.__0printf$8)
    __0sprintf$8                             0x080287ad   Thumb Code    34  printf8.o(i.__0sprintf$8)
    __1sprintf$8                             0x080287ad   Thumb Code     0  printf8.o(i.__0sprintf$8)
    __2sprintf                               0x080287ad   Thumb Code     0  printf8.o(i.__0sprintf$8)
    softver_edtion                           0x08028cfc   Data           6  processscope.o(.constdata)
    FSMC_DefaultTimingStruct                 0x08029b34   Data          28  stm32f4xx_fsmc.o(.constdata)
    COM_USART                                0x08029b50   Data          12  scope_eval.o(.constdata)
    COM_USART_CLK                            0x08029b5c   Data          12  scope_eval.o(.constdata)
    COM_ET_IRQn                              0x08029b68   Data           6  scope_eval.o(.constdata)
    COM_TX_PORT                              0x08029b70   Data          12  scope_eval.o(.constdata)
    COM_TX_PIN                               0x08029b7c   Data           6  scope_eval.o(.constdata)
    COM_TX_PORT_CLK                          0x08029b84   Data          12  scope_eval.o(.constdata)
    COM_RX_PORT                              0x08029b90   Data          12  scope_eval.o(.constdata)
    COM_RX_PIN                               0x08029b9c   Data           6  scope_eval.o(.constdata)
    COM_RX_PORT_CLK                          0x08029ba4   Data          12  scope_eval.o(.constdata)
    COM_AF_TX_PINSOURCE                      0x08029bb0   Data           3  scope_eval.o(.constdata)
    COM_AF_RX_PINSOURCE                      0x08029bb3   Data           3  scope_eval.o(.constdata)
    COM_AF_UART                              0x08029bb6   Data           3  scope_eval.o(.constdata)
    OUT_PORT                                 0x08029bbc   Data          28  scope_eval.o(.constdata)
    OUT_PIN                                  0x08029bd8   Data          14  scope_eval.o(.constdata)
    OUT_CLK                                  0x08029be8   Data          28  scope_eval.o(.constdata)
    IN_PORT                                  0x08029c04   Data          28  scope_eval.o(.constdata)
    IN_PIN                                   0x08029c20   Data          14  scope_eval.o(.constdata)
    IN_CLK                                   0x08029c30   Data          28  scope_eval.o(.constdata)
    IN_ET_LINE                               0x08029c4c   Data          14  scope_eval.o(.constdata)
    IN_ET_PORT                               0x08029c5a   Data          14  scope_eval.o(.constdata)
    IN_ET_PIN                                0x08029c68   Data          14  scope_eval.o(.constdata)
    IN_ET_IRQn                               0x08029c76   Data          14  scope_eval.o(.constdata)
    g_Turn_Motor_Table                       0x08029c94   Data          16  driver.o(.constdata)
    ethbroadcast                             0x08029ca4   Data           6  etharp.o(.constdata)
    ethzero                                  0x08029caa   Data           6  etharp.o(.constdata)
    ip_addr_any                              0x08029cb0   Data           4  ip_addr.o(.constdata)
    ip_addr_broadcast                        0x08029cb4   Data           4  ip_addr.o(.constdata)
    tcp_state_str                            0x08029cdc   Data          44  tcp.o(.constdata)
    tcp_backoff                              0x08029d08   Data          13  tcp.o(.constdata)
    tcp_persist_backoff                      0x08029d15   Data           7  tcp.o(.constdata)
    tcp_pcb_lists                            0x08029d1c   Data          16  tcp.o(.constdata)
    SystemCoreClock                          0x20000000   Data           4  system_stm32f4xx.o(.data)
    AHBPrescTable                            0x20000004   Data          16  system_stm32f4xx.o(.data)
    g_tOCLevel                               0x2000001e   Data           4  systemscope.o(.data)
    g_tSystemStatus                          0x20000022   Data           3  systemscope.o(.data)
    g_atInterval                             0x20000026   Data           8  systemscope.o(.data)
    g_nError                                 0x20000030   Data           4  systemscope.o(.data)
    g_nFlag                                  0x20000034   Data           4  systemscope.o(.data)
    g_Test_Mode                              0x20000042   Data           1  processscope.o(.data)
    g_Micro_Switch                           0x20000043   Data           1  processscope.o(.data)
    g_Udp_Count                              0x20000048   Data           4  processscope.o(.data)
    g_Frame_Count                            0x2000004c   Data           4  processscope.o(.data)
    g_Send_Fail                              0x20000050   Data           4  processscope.o(.data)
    g_AirLight_Flag                          0x20000054   Data           1  processscope.o(.data)
    g_Debug_Data                             0x2000006e   Data         512  interfacescope.o(.data)
    DMATxDescToSet                           0x20000294   Data           4  stm32f4x7_eth.o(.data)
    DMARxDescToGet                           0x20000298   Data           4  stm32f4x7_eth.o(.data)
    DMA_RX_FRAME_infos                       0x2000029c   Data           4  stm32f4x7_eth.o(.data)
    Frame_Rx_index                           0x200002a0   Data           4  stm32f4x7_eth.o(.data)
    g_Elec_Status                            0x20000314   Data           1  driver.o(.data)
    current_netif                            0x20000318   Data           4  ip.o(.data)
    current_header                           0x2000031c   Data           4  ip.o(.data)
    current_iphdr_src                        0x20000320   Data           4  ip.o(.data)
    current_iphdr_dest                       0x20000324   Data           4  ip.o(.data)
    netif_list                               0x20000344   Data           4  netif.o(.data)
    netif_default                            0x20000348   Data           4  netif.o(.data)
    tcp_ticks                                0x2000035c   Data           4  tcp.o(.data)
    tcp_bound_pcbs                           0x20000360   Data           4  tcp.o(.data)
    tcp_listen_pcbs                          0x20000364   Data           4  tcp.o(.data)
    tcp_active_pcbs                          0x20000368   Data           4  tcp.o(.data)
    tcp_tw_pcbs                              0x2000036c   Data           4  tcp.o(.data)
    tcp_tmp_pcb                              0x20000370   Data           4  tcp.o(.data)
    tcp_active_pcbs_changed                  0x20000374   Data           1  tcp.o(.data)
    tcp_input_pcb                            0x20000394   Data           4  tcp_in.o(.data)
    udp_pcbs                                 0x2000039c   Data           4  udp.o(.data)
    TCPTimer                                 0x200003ac   Data           4  netconf.o(.data)
    ARPTimer                                 0x200003b0   Data           4  netconf.o(.data)
    IPaddress                                0x200003b4   Data           4  netconf.o(.data)
    EthStatus                                0x200003c4   Data           4  stm32f4x7_eth_bsp.o(.data)
    s_tAddr                                  0x200003d4   Data           4  udp_echoserver.o(.data)
    s_nPort                                  0x200003d8   Data           2  udp_echoserver.o(.data)
    s_ptUpcb                                 0x200003dc   Data           4  udp_echoserver.o(.data)
    __stdout                                 0x200003e0   Data           4  stdout.o(.data)
    g_tAxisPosStatus                         0x200003e4   Data          28  systemscope.o(.bss)
    g_tSystemPara                            0x20000400   Data          54  systemscope.o(.bss)
    g_nErrorParaSet                          0x20000436   Data          64  systemscope.o(.bss)
    ADC1_Status                              0x20000478   Data          12  processscope.o(.bss)
    g_ADC1_Buffer                            0x20000484   Data         512  processscope.o(.bss)
    ADC2_Status                              0x20000684   Data          12  processscope.o(.bss)
    g_ADC2_Buffer                            0x20000690   Data         512  processscope.o(.bss)
    g_CRP_Data                               0x20000890   Data        1032  processscope.o(.bss)
    g_NET_achCmdRvBuf                        0x20000c98   Data         256  protocol.o(.bss)
    g_achFbkSdBuf                            0x20000d98   Data        1500  protocol.o(.bss)
    g_achFbkSdLogBuf                         0x20001374   Data        1500  protocol.o(.bss)
    g_SPG_achCmdRvBuf                        0x20002508   Data          80  samplingport.o(.bss)
    g_Record_Param                           0x20002558   Data          28  storagemanagement.o(.bss)
    DMARxDscrTab                             0x20002574   Data         256  stm32f4x7_eth.o(.bss)
    DMATxDscrTab                             0x20002674   Data         256  stm32f4x7_eth.o(.bss)
    Rx_Buff                                  0x20002774   Data       12192  stm32f4x7_eth.o(.bss)
    Tx_Buff                                  0x20005714   Data       12192  stm32f4x7_eth.o(.bss)
    RX_Frame_Descriptor                      0x200086b4   Data          12  stm32f4x7_eth.o(.bss)
    g_atMotorStatus                          0x200086c0   Data          16  scope_move.o(.bss)
    g_atMotorPara                            0x200086d0   Data          32  scope_move.o(.bss)
    dhcp_rx_options_val                      0x20009ed4   Data          40  dhcp.o(.bss)
    dhcp_rx_options_given                    0x20009efc   Data          10  dhcp.o(.bss)
    ram_heap                                 0x20009f06   Data       10260  mem.o(.bss)
    gnetif                                   0x20011334   Data          56  netconf.o(.bss)
    ETH_InitStructure                        0x2001136c   Data         188  stm32f4x7_eth_bsp.o(.bss)
    __initial_sp                             0x20015428   Data           0  startup_stm32f40_41xxx.o(STACK)



==============================================================================

Memory Map of the image

  Image Entry point : 0x08000189

  Load Region LR_IROM1 (Base: 0x08000000, Size: 0x000005e4, Max: 0x00003fff, ABSOLUTE, COMPRESSED[0x000002f0])

    Execution Region ER_IROM1 (Base: 0x08000000, Size: 0x00000200, Max: 0x00003fff, ABSOLUTE)

    Base Addr    Size         Type   Attr      Idx    E Section Name        Object

    0x08000000   0x00000188   Data   RO          293    RESET               startup_stm32f40_41xxx.o
    0x08000188   0x00000000   Code   RO         2132  * .ARM.Collect$$$$00000000  mc_w.l(entry.o)
    0x08000188   0x00000004   Code   RO         2420    .ARM.Collect$$$$00000001  mc_w.l(entry2.o)
    0x0800018c   0x00000004   Code   RO         2423    .ARM.Collect$$$$00000004  mc_w.l(entry5.o)
    0x08000190   0x00000000   Code   RO         2425    .ARM.Collect$$$$00000008  mc_w.l(entry7b.o)
    0x08000190   0x00000000   Code   RO         2427    .ARM.Collect$$$$0000000A  mc_w.l(entry8b.o)
    0x08000190   0x00000008   Code   RO         2428    .ARM.Collect$$$$0000000B  mc_w.l(entry9a.o)
    0x08000198   0x00000000   Code   RO         2430    .ARM.Collect$$$$0000000D  mc_w.l(entry10a.o)
    0x08000198   0x00000000   Code   RO         2432    .ARM.Collect$$$$0000000F  mc_w.l(entry11a.o)
    0x08000198   0x00000004   Code   RO         2421    .ARM.Collect$$$$00002712  mc_w.l(entry2.o)
    0x0800019c   0x00000024   Code   RO         2452    .text               mc_w.l(init.o)
    0x080001c0   0x0000000e   Code   RO         2456    i.__scatterload_copy  mc_w.l(handlers.o)
    0x080001ce   0x00000002   Code   RO         2457    i.__scatterload_null  mc_w.l(handlers.o)
    0x080001d0   0x0000000e   Code   RO         2458    i.__scatterload_zeroinit  mc_w.l(handlers.o)
    0x080001de   0x00000002   PAD
    0x080001e0   0x00000020   Data   RO         2454    Region$$Table       anon$$obj.o


    Execution Region RW_IRAM1 (Base: 0x20000000, Size: 0x00015428, Max: 0x00020000, ABSOLUTE, COMPRESSED[0x000000f0])

    Base Addr    Size         Type   Attr      Idx    E Section Name        Object

    0x20000000   0x00000014   Data   RW          268    .data               system_stm32f4xx.o
    0x20000014   0x00000024   Data   RW          303    .data               systemscope.o
    0x20000038   0x0000001d   Data   RW          331    .data               processscope.o
    0x20000055   0x0000000c   Data   RW          361    .data               protocol.o
    0x20000061   0x00000003   PAD
    0x20000064   0x0000021a   Data   RW          393    .data               interfacescope.o
    0x2000027e   0x00000014   Data   RW          421    .data               samplingport.o
    0x20000292   0x00000002   PAD
    0x20000294   0x00000010   Data   RW          475    .data               stm32f4x7_eth.o
    0x200002a4   0x00000010   Data   RW         1030    .data               stm32f4xx_rcc.o
    0x200002b4   0x00000020   Data   RW         1237    .data               scope_it.o
    0x200002d4   0x00000012   Data   RW         1316    .data               buffercircle.o
    0x200002e6   0x00000012   Data   RW         1339    .data               netbuffercircle.o
    0x200002f8   0x00000012   Data   RW         1362    .data               samplebuffercircle.o
    0x2000030a   0x0000000b   Data   RW         1412    .data               driver.o
    0x20000315   0x00000001   Data   RW         1528    .data               etharp.o
    0x20000316   0x00000002   PAD
    0x20000318   0x00000012   Data   RW         1643    .data               ip.o
    0x2000032a   0x00000002   PAD
    0x2000032c   0x00000006   Data   RW         1703    .data               ip_frag.o
    0x20000332   0x00000002   PAD
    0x20000334   0x00000004   Data   RW         1733    .data               dhcp.o
    0x20000338   0x0000000c   Data   RW         1791    .data               mem.o
    0x20000344   0x00000009   Data   RW         1833    .data               netif.o
    0x2000034d   0x00000003   PAD
    0x20000350   0x00000004   Data   RW         1867    .data               raw.o
    0x20000354   0x00000023   Data   RW         1895    .data               tcp.o
    0x20000377   0x00000001   PAD
    0x20000378   0x00000020   Data   RW         1918    .data               tcp_in.o
    0x20000398   0x00000008   Data   RW         1964    .data               udp.o
    0x200003a0   0x00000018   Data   RW         2047    .data               netconf.o
    0x200003b8   0x00000010   Data   RW         2072    .data               stm32f4x7_eth_bsp.o
    0x200003c8   0x00000018   Data   RW         2105    .data               udp_echoserver.o
    0x200003e0   0x00000004   Data   RW         2434    .data               mc_w.l(stdout.o)
    0x200003e4   0x00000092   Zero   RW          301    .bss                systemscope.o
    0x20000476   0x00000002   PAD
    0x20000478   0x00000820   Zero   RW          329    .bss                processscope.o
    0x20000c98   0x00000cb8   Zero   RW          360    .bss                protocol.o
    0x20001950   0x00000bb8   Zero   RW          391    .bss                interfacescope.o
    0x20002508   0x00000050   Zero   RW          420    .bss                samplingport.o
    0x20002558   0x0000001c   Zero   RW          447    .bss                storagemanagement.o
    0x20002574   0x0000614c   Zero   RW          474    .bss                stm32f4x7_eth.o
    0x200086c0   0x00000030   Zero   RW         1287    .bss                scope_move.o
    0x200086f0   0x000009c4   Zero   RW         1315    .bss                buffercircle.o
    0x200090b4   0x00000c80   Zero   RW         1338    .bss                netbuffercircle.o
    0x20009d34   0x000000c8   Zero   RW         1361    .bss                samplebuffercircle.o
    0x20009dfc   0x000000c8   Zero   RW         1526    .bss                etharp.o
    0x20009ec4   0x00000010   Zero   RW         1680    .bss                ip_addr.o
    0x20009ed4   0x00000032   Zero   RW         1732    .bss                dhcp.o
    0x20009f06   0x00002814   Zero   RW         1790    .bss                mem.o
    0x2000c71a   0x00000002   PAD
    0x2000c71c   0x00004c07   Zero   RW         1806    .bss                memp.o
    0x20011323   0x00000001   PAD
    0x20011324   0x00000010   Zero   RW         1917    .bss                tcp_in.o
    0x20011334   0x00000038   Zero   RW         2046    .bss                netconf.o
    0x2001136c   0x000000bc   Zero   RW         2071    .bss                stm32f4x7_eth_bsp.o
    0x20011428   0x00004000   Zero   RW          291    STACK               startup_stm32f40_41xxx.o



  Load Region LR_IROM2 (Base: 0x08008000, Size: 0x00021de0, Max: 0x0003ffff, ABSOLUTE)

    Execution Region ER_IROM2 (Base: 0x08008000, Size: 0x00021de0, Max: 0x0003ffff, ABSOLUTE)

    Base Addr    Size         Type   Attr      Idx    E Section Name        Object

    0x08008000   0x00000200   Code   RO            3    .text               scopemain.o
    0x08008200   0x000002cc   Code   RO          267    .text               system_stm32f4xx.o
    0x080084cc   0x00000024   Code   RO          294    .text               startup_stm32f40_41xxx.o
    0x080084f0   0x000001d4   Code   RO          300    .text               systemscope.o
    0x080086c4   0x0000528c   Code   RO          328    .text               processscope.o
    0x0800d950   0x0000049c   Code   RO          359    .text               protocol.o
    0x0800ddec   0x000019f4   Code   RO          390    .text               interfacescope.o
    0x0800f7e0   0x00000364   Code   RO          419    .text               samplingport.o
    0x0800fb44   0x00000190   Code   RO          446    .text               storagemanagement.o
    0x0800fcd4   0x00001e30   Code   RO          473    .text               stm32f4x7_eth.o
    0x08011b04   0x000001dc   Code   RO          497    .text               misc.o
    0x08011ce0   0x00001070   Code   RO          537    .text               stm32f4xx_adc.o
    0x08012d50   0x000005f8   Code   RO          677    .text               stm32f4xx_dac.o
    0x08013348   0x000013a4   Code   RO          760    .text               stm32f4xx_dma.o
    0x080146ec   0x000002f8   Code   RO          780    .text               stm32f4xx_exti.o
    0x080149e4   0x00000a94   Code   RO          800    .text               stm32f4xx_flash.o
    0x08015478   0x00000e48   Code   RO          843    .text               stm32f4xx_fsmc.o
    0x080162c0   0x00000a10   Code   RO          866    .text               stm32f4xx_gpio.o
    0x08016cd0   0x00000f60   Code   RO         1029    .text               stm32f4xx_rcc.o
    0x08017c30   0x00000dd0   Code   RO         1134    .text               stm32f4xx_spi.o
    0x08018a00   0x0000019c   Code   RO         1154    .text               stm32f4xx_syscfg.o
    0x08018b9c   0x00003284   Code   RO         1174    .text               stm32f4xx_tim.o
    0x0801be20   0x0000115c   Code   RO         1194    .text               stm32f4xx_usart.o
    0x0801cf7c   0x00000378   Code   RO         1214    .text               fpga.o
    0x0801d2f4   0x00000274   Code   RO         1236    .text               scope_it.o
    0x0801d568   0x000004c4   Code   RO         1258    .text               scope_eval.o
    0x0801da2c   0x000003ec   Code   RO         1286    .text               scope_move.o
    0x0801de18   0x000003b8   Code   RO         1314    .text               buffercircle.o
    0x0801e1d0   0x000003b8   Code   RO         1337    .text               netbuffercircle.o
    0x0801e588   0x0000038c   Code   RO         1360    .text               samplebuffercircle.o
    0x0801e914   0x00001ce0   Code   RO         1409    .text               driver.o
    0x080205f4   0x0000062c   Code   RO         1461    .text               ad7799.o
    0x08020c20   0x00000290   Code   RO         1483    .text               ethernetif.o
    0x08020eb0   0x0000092c   Code   RO         1525    .text               etharp.o
    0x080217dc   0x000001f0   Code   RO         1584    .text               icmp.o
    0x080219cc   0x00000222   Code   RO         1624    .text               inet_chksum.o
    0x08021bee   0x00000002   PAD
    0x08021bf0   0x00000308   Code   RO         1642    .text               ip.o
    0x08021ef8   0x000002b4   Code   RO         1679    .text               ip_addr.o
    0x080221ac   0x00000694   Code   RO         1702    .text               ip_frag.o
    0x08022840   0x0000003e   Code   RO         1719    .text               def.o
    0x0802287e   0x00000002   PAD
    0x08022880   0x000010cc   Code   RO         1731    .text               dhcp.o
    0x0802394c   0x0000033c   Code   RO         1789    .text               mem.o
    0x08023c88   0x000000a8   Code   RO         1805    .text               memp.o
    0x08023d30   0x000002ac   Code   RO         1832    .text               netif.o
    0x08023fdc   0x0000073a   Code   RO         1854    .text               pbuf.o
    0x08024716   0x00000002   PAD
    0x08024718   0x000001b0   Code   RO         1866    .text               raw.o
    0x080248c8   0x00000e18   Code   RO         1892    .text               tcp.o
    0x080256e0   0x000012ac   Code   RO         1916    .text               tcp_in.o
    0x0802698c   0x00000c2e   Code   RO         1939    .text               tcp_out.o
    0x080275ba   0x00000002   Code   RO         1951    .text               timers.o
    0x080275bc   0x00000480   Code   RO         1963    .text               udp.o
    0x08027a3c   0x00000170   Code   RO         2045    .text               netconf.o
    0x08027bac   0x00000438   Code   RO         2070    .text               stm32f4x7_eth_bsp.o
    0x08027fe4   0x0000025c   Code   RO         2103    .text               udp_echoserver.o
    0x08028240   0x00000024   Code   RO         2135    .text               mc_w.l(memcpya.o)
    0x08028264   0x00000024   Code   RO         2137    .text               mc_w.l(memseta.o)
    0x08028288   0x00000018   Code   RO         2139    .text               mc_w.l(strncpy.o)
    0x080282a0   0x0000000e   Code   RO         2141    .text               mc_w.l(strlen.o)
    0x080282ae   0x0000001a   Code   RO         2143    .text               mc_w.l(memcmp.o)
    0x080282c8   0x0000014e   Code   RO         2408    .text               mf_w.l(dadd.o)
    0x08028416   0x000000e4   Code   RO         2410    .text               mf_w.l(dmul.o)
    0x080284fa   0x0000001a   Code   RO         2412    .text               mf_w.l(dfltui.o)
    0x08028514   0x0000003e   Code   RO         2414    .text               mf_w.l(dfixi.o)
    0x08028552   0x00000032   Code   RO         2416    .text               mf_w.l(dfixui.o)
    0x08028584   0x00000028   Code   RO         2418    .text               mf_w.l(cdrcmple.o)
    0x080285ac   0x00000062   Code   RO         2437    .text               mc_w.l(uldiv.o)
    0x0802860e   0x0000001e   Code   RO         2439    .text               mc_w.l(llshl.o)
    0x0802862c   0x00000020   Code   RO         2441    .text               mc_w.l(llushr.o)
    0x0802864c   0x00000024   Code   RO         2443    .text               mc_w.l(llsshr.o)
    0x08028670   0x00000000   Code   RO         2445    .text               mc_w.l(iusefp.o)
    0x08028670   0x000000be   Code   RO         2446    .text               mf_w.l(depilogue.o)
    0x0802872e   0x0000005c   Code   RO         2462    .text               mc_w.l(__dczerorl2.o)
    0x0802878a   0x00000002   PAD
    0x0802878c   0x00000020   Code   RO         2354    i.__0printf$8       mc_w.l(printf8.o)
    0x080287ac   0x00000028   Code   RO         2356    i.__0sprintf$8      mc_w.l(printf8.o)
    0x080287d4   0x00000408   Code   RO         2361    i._printf_core      mc_w.l(printf8.o)
    0x08028bdc   0x00000026   Code   RO         2362    i._printf_post_padding  mc_w.l(printf8.o)
    0x08028c02   0x00000030   Code   RO         2363    i._printf_pre_padding  mc_w.l(printf8.o)
    0x08028c32   0x0000000a   Code   RO         2365    i._sputc            mc_w.l(printf8.o)
    0x08028c3c   0x000000c0   Data   RO          302    .constdata          systemscope.o
    0x08028cfc   0x00000d9d   Data   RO          330    .constdata          processscope.o
    0x08029a99   0x00000003   PAD
    0x08029a9c   0x00000098   Data   RO          392    .constdata          interfacescope.o
    0x08029b34   0x0000001c   Data   RO          844    .constdata          stm32f4xx_fsmc.o
    0x08029b50   0x00000134   Data   RO         1259    .constdata          scope_eval.o
    0x08029c84   0x00000010   Data   RO         1288    .constdata          scope_move.o
    0x08029c94   0x00000010   Data   RO         1411    .constdata          driver.o
    0x08029ca4   0x0000000c   Data   RO         1527    .constdata          etharp.o
    0x08029cb0   0x00000008   Data   RO         1681    .constdata          ip_addr.o
    0x08029cb8   0x00000024   Data   RO         1807    .constdata          memp.o
    0x08029cdc   0x00000050   Data   RO         1893    .constdata          tcp.o
    0x08029d2c   0x0000004b   Data   RO         2104    .constdata          udp_echoserver.o
    0x08029d77   0x00000068   Data   RO         1894    .conststring        tcp.o


==============================================================================

Image component sizes


      Code (inc. data)   RO Data    RW Data    ZI Data      Debug   Object Name

      1580         32          0          0          0       4122   ad7799.o
       952         16          0         18       2500       4406   buffercircle.o
        62          0          0          0          0       1174   def.o
      4300         80          0          4         50      12570   dhcp.o
      7392        794         16         11          0      25252   driver.o
      2348         22         12          1        200      15877   etharp.o
       656         36          0          0          0       7755   ethernetif.o
       888         18          0          0          0       2691   fpga.o
       496          8          0          0          0       3342   icmp.o
         0          0          0          0          0       3768   inet.o
       546          0          0          0          0       2897   inet_chksum.o
      6644        478        152        538       3000      45505   interfacescope.o
       776         30          0         18          0      15476   ip.o
       692         12          8          0         16       9151   ip_addr.o
      1684         18          0          6          0       6988   ip_frag.o
       828         18          0         12      10260       3822   mem.o
       168         18         36          0      19463       2322   memp.o
       476         56          0          0          0       1889   misc.o
       952         16          0         18       3200       4724   netbuffercircle.o
       368        142          0         24         56       1826   netconf.o
       684         20          0          9          0       6449   netif.o
      1850          0          0          0          0       8809   pbuf.o
     21132       4762       3485         29       2080      30493   processscope.o
      1180         58          0         12       3256       8251   protocol.o
       432         14          0          4          0       3237   raw.o
       908         16          0         18        200       4434   samplebuffercircle.o
       868         32          0         20         80       6209   samplingport.o
      1220        250        308          0          0      31230   scope_eval.o
       628         68          0         32          0       3292   scope_it.o
      1004         18         16          0         48       4431   scope_move.o
       512        246          0          0          0     418981   scopemain.o
        36          8        392          0      16384        796   startup_stm32f40_41xxx.o
      7728        216          0         16      24908      23289   stm32f4x7_eth.o
      1080        192          0         16        188       4669   stm32f4x7_eth_bsp.o
      4208        130          0          0          0      12554   stm32f4xx_adc.o
      1528         48          0          0          0       5381   stm32f4xx_dac.o
      5028        330          0          0          0       8513   stm32f4xx_dma.o
       760         50          0          0          0       2551   stm32f4xx_exti.o
      2708         82          0          0          0       9918   stm32f4xx_flash.o
      3656        130         28          0          0       7038   stm32f4xx_fsmc.o
      2576        178          0          0          0       5213   stm32f4xx_gpio.o
      3936        252          0         16          0      15056   stm32f4xx_rcc.o
      3536        168          0          0          0       8333   stm32f4xx_spi.o
       412         62          0          0          0       1961   stm32f4xx_syscfg.o
     12932        652          0          0          0      29104   stm32f4xx_tim.o
      4444        228          0          0          0       9852   stm32f4xx_usart.o
       400         46          0          0         28       3952   storagemanagement.o
       716         50          0         20          0       1968   system_stm32f4xx.o
       468         46        192         36        146       5689   systemscope.o
      3608        138        184         35          0      21203   tcp.o
      4780        232          0         32         16      14487   tcp_in.o
      3118          8          0          0          0       9307   tcp_out.o
         2          0          0          0          0        435   timers.o
      1152         22          0          8          0      13765   udp.o
       604        216         75         24          0       2237   udp_echoserver.o

    ----------------------------------------------------------------------
    131648      10762       4940        992      86084     918644   Object Totals
         0          0         32          0          0          0   (incl. Generated)
         6          0          4         15          5          0   (incl. Padding)

    ----------------------------------------------------------------------

      Code (inc. data)   RO Data    RW Data    ZI Data      Debug   Library Member Name

        92          0          0          0          0          0   __dczerorl2.o
         0          0          0          0          0          0   entry.o
         0          0          0          0          0          0   entry10a.o
         0          0          0          0          0          0   entry11a.o
         8          4          0          0          0          0   entry2.o
         4          0          0          0          0          0   entry5.o
         0          0          0          0          0          0   entry7b.o
         0          0          0          0          0          0   entry8b.o
         8          4          0          0          0          0   entry9a.o
        30          0          0          0          0          0   handlers.o
        36          8          0          0          0         68   init.o
         0          0          0          0          0          0   iusefp.o
        30          0          0          0          0         68   llshl.o
        36          0          0          0          0         68   llsshr.o
        32          0          0          0          0         68   llushr.o
        26          0          0          0          0         80   memcmp.o
        36          0          0          0          0         68   memcpya.o
        36          0          0          0          0        108   memseta.o
      1200         60          0          0          0        504   printf8.o
         0          0          0          4          0          0   stdout.o
        14          0          0          0          0         68   strlen.o
        24          0          0          0          0         76   strncpy.o
        98          0          0          0          0         92   uldiv.o
        40          2          0          0          0         68   cdrcmple.o
       334          0          0          0          0        148   dadd.o
       190          0          0          0          0        176   depilogue.o
        62          0          0          0          0         80   dfixi.o
        50          0          0          0          0         76   dfixui.o
        26          0          0          0          0         76   dfltui.o
       228          0          0          0          0         96   dmul.o

    ----------------------------------------------------------------------
      2644         78          0          4          0       1988   Library Totals
         4          0          0          0          0          0   (incl. Padding)

    ----------------------------------------------------------------------

      Code (inc. data)   RO Data    RW Data    ZI Data      Debug   Library Name

      1710         76          0          4          0       1268   mc_w.l
       930          2          0          0          0        720   mf_w.l

    ----------------------------------------------------------------------
      2644         78          0          4          0       1988   Library Totals

    ----------------------------------------------------------------------

==============================================================================


      Code (inc. data)   RO Data    RW Data    ZI Data      Debug   

    134292      10840       4940        996      86084     907192   Grand Totals
    134292      10840       4940        240      86084     907192   ELF Image Totals (compressed)
    134292      10840       4940        240          0          0   ROM Totals

==============================================================================

    Total RO  Size (Code + RO Data)               139232 ( 135.97kB)
    Total RW  Size (RW Data + ZI Data)             87080 (  85.04kB)
    Total ROM Size (Code + RO Data + RW Data)     139472 ( 136.20kB)

==============================================================================

