ARM Linker, 5.03 [Build 76] [MDK-ARM Professional]

==============================================================================

Section Cross References

    scopemain.o(.text) refers to memseta.o(.text) for __aeabi_memclr4
    scopemain.o(.text) refers to storagemanagement.o(.text) for Flash_Read_Param
    scopemain.o(.text) refers to printf8.o(i.__0printf$8) for __2printf
    scopemain.o(.text) refers to scope_eval.o(.text) for EVAL_OutputSet
    scopemain.o(.text) refers to scope_it.o(.text) for IT_SYS_DlyMs
    scopemain.o(.text) refers to protocol.o(.text) for PL_InitProtocol
    scopemain.o(.text) refers to samplingport.o(.text) for SPG_InitProtocol
    scopemain.o(.text) refers to stm32f4x7_eth_bsp.o(.text) for ETH_BSP_Config
    scopemain.o(.text) refers to netconf.o(.text) for LwIP_Init
    scopemain.o(.text) refers to udp_echoserver.o(.text) for udp_echoserver_init
    scopemain.o(.text) refers to systemscope.o(.text) for Iint_SysParam
    scopemain.o(.text) refers to interfacescope.o(.text) for HW_LWIP_MainLine
    scopemain.o(.text) refers to storagemanagement.o(.bss) for g_Record_Param
    scopemain.o(.text) refers to processscope.o(.data) for g_AirLight_Flag
    system_stm32f4xx.o(.text) refers to stm32f4xx_rcc.o(.text) for RCC_DeInit
    system_stm32f4xx.o(.text) refers to system_stm32f4xx.o(.data) for SystemCoreClock
    startup_stm32f40_41xxx.o(RESET) refers to startup_stm32f40_41xxx.o(STACK) for __initial_sp
    startup_stm32f40_41xxx.o(RESET) refers to startup_stm32f40_41xxx.o(.text) for Reset_Handler
    startup_stm32f40_41xxx.o(RESET) refers to scope_it.o(.text) for SysTick_Handler
    startup_stm32f40_41xxx.o(RESET) refers to driver.o(.text) for DMA2_Stream0_IRQHandler
    startup_stm32f40_41xxx.o(.text) refers to system_stm32f4xx.o(.text) for SystemInit
    startup_stm32f40_41xxx.o(.text) refers to entry.o(.ARM.Collect$$$$00000000) for __main
    systemscope.o(.text) refers to memseta.o(.text) for __aeabi_memclr4
    systemscope.o(.text) refers to processscope.o(.bss) for g_CRP_Data
    systemscope.o(.text) refers to systemscope.o(.data) for g_nError
    systemscope.o(.text) refers to systemscope.o(.bss) for g_tAxisPosStatus
    systemscope.o(.text) refers to systemscope.o(.constdata) for m_nConstBitsMap
    processscope.o(.text) refers to scope_it.o(.text) for IT_LIST_GetTicks
    processscope.o(.text) refers to protocol.o(.text) for PL_NET_SendResult
    processscope.o(.text) refers to processscope.o(.data) for g_Udp_Count
    processscope.o(.text) refers to printf8.o(i.__0printf$8) for __2printf
    processscope.o(.text) refers to interfacescope.o(.text) for HW_LWIP_Working_Recv_Handle
    processscope.o(.text) refers to netconf.o(.text) for LwIP_Periodic_Handle
    processscope.o(.text) refers to systemscope.o(.bss) for g_tAxisPosStatus
    processscope.o(.text) refers to processscope.o(.constdata) for .constdata
    processscope.o(.text) refers to storagemanagement.o(.bss) for g_Record_Param
    processscope.o(.text) refers to storagemanagement.o(.text) for Flash_Write_Param
    processscope.o(.text) refers to memseta.o(.text) for __aeabi_memclr4
    processscope.o(.text) refers to driver.o(.text) for Get_Micro_OC_Status
    processscope.o(.text) refers to processscope.o(.bss) for g_CRP_Data
    processscope.o(.text) refers to stm32f4xx_adc.o(.text) for ADC_DMACmd
    processscope.o(.text) refers to stm32f4xx_dma.o(.text) for DMA_Cmd
    processscope.o(.text) refers to printf8.o(i.__0sprintf$8) for __2sprintf
    processscope.o(.text) refers to protocol.o(.bss) for g_achFbkSdLogBuf
    processscope.o(.text) refers to udp_echoserver.o(.text) for udp_echoserver_senddata
    processscope.o(.text) refers to systemscope.o(.text) for SYS_HasError
    processscope.o(.text) refers to strncpy.o(.text) for strncpy
    protocol.o(.text) refers to buffercircle.o(.text) for BUF_Send_Init
    protocol.o(.text) refers to netbuffercircle.o(.text) for NET_BUF_Send_Init
    protocol.o(.text) refers to stm32f4xx_usart.o(.text) for USART_ITConfig
    protocol.o(.text) refers to udp_echoserver.o(.text) for udp_echoserver_senddata
    protocol.o(.text) refers to memcpya.o(.text) for __aeabi_memcpy
    protocol.o(.text) refers to strlen.o(.text) for strlen
    protocol.o(.text) refers to protocol.o(.data) for m_NET_tRecvBufStatus
    protocol.o(.text) refers to protocol.o(.bss) for g_NET_achCmdRvBuf
    interfacescope.o(.text) refers to scope_move.o(.text) for MV_InitPara
    interfacescope.o(.text) refers to fpga.o(.text) for FPGA_ReadBuffer
    interfacescope.o(.text) refers to processscope.o(.text) for moto_work_stat_2
    interfacescope.o(.text) refers to scope_it.o(.text) for IT_SYS_DlyMs
    interfacescope.o(.text) refers to printf8.o(i.__0printf$8) for __2printf
    interfacescope.o(.text) refers to systemscope.o(.bss) for g_tAxisPosStatus
    interfacescope.o(.text) refers to scope_move.o(.bss) for g_atMotorPara
[...]
    DMA_ClearFlag                            0x080143b9   Thumb Code   220  stm32f4xx_dma.o(.text)
    DMA_ITConfig                             0x08014495   Thumb Code   244  stm32f4xx_dma.o(.text)
    DMA_GetITStatus                          0x08014589   Thumb Code   590  stm32f4xx_dma.o(.text)
    DMA_ClearITPendingBit                    0x080147d7   Thumb Code   220  stm32f4xx_dma.o(.text)
    EXTI_DeInit                              0x08014955   Thumb Code    28  stm32f4xx_exti.o(.text)
    EXTI_Init                                0x08014971   Thumb Code   236  stm32f4xx_exti.o(.text)
    EXTI_StructInit                          0x08014a5d   Thumb Code    16  stm32f4xx_exti.o(.text)
    EXTI_GenerateSWInterrupt                 0x08014a6d   Thumb Code    38  stm32f4xx_exti.o(.text)
    EXTI_GetFlagStatus                       0x08014a93   Thumb Code   164  stm32f4xx_exti.o(.text)
    EXTI_ClearFlag                           0x08014b37   Thumb Code    30  stm32f4xx_exti.o(.text)
    EXTI_GetITStatus                         0x08014b55   Thumb Code   166  stm32f4xx_exti.o(.text)
    EXTI_ClearITPendingBit                   0x08014bfb   Thumb Code    32  stm32f4xx_exti.o(.text)
    FLASH_SetLatency                         0x08014c4d   Thumb Code    84  stm32f4xx_flash.o(.text)
    FLASH_PrefetchBufferCmd                  0x08014ca1   Thumb Code    52  stm32f4xx_flash.o(.text)
    FLASH_InstructionCacheCmd                0x08014cd5   Thumb Code    52  stm32f4xx_flash.o(.text)
    FLASH_DataCacheCmd                       0x08014d09   Thumb Code    52  stm32f4xx_flash.o(.text)
    FLASH_InstructionCacheReset              0x08014d3d   Thumb Code    14  stm32f4xx_flash.o(.text)
    FLASH_DataCacheReset                     0x08014d4b   Thumb Code    14  stm32f4xx_flash.o(.text)
    FLASH_Unlock                             0x08014d59   Thumb Code    26  stm32f4xx_flash.o(.text)
    FLASH_Lock                               0x08014d73   Thumb Code    18  stm32f4xx_flash.o(.text)
    FLASH_GetStatus                          0x08014d85   Thumb Code    90  stm32f4xx_flash.o(.text)
    FLASH_WaitForLastOperation               0x08014ddf   Thumb Code    34  stm32f4xx_flash.o(.text)
    FLASH_EraseSector                        0x08014e01   Thumb Code   278  stm32f4xx_flash.o(.text)
    FLASH_EraseAllSectors                    0x08014f17   Thumb Code   140  stm32f4xx_flash.o(.text)
    FLASH_EraseAllBank1Sectors               0x08014fa3   Thumb Code   140  stm32f4xx_flash.o(.text)
    FLASH_EraseAllBank2Sectors               0x0801502f   Thumb Code   190  stm32f4xx_flash.o(.text)
    FLASH_ProgramDoubleWord                  0x080150ed   Thumb Code   122  stm32f4xx_flash.o(.text)
    FLASH_ProgramWord                        0x08015167   Thumb Code   112  stm32f4xx_flash.o(.text)
    FLASH_ProgramHalfWord                    0x080151d7   Thumb Code   112  stm32f4xx_flash.o(.text)
    FLASH_ProgramByte                        0x08015247   Thumb Code   108  stm32f4xx_flash.o(.text)
    FLASH_OB_Unlock                          0x080152b3   Thumb Code    26  stm32f4xx_flash.o(.text)
    FLASH_OB_Lock                            0x080152cd   Thumb Code    18  stm32f4xx_flash.o(.text)
    FLASH_OB_WRPConfig                       0x080152df   Thumb Code    96  stm32f4xx_flash.o(.text)
    FLASH_OB_WRP1Config                      0x0801533f   Thumb Code    96  stm32f4xx_flash.o(.text)
    FLASH_OB_PCROPSelectionConfig            0x0801539f   Thumb Code    48  stm32f4xx_flash.o(.text)
    FLASH_OB_PCROPConfig                     0x080153cf   Thumb Code    96  stm32f4xx_flash.o(.text)
    FLASH_OB_PCROP1Config                    0x0801542f   Thumb Code   118  stm32f4xx_flash.o(.text)
    FLASH_OB_RDPConfig                       0x080154a5   Thumb Code    44  stm32f4xx_flash.o(.text)
    FLASH_OB_UserConfig                      0x080154d1   Thumb Code   116  stm32f4xx_flash.o(.text)
    FLASH_OB_BootConfig                      0x08015545   Thumb Code    50  stm32f4xx_flash.o(.text)
    FLASH_OB_BORConfig                       0x08015577   Thumb Code    58  stm32f4xx_flash.o(.text)
    FLASH_OB_Launch                          0x080155b1   Thumb Code    30  stm32f4xx_flash.o(.text)
    FLASH_OB_GetUser                         0x080155cf   Thumb Code    12  stm32f4xx_flash.o(.text)
    FLASH_OB_GetWRP                          0x080155db   Thumb Code     8  stm32f4xx_flash.o(.text)
    FLASH_OB_GetWRP1                         0x080155e3   Thumb Code     8  stm32f4xx_flash.o(.text)
    FLASH_OB_GetPCROP                        0x080155eb   Thumb Code     8  stm32f4xx_flash.o(.text)
    FLASH_OB_GetPCROP1                       0x080155f3   Thumb Code     8  stm32f4xx_flash.o(.text)
    FLASH_OB_GetRDP                          0x080155fb   Thumb Code    18  stm32f4xx_flash.o(.text)
    FLASH_OB_GetBOR                          0x0801560d   Thumb Code    12  stm32f4xx_flash.o(.text)
    FLASH_ITConfig                           0x08015619   Thumb Code    82  stm32f4xx_flash.o(.text)
    FLASH_GetFlagStatus                      0x0801566b   Thumb Code    76  stm32f4xx_flash.o(.text)
    FLASH_ClearFlag                          0x080156b7   Thumb Code    38  stm32f4xx_flash.o(.text)
    FSMC_NORSRAMDeInit                       0x080156e1   Thumb Code    84  stm32f4xx_fsmc.o(.text)
    FSMC_NORSRAMInit                         0x08015735   Thumb Code   870  stm32f4xx_fsmc.o(.text)
    FSMC_NORSRAMStructInit                   0x08015a9b   Thumb Code    48  stm32f4xx_fsmc.o(.text)
    FSMC_NORSRAMCmd                          0x08015acb   Thumb Code   152  stm32f4xx_fsmc.o(.text)
    FSMC_NANDDeInit                          0x08015b63   Thumb Code    90  stm32f4xx_fsmc.o(.text)
    FSMC_NANDInit                            0x08015bbd   Thumb Code   594  stm32f4xx_fsmc.o(.text)
    FSMC_NANDStructInit                      0x08015e0f   Thumb Code    54  stm32f4xx_fsmc.o(.text)
    FSMC_NANDCmd                             0x08015e45   Thumb Code   136  stm32f4xx_fsmc.o(.text)
    FSMC_NANDECCCmd                          0x08015ecd   Thumb Code   160  stm32f4xx_fsmc.o(.text)
    FSMC_GetECC                              0x08015f6d   Thumb Code    22  stm32f4xx_fsmc.o(.text)
    FSMC_PCCARDDeInit                        0x08015f83   Thumb Code    40  stm32f4xx_fsmc.o(.text)
    FSMC_PCCARDInit                          0x08015fab   Thumb Code   532  stm32f4xx_fsmc.o(.text)
    FSMC_PCCARDStructInit                    0x080161bf   Thumb Code    60  stm32f4xx_fsmc.o(.text)
    FSMC_PCCARDCmd                           0x080161fb   Thumb Code    64  stm32f4xx_fsmc.o(.text)
    FSMC_ITConfig                            0x0801623b   Thumb Code   206  stm32f4xx_fsmc.o(.text)
    FSMC_GetFlagStatus                       0x08016309   Thumb Code   160  stm32f4xx_fsmc.o(.text)
    FSMC_ClearFlag                           0x080163a9   Thumb Code   120  stm32f4xx_fsmc.o(.text)
    FSMC_GetITStatus                         0x08016421   Thumb Code   132  stm32f4xx_fsmc.o(.text)
    FSMC_ClearITPendingBit                   0x080164a5   Thumb Code   122  stm32f4xx_fsmc.o(.text)
    GPIO_DeInit                              0x08016529   Thumb Code   344  stm32f4xx_gpio.o(.text)
    GPIO_Init                                0x08016681   Thumb Code   354  stm32f4xx_gpio.o(.text)
    GPIO_StructInit                          0x080167e3   Thumb Code    18  stm32f4xx_gpio.o(.text)
    GPIO_PinLockConfig                       0x080167f5   Thumb Code   134  stm32f4xx_gpio.o(.text)
    GPIO_ReadInputDataBit                    0x0801687b   Thumb Code   282  stm32f4xx_gpio.o(.text)
    GPIO_ReadInputData                       0x08016995   Thumb Code    90  stm32f4xx_gpio.o(.text)
    GPIO_ReadOutputDataBit                   0x080169ef   Thumb Code   198  stm32f4xx_gpio.o(.text)
    GPIO_ReadOutputData                      0x08016ab5   Thumb Code    90  stm32f4xx_gpio.o(.text)
    GPIO_SetBits                             0x08016b0f   Thumb Code   110  stm32f4xx_gpio.o(.text)
    GPIO_ResetBits                           0x08016b7d   Thumb Code   110  stm32f4xx_gpio.o(.text)
    GPIO_WriteBit                            0x08016beb   Thumb Code   212  stm32f4xx_gpio.o(.text)
    GPIO_Write                               0x08016cbf   Thumb Code    90  stm32f4xx_gpio.o(.text)
    GPIO_ToggleBits                          0x08016d19   Thumb Code   140  stm32f4xx_gpio.o(.text)
    GPIO_PinAFConfig                         0x08016da5   Thumb Code   358  stm32f4xx_gpio.o(.text)
    RCC_DeInit                               0x08016f39   Thumb Code    82  stm32f4xx_rcc.o(.text)
    RCC_HSEConfig                            0x08016f8b   Thumb Code    40  stm32f4xx_rcc.o(.text)
    RCC_GetFlagStatus                        0x08016fb3   Thumb Code   134  stm32f4xx_rcc.o(.text)
    RCC_WaitForHSEStartUp                    0x08017039   Thumb Code    56  stm32f4xx_rcc.o(.text)
    RCC_AdjustHSICalibrationValue            0x08017071   Thumb Code    38  stm32f4xx_rcc.o(.text)
    RCC_HSICmd                               0x08017097   Thumb Code    28  stm32f4xx_rcc.o(.text)
    RCC_LSEConfig                            0x080170b3   Thumb Code    72  stm32f4xx_rcc.o(.text)
    RCC_LSICmd                               0x080170fb   Thumb Code    28  stm32f4xx_rcc.o(.text)
    RCC_PLLConfig                            0x08017117   Thumb Code   156  stm32f4xx_rcc.o(.text)
    RCC_PLLCmd                               0x080171b3   Thumb Code    28  stm32f4xx_rcc.o(.text)
    RCC_PLLI2SConfig                         0x080171cf   Thumb Code    62  stm32f4xx_rcc.o(.text)
    RCC_PLLI2SCmd                            0x0801720d   Thumb Code    28  stm32f4xx_rcc.o(.text)
    RCC_PLLSAIConfig                         0x08017229   Thumb Code    88  stm32f4xx_rcc.o(.text)
    RCC_PLLSAICmd                            0x08017281   Thumb Code    28  stm32f4xx_rcc.o(.text)
    RCC_ClockSecuritySystemCmd               0x0801729d   Thumb Code    28  stm32f4xx_rcc.o(.text)
    RCC_MCO1Config                           0x080172b9   Thumb Code   168  stm32f4xx_rcc.o(.text)
    RCC_MCO2Config                           0x08017361   Thumb Code   102  stm32f4xx_rcc.o(.text)
    RCC_SYSCLKConfig                         0x080173c7   Thumb Code    44  stm32f4xx_rcc.o(.text)
    RCC_GetSYSCLKSource                      0x080173f3   Thumb Code    10  stm32f4xx_rcc.o(.text)
    RCC_HCLKConfig                           0x080173fd   Thumb Code    68  stm32f4xx_rcc.o(.text)
    RCC_PCLK1Config                          0x08017441   Thumb Code    60  stm32f4xx_rcc.o(.text)
    RCC_PCLK2Config                          0x0801747d   Thumb Code    62  stm32f4xx_rcc.o(.text)
    RCC_GetClocksFreq                        0x080174bb   Thumb Code   214  stm32f4xx_rcc.o(.text)
    RCC_RTCCLKConfig                         0x08017591   Thumb Code   262  stm32f4xx_rcc.o(.text)
    RCC_RTCCLKCmd                            0x08017697   Thumb Code    30  stm32f4xx_rcc.o(.text)
    RCC_BackupResetCmd                       0x080176b5   Thumb Code    32  stm32f4xx_rcc.o(.text)
    RCC_I2SCLKConfig                         0x080176d5   Thumb Code    30  stm32f4xx_rcc.o(.text)
    RCC_SAIBlockACLKConfig                   0x080176f3   Thumb Code    50  stm32f4xx_rcc.o(.text)
    RCC_SAIBlockBCLKConfig                   0x08017725   Thumb Code    50  stm32f4xx_rcc.o(.text)
    RCC_SAIPLLI2SClkDivConfig                0x08017757   Thumb Code    50  stm32f4xx_rcc.o(.text)
    RCC_SAIPLLSAIClkDivConfig                0x08017789   Thumb Code   196  stm32f4xx_rcc.o(.text)
    RCC_LTDCCLKDivConfig                     0x0801784d   Thumb Code    54  stm32f4xx_rcc.o(.text)
    RCC_TIMCLKPresConfig                     0x08017883   Thumb Code    30  stm32f4xx_rcc.o(.text)
    RCC_AHB1PeriphClockCmd                   0x080178a1   Thumb Code    82  stm32f4xx_rcc.o(.text)
    RCC_AHB2PeriphClockCmd                   0x080178f3   Thumb Code    82  stm32f4xx_rcc.o(.text)
    RCC_AHB3PeriphClockCmd                   0x08017945   Thumb Code    82  stm32f4xx_rcc.o(.text)
    RCC_APB1PeriphClockCmd                   0x08017997   Thumb Code    82  stm32f4xx_rcc.o(.text)
    RCC_APB2PeriphClockCmd                   0x080179e9   Thumb Code    82  stm32f4xx_rcc.o(.text)
    RCC_AHB1PeriphResetCmd                   0x08017a3b   Thumb Code    82  stm32f4xx_rcc.o(.text)
    RCC_AHB2PeriphResetCmd                   0x08017a8d   Thumb Code    82  stm32f4xx_rcc.o(.text)
    RCC_AHB3PeriphResetCmd                   0x08017adf   Thumb Code    82  stm32f4xx_rcc.o(.text)
    RCC_APB1PeriphResetCmd                   0x08017b31   Thumb Code    82  stm32f4xx_rcc.o(.text)
    RCC_APB2PeriphResetCmd                   0x08017b83   Thumb Code    82  stm32f4xx_rcc.o(.text)
    RCC_AHB1PeriphClockLPModeCmd             0x08017bd5   Thumb Code   108  stm32f4xx_rcc.o(.text)
    RCC_AHB2PeriphClockLPModeCmd             0x08017c41   Thumb Code    82  stm32f4xx_rcc.o(.text)
    RCC_AHB3PeriphClockLPModeCmd             0x08017c93   Thumb Code    82  stm32f4xx_rcc.o(.text)
    RCC_APB1PeriphClockLPModeCmd             0x08017ce5   Thumb Code    82  stm32f4xx_rcc.o(.text)
    RCC_APB2PeriphClockLPModeCmd             0x08017d37   Thumb Code    82  stm32f4xx_rcc.o(.text)
    RCC_LSEModeConfig                        0x08017d89   Thumb Code    64  stm32f4xx_rcc.o(.text)
    RCC_ITConfig                             0x08017dc9   Thumb Code    82  stm32f4xx_rcc.o(.text)
    RCC_ClearFlag                            0x08017e1b   Thumb Code    18  stm32f4xx_rcc.o(.text)
    RCC_GetITStatus                          0x08017e2d   Thumb Code    72  stm32f4xx_rcc.o(.text)
    RCC_ClearITPendingBit                    0x08017e75   Thumb Code    28  stm32f4xx_rcc.o(.text)
    SPI_I2S_DeInit                           0x08017e99   Thumb Code   198  stm32f4xx_spi.o(.text)
    SPI_Init                                 0x08017f5f   Thumb Code   366  stm32f4xx_spi.o(.text)
    I2S_Init                                 0x080180cd   Thumb Code   624  stm32f4xx_spi.o(.text)
    SPI_StructInit                           0x0801833d   Thumb Code    24  stm32f4xx_spi.o(.text)
    I2S_StructInit                           0x08018355   Thumb Code    20  stm32f4xx_spi.o(.text)
    SPI_Cmd                                  0x08018369   Thumb Code   100  stm32f4xx_spi.o(.text)
    I2S_Cmd                                  0x080183cd   Thumb Code    88  stm32f4xx_spi.o(.text)
    SPI_DataSizeConfig                       0x08018425   Thumb Code    96  stm32f4xx_spi.o(.text)
    SPI_BiDirectionalLineConfig              0x08018485   Thumb Code   112  stm32f4xx_spi.o(.text)
    SPI_NSSInternalSoftwareConfig            0x080184f5   Thumb Code   114  stm32f4xx_spi.o(.text)
    SPI_SSOutputCmd                          0x08018567   Thumb Code   100  stm32f4xx_spi.o(.text)
    SPI_TIModeCmd                            0x080185cb   Thumb Code   100  stm32f4xx_spi.o(.text)
    I2S_FullDuplexConfig                     0x0801862f   Thumb Code   258  stm32f4xx_spi.o(.text)
    SPI_I2S_ReceiveData                      0x08018731   Thumb Code   100  stm32f4xx_spi.o(.text)
    SPI_I2S_SendData                         0x08018795   Thumb Code    72  stm32f4xx_spi.o(.text)
    SPI_CalculateCRC                         0x080187dd   Thumb Code   100  stm32f4xx_spi.o(.text)
    SPI_TransmitCRC                          0x08018841   Thumb Code    64  stm32f4xx_spi.o(.text)
    SPI_GetCRC                               0x08018881   Thumb Code    92  stm32f4xx_spi.o(.text)
    SPI_GetCRCPolynomial                     0x080188dd   Thumb Code    58  stm32f4xx_spi.o(.text)
    SPI_I2S_DMACmd                           0x08018917   Thumb Code   132  stm32f4xx_spi.o(.text)
    SPI_I2S_ITConfig                         0x0801899b   Thumb Code   156  stm32f4xx_spi.o(.text)
    SPI_I2S_GetFlagStatus                    0x08018a37   Thumb Code   138  stm32f4xx_spi.o(.text)
    SPI_I2S_ClearFlag                        0x08018ac1   Thumb Code    92  stm32f4xx_spi.o(.text)
    SPI_I2S_GetITStatus                      0x08018b1d   Thumb Code   200  stm32f4xx_spi.o(.text)
    SPI_I2S_ClearITPendingBit                0x08018be5   Thumb Code   104  stm32f4xx_spi.o(.text)
    SYSCFG_DeInit                            0x08018c69   Thumb Code    22  stm32f4xx_syscfg.o(.text)
    SYSCFG_MemoryRemapConfig                 0x08018c7f   Thumb Code    34  stm32f4xx_syscfg.o(.text)
    SYSCFG_MemorySwappingBank                0x08018ca1   Thumb Code    26  stm32f4xx_syscfg.o(.text)
    SYSCFG_EXTILineConfig                    0x08018cbb   Thumb Code   194  stm32f4xx_syscfg.o(.text)
    SYSCFG_ETH_MediaInterfaceConfig          0x08018d7d   Thumb Code    26  stm32f4xx_syscfg.o(.text)
    SYSCFG_CompensationCellCmd               0x08018d97   Thumb Code    26  stm32f4xx_syscfg.o(.text)
    SYSCFG_GetCompensationCellStatus         0x08018db1   Thumb Code    22  stm32f4xx_syscfg.o(.text)
    TIM_DeInit                               0x08018e05   Thumb Code   440  stm32f4xx_tim.o(.text)
    TIM_TimeBaseInit                         0x08018fbd   Thumb Code   278  stm32f4xx_tim.o(.text)
    TIM_TimeBaseStructInit                   0x080190d3   Thumb Code    18  stm32f4xx_tim.o(.text)
    TIM_PrescalerConfig                      0x080190e5   Thumb Code   128  stm32f4xx_tim.o(.text)
    TIM_CounterModeConfig                    0x08019165   Thumb Code   100  stm32f4xx_tim.o(.text)
    TIM_SetCounter                           0x080191c9   Thumb Code   202  stm32f4xx_tim.o(.text)
    TIM_SetAutoreload                        0x08019293   Thumb Code   108  stm32f4xx_tim.o(.text)
    TIM_GetCounter                           0x080192ff   Thumb Code   106  stm32f4xx_tim.o(.text)
    TIM_GetPrescaler                         0x08019369   Thumb Code   106  stm32f4xx_tim.o(.text)
    TIM_UpdateDisableConfig                  0x080193d3   Thumb Code   148  stm32f4xx_tim.o(.text)
    TIM_UpdateRequestConfig                  0x08019467   Thumb Code   148  stm32f4xx_tim.o(.text)
    TIM_ARRPreloadConfig                     0x080194fb   Thumb Code   148  stm32f4xx_tim.o(.text)
    TIM_SelectOnePulseMode                   0x0801958f   Thumb Code   142  stm32f4xx_tim.o(.text)
    TIM_SetClockDivision                     0x0801961d   Thumb Code   192  stm32f4xx_tim.o(.text)
    TIM_Cmd                                  0x080196dd   Thumb Code   148  stm32f4xx_tim.o(.text)
    TIM_OC1Init                              0x08019771   Thumb Code   416  stm32f4xx_tim.o(.text)
    TIM_OC2Init                              0x08019911   Thumb Code   486  stm32f4xx_tim.o(.text)
    TIM_OC3Init                              0x08019af7   Thumb Code   416  stm32f4xx_tim.o(.text)
    TIM_OC4Init                              0x08019c97   Thumb Code   300  stm32f4xx_tim.o(.text)
    TIM_OCStructInit                         0x08019dc3   Thumb Code    20  stm32f4xx_tim.o(.text)
    TIM_SelectOCxM                           0x08019dd7   Thumb Code   256  stm32f4xx_tim.o(.text)
    TIM_SetCompare1                          0x08019ed7   Thumb Code   142  stm32f4xx_tim.o(.text)
    TIM_SetCompare2                          0x08019f65   Thumb Code    72  stm32f4xx_tim.o(.text)
    TIM_SetCompare3                          0x08019fad   Thumb Code    60  stm32f4xx_tim.o(.text)
    TIM_SetCompare4                          0x08019fe9   Thumb Code    60  stm32f4xx_tim.o(.text)
    TIM_ForcedOC1Config                      0x0801a025   Thumb Code   130  stm32f4xx_tim.o(.text)
    TIM_ForcedOC2Config                      0x0801a0a7   Thumb Code   114  stm32f4xx_tim.o(.text)
    TIM_ForcedOC3Config                      0x0801a119   Thumb Code    94  stm32f4xx_tim.o(.text)
    TIM_ForcedOC4Config                      0x0801a177   Thumb Code   102  stm32f4xx_tim.o(.text)
    TIM_OC1PreloadConfig                     0x0801a1dd   Thumb Code   126  stm32f4xx_tim.o(.text)
    TIM_OC2PreloadConfig                     0x0801a25b   Thumb Code   108  stm32f4xx_tim.o(.text)
    TIM_OC3PreloadConfig                     0x0801a2c7   Thumb Code   138  stm32f4xx_tim.o(.text)
    TIM_OC4PreloadConfig                     0x0801a351   Thumb Code    96  stm32f4xx_tim.o(.text)
    TIM_OC1FastConfig                        0x0801a3b1   Thumb Code   124  stm32f4xx_tim.o(.text)
    TIM_OC2FastConfig                        0x0801a42d   Thumb Code   108  stm32f4xx_tim.o(.text)
    TIM_OC3FastConfig                        0x0801a499   Thumb Code    88  stm32f4xx_tim.o(.text)
    TIM_OC4FastConfig                        0x0801a4f1   Thumb Code    96  stm32f4xx_tim.o(.text)
    TIM_ClearOC1Ref                          0x0801a551   Thumb Code   124  stm32f4xx_tim.o(.text)
    TIM_ClearOC2Ref                          0x0801a5cd   Thumb Code   106  stm32f4xx_tim.o(.text)
    TIM_ClearOC3Ref                          0x0801a637   Thumb Code    88  stm32f4xx_tim.o(.text)
    TIM_ClearOC4Ref                          0x0801a68f   Thumb Code    94  stm32f4xx_tim.o(.text)
    TIM_OC1PolarityConfig                    0x0801a6ed   Thumb Code   174  stm32f4xx_tim.o(.text)
    TIM_OC1NPolarityConfig                   0x0801a79b   Thumb Code    64  stm32f4xx_tim.o(.text)
    TIM_OC2PolarityConfig                    0x0801a7db   Thumb Code   108  stm32f4xx_tim.o(.text)
    TIM_OC2NPolarityConfig                   0x0801a847   Thumb Code    72  stm32f4xx_tim.o(.text)
    TIM_OC3PolarityConfig                    0x0801a88f   Thumb Code    96  stm32f4xx_tim.o(.text)
    TIM_OC3NPolarityConfig                   0x0801a8ef   Thumb Code    72  stm32f4xx_tim.o(.text)
    TIM_OC4PolarityConfig                    0x0801a937   Thumb Code    96  stm32f4xx_tim.o(.text)
    TIM_CCxCmd                               0x0801a997   Thumb Code   168  stm32f4xx_tim.o(.text)
    TIM_CCxNCmd                              0x0801aa3f   Thumb Code   104  stm32f4xx_tim.o(.text)
    TIM_SetIC4Prescaler                      0x0801aaa7   Thumb Code   106  stm32f4xx_tim.o(.text)
    TIM_SetIC3Prescaler                      0x0801ab91   Thumb Code    98  stm32f4xx_tim.o(.text)
    TIM_SetIC2Prescaler                      0x0801ac3b   Thumb Code   118  stm32f4xx_tim.o(.text)
    TIM_SetIC1Prescaler                      0x0801ad01   Thumb Code   134  stm32f4xx_tim.o(.text)
    TIM_ICInit                               0x0801adc1   Thumb Code   508  stm32f4xx_tim.o(.text)
    TIM_ICStructInit                         0x0801afbd   Thumb Code    18  stm32f4xx_tim.o(.text)
    TIM_PWMIConfig                           0x0801afcf   Thumb Code   184  stm32f4xx_tim.o(.text)
    TIM_GetCapture1                          0x0801b087   Thumb Code    92  stm32f4xx_tim.o(.text)
    TIM_GetCapture2                          0x0801b0e3   Thumb Code    68  stm32f4xx_tim.o(.text)
    TIM_GetCapture3                          0x0801b127   Thumb Code    56  stm32f4xx_tim.o(.text)
    TIM_GetCapture4                          0x0801b15f   Thumb Code    56  stm32f4xx_tim.o(.text)
    TIM_BDTRConfig                           0x0801b197   Thumb Code   222  stm32f4xx_tim.o(.text)
    TIM_BDTRStructInit                       0x0801b275   Thumb Code    18  stm32f4xx_tim.o(.text)
    TIM_CtrlPWMOutputs                       0x0801b287   Thumb Code    78  stm32f4xx_tim.o(.text)
    TIM_SelectCOM                            0x0801b2d5   Thumb Code    72  stm32f4xx_tim.o(.text)
    TIM_CCPreloadControl                     0x0801b31d   Thumb Code    72  stm32f4xx_tim.o(.text)
    TIM_ITConfig                             0x0801b365   Thumb Code   218  stm32f4xx_tim.o(.text)
    TIM_GenerateEvent                        0x0801b43f   Thumb Code   126  stm32f4xx_tim.o(.text)
    TIM_GetFlagStatus                        0x0801b4bd   Thumb Code   188  stm32f4xx_tim.o(.text)
    TIM_ClearFlag                            0x0801b579   Thumb Code   108  stm32f4xx_tim.o(.text)
    TIM_GetITStatus                          0x0801b5e5   Thumb Code   186  stm32f4xx_tim.o(.text)
    TIM_ClearITPendingBit                    0x0801b69f   Thumb Code   108  stm32f4xx_tim.o(.text)
    TIM_DMAConfig                            0x0801b70b   Thumb Code   334  stm32f4xx_tim.o(.text)
    TIM_DMACmd                               0x0801b859   Thumb Code   126  stm32f4xx_tim.o(.text)
    TIM_SelectCCDMA                          0x0801b8d7   Thumb Code    96  stm32f4xx_tim.o(.text)
    TIM_InternalClockConfig                  0x0801b937   Thumb Code    76  stm32f4xx_tim.o(.text)
    TIM_SelectInputTrigger                   0x0801b983   Thumb Code   148  stm32f4xx_tim.o(.text)
    TIM_ITRxExternalClockConfig              0x0801ba17   Thumb Code   110  stm32f4xx_tim.o(.text)
    TIM_TIxExternalClockConfig               0x0801ba85   Thumb Code   184  stm32f4xx_tim.o(.text)
    TIM_ETRConfig                            0x0801bb3d   Thumb Code   164  stm32f4xx_tim.o(.text)
    TIM_ETRClockMode1Config                  0x0801bbe1   Thumb Code   228  stm32f4xx_tim.o(.text)
    TIM_ETRClockMode2Config                  0x0801bcc5   Thumb Code   152  stm32f4xx_tim.o(.text)
    TIM_SelectOutputTrigger                  0x0801bd5d   Thumb Code   126  stm32f4xx_tim.o(.text)
    TIM_SelectSlaveMode                      0x0801bddb   Thumb Code   112  stm32f4xx_tim.o(.text)
    TIM_SelectMasterSlaveMode                0x0801be4b   Thumb Code   102  stm32f4xx_tim.o(.text)
    TIM_EncoderInterfaceConfig               0x0801beb1   Thumb Code   226  stm32f4xx_tim.o(.text)
    TIM_SelectHallSensor                     0x0801bf93   Thumb Code   108  stm32f4xx_tim.o(.text)
    TIM_RemapConfig                          0x0801bfff   Thumb Code   138  stm32f4xx_tim.o(.text)
    USART_DeInit                             0x0801c089   Thumb Code   276  stm32f4xx_usart.o(.text)
    USART_Init                               0x0801c19d   Thumb Code   492  stm32f4xx_usart.o(.text)
    USART_StructInit                         0x0801c389   Thumb Code    24  stm32f4xx_usart.o(.text)
    USART_ClockInit                          0x0801c3a1   Thumb Code   166  stm32f4xx_usart.o(.text)
    USART_ClockStructInit                    0x0801c447   Thumb Code    12  stm32f4xx_usart.o(.text)
    USART_Cmd                                0x0801c453   Thumb Code   214  stm32f4xx_usart.o(.text)
    USART_SetPrescaler                       0x0801c529   Thumb Code    96  stm32f4xx_usart.o(.text)
    USART_OverSampling8Cmd                   0x0801c589   Thumb Code   122  stm32f4xx_usart.o(.text)
    USART_OneBitMethodCmd                    0x0801c603   Thumb Code   124  stm32f4xx_usart.o(.text)
    USART_SendData                           0x0801c67f   Thumb Code   108  stm32f4xx_usart.o(.text)
    USART_ReceiveData                        0x0801c6eb   Thumb Code    86  stm32f4xx_usart.o(.text)
    USART_SetAddress                         0x0801c741   Thumb Code   116  stm32f4xx_usart.o(.text)
    USART_ReceiverWakeUpCmd                  0x0801c7b5   Thumb Code   124  stm32f4xx_usart.o(.text)
    USART_WakeUpConfig                       0x0801c831   Thumb Code   120  stm32f4xx_usart.o(.text)
    USART_LINBreakDetectLengthConfig         0x0801c8a9   Thumb Code   160  stm32f4xx_usart.o(.text)
    USART_LINCmd                             0x0801c949   Thumb Code   124  stm32f4xx_usart.o(.text)
    USART_SendBreak                          0x0801c9c5   Thumb Code    88  stm32f4xx_usart.o(.text)
    USART_HalfDuplexCmd                      0x0801ca1d   Thumb Code   124  stm32f4xx_usart.o(.text)
    USART_SetGuardTime                       0x0801ca99   Thumb Code    60  stm32f4xx_usart.o(.text)
    USART_SmartCardCmd                       0x0801cad5   Thumb Code    88  stm32f4xx_usart.o(.text)
    USART_SmartCardNACKCmd                   0x0801cb2d   Thumb Code    88  stm32f4xx_usart.o(.text)
    USART_IrDAConfig                         0x0801cb85   Thumb Code   118  stm32f4xx_usart.o(.text)
    USART_IrDACmd                            0x0801cbfb   Thumb Code   124  stm32f4xx_usart.o(.text)
    USART_DMACmd                             0x0801cc77   Thumb Code   184  stm32f4xx_usart.o(.text)
    USART_ITConfig                           0x0801cd2f   Thumb Code   290  stm32f4xx_usart.o(.text)
    USART_GetFlagStatus                      0x0801ce51   Thumb Code   200  stm32f4xx_usart.o(.text)
    USART_ClearFlag                          0x0801cf19   Thumb Code   158  stm32f4xx_usart.o(.text)
    USART_GetITStatus                        0x0801cfb7   Thumb Code   306  stm32f4xx_usart.o(.text)
    USART_ClearITPendingBit                  0x0801d0e9   Thumb Code   234  stm32f4xx_usart.o(.text)
    FPGA_Init                                0x0801d1e5   Thumb Code   674  fpga.o(.text)
    FPGA_WriteBuffer                         0x0801d487   Thumb Code    24  fpga.o(.text)
    FPGA_ResetHardware                       0x0801d49f   Thumb Code   104  fpga.o(.text)
    FPGA_ReadBuffer                          0x0801d507   Thumb Code    22  fpga.o(.text)
    FPGA_DATA_WriteBuffer                    0x0801d51d   Thumb Code    24  fpga.o(.text)
    FPGA_DATA_ReadBuffer                     0x0801d535   Thumb Code    22  fpga.o(.text)
    SysTick_Handler                          0x0801d55d   Thumb Code    38  scope_it.o(.text)
    TIM2_IRQHandler                          0x0801d583   Thumb Code   380  scope_it.o(.text)
    USART1_IRQHandler                        0x0801d6ff   Thumb Code    14  scope_it.o(.text)
    USART3_IRQHandler                        0x0801d70d   Thumb Code    14  scope_it.o(.text)
    IT_SYS_DlyMs                             0x0801d71b   Thumb Code    30  scope_it.o(.text)
    IT_SYS_GetTicks                          0x0801d739   Thumb Code     6  scope_it.o(.text)
    IT_SYS_SetTicks                          0x0801d73f   Thumb Code    10  scope_it.o(.text)
    IT_SYS_SetDlyMs                          0x0801d749   Thumb Code    16  scope_it.o(.text)
    IT_SYS_CheckDlyFin                       0x0801d759   Thumb Code    20  scope_it.o(.text)
    IT_LIST_GetTicks                         0x0801d76d   Thumb Code     6  scope_it.o(.text)
    IT_LIST_SetTicks                         0x0801d773   Thumb Code    10  scope_it.o(.text)
    IT_ADC_GetTicks                          0x0801d77d   Thumb Code     6  scope_it.o(.text)
    IT_ADC_SetTicks                          0x0801d783   Thumb Code    10  scope_it.o(.text)
    assert_failed                            0x0801d7f1   Thumb Code    18  scope_eval.o(.text)
    fputc                                    0x0801d803   Thumb Code    16  scope_eval.o(.text)
    PF_InitTimer2                            0x0801d813   Thumb Code   122  scope_eval.o(.text)
    EVAL_Init                                0x0801d9b5   Thumb Code   240  scope_eval.o(.text)
    EVAL_OutputSet                           0x0801daa5   Thumb Code    16  scope_eval.o(.text)
    EVAL_OutputClr                           0x0801dab5   Thumb Code    16  scope_eval.o(.text)
    EVAL_OutputToggle                        0x0801dac5   Thumb Code    26  scope_eval.o(.text)
    EVAL_InputGetState                       0x0801db7b   Thumb Code    22  scope_eval.o(.text)
    MV_InitPara                              0x0801dc8d   Thumb Code   190  scope_move.o(.text)
    MV_Move                                  0x0801dd4b   Thumb Code   434  scope_move.o(.text)
    MV_Stop                                  0x0801defd   Thumb Code    98  scope_move.o(.text)
    MV_Wait                                  0x0801df5f   Thumb Code    84  scope_move.o(.text)
    MV_GetStepsExecuted                      0x0801dfb3   Thumb Code    56  scope_move.o(.text)
    MV_IsFinished                            0x0801dfeb   Thumb Code    20  scope_move.o(.text)
    MV_IsrMoveHandling                       0x0801dfff   Thumb Code   104  scope_move.o(.text)
    BUF_Send_Init                            0x0801e079   Thumb Code    14  buffercircle.o(.text)
    BUF_Send_PutChar                         0x0801e087   Thumb Code    54  buffercircle.o(.text)
    BUF_Send_GetChar                         0x0801e0bd   Thumb Code    74  buffercircle.o(.text)
    BUF_Send_PutNChar                        0x0801e191   Thumb Code    94  buffercircle.o(.text)
    BUF_Send_GetNChar                        0x0801e1ef   Thumb Code    94  buffercircle.o(.text)
    BUF_Recv_Init                            0x0801e24d   Thumb Code    14  buffercircle.o(.text)
    BUF_Recv_PutChar                         0x0801e25b   Thumb Code    54  buffercircle.o(.text)
    BUF_Recv_GetChar                         0x0801e291   Thumb Code    74  buffercircle.o(.text)
    BUF_Recv_PutNChar                        0x0801e365   Thumb Code    94  buffercircle.o(.text)
    BUF_Recv_GetNChar                        0x0801e3c3   Thumb Code    94  buffercircle.o(.text)
    NET_BUF_Send_Init                        0x0801e431   Thumb Code    14  netbuffercircle.o(.text)
    NET_BUF_Send_PutChar                     0x0801e43f   Thumb Code    54  netbuffercircle.o(.text)
    NET_BUF_Send_GetChar                     0x0801e475   Thumb Code    74  netbuffercircle.o(.text)
    NET_BUF_Send_GetLenConsume               0x0801e4bf   Thumb Code   112  netbuffercircle.o(.text)
    NET_BUF_Send_GetLenRemain                0x0801e52f   Thumb Code    26  netbuffercircle.o(.text)
    NET_BUF_Send_PutNChar                    0x0801e549   Thumb Code    94  netbuffercircle.o(.text)
    NET_BUF_Send_GetNChar                    0x0801e5a7   Thumb Code    94  netbuffercircle.o(.text)
    NET_BUF_Recv_Init                        0x0801e605   Thumb Code    14  netbuffercircle.o(.text)
    NET_BUF_Recv_PutChar                     0x0801e613   Thumb Code    54  netbuffercircle.o(.text)
    NET_BUF_Recv_GetChar                     0x0801e649   Thumb Code    74  netbuffercircle.o(.text)
    NET_BUF_Recv_GetLenConsume               0x0801e693   Thumb Code   112  netbuffercircle.o(.text)
    NET_BUF_Recv_GetLenRemain                0x0801e703   Thumb Code    26  netbuffercircle.o(.text)
    NET_BUF_Recv_PutNChar                    0x0801e71d   Thumb Code    94  netbuffercircle.o(.text)
    NET_BUF_Recv_GetNChar                    0x0801e77b   Thumb Code    94  netbuffercircle.o(.text)
    SPG_Send_Init                            0x0801e7e9   Thumb Code    14  samplebuffercircle.o(.text)
    SPG_Send_PutChar                         0x0801e7f7   Thumb Code    52  samplebuffercircle.o(.text)
    SPG_Send_GetChar                         0x0801e82b   Thumb Code    68  samplebuffercircle.o(.text)
    SPG_Send_PutNChar                        0x0801e8ef   Thumb Code    92  samplebuffercircle.o(.text)
    SPG_Send_GetNChar                        0x0801e94b   Thumb Code    92  samplebuffercircle.o(.text)
    SPG_Recv_Init                            0x0801e9a7   Thumb Code    14  samplebuffercircle.o(.text)
    SPG_Recv_PutChar                         0x0801e9b5   Thumb Code    52  samplebuffercircle.o(.text)
    SPG_Recv_GetChar                         0x0801e9e9   Thumb Code    68  samplebuffercircle.o(.text)
    SPG_Recv_PutNChar                        0x0801eaad   Thumb Code    92  samplebuffercircle.o(.text)
    SPG_Recv_GetNChar                        0x0801eb09   Thumb Code    92  samplebuffercircle.o(.text)
    Delay_US                                 0x0801eb75   Thumb Code    54  driver.o(.text)
    ADC1_DMA_Config                          0x0801ebab   Thumb Code   174  driver.o(.text)
    ADC1_Init                                0x0801ec59   Thumb Code   192  driver.o(.text)
    DMA2_Stream0_IRQHandler                  0x0801ed19   Thumb Code    72  driver.o(.text)
    DMA2_Stream3_IRQHandler                  0x0801ed61   Thumb Code    80  driver.o(.text)
    ADC2_DMA_Config                          0x0801edb1   Thumb Code   194  driver.o(.text)
    ADC2_Init                                0x0801ee73   Thumb Code   174  driver.o(.text)
    Get_Adc                                  0x0801ef21   Thumb Code   144  driver.o(.text)
    ADC3_GPIO_Init                           0x0801efb1   Thumb Code   226  driver.o(.text)
    ADC3_Init                                0x0801f093   Thumb Code    84  driver.o(.text)
    Press_I2C_Init                           0x0801f0e7   Thumb Code    96  driver.o(.text)
    Press_Init                               0x0801f147   Thumb Code     8  driver.o(.text)
    Press_I2C_Start                          0x0801f14f   Thumb Code    68  driver.o(.text)
    Press_I2C_Stop                           0x0801f193   Thumb Code    60  driver.o(.text)
    Press_I2C_Wait_Ack                       0x0801f1cf   Thumb Code    78  driver.o(.text)
    Press_I2C_Ack                            0x0801f21d   Thumb Code    72  driver.o(.text)
    Press_I2C_NAck                           0x0801f265   Thumb Code    72  driver.o(.text)
    Press_I2C_Send_Byte                      0x0801f2ad   Thumb Code    96  driver.o(.text)
    Press_I2C_Read_Byte                      0x0801f30d   Thumb Code    94  driver.o(.text)
    Get_Press_I2C                            0x0801f36b   Thumb Code   242  driver.o(.text)
    Get_Press_ADC                            0x0801f45d   Thumb Code     4  driver.o(.text)
    Get_XK_ADC                               0x0801f461   Thumb Code    86  driver.o(.text)
    Get_56V_Cur_ADC                          0x0801f4b7   Thumb Code    86  driver.o(.text)
    Get_LED_Cur_ADC                          0x0801f50d   Thumb Code    86  driver.o(.text)
    HW_Get_ADC_HGB                           0x0801f563   Thumb Code    82  driver.o(.text)
    HW_Get_ADC_CRP                           0x0801f5b5   Thumb Code    82  driver.o(.text)
    Get_HGB_Value                            0x0801f607   Thumb Code    38  driver.o(.text)
    Get_CRP_Value                            0x0801f62d   Thumb Code    26  driver.o(.text)
    Reset_Elec_Status                        0x0801f647   Thumb Code     8  driver.o(.text)
    Set_Elec_Status                          0x0801f64f   Thumb Code     8  driver.o(.text)
    Get_Elec_Status                          0x0801f657   Thumb Code     6  driver.o(.text)
    Elec_Init                                0x0801f65d   Thumb Code   122  driver.o(.text)
    Get_Elec_ADC                             0x0801f6d7   Thumb Code    86  driver.o(.text)
    Beep_Init                                0x0801f72d   Thumb Code    46  driver.o(.text)
    Beep                                     0x0801f75b   Thumb Code    34  driver.o(.text)
    Pump_PWM_Init                            0x0801f77d   Thumb Code   176  driver.o(.text)
    Pump_init                                0x0801f82d   Thumb Code    68  driver.o(.text)
    Pump_AntiClockWise                       0x0801f871   Thumb Code     2  driver.o(.text)
    Pump_ClockWise                           0x0801f873   Thumb Code     2  driver.o(.text)
    Pump_Speed_Set                           0x0801f875   Thumb Code    32  driver.o(.text)
    Pump_Exec                                0x0801f895   Thumb Code    40  driver.o(.text)
    Mixing_Motor_Init                        0x0801f8bd   Thumb Code    58  driver.o(.text)
    Mixing_Motor_Run                         0x0801f8f7   Thumb Code    14  driver.o(.text)
    Mixing_Motor_Stop                        0x0801f905   Thumb Code    14  driver.o(.text)
    Valve_Init                               0x0801f913   Thumb Code   100  driver.o(.text)
    Valve_Air_Exec                           0x0801f977   Thumb Code    32  driver.o(.text)
    Valve_Liquid_Exec                        0x0801f997   Thumb Code    30  driver.o(.text)
    Valve_Exec                               0x0801f9b5   Thumb Code    28  driver.o(.text)
    Turn_Motor_Init                          0x0801f9d1   Thumb Code   196  driver.o(.text)
    Get_Fix_OC_Status                        0x0801fa95   Thumb Code    12  driver.o(.text)
    Turn_Motor_Reset                         0x0801faa1   Thumb Code    82  driver.o(.text)
    Turn_Motor_Goto_Postion                  0x0801faf3   Thumb Code    68  driver.o(.text)
    Turn_Motor_Select_LED                    0x0801fb37   Thumb Code   112  driver.o(.text)
    MICRO_OC_EXIT_FUNC                       0x0801fba7   Thumb Code    20  driver.o(.text)
    Micro_OC_Init                            0x0801fbbb   Thumb Code   126  driver.o(.text)
    OC_Init                                  0x0801fc39   Thumb Code   162  driver.o(.text)
    Get_Micro_OC_Status                      0x0801fcdb   Thumb Code    12  driver.o(.text)
    Get_Out_OC_Status                        0x0801fce7   Thumb Code    12  driver.o(.text)
    Get_In_OC_Status                         0x0801fcf3   Thumb Code    12  driver.o(.text)
    LED_Cur_DAC_Init                         0x0801fcff   Thumb Code    84  driver.o(.text)
    LED_Init                                 0x0801fd53   Thumb Code   298  driver.o(.text)
    LED_Cur_DAC_Set                          0x0801fe7d   Thumb Code    14  driver.o(.text)
    LED_Cur_Switch                           0x0801fe8b   Thumb Code    32  driver.o(.text)
    LED_Cur_Auto_Adjust                      0x0801feab   Thumb Code    78  driver.o(.text)
    LED_Exec                                 0x0801fef9   Thumb Code   248  driver.o(.text)
    DRegister_SPI_Init                       0x0801fff1   Thumb Code   272  driver.o(.text)
    DResistor_Init                           0x08020101   Thumb Code     8  driver.o(.text)
    DRegister_Write                          0x08020109   Thumb Code    28  driver.o(.text)
    DResistor_Set                            0x08020125   Thumb Code    24  driver.o(.text)
    Driver_Debug                             0x0802013d   Thumb Code   852  driver.o(.text)
    ADC24Bit_SPI_Init                        0x08020655   Thumb Code   310  ad7799.o(.text)
    ADC24Bit_SPI_SendByte                    0x0802078b   Thumb Code    28  ad7799.o(.text)
    SPI_Write                                0x080207a7   Thumb Code    32  ad7799.o(.text)
    AD7799_SetRegisterValue                  0x080207c7   Thumb Code   110  ad7799.o(.text)
    ADC24Bit_SPI_GetByte                     0x08020835   Thumb Code    24  ad7799.o(.text)
    SPI_Read                                 0x0802084d   Thumb Code    32  ad7799.o(.text)
    AD7799_GetRegisterValue                  0x0802086d   Thumb Code   120  ad7799.o(.text)
    AD7799_SetReference                      0x080208e5   Thumb Code    40  ad7799.o(.text)
    AD7799_Calibrate                         0x0802090d   Thumb Code   266  ad7799.o(.text)
    AD7799_Init                              0x08020a17   Thumb Code   174  ad7799.o(.text)
    ADC24Bit_Init                            0x08020ac5   Thumb Code    12  ad7799.o(.text)
    AD7799_Reset                             0x08020ad1   Thumb Code    40  ad7799.o(.text)
    AD7799_Get_ADC_Value                     0x08020af9   Thumb Code    12  ad7799.o(.text)
    ethernetif_input                         0x08020d2d   Thumb Code    42  ethernetif.o(.text)
    ethernetif_init                          0x08020d57   Thumb Code    38  ethernetif.o(.text)
    etharp_tmr                               0x08020ddb   Thumb Code   136  etharp.o(.text)
    etharp_cleanup_netif                     0x080210a9   Thumb Code    52  etharp.o(.text)
    etharp_find_addr                         0x080210dd   Thumb Code    82  etharp.o(.text)
    etharp_request                           0x080212f1   Thumb Code    36  etharp.o(.text)
    etharp_query                             0x0802137d   Thumb Code   338  etharp.o(.text)
    etharp_output                            0x080214cf   Thumb Code   314  etharp.o(.text)
    ethernet_input                           0x08021609   Thumb Code   178  etharp.o(.text)
    icmp_input                               0x080216cd   Thumb Code   340  icmp.o(.text)
    icmp_dest_unreach                        0x08021891   Thumb Code    18  icmp.o(.text)
    icmp_time_exceeded                       0x080218a3   Thumb Code    18  icmp.o(.text)
    inet_chksum_pseudo                       0x0802191b   Thumb Code   162  inet_chksum.o(.text)
    inet_chksum_pseudo_partial               0x080219bd   Thumb Code   184  inet_chksum.o(.text)
    inet_chksum                              0x08021a75   Thumb Code    20  inet_chksum.o(.text)
    inet_chksum_pbuf                         0x08021a89   Thumb Code    86  inet_chksum.o(.text)
    ip_route                                 0x08021ae1   Thumb Code    76  ip.o(.text)
    ip_input                                 0x08021b2d   Thumb Code   422  ip.o(.text)
    ip_output_if                             0x08021cd3   Thumb Code   192  ip.o(.text)
    ip_output                                0x08021d93   Thumb Code    56  ip.o(.text)
    ip4_addr_isbroadcast                     0x08021de9   Thumb Code    78  ip_addr.o(.text)
    ip4_addr_netmask_valid                   0x08021e37   Thumb Code    52  ip_addr.o(.text)
    ipaddr_aton                              0x08021e6b   Thumb Code   348  ip_addr.o(.text)
    ipaddr_addr                              0x08021fc7   Thumb Code    24  ip_addr.o(.text)
    ipaddr_ntoa_r                            0x08021fdf   Thumb Code   168  ip_addr.o(.text)
    ipaddr_ntoa                              0x08022087   Thumb Code    16  ip_addr.o(.text)
    ip_reass_tmr                             0x08022161   Thumb Code    48  ip_frag.o(.text)
    ip_reass                                 0x080223b7   Thumb Code   396  ip_frag.o(.text)
    ip_frag                                  0x0802257f   Thumb Code   424  ip_frag.o(.text)
    lwip_htons                               0x08022731   Thumb Code    12  def.o(.text)
    lwip_ntohs                               0x0802273d   Thumb Code    12  def.o(.text)
    lwip_htonl                               0x08022749   Thumb Code    26  def.o(.text)
    lwip_ntohl                               0x08022763   Thumb Code    12  def.o(.text)
    dhcp_renew                               0x08022c01   Thumb Code   160  dhcp.o(.text)
    dhcp_coarse_tmr                          0x08022d65   Thumb Code    62  dhcp.o(.text)
    dhcp_release                             0x08022e47   Thumb Code   162  dhcp.o(.text)
    dhcp_fine_tmr                            0x08023071   Thumb Code    64  dhcp.o(.text)
    dhcp_set_struct                          0x08023137   Thumb Code    30  dhcp.o(.text)
    dhcp_cleanup                             0x08023155   Thumb Code    24  dhcp.o(.text)
    dhcp_stop                                0x0802316d   Thumb Code    58  dhcp.o(.text)
    dhcp_start                               0x080235b3   Thumb Code   206  dhcp.o(.text)
    dhcp_inform                              0x08023681   Thumb Code   170  dhcp.o(.text)
    dhcp_network_changed                     0x0802372b   Thumb Code    80  dhcp.o(.text)
    dhcp_arp_reply                           0x080237f9   Thumb Code    46  dhcp.o(.text)
    mem_init                                 0x080238b9   Thumb Code    74  mem.o(.text)
    mem_free                                 0x08023903   Thumb Code    68  mem.o(.text)
    mem_trim                                 0x08023947   Thumb Code   288  mem.o(.text)
    mem_malloc                               0x08023a67   Thumb Code   222  mem.o(.text)
    mem_calloc                               0x08023b45   Thumb Code    34  mem.o(.text)
    memp_init                                0x08023b79   Thumb Code    82  memp.o(.text)
    memp_malloc                              0x08023bcb   Thumb Code    40  memp.o(.text)
    memp_free                                0x08023bf3   Thumb Code    28  memp.o(.text)
    netif_init                               0x08023c21   Thumb Code     2  netif.o(.text)
    netif_set_gw                             0x08023c23   Thumb Code    12  netif.o(.text)
    netif_set_netmask                        0x08023c2f   Thumb Code    12  netif.o(.text)
    netif_set_ipaddr                         0x08023c3b   Thumb Code   110  netif.o(.text)
    netif_set_addr                           0x08023ca9   Thumb Code    40  netif.o(.text)
    netif_add                                0x08023cd1   Thumb Code   104  netif.o(.text)
    netif_set_default                        0x08023d39   Thumb Code     6  netif.o(.text)
    netif_set_down                           0x08023d3f   Thumb Code    42  netif.o(.text)
    netif_remove                             0x08023d69   Thumb Code    90  netif.o(.text)
    netif_find                               0x08023dc3   Thumb Code    64  netif.o(.text)
    netif_set_up                             0x08023e03   Thumb Code    54  netif.o(.text)
    netif_set_link_up                        0x08023e39   Thumb Code    80  netif.o(.text)
    netif_set_link_down                      0x08023e89   Thumb Code    42  netif.o(.text)
    netif_set_link_callback                  0x08023eb3   Thumb Code     6  netif.o(.text)
    pbuf_free                                0x08023ecd   Thumb Code   134  pbuf.o(.text)
    pbuf_alloc                               0x08023f53   Thumb Code   408  pbuf.o(.text)
    pbuf_alloced_custom                      0x080240eb   Thumb Code   108  pbuf.o(.text)
    pbuf_realloc                             0x08024157   Thumb Code   120  pbuf.o(.text)
    pbuf_header                              0x080241cf   Thumb Code   126  pbuf.o(.text)
    pbuf_clen                                0x0802424d   Thumb Code    18  pbuf.o(.text)
    pbuf_ref                                 0x0802425f   Thumb Code    10  pbuf.o(.text)
    pbuf_cat                                 0x08024269   Thumb Code    56  pbuf.o(.text)
    pbuf_chain                               0x080242a1   Thumb Code    22  pbuf.o(.text)
    pbuf_dechain                             0x080242b7   Thumb Code    56  pbuf.o(.text)
    pbuf_copy                                0x080242ef   Thumb Code   192  pbuf.o(.text)
    pbuf_copy_partial                        0x080243af   Thumb Code   146  pbuf.o(.text)
    pbuf_take                                0x08024441   Thumb Code   116  pbuf.o(.text)
    pbuf_coalesce                            0x080244b5   Thumb Code    60  pbuf.o(.text)
    pbuf_get_at                              0x080244f1   Thumb Code    46  pbuf.o(.text)
    pbuf_memcmp                              0x0802451f   Thumb Code    96  pbuf.o(.text)
    pbuf_memfind                             0x0802457f   Thumb Code    76  pbuf.o(.text)
    pbuf_strstr                              0x080245cb   Thumb Code    60  pbuf.o(.text)
    raw_input                                0x08024609   Thumb Code   102  raw.o(.text)
    raw_bind                                 0x0802466f   Thumb Code    16  raw.o(.text)
    raw_connect                              0x0802467f   Thumb Code    16  raw.o(.text)
    raw_recv                                 0x0802468f   Thumb Code     6  raw.o(.text)
    raw_sendto                               0x08024695   Thumb Code   158  raw.o(.text)
    raw_send                                 0x08024733   Thumb Code    18  raw.o(.text)
    raw_remove                               0x08024745   Thumb Code    60  raw.o(.text)
    raw_new                                  0x08024781   Thumb Code    42  raw.o(.text)
    tcp_init                                 0x080247b9   Thumb Code     2  tcp.o(.text)
    tcp_seg_free                             0x080247bb   Thumb Code    26  tcp.o(.text)
    tcp_segs_free                            0x080247d5   Thumb Code    24  tcp.o(.text)
    tcp_pcb_purge                            0x080247ed   Thumb Code    64  tcp.o(.text)
    tcp_slowtmr                              0x0802482d   Thumb Code   802  tcp.o(.text)
    tcp_pcb_remove                           0x08024b4f   Thumb Code   140  tcp.o(.text)
    tcp_close                                0x08024db3   Thumb Code    28  tcp.o(.text)
    tcp_update_rcv_ann_wnd                   0x08024dcf   Thumb Code    78  tcp.o(.text)
    tcp_recved                               0x08024e1d   Thumb Code    70  tcp.o(.text)
    tcp_recv_null                            0x08024e63   Thumb Code    46  tcp.o(.text)
    tcp_process_refused_data                 0x08024e91   Thumb Code   140  tcp.o(.text)
    tcp_fasttmr                              0x08024f1d   Thumb Code   110  tcp.o(.text)
    tcp_tmr                                  0x08024f8b   Thumb Code    30  tcp.o(.text)
    tcp_shutdown                             0x08024fa9   Thumb Code    98  tcp.o(.text)
    tcp_abandon                              0x0802500b   Thumb Code   170  tcp.o(.text)
    tcp_abort                                0x080250b5   Thumb Code    14  tcp.o(.text)
    tcp_bind                                 0x08025123   Thumb Code   142  tcp.o(.text)
    tcp_listen_with_backlog                  0x080251b9   Thumb Code   198  tcp.o(.text)
    tcp_eff_send_mss                         0x0802527f   Thumb Code    46  tcp.o(.text)
    tcp_next_iss                             0x080252ad   Thumb Code    20  tcp.o(.text)
    tcp_connect                              0x080252c1   Thumb Code   328  tcp.o(.text)
    tcp_setprio                              0x08025409   Thumb Code     4  tcp.o(.text)
    tcp_alloc                                0x0802548b   Thumb Code   242  tcp.o(.text)
    tcp_new                                  0x0802557d   Thumb Code    10  tcp.o(.text)
    tcp_arg                                  0x08025587   Thumb Code     4  tcp.o(.text)
    tcp_recv                                 0x0802558b   Thumb Code     8  tcp.o(.text)
    tcp_sent                                 0x08025593   Thumb Code     8  tcp.o(.text)
    tcp_err                                  0x0802559b   Thumb Code    10  tcp.o(.text)
    tcp_accept                               0x080255a5   Thumb Code     4  tcp.o(.text)
    tcp_poll                                 0x080255a9   Thumb Code    14  tcp.o(.text)
    tcp_debug_state_str                      0x080255b7   Thumb Code    10  tcp.o(.text)
    tcp_input                                0x080263e5   Thumb Code  1134  tcp_in.o(.text)
    tcp_enqueue_flags                        0x080269a1   Thumb Code   272  tcp_out.o(.text)
    tcp_send_fin                             0x08026ab1   Thumb Code    74  tcp_out.o(.text)
    tcp_write                                0x08026be3   Thumb Code   902  tcp_out.o(.text)
    tcp_send_empty_ack                       0x08026f69   Thumb Code    78  tcp_out.o(.text)
    tcp_output                               0x0802707f   Thumb Code   444  tcp_out.o(.text)
    tcp_rst                                  0x0802723b   Thumb Code   124  tcp_out.o(.text)
    tcp_rexmit_rto                           0x080272b7   Thumb Code    58  tcp_out.o(.text)
    tcp_rexmit                               0x080272f1   Thumb Code    90  tcp_out.o(.text)
    tcp_rexmit_fast                          0x0802734b   Thumb Code   112  tcp_out.o(.text)
    tcp_keepalive                            0x080273bb   Thumb Code    68  tcp_out.o(.text)
    tcp_zero_window_probe                    0x080273ff   Thumb Code   172  tcp_out.o(.text)
    tcp_timer_needed                         0x080274ab   Thumb Code     2  timers.o(.text)
    udp_init                                 0x080274ad   Thumb Code     2  udp.o(.text)
    udp_input                                0x080274ff   Thumb Code   450  udp.o(.text)
    udp_bind                                 0x080276c1   Thumb Code   122  udp.o(.text)
    udp_sendto_if                            0x0802773b   Thumb Code   206  udp.o(.text)
    udp_sendto                               0x08027809   Thumb Code    46  udp.o(.text)
    udp_send                                 0x08027837   Thumb Code    20  udp.o(.text)
    udp_connect                              0x0802784b   Thumb Code   110  udp.o(.text)
    udp_disconnect                           0x080278b9   Thumb Code    16  udp.o(.text)
    udp_recv                                 0x080278c9   Thumb Code     6  udp.o(.text)
    udp_remove                               0x080278cf   Thumb Code    60  udp.o(.text)
    udp_new                                  0x0802790b   Thumb Code    28  udp.o(.text)
    LwIP_Init                                0x0802792d   Thumb Code   164  netconf.o(.text)
    LwIP_Pkt_Handle                          0x080279d1   Thumb Code    10  netconf.o(.text)
    LwIP_Periodic_Handle                     0x080279db   Thumb Code    52  netconf.o(.text)
    ETH_BSP_Config                           0x08027bf7   Thumb Code    38  stm32f4x7_eth_bsp.o(.text)
    Eth_Link_PHYITConfig                     0x08027c1d   Thumb Code    70  stm32f4x7_eth_bsp.o(.text)
    Eth_Link_EXTIConfig                      0x08027c63   Thumb Code   104  stm32f4x7_eth_bsp.o(.text)
    Eth_Link_ITHandler                       0x08027ccb   Thumb Code    48  stm32f4x7_eth_bsp.o(.text)
    ETH_link_callback                        0x08027cfb   Thumb Code   282  stm32f4x7_eth_bsp.o(.text)
    udp_echoserver_receive_callback          0x08027ed5   Thumb Code   174  udp_echoserver.o(.text)
    udp_echoserver_init                      0x08027f83   Thumb Code   162  udp_echoserver.o(.text)
    udp_echoserver_senddata                  0x08028025   Thumb Code    52  udp_echoserver.o(.text)
    __aeabi_memcpy                           0x08028131   Thumb Code    36  memcpya.o(.text)
    __aeabi_memcpy4                          0x08028131   Thumb Code     0  memcpya.o(.text)
    __aeabi_memcpy8                          0x08028131   Thumb Code     0  memcpya.o(.text)
    __aeabi_memset                           0x08028155   Thumb Code    14  memseta.o(.text)
    __aeabi_memset4                          0x08028155   Thumb Code     0  memseta.o(.text)
    __aeabi_memset8                          0x08028155   Thumb Code     0  memseta.o(.text)
    __aeabi_memclr                           0x08028163   Thumb Code     4  memseta.o(.text)
    __aeabi_memclr4                          0x08028163   Thumb Code     0  memseta.o(.text)
    __aeabi_memclr8                          0x08028163   Thumb Code     0  memseta.o(.text)
    _memset$wrapper                          0x08028167   Thumb Code    18  memseta.o(.text)
    strncpy                                  0x08028179   Thumb Code    24  strncpy.o(.text)
    strlen                                   0x08028191   Thumb Code    14  strlen.o(.text)
    memcmp                                   0x0802819f   Thumb Code    26  memcmp.o(.text)
    __aeabi_dadd                             0x080281b9   Thumb Code   322  dadd.o(.text)
    __aeabi_dsub                             0x080282fb   Thumb Code     6  dadd.o(.text)
    __aeabi_drsub                            0x08028301   Thumb Code     6  dadd.o(.text)
    __aeabi_dmul                             0x08028307   Thumb Code   228  dmul.o(.text)
    __aeabi_ui2d                             0x080283eb   Thumb Code    26  dfltui.o(.text)
    __aeabi_d2iz                             0x08028405   Thumb Code    62  dfixi.o(.text)
    __aeabi_d2uiz                            0x08028443   Thumb Code    50  dfixui.o(.text)
    __aeabi_cdrcmple                         0x08028475   Thumb Code    38  cdrcmple.o(.text)
    __aeabi_uldivmod                         0x0802849d   Thumb Code    98  uldiv.o(.text)
    __aeabi_llsl                             0x080284ff   Thumb Code    30  llshl.o(.text)
    _ll_shift_l                              0x080284ff   Thumb Code     0  llshl.o(.text)
    __aeabi_llsr                             0x0802851d   Thumb Code    32  llushr.o(.text)
    _ll_ushift_r                             0x0802851d   Thumb Code     0  llushr.o(.text)
    __aeabi_lasr                             0x0802853d   Thumb Code    36  llsshr.o(.text)
    _ll_sshift_r                             0x0802853d   Thumb Code     0  llsshr.o(.text)
    __I$use$fp                               0x08028561   Thumb Code     0  iusefp.o(.text)
    _double_round                            0x08028561   Thumb Code    26  depilogue.o(.text)
    _double_epilogue                         0x0802857b   Thumb Code   164  depilogue.o(.text)
    __decompress                             0x0802861f   Thumb Code     0  __dczerorl2.o(.text)
    __decompress1                            0x0802861f   Thumb Code    92  __dczerorl2.o(.text)
    __0printf$8                              0x0802867d   Thumb Code    22  printf8.o(i.__0printf$8)
    __1printf$8                              0x0802867d   Thumb Code     0  printf8.o(i.__0printf$8)
    __2printf                                0x0802867d   Thumb Code     0  printf8.o(i.__0printf$8)
    __0sprintf$8                             0x0802869d   Thumb Code    34  printf8.o(i.__0sprintf$8)
    __1sprintf$8                             0x0802869d   Thumb Code     0  printf8.o(i.__0sprintf$8)
    __2sprintf                               0x0802869d   Thumb Code     0  printf8.o(i.__0sprintf$8)
    softver_edtion                           0x08028bec   Data           6  processscope.o(.constdata)
    FSMC_DefaultTimingStruct                 0x08029a28   Data          28  stm32f4xx_fsmc.o(.constdata)
    COM_USART                                0x08029a44   Data          12  scope_eval.o(.constdata)
    COM_USART_CLK                            0x08029a50   Data          12  scope_eval.o(.constdata)
    COM_ET_IRQn                              0x08029a5c   Data           6  scope_eval.o(.constdata)
    COM_TX_PORT                              0x08029a64   Data          12  scope_eval.o(.constdata)
    COM_TX_PIN                               0x08029a70   Data           6  scope_eval.o(.constdata)
    COM_TX_PORT_CLK                          0x08029a78   Data          12  scope_eval.o(.constdata)
    COM_RX_PORT                              0x08029a84   Data          12  scope_eval.o(.constdata)
    COM_RX_PIN                               0x08029a90   Data           6  scope_eval.o(.constdata)
    COM_RX_PORT_CLK                          0x08029a98   Data          12  scope_eval.o(.constdata)
    COM_AF_TX_PINSOURCE                      0x08029aa4   Data           3  scope_eval.o(.constdata)
    COM_AF_RX_PINSOURCE                      0x08029aa7   Data           3  scope_eval.o(.constdata)
    COM_AF_UART                              0x08029aaa   Data           3  scope_eval.o(.constdata)
    OUT_PORT                                 0x08029ab0   Data          28  scope_eval.o(.constdata)
    OUT_PIN                                  0x08029acc   Data          14  scope_eval.o(.constdata)
    OUT_CLK                                  0x08029adc   Data          28  scope_eval.o(.constdata)
    IN_PORT                                  0x08029af8   Data          28  scope_eval.o(.constdata)
    IN_PIN                                   0x08029b14   Data          14  scope_eval.o(.constdata)
    IN_CLK                                   0x08029b24   Data          28  scope_eval.o(.constdata)
    IN_ET_LINE                               0x08029b40   Data          14  scope_eval.o(.constdata)
    IN_ET_PORT                               0x08029b4e   Data          14  scope_eval.o(.constdata)
    IN_ET_PIN                                0x08029b5c   Data          14  scope_eval.o(.constdata)
    IN_ET_IRQn                               0x08029b6a   Data          14  scope_eval.o(.constdata)
    g_Turn_Motor_Table                       0x08029b88   Data          16  driver.o(.constdata)
    ethbroadcast                             0x08029b98   Data           6  etharp.o(.constdata)
    ethzero                                  0x08029b9e   Data           6  etharp.o(.constdata)
    ip_addr_any                              0x08029ba4   Data           4  ip_addr.o(.constdata)
    ip_addr_broadcast                        0x08029ba8   Data           4  ip_addr.o(.constdata)
    tcp_state_str                            0x08029bd0   Data          44  tcp.o(.constdata)
    tcp_backoff                              0x08029bfc   Data          13  tcp.o(.constdata)
    tcp_persist_backoff                      0x08029c09   Data           7  tcp.o(.constdata)
    tcp_pcb_lists                            0x08029c10   Data          16  tcp.o(.constdata)
    SystemCoreClock                          0x20000000   Data           4  system_stm32f4xx.o(.data)
    AHBPrescTable                            0x20000004   Data          16  system_stm32f4xx.o(.data)
    g_tOCLevel                               0x20000014   Data           4  systemscope.o(.data)
    g_tSystemStatus                          0x20000018   Data           3  systemscope.o(.data)
    g_atInterval                             0x2000001c   Data           8  systemscope.o(.data)
    g_nError                                 0x20000024   Data           4  systemscope.o(.data)
    g_nFlag                                  0x20000028   Data           4  systemscope.o(.data)
    g_Test_Mode                              0x2000002c   Data           1  processscope.o(.data)
    g_Micro_Switch                           0x2000002d   Data           1  processscope.o(.data)
    g_Udp_Count                              0x20000034   Data           4  processscope.o(.data)
    g_Frame_Count                            0x20000038   Data           4  processscope.o(.data)
    g_Send_Fail                              0x2000003c   Data           4  processscope.o(.data)
    g_AirLight_Flag                          0x20000040   Data           1  processscope.o(.data)
    g_Debug_Data                             0x20000044   Data         512  interfacescope.o(.data)
    DMATxDescToSet                           0x20000260   Data           4  stm32f4x7_eth.o(.data)
    DMARxDescToGet                           0x20000264   Data           4  stm32f4x7_eth.o(.data)
    DMA_RX_FRAME_infos                       0x20000268   Data           4  stm32f4x7_eth.o(.data)
    Frame_Rx_index                           0x2000026c   Data           4  stm32f4x7_eth.o(.data)
    g_Elec_Status                            0x200002ac   Data           1  driver.o(.data)
    current_netif                            0x200002b0   Data           4  ip.o(.data)
    current_header                           0x200002b4   Data           4  ip.o(.data)
    current_iphdr_src                        0x200002b8   Data           4  ip.o(.data)
    current_iphdr_dest                       0x200002bc   Data           4  ip.o(.data)
    netif_list                               0x200002dc   Data           4  netif.o(.data)
    netif_default                            0x200002e0   Data           4  netif.o(.data)
    tcp_ticks                                0x200002f4   Data           4  tcp.o(.data)
    tcp_bound_pcbs                           0x200002f8   Data           4  tcp.o(.data)
    tcp_listen_pcbs                          0x200002fc   Data           4  tcp.o(.data)
    tcp_active_pcbs                          0x20000300   Data           4  tcp.o(.data)
    tcp_tw_pcbs                              0x20000304   Data           4  tcp.o(.data)
    tcp_tmp_pcb                              0x20000308   Data           4  tcp.o(.data)
    tcp_active_pcbs_changed                  0x2000030c   Data           1  tcp.o(.data)
    tcp_input_pcb                            0x2000032c   Data           4  tcp_in.o(.data)
    udp_pcbs                                 0x20000334   Data           4  udp.o(.data)
    TCPTimer                                 0x20000338   Data           4  netconf.o(.data)
    ARPTimer                                 0x2000033c   Data           4  netconf.o(.data)
    IPaddress                                0x20000340   Data           4  netconf.o(.data)
    EthStatus                                0x20000344   Data           4  stm32f4x7_eth_bsp.o(.data)
    s_tAddr                                  0x20000348   Data           4  udp_echoserver.o(.data)
    s_nPort                                  0x2000034c   Data           2  udp_echoserver.o(.data)
    s_ptUpcb                                 0x20000350   Data           4  udp_echoserver.o(.data)
    __stdout                                 0x20000354   Data           4  stdout.o(.data)
    g_tAxisPosStatus                         0x20000358   Data          28  systemscope.o(.bss)
    g_tSystemPara                            0x20000374   Data          54  systemscope.o(.bss)
    g_nErrorParaSet                          0x200003aa   Data          64  systemscope.o(.bss)
    ADC1_Status                              0x200003ec   Data          12  processscope.o(.bss)
    g_ADC1_Buffer                            0x200003f8   Data         512  processscope.o(.bss)
    ADC2_Status                              0x200005f8   Data          12  processscope.o(.bss)
    g_ADC2_Buffer                            0x20000604   Data         512  processscope.o(.bss)
    g_CRP_Data                               0x20000804   Data        1032  processscope.o(.bss)
    g_NET_achCmdRvBuf                        0x20000c0c   Data         256  protocol.o(.bss)
    g_achFbkSdBuf                            0x20000d0c   Data        1500  protocol.o(.bss)
    g_achFbkSdLogBuf                         0x200012e8   Data        1500  protocol.o(.bss)
    g_SPG_achCmdRvBuf                        0x2000247c   Data          80  samplingport.o(.bss)
    g_Record_Param                           0x200024cc   Data          28  storagemanagement.o(.bss)
    DMARxDscrTab                             0x200024e8   Data         256  stm32f4x7_eth.o(.bss)
    DMATxDscrTab                             0x200025e8   Data         256  stm32f4x7_eth.o(.bss)
    Rx_Buff                                  0x200026e8   Data       12192  stm32f4x7_eth.o(.bss)
    Tx_Buff                                  0x20005688   Data       12192  stm32f4x7_eth.o(.bss)
    RX_Frame_Descriptor                      0x20008628   Data          12  stm32f4x7_eth.o(.bss)
    g_atMotorStatus                          0x20008634   Data          16  scope_move.o(.bss)
    g_atMotorPara                            0x20008644   Data          32  scope_move.o(.bss)
    dhcp_rx_options_val                      0x20009e48   Data          40  dhcp.o(.bss)
    dhcp_rx_options_given                    0x20009e70   Data          10  dhcp.o(.bss)
    ram_heap                                 0x20009e7a   Data       10260  mem.o(.bss)
    gnetif                                   0x200112a8   Data          56  netconf.o(.bss)
    ETH_InitStructure                        0x200112e0   Data         188  stm32f4x7_eth_bsp.o(.bss)
    __initial_sp                             0x200153a0   Data           0  startup_stm32f40_41xxx.o(STACK)



==============================================================================

Memory Map of the image

  Image Entry point : 0x08000189

  Load Region LR_IROM1 (Base: 0x08000000, Size: 0x00000558, Max: 0x00003fff, ABSOLUTE, COMPRESSED[0x000002c8])

    Execution Region ER_IROM1 (Base: 0x08000000, Size: 0x00000200, Max: 0x00003fff, ABSOLUTE)

    Base Addr    Size         Type   Attr      Idx    E Section Name        Object

    0x08000000   0x00000188   Data   RO          291    RESET               startup_stm32f40_41xxx.o
    0x08000188   0x00000000   Code   RO         2121  * .ARM.Collect$$$$00000000  mc_w.l(entry.o)
    0x08000188   0x00000004   Code   RO         2409    .ARM.Collect$$$$00000001  mc_w.l(entry2.o)
    0x0800018c   0x00000004   Code   RO         2412    .ARM.Collect$$$$00000004  mc_w.l(entry5.o)
    0x08000190   0x00000000   Code   RO         2414    .ARM.Collect$$$$00000008  mc_w.l(entry7b.o)
    0x08000190   0x00000000   Code   RO         2416    .ARM.Collect$$$$0000000A  mc_w.l(entry8b.o)
    0x08000190   0x00000008   Code   RO         2417    .ARM.Collect$$$$0000000B  mc_w.l(entry9a.o)
    0x08000198   0x00000000   Code   RO         2419    .ARM.Collect$$$$0000000D  mc_w.l(entry10a.o)
    0x08000198   0x00000000   Code   RO         2421    .ARM.Collect$$$$0000000F  mc_w.l(entry11a.o)
    0x08000198   0x00000004   Code   RO         2410    .ARM.Collect$$$$00002712  mc_w.l(entry2.o)
    0x0800019c   0x00000024   Code   RO         2441    .text               mc_w.l(init.o)
    0x080001c0   0x0000000e   Code   RO         2445    i.__scatterload_copy  mc_w.l(handlers.o)
    0x080001ce   0x00000002   Code   RO         2446    i.__scatterload_null  mc_w.l(handlers.o)
    0x080001d0   0x0000000e   Code   RO         2447    i.__scatterload_zeroinit  mc_w.l(handlers.o)
    0x080001de   0x00000002   PAD
    0x080001e0   0x00000020   Data   RO         2443    Region$$Table       anon$$obj.o


    Execution Region RW_IRAM1 (Base: 0x20000000, Size: 0x000153a0, Max: 0x00020000, ABSOLUTE, COMPRESSED[0x000000c8])

    Base Addr    Size         Type   Attr      Idx    E Section Name        Object

    0x20000000   0x00000014   Data   RW          266    .data               system_stm32f4xx.o
    0x20000014   0x00000018   Data   RW          301    .data               systemscope.o
    0x2000002c   0x00000015   Data   RW          329    .data               processscope.o
    0x20000041   0x00000002   Data   RW          359    .data               protocol.o
    0x20000043   0x00000001   PAD
    0x20000044   0x00000212   Data   RW          391    .data               interfacescope.o
    0x20000256   0x0000000a   Data   RW          419    .data               samplingport.o
    0x20000260   0x00000010   Data   RW          472    .data               stm32f4x7_eth.o
    0x20000270   0x00000010   Data   RW         1027    .data               stm32f4xx_rcc.o
    0x20000280   0x00000014   Data   RW         1232    .data               scope_it.o
    0x20000294   0x00000008   Data   RW         1309    .data               buffercircle.o
    0x2000029c   0x00000008   Data   RW         1332    .data               netbuffercircle.o
    0x200002a4   0x00000008   Data   RW         1355    .data               samplebuffercircle.o
    0x200002ac   0x00000001   Data   RW         1405    .data               driver.o
    0x200002ad   0x00000001   Data   RW         1517    .data               etharp.o
    0x200002ae   0x00000002   PAD
    0x200002b0   0x00000012   Data   RW         1632    .data               ip.o
    0x200002c2   0x00000002   PAD
    0x200002c4   0x00000006   Data   RW         1692    .data               ip_frag.o
    0x200002ca   0x00000002   PAD
    0x200002cc   0x00000004   Data   RW         1722    .data               dhcp.o
    0x200002d0   0x0000000c   Data   RW         1780    .data               mem.o
    0x200002dc   0x00000009   Data   RW         1822    .data               netif.o
    0x200002e5   0x00000003   PAD
    0x200002e8   0x00000004   Data   RW         1856    .data               raw.o
    0x200002ec   0x00000023   Data   RW         1884    .data               tcp.o
    0x2000030f   0x00000001   PAD
    0x20000310   0x00000020   Data   RW         1907    .data               tcp_in.o
    0x20000330   0x00000008   Data   RW         1953    .data               udp.o
    0x20000338   0x0000000c   Data   RW         2036    .data               netconf.o
    0x20000344   0x00000004   Data   RW         2061    .data               stm32f4x7_eth_bsp.o
    0x20000348   0x0000000c   Data   RW         2094    .data               udp_echoserver.o
    0x20000354   0x00000004   Data   RW         2423    .data               mc_w.l(stdout.o)
    0x20000358   0x00000092   Zero   RW          299    .bss                systemscope.o
    0x200003ea   0x00000002   PAD
    0x200003ec   0x00000820   Zero   RW          327    .bss                processscope.o
    0x20000c0c   0x00000cb8   Zero   RW          358    .bss                protocol.o
    0x200018c4   0x00000bb8   Zero   RW          389    .bss                interfacescope.o
    0x2000247c   0x00000050   Zero   RW          418    .bss                samplingport.o
    0x200024cc   0x0000001c   Zero   RW          445    .bss                storagemanagement.o
    0x200024e8   0x0000614c   Zero   RW          471    .bss                stm32f4x7_eth.o
    0x20008634   0x00000030   Zero   RW         1281    .bss                scope_move.o
    0x20008664   0x000009c4   Zero   RW         1308    .bss                buffercircle.o
    0x20009028   0x00000c80   Zero   RW         1331    .bss                netbuffercircle.o
    0x20009ca8   0x000000c8   Zero   RW         1354    .bss                samplebuffercircle.o
    0x20009d70   0x000000c8   Zero   RW         1515    .bss                etharp.o
    0x20009e38   0x00000010   Zero   RW         1669    .bss                ip_addr.o
    0x20009e48   0x00000032   Zero   RW         1721    .bss                dhcp.o
    0x20009e7a   0x00002814   Zero   RW         1779    .bss                mem.o
    0x2000c68e   0x00000002   PAD
    0x2000c690   0x00004c07   Zero   RW         1795    .bss                memp.o
    0x20011297   0x00000001   PAD
    0x20011298   0x00000010   Zero   RW         1906    .bss                tcp_in.o
    0x200112a8   0x00000038   Zero   RW         2035    .bss                netconf.o
    0x200112e0   0x000000bc   Zero   RW         2060    .bss                stm32f4x7_eth_bsp.o
    0x2001139c   0x00000004   PAD
    0x200113a0   0x00004000   Zero   RW          289    STACK               startup_stm32f40_41xxx.o



  Load Region LR_IROM2 (Base: 0x08008000, Size: 0x00021cd4, Max: 0x0003ffff, ABSOLUTE)

    Execution Region ER_IROM2 (Base: 0x08008000, Size: 0x00021cd4, Max: 0x0003ffff, ABSOLUTE)

    Base Addr    Size         Type   Attr      Idx    E Section Name        Object

    0x08008000   0x000001e0   Code   RO            3    .text               scopemain.o
    0x080081e0   0x000002cc   Code   RO          265    .text               system_stm32f4xx.o
    0x080084ac   0x00000024   Code   RO          292    .text               startup_stm32f40_41xxx.o
    0x080084d0   0x000001d4   Code   RO          298    .text               systemscope.o
    0x080086a4   0x00005374   Code   RO          326    .text               processscope.o
    0x0800da18   0x0000049c   Code   RO          357    .text               protocol.o
    0x0800deb4   0x00001b94   Code   RO          388    .text               interfacescope.o
    0x0800fa48   0x00000364   Code   RO          417    .text               samplingport.o
    0x0800fdac   0x00000190   Code   RO          444    .text               storagemanagement.o
    0x0800ff3c   0x00001e30   Code   RO          470    .text               stm32f4x7_eth.o
    0x08011d6c   0x000001dc   Code   RO          494    .text               misc.o
    0x08011f48   0x00001070   Code   RO          534    .text               stm32f4xx_adc.o
    0x08012fb8   0x000005f8   Code   RO          674    .text               stm32f4xx_dac.o
    0x080135b0   0x000013a4   Code   RO          757    .text               stm32f4xx_dma.o
    0x08014954   0x000002f8   Code   RO          777    .text               stm32f4xx_exti.o
    0x08014c4c   0x00000a94   Code   RO          797    .text               stm32f4xx_flash.o
    0x080156e0   0x00000e48   Code   RO          840    .text               stm32f4xx_fsmc.o
    0x08016528   0x00000a10   Code   RO          863    .text               stm32f4xx_gpio.o
    0x08016f38   0x00000f60   Code   RO         1026    .text               stm32f4xx_rcc.o
    0x08017e98   0x00000dd0   Code   RO         1131    .text               stm32f4xx_spi.o
    0x08018c68   0x0000019c   Code   RO         1151    .text               stm32f4xx_syscfg.o
    0x08018e04   0x00003284   Code   RO         1171    .text               stm32f4xx_tim.o
    0x0801c088   0x0000115c   Code   RO         1191    .text               stm32f4xx_usart.o
    0x0801d1e4   0x00000378   Code   RO         1211    .text               fpga.o
    0x0801d55c   0x00000274   Code   RO         1231    .text               scope_it.o
    0x0801d7d0   0x000004bc   Code   RO         1253    .text               scope_eval.o
    0x0801dc8c   0x000003ec   Code   RO         1280    .text               scope_move.o
    0x0801e078   0x000003b8   Code   RO         1307    .text               buffercircle.o
    0x0801e430   0x000003b8   Code   RO         1330    .text               netbuffercircle.o
    0x0801e7e8   0x0000038c   Code   RO         1353    .text               samplebuffercircle.o
    0x0801eb74   0x00001ae0   Code   RO         1402    .text               driver.o
    0x08020654   0x000004bc   Code   RO         1454    .text               ad7799.o
    0x08020b10   0x00000290   Code   RO         1474    .text               ethernetif.o
    0x08020da0   0x0000092c   Code   RO         1514    .text               etharp.o
    0x080216cc   0x000001f0   Code   RO         1573    .text               icmp.o
    0x080218bc   0x00000222   Code   RO         1613    .text               inet_chksum.o
    0x08021ade   0x00000002   PAD
    0x08021ae0   0x00000308   Code   RO         1631    .text               ip.o
    0x08021de8   0x000002b4   Code   RO         1668    .text               ip_addr.o
    0x0802209c   0x00000694   Code   RO         1691    .text               ip_frag.o
    0x08022730   0x0000003e   Code   RO         1708    .text               def.o
    0x0802276e   0x00000002   PAD
    0x08022770   0x000010cc   Code   RO         1720    .text               dhcp.o
    0x0802383c   0x0000033c   Code   RO         1778    .text               mem.o
    0x08023b78   0x000000a8   Code   RO         1794    .text               memp.o
    0x08023c20   0x000002ac   Code   RO         1821    .text               netif.o
    0x08023ecc   0x0000073a   Code   RO         1843    .text               pbuf.o
    0x08024606   0x00000002   PAD
    0x08024608   0x000001b0   Code   RO         1855    .text               raw.o
    0x080247b8   0x00000e18   Code   RO         1881    .text               tcp.o
    0x080255d0   0x000012ac   Code   RO         1905    .text               tcp_in.o
    0x0802687c   0x00000c2e   Code   RO         1928    .text               tcp_out.o
    0x080274aa   0x00000002   Code   RO         1940    .text               timers.o
    0x080274ac   0x00000480   Code   RO         1952    .text               udp.o
    0x0802792c   0x00000170   Code   RO         2034    .text               netconf.o
    0x08027a9c   0x00000438   Code   RO         2059    .text               stm32f4x7_eth_bsp.o
    0x08027ed4   0x0000025c   Code   RO         2092    .text               udp_echoserver.o
    0x08028130   0x00000024   Code   RO         2124    .text               mc_w.l(memcpya.o)
    0x08028154   0x00000024   Code   RO         2126    .text               mc_w.l(memseta.o)
    0x08028178   0x00000018   Code   RO         2128    .text               mc_w.l(strncpy.o)
    0x08028190   0x0000000e   Code   RO         2130    .text               mc_w.l(strlen.o)
    0x0802819e   0x0000001a   Code   RO         2132    .text               mc_w.l(memcmp.o)
    0x080281b8   0x0000014e   Code   RO         2397    .text               mf_w.l(dadd.o)
    0x08028306   0x000000e4   Code   RO         2399    .text               mf_w.l(dmul.o)
    0x080283ea   0x0000001a   Code   RO         2401    .text               mf_w.l(dfltui.o)
    0x08028404   0x0000003e   Code   RO         2403    .text               mf_w.l(dfixi.o)
    0x08028442   0x00000032   Code   RO         2405    .text               mf_w.l(dfixui.o)
    0x08028474   0x00000028   Code   RO         2407    .text               mf_w.l(cdrcmple.o)
    0x0802849c   0x00000062   Code   RO         2426    .text               mc_w.l(uldiv.o)
    0x080284fe   0x0000001e   Code   RO         2428    .text               mc_w.l(llshl.o)
    0x0802851c   0x00000020   Code   RO         2430    .text               mc_w.l(llushr.o)
    0x0802853c   0x00000024   Code   RO         2432    .text               mc_w.l(llsshr.o)
    0x08028560   0x00000000   Code   RO         2434    .text               mc_w.l(iusefp.o)
    0x08028560   0x000000be   Code   RO         2435    .text               mf_w.l(depilogue.o)
    0x0802861e   0x0000005c   Code   RO         2451    .text               mc_w.l(__dczerorl2.o)
    0x0802867a   0x00000002   PAD
    0x0802867c   0x00000020   Code   RO         2343    i.__0printf$8       mc_w.l(printf8.o)
    0x0802869c   0x00000028   Code   RO         2345    i.__0sprintf$8      mc_w.l(printf8.o)
    0x080286c4   0x00000408   Code   RO         2350    i._printf_core      mc_w.l(printf8.o)
    0x08028acc   0x00000026   Code   RO         2351    i._printf_post_padding  mc_w.l(printf8.o)
    0x08028af2   0x00000030   Code   RO         2352    i._printf_pre_padding  mc_w.l(printf8.o)
    0x08028b22   0x0000000a   Code   RO         2354    i._sputc            mc_w.l(printf8.o)
    0x08028b2c   0x000000c0   Data   RO          300    .constdata          systemscope.o
    0x08028bec   0x00000da4   Data   RO          328    .constdata          processscope.o
    0x08029990   0x00000098   Data   RO          390    .constdata          interfacescope.o
    0x08029a28   0x0000001c   Data   RO          841    .constdata          stm32f4xx_fsmc.o
    0x08029a44   0x00000134   Data   RO         1254    .constdata          scope_eval.o
    0x08029b78   0x00000010   Data   RO         1282    .constdata          scope_move.o
    0x08029b88   0x00000010   Data   RO         1404    .constdata          driver.o
    0x08029b98   0x0000000c   Data   RO         1516    .constdata          etharp.o
    0x08029ba4   0x00000008   Data   RO         1670    .constdata          ip_addr.o
    0x08029bac   0x00000024   Data   RO         1796    .constdata          memp.o
    0x08029bd0   0x00000050   Data   RO         1882    .constdata          tcp.o
    0x08029c20   0x0000004b   Data   RO         2093    .constdata          udp_echoserver.o
    0x08029c6b   0x00000068   Data   RO         1883    .conststring        tcp.o


==============================================================================

Image component sizes


      Code (inc. data)   RO Data    RW Data    ZI Data      Debug   Object Name

      1212         64          0          0          0       3671   ad7799.o
       952         16          0          8       2500       4382   buffercircle.o
        62          0          0          0          0       1174   def.o
      4300         80          0          4         50      12570   dhcp.o
      6880        676         16          1          0      17141   driver.o
      2348         22         12          1        200      15877   etharp.o
       656         36          0          0          0       7755   ethernetif.o
       888         18          0          0          0       2691   fpga.o
       496          8          0          0          0       3342   icmp.o
         0          0          0          0          0       3768   inet.o
       546          0          0          0          0       2897   inet_chksum.o
      7060        522        152        530       3000      46920   interfacescope.o
       776         30          0         18          0      15476   ip.o
       692         12          8          0         16       9151   ip_addr.o
      1684         18          0          6          0       6988   ip_frag.o
       828         18          0         12      10260       3822   mem.o
       168         18         36          0      19463       2322   memp.o
       476         56          0          0          0       1889   misc.o
       952         16          0          8       3200       4704   netbuffercircle.o
       368        142          0         12         56       1806   netconf.o
       684         20          0          9          0       6449   netif.o
      1850          0          0          0          0       8809   pbuf.o
     21364       4788       3492         21       2080      30690   processscope.o
      1180         58          0          2       3256       8231   protocol.o
       432         14          0          4          0       3237   raw.o
       908         16          0          8        200       4414   samplebuffercircle.o
       868         32          0         10         80       6189   samplingport.o
      1212        252        308          0          0      31198   scope_eval.o
       628         68          0         20          0       3268   scope_it.o
      1004         18         16          0         48       4407   scope_move.o
       480        218          0          0          0     412857   scopemain.o
        36          8        392          0      16384        796   startup_stm32f40_41xxx.o
      7728        216          0         16      24908      23289   stm32f4x7_eth.o
      1080        192          0          4        188       4649   stm32f4x7_eth_bsp.o
      4208        130          0          0          0      12554   stm32f4xx_adc.o
      1528         48          0          0          0       5381   stm32f4xx_dac.o
      5028        330          0          0          0       8513   stm32f4xx_dma.o
       760         50          0          0          0       2551   stm32f4xx_exti.o
      2708         82          0          0          0       9918   stm32f4xx_flash.o
      3656        130         28          0          0       7038   stm32f4xx_fsmc.o
      2576        178          0          0          0       5213   stm32f4xx_gpio.o
      3936        252          0         16          0      15056   stm32f4xx_rcc.o
      3536        168          0          0          0       8333   stm32f4xx_spi.o
       412         62          0          0          0       1961   stm32f4xx_syscfg.o
     12932        652          0          0          0      29104   stm32f4xx_tim.o
      4444        228          0          0          0       9852   stm32f4xx_usart.o
       400         46          0          0         28       3932   storagemanagement.o
       716         50          0         20          0       1968   system_stm32f4xx.o
       468         46        192         24        146       5669   systemscope.o
      3608        138        184         35          0      21203   tcp.o
      4780        232          0         32         16      14487   tcp_in.o
      3118          8          0          0          0       9307   tcp_out.o
         2          0          0          0          0        435   timers.o
      1152         22          0          8          0      13765   udp.o
       604        216         75         12          0       2217   udp_echoserver.o

    ----------------------------------------------------------------------
    131376      10720       4944        852      86088     905286   Object Totals
         0          0         32          0          0          0   (incl. Generated)
         6          0          1         11          9          0   (incl. Padding)

    ----------------------------------------------------------------------

      Code (inc. data)   RO Data    RW Data    ZI Data      Debug   Library Member Name

        92          0          0          0          0          0   __dczerorl2.o
         0          0          0          0          0          0   entry.o
         0          0          0          0          0          0   entry10a.o
         0          0          0          0          0          0   entry11a.o
         8          4          0          0          0          0   entry2.o
         4          0          0          0          0          0   entry5.o
         0          0          0          0          0          0   entry7b.o
         0          0          0          0          0          0   entry8b.o
         8          4          0          0          0          0   entry9a.o
        30          0          0          0          0          0   handlers.o
        36          8          0          0          0         68   init.o
         0          0          0          0          0          0   iusefp.o
        30          0          0          0          0         68   llshl.o
        36          0          0          0          0         68   llsshr.o
        32          0          0          0          0         68   llushr.o
        26          0          0          0          0         80   memcmp.o
        36          0          0          0          0         68   memcpya.o
        36          0          0          0          0        108   memseta.o
      1200         60          0          0          0        504   printf8.o
         0          0          0          4          0          0   stdout.o
        14          0          0          0          0         68   strlen.o
        24          0          0          0          0         76   strncpy.o
        98          0          0          0          0         92   uldiv.o
        40          2          0          0          0         68   cdrcmple.o
       334          0          0          0          0        148   dadd.o
       190          0          0          0          0        176   depilogue.o
        62          0          0          0          0         80   dfixi.o
        50          0          0          0          0         76   dfixui.o
        26          0          0          0          0         76   dfltui.o
       228          0          0          0          0         96   dmul.o

    ----------------------------------------------------------------------
      2644         78          0          4          0       1988   Library Totals
         4          0          0          0          0          0   (incl. Padding)

    ----------------------------------------------------------------------

      Code (inc. data)   RO Data    RW Data    ZI Data      Debug   Library Name

      1710         76          0          4          0       1268   mc_w.l
       930          2          0          0          0        720   mf_w.l

    ----------------------------------------------------------------------
      2644         78          0          4          0       1988   Library Totals

    ----------------------------------------------------------------------

==============================================================================


      Code (inc. data)   RO Data    RW Data    ZI Data      Debug   

    134020      10798       4944        856      86088     893634   Grand Totals
    134020      10798       4944        200      86088     893634   ELF Image Totals (compressed)
    134020      10798       4944        200          0          0   ROM Totals

==============================================================================

    Total RO  Size (Code + RO Data)               138964 ( 135.71kB)
    Total RW  Size (RW Data + ZI Data)             86944 (  84.91kB)
    Total ROM Size (Code + RO Data + RW Data)     139164 ( 135.90kB)

==============================================================================

