ARM Linker, 5.03 [Build 76] [MDK-ARM Professional]

==============================================================================

Section Cross References

    scopemain.o(.text) refers to driver.o(.text) for EVAL_Init
    scopemain.o(.text) refers to printfa.o(i.__0printf) for __2printf
    scopemain.o(.text) refers to stm32f4x7_eth_bsp.o(.text) for ETH_BSP_Config
    scopemain.o(.text) refers to scope_it.o(.text) for IT_SYS_DlyMs
    scopemain.o(.text) refers to netconf.o(.text) for LwIP_Init
    scopemain.o(.text) refers to udp_echoserver.o(.text) for udp_echoserver_init
    scopemain.o(.text) refers to systemscope.o(.text) for Iint_SysParam
    scopemain.o(.text) refers to processscope.o(.text) for start_run
    scopemain.o(.text) refers to interfacescope.o(.text) for HW_LWIP_MainLine
    scopemain.o(.text) refers to stm32f4x7_eth_bsp.o(.data) for EthStatus
    scopemain.o(.text) refers to processscope.o(.constdata) for softver_edtion
    scopemain.o(.text) refers to processscope.o(.data) for g_AirLight_Flag
    system_stm32f4xx.o(.text) refers to stm32f4xx_rcc.o(.text) for RCC_DeInit
    system_stm32f4xx.o(.text) refers to system_stm32f4xx.o(.data) for SystemCoreClock
    startup_stm32f40_41xxx.o(RESET) refers to startup_stm32f40_41xxx.o(STACK) for __initial_sp
    startup_stm32f40_41xxx.o(RESET) refers to startup_stm32f40_41xxx.o(.text) for Reset_Handler
    startup_stm32f40_41xxx.o(RESET) refers to scope_it.o(.text) for SysTick_Handler
    startup_stm32f40_41xxx.o(RESET) refers to driver.o(.text) for EXTI9_5_IRQHandler
    startup_stm32f40_41xxx.o(.text) refers to system_stm32f4xx.o(.text) for SystemInit
    startup_stm32f40_41xxx.o(.text) refers to entry.o(.ARM.Collect$$$$00000000) for __main
    systemscope.o(.text) refers to memseta.o(.text) for __aeabi_memclr4
    systemscope.o(.text) refers to processscope.o(.bss) for g_CRP_Data
    systemscope.o(.text) refers to systemscope.o(.data) for g_nError
    systemscope.o(.text) refers to systemscope.o(.bss) for g_tAxisPosStatus
    systemscope.o(.text) refers to systemscope.o(.constdata) for m_nConstBitsMap
    processscope.o(.text) refers to scope_it.o(.text) for IT_LIST_GetTicks
    processscope.o(.text) refers to protocol.o(.text) for PL_NET_SendResult
    processscope.o(.text) refers to processscope.o(.data) for g_Udp_Count
    processscope.o(.text) refers to printfa.o(i.__0printf) for __2printf
    processscope.o(.text) refers to interfacescope.o(.text) for HW_LWIP_Working_Recv_Handle
    processscope.o(.text) refers to netconf.o(.text) for LwIP_Periodic_Handle
    processscope.o(.text) refers to systemscope.o(.bss) for g_tAxisPosStatus
    processscope.o(.text) refers to processscope.o(.constdata) for .constdata
    processscope.o(.text) refers to storagemanagement.o(.bss) for g_Record_Param
    processscope.o(.text) refers to storagemanagement.o(.text) for Flash_Write_Param
    processscope.o(.text) refers to memseta.o(.text) for __aeabi_memclr4
    processscope.o(.text) refers to driver.o(.text) for Mixing_Motor_Run
    processscope.o(.text) refers to processscope.o(.bss) for g_CRP_Data
    processscope.o(.text) refers to f2d.o(.text) for __aeabi_f2d
    processscope.o(.text) refers to ad7799.o(.text) for AD7799_SetChannel
    processscope.o(.text) refers to printfa.o(i.__0sprintf) for __2sprintf
    processscope.o(.text) refers to protocol.o(.bss) for g_achFbkSdLogBuf
    processscope.o(.text) refers to driver.o(.bss) for ADC1_Status
    processscope.o(.text) refers to udp_echoserver.o(.text) for udp_echoserver_senddata
    processscope.o(.text) refers to systemscope.o(.text) for SYS_HasError
    processscope.o(.text) refers to strncpy.o(.text) for strncpy
    processscope.o(.text) refers to driver.o(.data) for g_Micro_Switch
    protocol.o(.text) refers to buffercircle.o(.text) for BUF_Send_Init
    protocol.o(.text) refers to netbuffercircle.o(.text) for NET_BUF_Send_Init
    protocol.o(.text) refers to udp_echoserver.o(.text) for udp_echoserver_senddata
    protocol.o(.text) refers to memcpya.o(.text) for __aeabi_memcpy
    protocol.o(.text) refers to strlen.o(.text) for strlen
    protocol.o(.text) refers to protocol.o(.data) for m_NET_tRecvBufStatus
    protocol.o(.text) refers to protocol.o(.bss) for g_NET_achCmdRvBuf
    interfacescope.o(.text) refers to scope_move.o(.text) for MV_InitPara
    interfacescope.o(.text) refers to driver.o(.text) for Get_In_OC_Status
    interfacescope.o(.text) refers to processscope.o(.text) for moto_work_stat_2
    interfacescope.o(.text) refers to printfa.o(i.__0printf) for __2printf
    interfacescope.o(.text) refers to scope_it.o(.text) for IT_SYS_GetTicks
    interfacescope.o(.text) refers to systemscope.o(.bss) for g_tAxisPosStatus
    interfacescope.o(.text) refers to storagemanagement.o(.bss) for g_Record_Param
    interfacescope.o(.text) refers to scope_move.o(.bss) for g_atMotorPara
    interfacescope.o(.text) refers to fpga.o(.text) for FPGA_WriteBuffer
[...]
    FLASH_PrefetchBufferCmd                  0x080140d1   Thumb Code    52  stm32f4xx_flash.o(.text)
    FLASH_InstructionCacheCmd                0x08014105   Thumb Code    52  stm32f4xx_flash.o(.text)
    FLASH_DataCacheCmd                       0x08014139   Thumb Code    52  stm32f4xx_flash.o(.text)
    FLASH_InstructionCacheReset              0x0801416d   Thumb Code    14  stm32f4xx_flash.o(.text)
    FLASH_DataCacheReset                     0x0801417b   Thumb Code    14  stm32f4xx_flash.o(.text)
    FLASH_Unlock                             0x08014189   Thumb Code    26  stm32f4xx_flash.o(.text)
    FLASH_Lock                               0x080141a3   Thumb Code    18  stm32f4xx_flash.o(.text)
    FLASH_GetStatus                          0x080141b5   Thumb Code    90  stm32f4xx_flash.o(.text)
    FLASH_WaitForLastOperation               0x0801420f   Thumb Code    34  stm32f4xx_flash.o(.text)
    FLASH_EraseSector                        0x08014231   Thumb Code   278  stm32f4xx_flash.o(.text)
    FLASH_EraseAllSectors                    0x08014347   Thumb Code   140  stm32f4xx_flash.o(.text)
    FLASH_EraseAllBank1Sectors               0x080143d3   Thumb Code   140  stm32f4xx_flash.o(.text)
    FLASH_EraseAllBank2Sectors               0x0801445f   Thumb Code   190  stm32f4xx_flash.o(.text)
    FLASH_ProgramDoubleWord                  0x0801451d   Thumb Code   122  stm32f4xx_flash.o(.text)
    FLASH_ProgramWord                        0x08014597   Thumb Code   112  stm32f4xx_flash.o(.text)
    FLASH_ProgramHalfWord                    0x08014607   Thumb Code   112  stm32f4xx_flash.o(.text)
    FLASH_ProgramByte                        0x08014677   Thumb Code   108  stm32f4xx_flash.o(.text)
    FLASH_OB_Unlock                          0x080146e3   Thumb Code    26  stm32f4xx_flash.o(.text)
    FLASH_OB_Lock                            0x080146fd   Thumb Code    18  stm32f4xx_flash.o(.text)
    FLASH_OB_WRPConfig                       0x0801470f   Thumb Code    96  stm32f4xx_flash.o(.text)
    FLASH_OB_WRP1Config                      0x0801476f   Thumb Code    96  stm32f4xx_flash.o(.text)
    FLASH_OB_PCROPSelectionConfig            0x080147cf   Thumb Code    48  stm32f4xx_flash.o(.text)
    FLASH_OB_PCROPConfig                     0x080147ff   Thumb Code    96  stm32f4xx_flash.o(.text)
    FLASH_OB_PCROP1Config                    0x0801485f   Thumb Code   118  stm32f4xx_flash.o(.text)
    FLASH_OB_RDPConfig                       0x080148d5   Thumb Code    44  stm32f4xx_flash.o(.text)
    FLASH_OB_UserConfig                      0x08014901   Thumb Code   116  stm32f4xx_flash.o(.text)
    FLASH_OB_BootConfig                      0x08014975   Thumb Code    50  stm32f4xx_flash.o(.text)
    FLASH_OB_BORConfig                       0x080149a7   Thumb Code    58  stm32f4xx_flash.o(.text)
    FLASH_OB_Launch                          0x080149e1   Thumb Code    30  stm32f4xx_flash.o(.text)
    FLASH_OB_GetUser                         0x080149ff   Thumb Code    12  stm32f4xx_flash.o(.text)
    FLASH_OB_GetWRP                          0x08014a0b   Thumb Code     8  stm32f4xx_flash.o(.text)
    FLASH_OB_GetWRP1                         0x08014a13   Thumb Code     8  stm32f4xx_flash.o(.text)
    FLASH_OB_GetPCROP                        0x08014a1b   Thumb Code     8  stm32f4xx_flash.o(.text)
    FLASH_OB_GetPCROP1                       0x08014a23   Thumb Code     8  stm32f4xx_flash.o(.text)
    FLASH_OB_GetRDP                          0x08014a2b   Thumb Code    18  stm32f4xx_flash.o(.text)
    FLASH_OB_GetBOR                          0x08014a3d   Thumb Code    12  stm32f4xx_flash.o(.text)
    FLASH_ITConfig                           0x08014a49   Thumb Code    82  stm32f4xx_flash.o(.text)
    FLASH_GetFlagStatus                      0x08014a9b   Thumb Code    76  stm32f4xx_flash.o(.text)
    FLASH_ClearFlag                          0x08014ae7   Thumb Code    38  stm32f4xx_flash.o(.text)
    FSMC_NORSRAMDeInit                       0x08014b11   Thumb Code    84  stm32f4xx_fsmc.o(.text)
    FSMC_NORSRAMInit                         0x08014b65   Thumb Code   870  stm32f4xx_fsmc.o(.text)
    FSMC_NORSRAMStructInit                   0x08014ecb   Thumb Code    48  stm32f4xx_fsmc.o(.text)
    FSMC_NORSRAMCmd                          0x08014efb   Thumb Code   152  stm32f4xx_fsmc.o(.text)
    FSMC_NANDDeInit                          0x08014f93   Thumb Code    90  stm32f4xx_fsmc.o(.text)
    FSMC_NANDInit                            0x08014fed   Thumb Code   594  stm32f4xx_fsmc.o(.text)
    FSMC_NANDStructInit                      0x0801523f   Thumb Code    54  stm32f4xx_fsmc.o(.text)
    FSMC_NANDCmd                             0x08015275   Thumb Code   136  stm32f4xx_fsmc.o(.text)
    FSMC_NANDECCCmd                          0x080152fd   Thumb Code   160  stm32f4xx_fsmc.o(.text)
    FSMC_GetECC                              0x0801539d   Thumb Code    22  stm32f4xx_fsmc.o(.text)
    FSMC_PCCARDDeInit                        0x080153b3   Thumb Code    40  stm32f4xx_fsmc.o(.text)
    FSMC_PCCARDInit                          0x080153db   Thumb Code   532  stm32f4xx_fsmc.o(.text)
    FSMC_PCCARDStructInit                    0x080155ef   Thumb Code    60  stm32f4xx_fsmc.o(.text)
    FSMC_PCCARDCmd                           0x0801562b   Thumb Code    64  stm32f4xx_fsmc.o(.text)
    FSMC_ITConfig                            0x0801566b   Thumb Code   206  stm32f4xx_fsmc.o(.text)
    FSMC_GetFlagStatus                       0x08015739   Thumb Code   160  stm32f4xx_fsmc.o(.text)
    FSMC_ClearFlag                           0x080157d9   Thumb Code   120  stm32f4xx_fsmc.o(.text)
    FSMC_GetITStatus                         0x08015851   Thumb Code   132  stm32f4xx_fsmc.o(.text)
    FSMC_ClearITPendingBit                   0x080158d5   Thumb Code   122  stm32f4xx_fsmc.o(.text)
    GPIO_DeInit                              0x08015959   Thumb Code   344  stm32f4xx_gpio.o(.text)
    GPIO_Init                                0x08015ab1   Thumb Code   354  stm32f4xx_gpio.o(.text)
    GPIO_StructInit                          0x08015c13   Thumb Code    18  stm32f4xx_gpio.o(.text)
    GPIO_PinLockConfig                       0x08015c25   Thumb Code   134  stm32f4xx_gpio.o(.text)
    GPIO_ReadInputDataBit                    0x08015cab   Thumb Code   282  stm32f4xx_gpio.o(.text)
    GPIO_ReadInputData                       0x08015dc5   Thumb Code    90  stm32f4xx_gpio.o(.text)
    GPIO_ReadOutputDataBit                   0x08015e1f   Thumb Code   198  stm32f4xx_gpio.o(.text)
    GPIO_ReadOutputData                      0x08015ee5   Thumb Code    90  stm32f4xx_gpio.o(.text)
    GPIO_SetBits                             0x08015f3f   Thumb Code   110  stm32f4xx_gpio.o(.text)
    GPIO_ResetBits                           0x08015fad   Thumb Code   110  stm32f4xx_gpio.o(.text)
    GPIO_WriteBit                            0x0801601b   Thumb Code   212  stm32f4xx_gpio.o(.text)
    GPIO_Write                               0x080160ef   Thumb Code    90  stm32f4xx_gpio.o(.text)
    GPIO_ToggleBits                          0x08016149   Thumb Code   140  stm32f4xx_gpio.o(.text)
    GPIO_PinAFConfig                         0x080161d5   Thumb Code   358  stm32f4xx_gpio.o(.text)
    RCC_DeInit                               0x08016369   Thumb Code    82  stm32f4xx_rcc.o(.text)
    RCC_HSEConfig                            0x080163bb   Thumb Code    40  stm32f4xx_rcc.o(.text)
    RCC_GetFlagStatus                        0x080163e3   Thumb Code   134  stm32f4xx_rcc.o(.text)
    RCC_WaitForHSEStartUp                    0x08016469   Thumb Code    56  stm32f4xx_rcc.o(.text)
    RCC_AdjustHSICalibrationValue            0x080164a1   Thumb Code    38  stm32f4xx_rcc.o(.text)
    RCC_HSICmd                               0x080164c7   Thumb Code    28  stm32f4xx_rcc.o(.text)
    RCC_LSEConfig                            0x080164e3   Thumb Code    72  stm32f4xx_rcc.o(.text)
    RCC_LSICmd                               0x0801652b   Thumb Code    28  stm32f4xx_rcc.o(.text)
    RCC_PLLConfig                            0x08016547   Thumb Code   156  stm32f4xx_rcc.o(.text)
    RCC_PLLCmd                               0x080165e3   Thumb Code    28  stm32f4xx_rcc.o(.text)
    RCC_PLLI2SConfig                         0x080165ff   Thumb Code    62  stm32f4xx_rcc.o(.text)
    RCC_PLLI2SCmd                            0x0801663d   Thumb Code    28  stm32f4xx_rcc.o(.text)
    RCC_PLLSAIConfig                         0x08016659   Thumb Code    88  stm32f4xx_rcc.o(.text)
    RCC_PLLSAICmd                            0x080166b1   Thumb Code    28  stm32f4xx_rcc.o(.text)
    RCC_ClockSecuritySystemCmd               0x080166cd   Thumb Code    28  stm32f4xx_rcc.o(.text)
    RCC_MCO1Config                           0x080166e9   Thumb Code   168  stm32f4xx_rcc.o(.text)
    RCC_MCO2Config                           0x08016791   Thumb Code   102  stm32f4xx_rcc.o(.text)
    RCC_SYSCLKConfig                         0x080167f7   Thumb Code    44  stm32f4xx_rcc.o(.text)
    RCC_GetSYSCLKSource                      0x08016823   Thumb Code    10  stm32f4xx_rcc.o(.text)
    RCC_HCLKConfig                           0x0801682d   Thumb Code    68  stm32f4xx_rcc.o(.text)
    RCC_PCLK1Config                          0x08016871   Thumb Code    60  stm32f4xx_rcc.o(.text)
    RCC_PCLK2Config                          0x080168ad   Thumb Code    62  stm32f4xx_rcc.o(.text)
    RCC_GetClocksFreq                        0x080168eb   Thumb Code   214  stm32f4xx_rcc.o(.text)
    RCC_RTCCLKConfig                         0x080169c1   Thumb Code   262  stm32f4xx_rcc.o(.text)
    RCC_RTCCLKCmd                            0x08016ac7   Thumb Code    30  stm32f4xx_rcc.o(.text)
    RCC_BackupResetCmd                       0x08016ae5   Thumb Code    32  stm32f4xx_rcc.o(.text)
    RCC_I2SCLKConfig                         0x08016b05   Thumb Code    30  stm32f4xx_rcc.o(.text)
    RCC_SAIBlockACLKConfig                   0x08016b23   Thumb Code    50  stm32f4xx_rcc.o(.text)
    RCC_SAIBlockBCLKConfig                   0x08016b55   Thumb Code    50  stm32f4xx_rcc.o(.text)
    RCC_SAIPLLI2SClkDivConfig                0x08016b87   Thumb Code    50  stm32f4xx_rcc.o(.text)
    RCC_SAIPLLSAIClkDivConfig                0x08016bb9   Thumb Code   196  stm32f4xx_rcc.o(.text)
    RCC_LTDCCLKDivConfig                     0x08016c7d   Thumb Code    54  stm32f4xx_rcc.o(.text)
    RCC_TIMCLKPresConfig                     0x08016cb3   Thumb Code    30  stm32f4xx_rcc.o(.text)
    RCC_AHB1PeriphClockCmd                   0x08016cd1   Thumb Code    82  stm32f4xx_rcc.o(.text)
    RCC_AHB2PeriphClockCmd                   0x08016d23   Thumb Code    82  stm32f4xx_rcc.o(.text)
    RCC_AHB3PeriphClockCmd                   0x08016d75   Thumb Code    82  stm32f4xx_rcc.o(.text)
    RCC_APB1PeriphClockCmd                   0x08016dc7   Thumb Code    82  stm32f4xx_rcc.o(.text)
    RCC_APB2PeriphClockCmd                   0x08016e19   Thumb Code    82  stm32f4xx_rcc.o(.text)
    RCC_AHB1PeriphResetCmd                   0x08016e6b   Thumb Code    82  stm32f4xx_rcc.o(.text)
    RCC_AHB2PeriphResetCmd                   0x08016ebd   Thumb Code    82  stm32f4xx_rcc.o(.text)
    RCC_AHB3PeriphResetCmd                   0x08016f0f   Thumb Code    82  stm32f4xx_rcc.o(.text)
    RCC_APB1PeriphResetCmd                   0x08016f61   Thumb Code    82  stm32f4xx_rcc.o(.text)
    RCC_APB2PeriphResetCmd                   0x08016fb3   Thumb Code    82  stm32f4xx_rcc.o(.text)
    RCC_AHB1PeriphClockLPModeCmd             0x08017005   Thumb Code   108  stm32f4xx_rcc.o(.text)
    RCC_AHB2PeriphClockLPModeCmd             0x08017071   Thumb Code    82  stm32f4xx_rcc.o(.text)
    RCC_AHB3PeriphClockLPModeCmd             0x080170c3   Thumb Code    82  stm32f4xx_rcc.o(.text)
    RCC_APB1PeriphClockLPModeCmd             0x08017115   Thumb Code    82  stm32f4xx_rcc.o(.text)
    RCC_APB2PeriphClockLPModeCmd             0x08017167   Thumb Code    82  stm32f4xx_rcc.o(.text)
    RCC_LSEModeConfig                        0x080171b9   Thumb Code    64  stm32f4xx_rcc.o(.text)
    RCC_ITConfig                             0x080171f9   Thumb Code    82  stm32f4xx_rcc.o(.text)
    RCC_ClearFlag                            0x0801724b   Thumb Code    18  stm32f4xx_rcc.o(.text)
    RCC_GetITStatus                          0x0801725d   Thumb Code    72  stm32f4xx_rcc.o(.text)
    RCC_ClearITPendingBit                    0x080172a5   Thumb Code    28  stm32f4xx_rcc.o(.text)
    SPI_I2S_DeInit                           0x080172c9   Thumb Code   198  stm32f4xx_spi.o(.text)
    SPI_Init                                 0x0801738f   Thumb Code   366  stm32f4xx_spi.o(.text)
    I2S_Init                                 0x080174fd   Thumb Code   624  stm32f4xx_spi.o(.text)
    SPI_StructInit                           0x0801776d   Thumb Code    24  stm32f4xx_spi.o(.text)
    I2S_StructInit                           0x08017785   Thumb Code    20  stm32f4xx_spi.o(.text)
    SPI_Cmd                                  0x08017799   Thumb Code   100  stm32f4xx_spi.o(.text)
    I2S_Cmd                                  0x080177fd   Thumb Code    88  stm32f4xx_spi.o(.text)
    SPI_DataSizeConfig                       0x08017855   Thumb Code    96  stm32f4xx_spi.o(.text)
    SPI_BiDirectionalLineConfig              0x080178b5   Thumb Code   112  stm32f4xx_spi.o(.text)
    SPI_NSSInternalSoftwareConfig            0x08017925   Thumb Code   114  stm32f4xx_spi.o(.text)
    SPI_SSOutputCmd                          0x08017997   Thumb Code   100  stm32f4xx_spi.o(.text)
    SPI_TIModeCmd                            0x080179fb   Thumb Code   100  stm32f4xx_spi.o(.text)
    I2S_FullDuplexConfig                     0x08017a5f   Thumb Code   258  stm32f4xx_spi.o(.text)
    SPI_I2S_ReceiveData                      0x08017b61   Thumb Code   100  stm32f4xx_spi.o(.text)
    SPI_I2S_SendData                         0x08017bc5   Thumb Code    72  stm32f4xx_spi.o(.text)
    SPI_CalculateCRC                         0x08017c0d   Thumb Code   100  stm32f4xx_spi.o(.text)
    SPI_TransmitCRC                          0x08017c71   Thumb Code    64  stm32f4xx_spi.o(.text)
    SPI_GetCRC                               0x08017cb1   Thumb Code    92  stm32f4xx_spi.o(.text)
    SPI_GetCRCPolynomial                     0x08017d0d   Thumb Code    58  stm32f4xx_spi.o(.text)
    SPI_I2S_DMACmd                           0x08017d47   Thumb Code   132  stm32f4xx_spi.o(.text)
    SPI_I2S_ITConfig                         0x08017dcb   Thumb Code   156  stm32f4xx_spi.o(.text)
    SPI_I2S_GetFlagStatus                    0x08017e67   Thumb Code   138  stm32f4xx_spi.o(.text)
    SPI_I2S_ClearFlag                        0x08017ef1   Thumb Code    92  stm32f4xx_spi.o(.text)
    SPI_I2S_GetITStatus                      0x08017f4d   Thumb Code   200  stm32f4xx_spi.o(.text)
    SPI_I2S_ClearITPendingBit                0x08018015   Thumb Code   104  stm32f4xx_spi.o(.text)
    SYSCFG_DeInit                            0x08018099   Thumb Code    22  stm32f4xx_syscfg.o(.text)
    SYSCFG_MemoryRemapConfig                 0x080180af   Thumb Code    34  stm32f4xx_syscfg.o(.text)
    SYSCFG_MemorySwappingBank                0x080180d1   Thumb Code    26  stm32f4xx_syscfg.o(.text)
    SYSCFG_EXTILineConfig                    0x080180eb   Thumb Code   194  stm32f4xx_syscfg.o(.text)
    SYSCFG_ETH_MediaInterfaceConfig          0x080181ad   Thumb Code    26  stm32f4xx_syscfg.o(.text)
    SYSCFG_CompensationCellCmd               0x080181c7   Thumb Code    26  stm32f4xx_syscfg.o(.text)
    SYSCFG_GetCompensationCellStatus         0x080181e1   Thumb Code    22  stm32f4xx_syscfg.o(.text)
    TIM_DeInit                               0x08018235   Thumb Code   440  stm32f4xx_tim.o(.text)
    TIM_TimeBaseInit                         0x080183ed   Thumb Code   278  stm32f4xx_tim.o(.text)
    TIM_TimeBaseStructInit                   0x08018503   Thumb Code    18  stm32f4xx_tim.o(.text)
    TIM_PrescalerConfig                      0x08018515   Thumb Code   128  stm32f4xx_tim.o(.text)
    TIM_CounterModeConfig                    0x08018595   Thumb Code   100  stm32f4xx_tim.o(.text)
    TIM_SetCounter                           0x080185f9   Thumb Code   202  stm32f4xx_tim.o(.text)
    TIM_SetAutoreload                        0x080186c3   Thumb Code   108  stm32f4xx_tim.o(.text)
    TIM_GetCounter                           0x0801872f   Thumb Code   106  stm32f4xx_tim.o(.text)
    TIM_GetPrescaler                         0x08018799   Thumb Code   106  stm32f4xx_tim.o(.text)
    TIM_UpdateDisableConfig                  0x08018803   Thumb Code   148  stm32f4xx_tim.o(.text)
    TIM_UpdateRequestConfig                  0x08018897   Thumb Code   148  stm32f4xx_tim.o(.text)
    TIM_ARRPreloadConfig                     0x0801892b   Thumb Code   148  stm32f4xx_tim.o(.text)
    TIM_SelectOnePulseMode                   0x080189bf   Thumb Code   142  stm32f4xx_tim.o(.text)
    TIM_SetClockDivision                     0x08018a4d   Thumb Code   192  stm32f4xx_tim.o(.text)
    TIM_Cmd                                  0x08018b0d   Thumb Code   148  stm32f4xx_tim.o(.text)
    TIM_OC1Init                              0x08018ba1   Thumb Code   416  stm32f4xx_tim.o(.text)
    TIM_OC2Init                              0x08018d41   Thumb Code   486  stm32f4xx_tim.o(.text)
    TIM_OC3Init                              0x08018f27   Thumb Code   416  stm32f4xx_tim.o(.text)
    TIM_OC4Init                              0x080190c7   Thumb Code   300  stm32f4xx_tim.o(.text)
    TIM_OCStructInit                         0x080191f3   Thumb Code    20  stm32f4xx_tim.o(.text)
    TIM_SelectOCxM                           0x08019207   Thumb Code   256  stm32f4xx_tim.o(.text)
    TIM_SetCompare1                          0x08019307   Thumb Code   142  stm32f4xx_tim.o(.text)
    TIM_SetCompare2                          0x08019395   Thumb Code    72  stm32f4xx_tim.o(.text)
    TIM_SetCompare3                          0x080193dd   Thumb Code    60  stm32f4xx_tim.o(.text)
    TIM_SetCompare4                          0x08019419   Thumb Code    60  stm32f4xx_tim.o(.text)
    TIM_ForcedOC1Config                      0x08019455   Thumb Code   130  stm32f4xx_tim.o(.text)
    TIM_ForcedOC2Config                      0x080194d7   Thumb Code   114  stm32f4xx_tim.o(.text)
    TIM_ForcedOC3Config                      0x08019549   Thumb Code    94  stm32f4xx_tim.o(.text)
    TIM_ForcedOC4Config                      0x080195a7   Thumb Code   102  stm32f4xx_tim.o(.text)
    TIM_OC1PreloadConfig                     0x0801960d   Thumb Code   126  stm32f4xx_tim.o(.text)
    TIM_OC2PreloadConfig                     0x0801968b   Thumb Code   108  stm32f4xx_tim.o(.text)
    TIM_OC3PreloadConfig                     0x080196f7   Thumb Code   138  stm32f4xx_tim.o(.text)
    TIM_OC4PreloadConfig                     0x08019781   Thumb Code    96  stm32f4xx_tim.o(.text)
    TIM_OC1FastConfig                        0x080197e1   Thumb Code   124  stm32f4xx_tim.o(.text)
    TIM_OC2FastConfig                        0x0801985d   Thumb Code   108  stm32f4xx_tim.o(.text)
    TIM_OC3FastConfig                        0x080198c9   Thumb Code    88  stm32f4xx_tim.o(.text)
    TIM_OC4FastConfig                        0x08019921   Thumb Code    96  stm32f4xx_tim.o(.text)
    TIM_ClearOC1Ref                          0x08019981   Thumb Code   124  stm32f4xx_tim.o(.text)
    TIM_ClearOC2Ref                          0x080199fd   Thumb Code   106  stm32f4xx_tim.o(.text)
    TIM_ClearOC3Ref                          0x08019a67   Thumb Code    88  stm32f4xx_tim.o(.text)
    TIM_ClearOC4Ref                          0x08019abf   Thumb Code    94  stm32f4xx_tim.o(.text)
    TIM_OC1PolarityConfig                    0x08019b1d   Thumb Code   174  stm32f4xx_tim.o(.text)
    TIM_OC1NPolarityConfig                   0x08019bcb   Thumb Code    64  stm32f4xx_tim.o(.text)
    TIM_OC2PolarityConfig                    0x08019c0b   Thumb Code   108  stm32f4xx_tim.o(.text)
    TIM_OC2NPolarityConfig                   0x08019c77   Thumb Code    72  stm32f4xx_tim.o(.text)
    TIM_OC3PolarityConfig                    0x08019cbf   Thumb Code    96  stm32f4xx_tim.o(.text)
    TIM_OC3NPolarityConfig                   0x08019d1f   Thumb Code    72  stm32f4xx_tim.o(.text)
    TIM_OC4PolarityConfig                    0x08019d67   Thumb Code    96  stm32f4xx_tim.o(.text)
    TIM_CCxCmd                               0x08019dc7   Thumb Code   168  stm32f4xx_tim.o(.text)
    TIM_CCxNCmd                              0x08019e6f   Thumb Code   104  stm32f4xx_tim.o(.text)
    TIM_SetIC4Prescaler                      0x08019ed7   Thumb Code   106  stm32f4xx_tim.o(.text)
    TIM_SetIC3Prescaler                      0x08019fc1   Thumb Code    98  stm32f4xx_tim.o(.text)
    TIM_SetIC2Prescaler                      0x0801a06b   Thumb Code   118  stm32f4xx_tim.o(.text)
    TIM_SetIC1Prescaler                      0x0801a131   Thumb Code   134  stm32f4xx_tim.o(.text)
    TIM_ICInit                               0x0801a1f1   Thumb Code   508  stm32f4xx_tim.o(.text)
    TIM_ICStructInit                         0x0801a3ed   Thumb Code    18  stm32f4xx_tim.o(.text)
    TIM_PWMIConfig                           0x0801a3ff   Thumb Code   184  stm32f4xx_tim.o(.text)
    TIM_GetCapture1                          0x0801a4b7   Thumb Code    92  stm32f4xx_tim.o(.text)
    TIM_GetCapture2                          0x0801a513   Thumb Code    68  stm32f4xx_tim.o(.text)
    TIM_GetCapture3                          0x0801a557   Thumb Code    56  stm32f4xx_tim.o(.text)
    TIM_GetCapture4                          0x0801a58f   Thumb Code    56  stm32f4xx_tim.o(.text)
    TIM_BDTRConfig                           0x0801a5c7   Thumb Code   222  stm32f4xx_tim.o(.text)
    TIM_BDTRStructInit                       0x0801a6a5   Thumb Code    18  stm32f4xx_tim.o(.text)
    TIM_CtrlPWMOutputs                       0x0801a6b7   Thumb Code    78  stm32f4xx_tim.o(.text)
    TIM_SelectCOM                            0x0801a705   Thumb Code    72  stm32f4xx_tim.o(.text)
    TIM_CCPreloadControl                     0x0801a74d   Thumb Code    72  stm32f4xx_tim.o(.text)
    TIM_ITConfig                             0x0801a795   Thumb Code   218  stm32f4xx_tim.o(.text)
    TIM_GenerateEvent                        0x0801a86f   Thumb Code   126  stm32f4xx_tim.o(.text)
    TIM_GetFlagStatus                        0x0801a8ed   Thumb Code   188  stm32f4xx_tim.o(.text)
    TIM_ClearFlag                            0x0801a9a9   Thumb Code   108  stm32f4xx_tim.o(.text)
    TIM_GetITStatus                          0x0801aa15   Thumb Code   186  stm32f4xx_tim.o(.text)
    TIM_ClearITPendingBit                    0x0801aacf   Thumb Code   108  stm32f4xx_tim.o(.text)
    TIM_DMAConfig                            0x0801ab3b   Thumb Code   334  stm32f4xx_tim.o(.text)
    TIM_DMACmd                               0x0801ac89   Thumb Code   126  stm32f4xx_tim.o(.text)
    TIM_SelectCCDMA                          0x0801ad07   Thumb Code    96  stm32f4xx_tim.o(.text)
    TIM_InternalClockConfig                  0x0801ad67   Thumb Code    76  stm32f4xx_tim.o(.text)
    TIM_SelectInputTrigger                   0x0801adb3   Thumb Code   148  stm32f4xx_tim.o(.text)
    TIM_ITRxExternalClockConfig              0x0801ae47   Thumb Code   110  stm32f4xx_tim.o(.text)
    TIM_TIxExternalClockConfig               0x0801aeb5   Thumb Code   184  stm32f4xx_tim.o(.text)
    TIM_ETRConfig                            0x0801af6d   Thumb Code   164  stm32f4xx_tim.o(.text)
    TIM_ETRClockMode1Config                  0x0801b011   Thumb Code   228  stm32f4xx_tim.o(.text)
    TIM_ETRClockMode2Config                  0x0801b0f5   Thumb Code   152  stm32f4xx_tim.o(.text)
    TIM_SelectOutputTrigger                  0x0801b18d   Thumb Code   126  stm32f4xx_tim.o(.text)
    TIM_SelectSlaveMode                      0x0801b20b   Thumb Code   112  stm32f4xx_tim.o(.text)
    TIM_SelectMasterSlaveMode                0x0801b27b   Thumb Code   102  stm32f4xx_tim.o(.text)
    TIM_EncoderInterfaceConfig               0x0801b2e1   Thumb Code   226  stm32f4xx_tim.o(.text)
    TIM_SelectHallSensor                     0x0801b3c3   Thumb Code   108  stm32f4xx_tim.o(.text)
    TIM_RemapConfig                          0x0801b42f   Thumb Code   138  stm32f4xx_tim.o(.text)
    USART_DeInit                             0x0801b4b9   Thumb Code   276  stm32f4xx_usart.o(.text)
    USART_Init                               0x0801b5cd   Thumb Code   492  stm32f4xx_usart.o(.text)
    USART_StructInit                         0x0801b7b9   Thumb Code    24  stm32f4xx_usart.o(.text)
    USART_ClockInit                          0x0801b7d1   Thumb Code   166  stm32f4xx_usart.o(.text)
    USART_ClockStructInit                    0x0801b877   Thumb Code    12  stm32f4xx_usart.o(.text)
    USART_Cmd                                0x0801b883   Thumb Code   214  stm32f4xx_usart.o(.text)
    USART_SetPrescaler                       0x0801b959   Thumb Code    96  stm32f4xx_usart.o(.text)
    USART_OverSampling8Cmd                   0x0801b9b9   Thumb Code   122  stm32f4xx_usart.o(.text)
    USART_OneBitMethodCmd                    0x0801ba33   Thumb Code   124  stm32f4xx_usart.o(.text)
    USART_SendData                           0x0801baaf   Thumb Code   108  stm32f4xx_usart.o(.text)
    USART_ReceiveData                        0x0801bb1b   Thumb Code    86  stm32f4xx_usart.o(.text)
    USART_SetAddress                         0x0801bb71   Thumb Code   116  stm32f4xx_usart.o(.text)
    USART_ReceiverWakeUpCmd                  0x0801bbe5   Thumb Code   124  stm32f4xx_usart.o(.text)
    USART_WakeUpConfig                       0x0801bc61   Thumb Code   120  stm32f4xx_usart.o(.text)
    USART_LINBreakDetectLengthConfig         0x0801bcd9   Thumb Code   160  stm32f4xx_usart.o(.text)
    USART_LINCmd                             0x0801bd79   Thumb Code   124  stm32f4xx_usart.o(.text)
    USART_SendBreak                          0x0801bdf5   Thumb Code    88  stm32f4xx_usart.o(.text)
    USART_HalfDuplexCmd                      0x0801be4d   Thumb Code   124  stm32f4xx_usart.o(.text)
    USART_SetGuardTime                       0x0801bec9   Thumb Code    60  stm32f4xx_usart.o(.text)
    USART_SmartCardCmd                       0x0801bf05   Thumb Code    88  stm32f4xx_usart.o(.text)
    USART_SmartCardNACKCmd                   0x0801bf5d   Thumb Code    88  stm32f4xx_usart.o(.text)
    USART_IrDAConfig                         0x0801bfb5   Thumb Code   118  stm32f4xx_usart.o(.text)
    USART_IrDACmd                            0x0801c02b   Thumb Code   124  stm32f4xx_usart.o(.text)
    USART_DMACmd                             0x0801c0a7   Thumb Code   184  stm32f4xx_usart.o(.text)
    USART_ITConfig                           0x0801c15f   Thumb Code   290  stm32f4xx_usart.o(.text)
    USART_GetFlagStatus                      0x0801c281   Thumb Code   200  stm32f4xx_usart.o(.text)
    USART_ClearFlag                          0x0801c349   Thumb Code   158  stm32f4xx_usart.o(.text)
    USART_GetITStatus                        0x0801c3e7   Thumb Code   306  stm32f4xx_usart.o(.text)
    USART_ClearITPendingBit                  0x0801c519   Thumb Code   234  stm32f4xx_usart.o(.text)
    FPGA_Init                                0x0801c615   Thumb Code   674  fpga.o(.text)
    FPGA_WriteBuffer                         0x0801c8b7   Thumb Code    24  fpga.o(.text)
    FPGA_ResetHardware                       0x0801c8cf   Thumb Code   104  fpga.o(.text)
    FPGA_ReadBuffer                          0x0801c937   Thumb Code    22  fpga.o(.text)
    FPGA_DATA_WriteBuffer                    0x0801c94d   Thumb Code    24  fpga.o(.text)
    FPGA_DATA_ReadBuffer                     0x0801c965   Thumb Code    22  fpga.o(.text)
    SysTick_Handler                          0x0801c98d   Thumb Code    38  scope_it.o(.text)
    TIM2_IRQHandler                          0x0801c9b3   Thumb Code   466  scope_it.o(.text)
    IT_SYS_DlyMs                             0x0801cb85   Thumb Code    30  scope_it.o(.text)
    IT_SYS_GetTicks                          0x0801cba3   Thumb Code     6  scope_it.o(.text)
    IT_SYS_SetTicks                          0x0801cba9   Thumb Code    10  scope_it.o(.text)
    IT_SYS_SetDlyMs                          0x0801cbb3   Thumb Code    16  scope_it.o(.text)
    IT_SYS_CheckDlyFin                       0x0801cbc3   Thumb Code    20  scope_it.o(.text)
    IT_LIST_GetTicks                         0x0801cbd7   Thumb Code     6  scope_it.o(.text)
    IT_LIST_SetTicks                         0x0801cbdd   Thumb Code    10  scope_it.o(.text)
    IT_ADC_GetTicks                          0x0801cbe7   Thumb Code     6  scope_it.o(.text)
    IT_ADC_SetTicks                          0x0801cbed   Thumb Code    10  scope_it.o(.text)
    MV_InitPara                              0x0801cc45   Thumb Code   190  scope_move.o(.text)
    MV_Move                                  0x0801cd03   Thumb Code   434  scope_move.o(.text)
    MV_Stop                                  0x0801ceb5   Thumb Code    98  scope_move.o(.text)
    MV_Wait                                  0x0801cf17   Thumb Code    84  scope_move.o(.text)
    MV_GetStepsExecuted                      0x0801cf6b   Thumb Code    56  scope_move.o(.text)
    MV_IsFinished                            0x0801cfa3   Thumb Code    20  scope_move.o(.text)
    MV_IsrMoveHandling                       0x0801cfb7   Thumb Code   104  scope_move.o(.text)
    BUF_Send_Init                            0x0801d031   Thumb Code    14  buffercircle.o(.text)
    BUF_Send_PutChar                         0x0801d03f   Thumb Code    54  buffercircle.o(.text)
    BUF_Send_GetChar                         0x0801d075   Thumb Code    74  buffercircle.o(.text)
    BUF_Send_PutNChar                        0x0801d149   Thumb Code    94  buffercircle.o(.text)
    BUF_Send_GetNChar                        0x0801d1a7   Thumb Code    94  buffercircle.o(.text)
    BUF_Recv_Init                            0x0801d205   Thumb Code    14  buffercircle.o(.text)
    BUF_Recv_PutChar                         0x0801d213   Thumb Code    54  buffercircle.o(.text)
    BUF_Recv_GetChar                         0x0801d249   Thumb Code    74  buffercircle.o(.text)
    BUF_Recv_PutNChar                        0x0801d31d   Thumb Code    94  buffercircle.o(.text)
    BUF_Recv_GetNChar                        0x0801d37b   Thumb Code    94  buffercircle.o(.text)
    NET_BUF_Send_Init                        0x0801d3e9   Thumb Code    14  netbuffercircle.o(.text)
    NET_BUF_Send_PutChar                     0x0801d3f7   Thumb Code    54  netbuffercircle.o(.text)
    NET_BUF_Send_GetChar                     0x0801d42d   Thumb Code    74  netbuffercircle.o(.text)
    NET_BUF_Send_GetLenConsume               0x0801d477   Thumb Code   112  netbuffercircle.o(.text)
    NET_BUF_Send_GetLenRemain                0x0801d4e7   Thumb Code    26  netbuffercircle.o(.text)
    NET_BUF_Send_PutNChar                    0x0801d501   Thumb Code    94  netbuffercircle.o(.text)
    NET_BUF_Send_GetNChar                    0x0801d55f   Thumb Code    94  netbuffercircle.o(.text)
    NET_BUF_Recv_Init                        0x0801d5bd   Thumb Code    14  netbuffercircle.o(.text)
    NET_BUF_Recv_PutChar                     0x0801d5cb   Thumb Code    54  netbuffercircle.o(.text)
    NET_BUF_Recv_GetChar                     0x0801d601   Thumb Code    74  netbuffercircle.o(.text)
    NET_BUF_Recv_GetLenConsume               0x0801d64b   Thumb Code   112  netbuffercircle.o(.text)
    NET_BUF_Recv_GetLenRemain                0x0801d6bb   Thumb Code    26  netbuffercircle.o(.text)
    NET_BUF_Recv_PutNChar                    0x0801d6d5   Thumb Code    94  netbuffercircle.o(.text)
    NET_BUF_Recv_GetNChar                    0x0801d733   Thumb Code    94  netbuffercircle.o(.text)
    Delay_US                                 0x0801d7c1   Thumb Code    54  driver.o(.text)
    EVAL_OutputInit                          0x0801d7f7   Thumb Code    62  driver.o(.text)
    EVAL_OutputInit_All                      0x0801d835   Thumb Code    22  driver.o(.text)
    EVAL_OutputSet                           0x0801d84b   Thumb Code    16  driver.o(.text)
    EVAL_OutputClr                           0x0801d85b   Thumb Code    16  driver.o(.text)
    EVAL_OutputToggle                        0x0801d86b   Thumb Code    26  driver.o(.text)
    EVAL_InputInit                           0x0801d885   Thumb Code    72  driver.o(.text)
    EVAL_InputInit_All                       0x0801d8cd   Thumb Code    22  driver.o(.text)
    EVAL_GetInputStatus                      0x0801d8e3   Thumb Code    22  driver.o(.text)
    PF_InitTimer2                            0x0801d8f9   Thumb Code   122  driver.o(.text)
    OutIn_Motor_PWM_Init                     0x0801d973   Thumb Code   168  driver.o(.text)
    OutIn_Motor_Init                         0x0801da1b   Thumb Code    38  driver.o(.text)
    OutIn_Motor_Speed_Set                    0x0801da41   Thumb Code    32  driver.o(.text)
    OutIn_Motor_In                           0x0801da61   Thumb Code    10  driver.o(.text)
    OutIn_Motor_Out                          0x0801da6b   Thumb Code    10  driver.o(.text)
    OutIn_Motor_Run                          0x0801da75   Thumb Code    30  driver.o(.text)
    OutIn_Motor_Enable                       0x0801da93   Thumb Code    10  driver.o(.text)
    OutIn_Motor_Disable                      0x0801da9d   Thumb Code    10  driver.o(.text)
    Turn_CLK_Set                             0x0801daa7   Thumb Code    14  driver.o(.text)
    Turn_CLK_Reset                           0x0801dab5   Thumb Code    14  driver.o(.text)
    Turn_Motor_Init                          0x0801dac3   Thumb Code    84  driver.o(.text)
    Turn_Motor_Enable                        0x0801db17   Thumb Code    10  driver.o(.text)
    Turn_Motor_Disable                       0x0801db21   Thumb Code    10  driver.o(.text)
    Turn_Motor_Dir                           0x0801db2b   Thumb Code    26  driver.o(.text)
    Turn_Motor_One_Step                      0x0801db45   Thumb Code   176  driver.o(.text)
    Turn_Motor_Run                           0x0801dbf5   Thumb Code   106  driver.o(.text)
    Turn_Motor_Goto_Postion                  0x0801dc5f   Thumb Code    20  driver.o(.text)
    Turn_Motor_Reset                         0x0801dc73   Thumb Code    94  driver.o(.text)
    Turn_Motor_Pass_Kong                     0x0801dcd1   Thumb Code    26  driver.o(.text)
    Turn_Motor_Select_LED                    0x0801dceb   Thumb Code   234  driver.o(.text)
    _sys_exit                                0x0801ddd5   Thumb Code     8  driver.o(.text)
    fputc                                    0x0801dddd   Thumb Code    20  driver.o(.text)
    COM_Init                                 0x0801ddf1   Thumb Code   126  driver.o(.text)
    Debug_Uart_Init                          0x0801de6f   Thumb Code     8  driver.o(.text)
    ADC1_DMA_Config                          0x0801de77   Thumb Code   174  driver.o(.text)
    ADC1_Init                                0x0801df25   Thumb Code   192  driver.o(.text)
    DMA2_Stream0_IRQHandler                  0x0801dfe5   Thumb Code    72  driver.o(.text)
    DMA2_Stream3_IRQHandler                  0x0801e02d   Thumb Code   346  driver.o(.text)
    ADC2_DMA_Config                          0x0801e187   Thumb Code   178  driver.o(.text)
    ADC2_Init                                0x0801e239   Thumb Code   174  driver.o(.text)
    ADC3_GPIO_Init                           0x0801e2e7   Thumb Code   288  driver.o(.text)
    ADC3_Init                                0x0801e407   Thumb Code    88  driver.o(.text)
    Disable_ADC                              0x0801e45f   Thumb Code    64  driver.o(.text)
    Reset_ADC_InitDataType                   0x0801e49f   Thumb Code    20  driver.o(.text)
    Eable_ADC                                0x0801e4b3   Thumb Code    48  driver.o(.text)
    Get_ADC3_Channel_Value                   0x0801e4e3   Thumb Code   102  driver.o(.text)
    Get_Press_ADC                            0x0801e549   Thumb Code     4  driver.o(.text)
    Get_XK_ADC                               0x0801e54d   Thumb Code    18  driver.o(.text)
    Get_12V_N_ADC                            0x0801e55f   Thumb Code    70  driver.o(.text)
    Get_12V_P_ADC                            0x0801e5a5   Thumb Code    18  driver.o(.text)
    Get_56V_Cur_ADC                          0x0801e5b7   Thumb Code    18  driver.o(.text)
    Get_LED_Cur_ADC                          0x0801e5c9   Thumb Code    18  driver.o(.text)
    Get_Temp_ADC                             0x0801e5db   Thumb Code    18  driver.o(.text)
    HW_Get_ADC_HGB                           0x0801e5ed   Thumb Code    20  driver.o(.text)
    HW_Get_ADC_CRP                           0x0801e601   Thumb Code    20  driver.o(.text)
    Get_HGB_Value                            0x0801e615   Thumb Code    38  driver.o(.text)
    Get_CRP_Value                            0x0801e63b   Thumb Code    26  driver.o(.text)
    Press_I2C_Init                           0x0801e655   Thumb Code   138  driver.o(.text)
    Press_Init                               0x0801e6df   Thumb Code     8  driver.o(.text)
    Press_I2C_Start                          0x0801e6e7   Thumb Code    68  driver.o(.text)
    Press_I2C_Stop                           0x0801e72b   Thumb Code    60  driver.o(.text)
    Press_I2C_Wait_Ack                       0x0801e767   Thumb Code   110  driver.o(.text)
    Press_I2C_Ack                            0x0801e7d5   Thumb Code    72  driver.o(.text)
    Press_I2C_NAck                           0x0801e81d   Thumb Code    72  driver.o(.text)
    Press_I2C_Send_Byte                      0x0801e865   Thumb Code   134  driver.o(.text)
    Press_I2C_Read_Byte                      0x0801e8eb   Thumb Code   136  driver.o(.text)
    Get_Press_I2C                            0x0801e973   Thumb Code   254  driver.o(.text)
    Reset_Elec_Status                        0x0801ea71   Thumb Code    14  driver.o(.text)
    Set_Elec_Status                          0x0801ea7f   Thumb Code    14  driver.o(.text)
    Get_Elec_Status                          0x0801ea8d   Thumb Code    14  driver.o(.text)
    Elec_Init                                0x0801ea9b   Thumb Code    44  driver.o(.text)
    Get_Elec_ADC                             0x0801eac7   Thumb Code    86  driver.o(.text)
    Beep_Init                                0x0801eb1d   Thumb Code    46  driver.o(.text)
    Beep                                     0x0801eb4b   Thumb Code    86  driver.o(.text)
    Pump_PWM_Init                            0x0801eba1   Thumb Code   176  driver.o(.text)
    Pump_init                                0x0801ec51   Thumb Code    22  driver.o(.text)
    Pump_AntiClockWise                       0x0801ec67   Thumb Code     2  driver.o(.text)
    Pump_ClockWise                           0x0801ec69   Thumb Code     2  driver.o(.text)
    Pump_Speed_Set                           0x0801ec6b   Thumb Code    32  driver.o(.text)
    Pump_Exec                                0x0801ec8b   Thumb Code    40  driver.o(.text)
    Mixing_Motor_Init                        0x0801ecb3   Thumb Code    60  driver.o(.text)
    Mixing_Motor_Run                         0x0801ecef   Thumb Code    14  driver.o(.text)
    Mixing_Motor_Stop                        0x0801ecfd   Thumb Code    14  driver.o(.text)
    Valve_Init                               0x0801ed0b   Thumb Code   100  driver.o(.text)
    Valve_Air_Exec                           0x0801ed6f   Thumb Code    32  driver.o(.text)
    Valve_Liquid_Exec                        0x0801ed8f   Thumb Code    30  driver.o(.text)
    Valve_Exec                               0x0801edad   Thumb Code    28  driver.o(.text)
    Get_Micro_OC_Status                      0x0801edc9   Thumb Code    12  driver.o(.text)
    EXTI9_5_IRQHandler                       0x0801edd5   Thumb Code    96  driver.o(.text)
    Micro_OC_Init                            0x0801ee35   Thumb Code   196  driver.o(.text)
    OC_Init                                  0x0801eef9   Thumb Code    32  driver.o(.text)
    Get_Out_OC_Status                        0x0801ef19   Thumb Code    10  driver.o(.text)
    Get_In_OC_Status                         0x0801ef23   Thumb Code    10  driver.o(.text)
    Counter_Check_Init                       0x0801ef2d   Thumb Code    10  driver.o(.text)
    Get_Counter_Check_Status                 0x0801ef37   Thumb Code    10  driver.o(.text)
    LED_Cur_DAC_Init                         0x0801ef41   Thumb Code    84  driver.o(.text)
    LED_Init                                 0x0801ef95   Thumb Code   572  driver.o(.text)
    LED_Cur_DAC_Set                          0x0801f1d1   Thumb Code    24  driver.o(.text)
    LED_Cur_Auto_Adjust                      0x0801f1e9   Thumb Code   122  driver.o(.text)
    LED_Cur_Switch                           0x0801f263   Thumb Code    32  driver.o(.text)
    LED_Cur_ADC_Check_Channel                0x0801f283   Thumb Code   298  driver.o(.text)
    LED_Exec                                 0x0801f3ad   Thumb Code   246  driver.o(.text)
    LED_All_Reset                            0x0801f4a3   Thumb Code    24  driver.o(.text)
    DResistor_Init                           0x0801f4bb   Thumb Code   142  driver.o(.text)
    DRegister_Write                          0x0801f549   Thumb Code   170  driver.o(.text)
    Counter_Adjust_PWM_Init                  0x0801f5f3   Thumb Code   176  driver.o(.text)
    Counter_Adjust_Init                      0x0801f6a3   Thumb Code    18  driver.o(.text)
    Counter_Adjust_Switch                    0x0801f6b5   Thumb Code    26  driver.o(.text)
    Counter_Adjust_Start                     0x0801f6cf   Thumb Code    62  driver.o(.text)
    EVAL_Init                                0x0801f70d   Thumb Code   386  driver.o(.text)
    Driver_Debug                             0x0801f88f   Thumb Code  2862  driver.o(.text)
    ADC24Bit_SPI_ReadWriteByte               0x08020439   Thumb Code    80  ad7799.o(.text)
    ADC24Bit_SPI_Init                        0x08020489   Thumb Code   322  ad7799.o(.text)
    ADC24Bit_GPIO_Init                       0x080205cb   Thumb Code   190  ad7799.o(.text)
    SPI_Write                                0x08020689   Thumb Code   154  ad7799.o(.text)
    AD7799_Reset                             0x08020723   Thumb Code    40  ad7799.o(.text)
    SPI_Read                                 0x0802074b   Thumb Code   154  ad7799.o(.text)
    AD7799_GetRegisterValue                  0x080207e5   Thumb Code   160  ad7799.o(.text)
    AD7799_SetRegisterValue                  0x08020885   Thumb Code   110  ad7799.o(.text)
    AD7799_Init                              0x080208f3   Thumb Code   254  ad7799.o(.text)
    ADC24Bit_Init                            0x080209f1   Thumb Code    12  ad7799.o(.text)
    AD7799_Calibrate                         0x080209fd   Thumb Code   256  ad7799.o(.text)
    AD7799_SetChannel                        0x08020afd   Thumb Code    36  ad7799.o(.text)
    AD7799_SetMode                           0x08020b21   Thumb Code    48  ad7799.o(.text)
    AD7799_SetGain                           0x08020b51   Thumb Code    38  ad7799.o(.text)
    AD7799_SetBurnoutCurren                  0x08020b77   Thumb Code    36  ad7799.o(.text)
    AD7799_SetBufMode                        0x08020b9b   Thumb Code    36  ad7799.o(.text)
    AD7799_Get_Out_Data                      0x08020bbf   Thumb Code    12  ad7799.o(.text)
    AD7799_Get_ADC_Value                     0x08020bcb   Thumb Code    14  ad7799.o(.text)
    AD7799_Get_Value                         0x08020bd9   Thumb Code    56  ad7799.o(.text)
    ethernetif_input                         0x08020eb1   Thumb Code    42  ethernetif.o(.text)
    ethernetif_init                          0x08020edb   Thumb Code    38  ethernetif.o(.text)
    etharp_tmr                               0x08020f5f   Thumb Code   136  etharp.o(.text)
    etharp_cleanup_netif                     0x0802122d   Thumb Code    52  etharp.o(.text)
    etharp_find_addr                         0x08021261   Thumb Code    82  etharp.o(.text)
    etharp_request                           0x08021475   Thumb Code    36  etharp.o(.text)
    etharp_query                             0x08021501   Thumb Code   338  etharp.o(.text)
    etharp_output                            0x08021653   Thumb Code   314  etharp.o(.text)
    ethernet_input                           0x0802178d   Thumb Code   178  etharp.o(.text)
    icmp_input                               0x08021851   Thumb Code   340  icmp.o(.text)
    icmp_dest_unreach                        0x08021a15   Thumb Code    18  icmp.o(.text)
    icmp_time_exceeded                       0x08021a27   Thumb Code    18  icmp.o(.text)
    inet_chksum_pseudo                       0x08021a9f   Thumb Code   162  inet_chksum.o(.text)
    inet_chksum_pseudo_partial               0x08021b41   Thumb Code   184  inet_chksum.o(.text)
    inet_chksum                              0x08021bf9   Thumb Code    20  inet_chksum.o(.text)
    inet_chksum_pbuf                         0x08021c0d   Thumb Code    86  inet_chksum.o(.text)
    ip_route                                 0x08021c65   Thumb Code    76  ip.o(.text)
    ip_input                                 0x08021cb1   Thumb Code   422  ip.o(.text)
    ip_output_if                             0x08021e57   Thumb Code   192  ip.o(.text)
    ip_output                                0x08021f17   Thumb Code    56  ip.o(.text)
    ip4_addr_isbroadcast                     0x08021f6d   Thumb Code    78  ip_addr.o(.text)
    ip4_addr_netmask_valid                   0x08021fbb   Thumb Code    52  ip_addr.o(.text)
    ipaddr_aton                              0x08021fef   Thumb Code   348  ip_addr.o(.text)
    ipaddr_addr                              0x0802214b   Thumb Code    24  ip_addr.o(.text)
    ipaddr_ntoa_r                            0x08022163   Thumb Code   168  ip_addr.o(.text)
    ipaddr_ntoa                              0x0802220b   Thumb Code    16  ip_addr.o(.text)
    ip_reass_tmr                             0x080222e5   Thumb Code    48  ip_frag.o(.text)
    ip_reass                                 0x0802253b   Thumb Code   396  ip_frag.o(.text)
    ip_frag                                  0x08022703   Thumb Code   424  ip_frag.o(.text)
    lwip_htons                               0x080228b5   Thumb Code    12  def.o(.text)
    lwip_ntohs                               0x080228c1   Thumb Code    12  def.o(.text)
    lwip_htonl                               0x080228cd   Thumb Code    26  def.o(.text)
    lwip_ntohl                               0x080228e7   Thumb Code    12  def.o(.text)
    dhcp_renew                               0x08022d85   Thumb Code   160  dhcp.o(.text)
    dhcp_coarse_tmr                          0x08022ee9   Thumb Code    62  dhcp.o(.text)
    dhcp_release                             0x08022fcb   Thumb Code   162  dhcp.o(.text)
    dhcp_fine_tmr                            0x080231f5   Thumb Code    64  dhcp.o(.text)
    dhcp_set_struct                          0x080232bb   Thumb Code    30  dhcp.o(.text)
    dhcp_cleanup                             0x080232d9   Thumb Code    24  dhcp.o(.text)
    dhcp_stop                                0x080232f1   Thumb Code    58  dhcp.o(.text)
    dhcp_start                               0x08023737   Thumb Code   206  dhcp.o(.text)
    dhcp_inform                              0x08023805   Thumb Code   170  dhcp.o(.text)
    dhcp_network_changed                     0x080238af   Thumb Code    80  dhcp.o(.text)
    dhcp_arp_reply                           0x0802397d   Thumb Code    46  dhcp.o(.text)
    mem_init                                 0x08023a3d   Thumb Code    74  mem.o(.text)
    mem_free                                 0x08023a87   Thumb Code    68  mem.o(.text)
    mem_trim                                 0x08023acb   Thumb Code   288  mem.o(.text)
    mem_malloc                               0x08023beb   Thumb Code   222  mem.o(.text)
    mem_calloc                               0x08023cc9   Thumb Code    34  mem.o(.text)
    memp_init                                0x08023cfd   Thumb Code    82  memp.o(.text)
    memp_malloc                              0x08023d4f   Thumb Code    40  memp.o(.text)
    memp_free                                0x08023d77   Thumb Code    28  memp.o(.text)
    netif_init                               0x08023da5   Thumb Code     2  netif.o(.text)
    netif_set_gw                             0x08023da7   Thumb Code    12  netif.o(.text)
    netif_set_netmask                        0x08023db3   Thumb Code    12  netif.o(.text)
    netif_set_ipaddr                         0x08023dbf   Thumb Code   110  netif.o(.text)
    netif_set_addr                           0x08023e2d   Thumb Code    40  netif.o(.text)
    netif_add                                0x08023e55   Thumb Code   104  netif.o(.text)
    netif_set_default                        0x08023ebd   Thumb Code     6  netif.o(.text)
    netif_set_down                           0x08023ec3   Thumb Code    42  netif.o(.text)
    netif_remove                             0x08023eed   Thumb Code    90  netif.o(.text)
    netif_find                               0x08023f47   Thumb Code    64  netif.o(.text)
    netif_set_up                             0x08023f87   Thumb Code    54  netif.o(.text)
    netif_set_link_up                        0x08023fbd   Thumb Code    80  netif.o(.text)
    netif_set_link_down                      0x0802400d   Thumb Code    42  netif.o(.text)
    netif_set_link_callback                  0x08024037   Thumb Code     6  netif.o(.text)
    pbuf_free                                0x08024051   Thumb Code   134  pbuf.o(.text)
    pbuf_alloc                               0x080240d7   Thumb Code   408  pbuf.o(.text)
    pbuf_alloced_custom                      0x0802426f   Thumb Code   108  pbuf.o(.text)
    pbuf_realloc                             0x080242db   Thumb Code   120  pbuf.o(.text)
    pbuf_header                              0x08024353   Thumb Code   126  pbuf.o(.text)
    pbuf_clen                                0x080243d1   Thumb Code    18  pbuf.o(.text)
    pbuf_ref                                 0x080243e3   Thumb Code    10  pbuf.o(.text)
    pbuf_cat                                 0x080243ed   Thumb Code    56  pbuf.o(.text)
    pbuf_chain                               0x08024425   Thumb Code    22  pbuf.o(.text)
    pbuf_dechain                             0x0802443b   Thumb Code    56  pbuf.o(.text)
    pbuf_copy                                0x08024473   Thumb Code   192  pbuf.o(.text)
    pbuf_copy_partial                        0x08024533   Thumb Code   146  pbuf.o(.text)
    pbuf_take                                0x080245c5   Thumb Code   116  pbuf.o(.text)
    pbuf_coalesce                            0x08024639   Thumb Code    60  pbuf.o(.text)
    pbuf_get_at                              0x08024675   Thumb Code    46  pbuf.o(.text)
    pbuf_memcmp                              0x080246a3   Thumb Code    96  pbuf.o(.text)
    pbuf_memfind                             0x08024703   Thumb Code    76  pbuf.o(.text)
    pbuf_strstr                              0x0802474f   Thumb Code    60  pbuf.o(.text)
    raw_input                                0x0802478d   Thumb Code   102  raw.o(.text)
    raw_bind                                 0x080247f3   Thumb Code    16  raw.o(.text)
    raw_connect                              0x08024803   Thumb Code    16  raw.o(.text)
    raw_recv                                 0x08024813   Thumb Code     6  raw.o(.text)
    raw_sendto                               0x08024819   Thumb Code   158  raw.o(.text)
    raw_send                                 0x080248b7   Thumb Code    18  raw.o(.text)
    raw_remove                               0x080248c9   Thumb Code    60  raw.o(.text)
    raw_new                                  0x08024905   Thumb Code    42  raw.o(.text)
    tcp_init                                 0x0802493d   Thumb Code     2  tcp.o(.text)
    tcp_seg_free                             0x0802493f   Thumb Code    26  tcp.o(.text)
    tcp_segs_free                            0x08024959   Thumb Code    24  tcp.o(.text)
    tcp_pcb_purge                            0x08024971   Thumb Code    64  tcp.o(.text)
    tcp_slowtmr                              0x080249b1   Thumb Code   802  tcp.o(.text)
    tcp_pcb_remove                           0x08024cd3   Thumb Code   140  tcp.o(.text)
    tcp_close                                0x08024f37   Thumb Code    28  tcp.o(.text)
    tcp_update_rcv_ann_wnd                   0x08024f53   Thumb Code    78  tcp.o(.text)
    tcp_recved                               0x08024fa1   Thumb Code    70  tcp.o(.text)
    tcp_recv_null                            0x08024fe7   Thumb Code    46  tcp.o(.text)
    tcp_process_refused_data                 0x08025015   Thumb Code   140  tcp.o(.text)
    tcp_fasttmr                              0x080250a1   Thumb Code   110  tcp.o(.text)
    tcp_tmr                                  0x0802510f   Thumb Code    30  tcp.o(.text)
    tcp_shutdown                             0x0802512d   Thumb Code    98  tcp.o(.text)
    tcp_abandon                              0x0802518f   Thumb Code   170  tcp.o(.text)
    tcp_abort                                0x08025239   Thumb Code    14  tcp.o(.text)
    tcp_bind                                 0x080252a7   Thumb Code   142  tcp.o(.text)
    tcp_listen_with_backlog                  0x0802533d   Thumb Code   198  tcp.o(.text)
    tcp_eff_send_mss                         0x08025403   Thumb Code    46  tcp.o(.text)
    tcp_next_iss                             0x08025431   Thumb Code    20  tcp.o(.text)
    tcp_connect                              0x08025445   Thumb Code   328  tcp.o(.text)
    tcp_setprio                              0x0802558d   Thumb Code     4  tcp.o(.text)
    tcp_alloc                                0x0802560f   Thumb Code   242  tcp.o(.text)
    tcp_new                                  0x08025701   Thumb Code    10  tcp.o(.text)
    tcp_arg                                  0x0802570b   Thumb Code     4  tcp.o(.text)
    tcp_recv                                 0x0802570f   Thumb Code     8  tcp.o(.text)
    tcp_sent                                 0x08025717   Thumb Code     8  tcp.o(.text)
    tcp_err                                  0x0802571f   Thumb Code    10  tcp.o(.text)
    tcp_accept                               0x08025729   Thumb Code     4  tcp.o(.text)
    tcp_poll                                 0x0802572d   Thumb Code    14  tcp.o(.text)
    tcp_debug_state_str                      0x0802573b   Thumb Code    10  tcp.o(.text)
    tcp_input                                0x08026569   Thumb Code  1134  tcp_in.o(.text)
    tcp_enqueue_flags                        0x08026b25   Thumb Code   272  tcp_out.o(.text)
    tcp_send_fin                             0x08026c35   Thumb Code    74  tcp_out.o(.text)
    tcp_write                                0x08026d67   Thumb Code   902  tcp_out.o(.text)
    tcp_send_empty_ack                       0x080270ed   Thumb Code    78  tcp_out.o(.text)
    tcp_output                               0x08027203   Thumb Code   444  tcp_out.o(.text)
    tcp_rst                                  0x080273bf   Thumb Code   124  tcp_out.o(.text)
    tcp_rexmit_rto                           0x0802743b   Thumb Code    58  tcp_out.o(.text)
    tcp_rexmit                               0x08027475   Thumb Code    90  tcp_out.o(.text)
    tcp_rexmit_fast                          0x080274cf   Thumb Code   112  tcp_out.o(.text)
    tcp_keepalive                            0x0802753f   Thumb Code    68  tcp_out.o(.text)
    tcp_zero_window_probe                    0x08027583   Thumb Code   172  tcp_out.o(.text)
    tcp_timer_needed                         0x0802762f   Thumb Code     2  timers.o(.text)
    udp_init                                 0x08027631   Thumb Code     2  udp.o(.text)
    udp_input                                0x08027683   Thumb Code   450  udp.o(.text)
    udp_bind                                 0x08027845   Thumb Code   122  udp.o(.text)
    udp_sendto_if                            0x080278bf   Thumb Code   206  udp.o(.text)
    udp_sendto                               0x0802798d   Thumb Code    46  udp.o(.text)
    udp_send                                 0x080279bb   Thumb Code    20  udp.o(.text)
    udp_connect                              0x080279cf   Thumb Code   110  udp.o(.text)
    udp_disconnect                           0x08027a3d   Thumb Code    16  udp.o(.text)
    udp_recv                                 0x08027a4d   Thumb Code     6  udp.o(.text)
    udp_remove                               0x08027a53   Thumb Code    60  udp.o(.text)
    udp_new                                  0x08027a8f   Thumb Code    28  udp.o(.text)
    LwIP_Init                                0x08027ab1   Thumb Code   164  netconf.o(.text)
    LwIP_Pkt_Handle                          0x08027b55   Thumb Code    10  netconf.o(.text)
    LwIP_Periodic_Handle                     0x08027b5f   Thumb Code    52  netconf.o(.text)
    ETH_BSP_Config                           0x08027d7b   Thumb Code    38  stm32f4x7_eth_bsp.o(.text)
    Eth_Link_PHYITConfig                     0x08027da1   Thumb Code    70  stm32f4x7_eth_bsp.o(.text)
    Eth_Link_EXTIConfig                      0x08027de7   Thumb Code   104  stm32f4x7_eth_bsp.o(.text)
    Eth_Link_ITHandler                       0x08027e4f   Thumb Code    48  stm32f4x7_eth_bsp.o(.text)
    ETH_link_callback                        0x08027e7f   Thumb Code   282  stm32f4x7_eth_bsp.o(.text)
    udp_echoserver_receive_callback          0x08028059   Thumb Code   160  udp_echoserver.o(.text)
    udp_echoserver_init                      0x080280f9   Thumb Code   162  udp_echoserver.o(.text)
    udp_echoserver_senddata                  0x0802819b   Thumb Code    52  udp_echoserver.o(.text)
    __aeabi_memcpy                           0x080282a5   Thumb Code    36  memcpya.o(.text)
    __aeabi_memcpy4                          0x080282a5   Thumb Code     0  memcpya.o(.text)
    __aeabi_memcpy8                          0x080282a5   Thumb Code     0  memcpya.o(.text)
    __aeabi_memset                           0x080282c9   Thumb Code    14  memseta.o(.text)
    __aeabi_memset4                          0x080282c9   Thumb Code     0  memseta.o(.text)
    __aeabi_memset8                          0x080282c9   Thumb Code     0  memseta.o(.text)
    __aeabi_memclr                           0x080282d7   Thumb Code     4  memseta.o(.text)
    __aeabi_memclr4                          0x080282d7   Thumb Code     0  memseta.o(.text)
    __aeabi_memclr8                          0x080282d7   Thumb Code     0  memseta.o(.text)
    _memset$wrapper                          0x080282db   Thumb Code    18  memseta.o(.text)
    strncpy                                  0x080282ed   Thumb Code    24  strncpy.o(.text)
    strlen                                   0x08028305   Thumb Code    14  strlen.o(.text)
    memcmp                                   0x08028313   Thumb Code    26  memcmp.o(.text)
    __aeabi_dadd                             0x0802832d   Thumb Code   322  dadd.o(.text)
    __aeabi_dsub                             0x0802846f   Thumb Code     6  dadd.o(.text)
    __aeabi_drsub                            0x08028475   Thumb Code     6  dadd.o(.text)
    __aeabi_dmul                             0x0802847b   Thumb Code   228  dmul.o(.text)
    __aeabi_ui2d                             0x0802855f   Thumb Code    26  dfltui.o(.text)
    __aeabi_d2iz                             0x08028579   Thumb Code    62  dfixi.o(.text)
    __aeabi_d2uiz                            0x080285b7   Thumb Code    50  dfixui.o(.text)
    __aeabi_f2d                              0x080285e9   Thumb Code    38  f2d.o(.text)
    __aeabi_cdrcmple                         0x08028611   Thumb Code    38  cdrcmple.o(.text)
    __aeabi_uidiv                            0x08028639   Thumb Code     0  uidiv.o(.text)
    __aeabi_uidivmod                         0x08028639   Thumb Code    44  uidiv.o(.text)
    __aeabi_uldivmod                         0x08028665   Thumb Code    98  uldiv.o(.text)
    __aeabi_llsl                             0x080286c7   Thumb Code    30  llshl.o(.text)
    _ll_shift_l                              0x080286c7   Thumb Code     0  llshl.o(.text)
    __aeabi_llsr                             0x080286e5   Thumb Code    32  llushr.o(.text)
    _ll_ushift_r                             0x080286e5   Thumb Code     0  llushr.o(.text)
    __aeabi_lasr                             0x08028705   Thumb Code    36  llsshr.o(.text)
    _ll_sshift_r                             0x08028705   Thumb Code     0  llsshr.o(.text)
    __I$use$fp                               0x08028729   Thumb Code     0  iusefp.o(.text)
    _double_round                            0x08028729   Thumb Code    26  depilogue.o(.text)
    _double_epilogue                         0x08028743   Thumb Code   164  depilogue.o(.text)
    __aeabi_ddiv                             0x080287e7   Thumb Code   222  ddiv.o(.text)
    __aeabi_d2ulz                            0x080288c5   Thumb Code    48  dfixul.o(.text)
    __decompress                             0x080288f5   Thumb Code     0  __dczerorl2.o(.text)
    __decompress1                            0x080288f5   Thumb Code    92  __dczerorl2.o(.text)
    __0printf                                0x08028951   Thumb Code    22  printfa.o(i.__0printf)
    __1printf                                0x08028951   Thumb Code     0  printfa.o(i.__0printf)
    __2printf                                0x08028951   Thumb Code     0  printfa.o(i.__0printf)
    __c89printf                              0x08028951   Thumb Code     0  printfa.o(i.__0printf)
    printf                                   0x08028951   Thumb Code     0  printfa.o(i.__0printf)
    __0sprintf                               0x08028971   Thumb Code    34  printfa.o(i.__0sprintf)
    __1sprintf                               0x08028971   Thumb Code     0  printfa.o(i.__0sprintf)
    __2sprintf                               0x08028971   Thumb Code     0  printfa.o(i.__0sprintf)
    __c89sprintf                             0x08028971   Thumb Code     0  printfa.o(i.__0sprintf)
    sprintf                                  0x08028971   Thumb Code     0  printfa.o(i.__0sprintf)
    softver_edtion                           0x08029304   Data           6  processscope.o(.constdata)
    FSMC_DefaultTimingStruct                 0x0802a048   Data          28  stm32f4xx_fsmc.o(.constdata)
    g_Turn_Motor_Table                       0x0802a074   Data          16  driver.o(.constdata)
    OUT_PORT                                 0x0802a084   Data          32  driver.o(.constdata)
    OUT_PIN                                  0x0802a0a4   Data          16  driver.o(.constdata)
    OUT_CLK                                  0x0802a0b4   Data          32  driver.o(.constdata)
    IN_PORT                                  0x0802a0d4   Data          20  driver.o(.constdata)
    IN_PIN                                   0x0802a0e8   Data          10  driver.o(.constdata)
    IN_CLK                                   0x0802a0f4   Data          20  driver.o(.constdata)
    ethbroadcast                             0x0802a108   Data           6  etharp.o(.constdata)
    ethzero                                  0x0802a10e   Data           6  etharp.o(.constdata)
    ip_addr_any                              0x0802a114   Data           4  ip_addr.o(.constdata)
    ip_addr_broadcast                        0x0802a118   Data           4  ip_addr.o(.constdata)
    tcp_state_str                            0x0802a140   Data          44  tcp.o(.constdata)
    tcp_backoff                              0x0802a16c   Data          13  tcp.o(.constdata)
    tcp_persist_backoff                      0x0802a179   Data           7  tcp.o(.constdata)
    tcp_pcb_lists                            0x0802a180   Data          16  tcp.o(.constdata)
    SystemCoreClock                          0x20000000   Data           4  system_stm32f4xx.o(.data)
    AHBPrescTable                            0x20000004   Data          16  system_stm32f4xx.o(.data)
    g_tOCLevel                               0x2000001e   Data           4  systemscope.o(.data)
    g_tSystemStatus                          0x20000022   Data           3  systemscope.o(.data)
    g_atInterval                             0x20000026   Data           8  systemscope.o(.data)
    g_nError                                 0x20000030   Data           4  systemscope.o(.data)
    g_nFlag                                  0x20000034   Data           4  systemscope.o(.data)
    g_Test_Mode                              0x20000042   Data           1  processscope.o(.data)
    g_Udp_Count                              0x20000048   Data           4  processscope.o(.data)
    g_Frame_Count                            0x2000004c   Data           4  processscope.o(.data)
    g_Send_Fail                              0x20000050   Data           4  processscope.o(.data)
    g_AirLight_Flag                          0x20000054   Data           1  processscope.o(.data)
    g_Debug_Data                             0x2000006e   Data         512  interfacescope.o(.data)
    DMATxDescToSet                           0x2000027c   Data           4  stm32f4x7_eth.o(.data)
    DMARxDescToGet                           0x20000280   Data           4  stm32f4x7_eth.o(.data)
    DMA_RX_FRAME_infos                       0x20000284   Data           4  stm32f4x7_eth.o(.data)
    Frame_Rx_index                           0x20000288   Data           4  stm32f4x7_eth.o(.data)
    g_Elec_Status                            0x200002ea   Data           1  driver.o(.data)
    g_Turn_Position                          0x200002eb   Data           1  driver.o(.data)
    g_Micro_Switch                           0x200002ec   Data           1  driver.o(.data)
    __stdout                                 0x200002f0   Data           4  driver.o(.data)
    current_netif                            0x200002f8   Data           4  ip.o(.data)
    current_header                           0x200002fc   Data           4  ip.o(.data)
    current_iphdr_src                        0x20000300   Data           4  ip.o(.data)
    current_iphdr_dest                       0x20000304   Data           4  ip.o(.data)
    netif_list                               0x20000324   Data           4  netif.o(.data)
    netif_default                            0x20000328   Data           4  netif.o(.data)
    tcp_ticks                                0x2000033c   Data           4  tcp.o(.data)
    tcp_bound_pcbs                           0x20000340   Data           4  tcp.o(.data)
    tcp_listen_pcbs                          0x20000344   Data           4  tcp.o(.data)
    tcp_active_pcbs                          0x20000348   Data           4  tcp.o(.data)
    tcp_tw_pcbs                              0x2000034c   Data           4  tcp.o(.data)
    tcp_tmp_pcb                              0x20000350   Data           4  tcp.o(.data)
    tcp_active_pcbs_changed                  0x20000354   Data           1  tcp.o(.data)
    tcp_input_pcb                            0x20000374   Data           4  tcp_in.o(.data)
    udp_pcbs                                 0x2000037c   Data           4  udp.o(.data)
    TCPTimer                                 0x2000038c   Data           4  netconf.o(.data)
    ARPTimer                                 0x20000390   Data           4  netconf.o(.data)
    IPaddress                                0x20000394   Data           4  netconf.o(.data)
    EthStatus                                0x200003a4   Data           4  stm32f4x7_eth_bsp.o(.data)
    s_tAddr                                  0x200003b4   Data           4  udp_echoserver.o(.data)
    s_nPort                                  0x200003b8   Data           2  udp_echoserver.o(.data)
    s_ptUpcb                                 0x200003bc   Data           4  udp_echoserver.o(.data)
    g_tAxisPosStatus                         0x200003c0   Data          28  systemscope.o(.bss)
    g_tSystemPara                            0x200003dc   Data          54  systemscope.o(.bss)
    g_nErrorParaSet                          0x20000412   Data          64  systemscope.o(.bss)
    g_CRP_Data                               0x20000454   Data        1032  processscope.o(.bss)
    g_NET_achCmdRvBuf                        0x2000085c   Data         256  protocol.o(.bss)
    g_achFbkSdBuf                            0x2000095c   Data        1500  protocol.o(.bss)
    g_achFbkSdLogBuf                         0x20000f38   Data        1500  protocol.o(.bss)
    g_Record_Param                           0x200020cc   Data          28  storagemanagement.o(.bss)
    DMARxDscrTab                             0x200020e8   Data         256  stm32f4x7_eth.o(.bss)
    DMATxDscrTab                             0x200021e8   Data         256  stm32f4x7_eth.o(.bss)
    Rx_Buff                                  0x200022e8   Data       12192  stm32f4x7_eth.o(.bss)
    Tx_Buff                                  0x20005288   Data       12192  stm32f4x7_eth.o(.bss)
    RX_Frame_Descriptor                      0x20008228   Data          12  stm32f4x7_eth.o(.bss)
    g_atMotorStatus                          0x20008234   Data          16  scope_move.o(.bss)
    g_atMotorPara                            0x20008244   Data          32  scope_move.o(.bss)
    ADC1_Status                              0x200098a8   Data          12  driver.o(.bss)
    g_ADC1_Buffer                            0x200098b4   Data         512  driver.o(.bss)
    ADC2_Status                              0x20009ab4   Data          12  driver.o(.bss)
    g_ADC2_Buffer                            0x20009ac0   Data         512  driver.o(.bss)
    g_ADC3_Value                             0x20009cc0   Data          20  driver.o(.bss)
    dhcp_rx_options_val                      0x20009dac   Data          40  dhcp.o(.bss)
    dhcp_rx_options_given                    0x20009dd4   Data          10  dhcp.o(.bss)
    ram_heap                                 0x20009dde   Data       10260  mem.o(.bss)
    gnetif                                   0x2001120c   Data          56  netconf.o(.bss)
    ETH_InitStructure                        0x20011244   Data         188  stm32f4x7_eth_bsp.o(.bss)
    __initial_sp                             0x20015300   Data           0  startup_stm32f40_41xxx.o(STACK)



==============================================================================

Memory Map of the image

  Image Entry point : 0x08000189

  Load Region LR_IROM1 (Base: 0x08000000, Size: 0x000005c0, Max: 0x00003fff, ABSOLUTE, COMPRESSED[0x000002f0])

    Execution Region ER_IROM1 (Base: 0x08000000, Size: 0x00000200, Max: 0x00003fff, ABSOLUTE)

    Base Addr    Size         Type   Attr      Idx    E Section Name        Object

    0x08000000   0x00000188   Data   RO          290    RESET               startup_stm32f40_41xxx.o
    0x08000188   0x00000000   Code   RO         2078  * .ARM.Collect$$$$00000000  mc_w.l(entry.o)
    0x08000188   0x00000004   Code   RO         2368    .ARM.Collect$$$$00000001  mc_w.l(entry2.o)
    0x0800018c   0x00000004   Code   RO         2371    .ARM.Collect$$$$00000004  mc_w.l(entry5.o)
    0x08000190   0x00000000   Code   RO         2373    .ARM.Collect$$$$00000008  mc_w.l(entry7b.o)
    0x08000190   0x00000000   Code   RO         2375    .ARM.Collect$$$$0000000A  mc_w.l(entry8b.o)
    0x08000190   0x00000008   Code   RO         2376    .ARM.Collect$$$$0000000B  mc_w.l(entry9a.o)
    0x08000198   0x00000000   Code   RO         2378    .ARM.Collect$$$$0000000D  mc_w.l(entry10a.o)
    0x08000198   0x00000000   Code   RO         2380    .ARM.Collect$$$$0000000F  mc_w.l(entry11a.o)
    0x08000198   0x00000004   Code   RO         2369    .ARM.Collect$$$$00002712  mc_w.l(entry2.o)
    0x0800019c   0x00000024   Code   RO         2399    .text               mc_w.l(init.o)
    0x080001c0   0x0000000e   Code   RO         2403    i.__scatterload_copy  mc_w.l(handlers.o)
    0x080001ce   0x00000002   Code   RO         2404    i.__scatterload_null  mc_w.l(handlers.o)
    0x080001d0   0x0000000e   Code   RO         2405    i.__scatterload_zeroinit  mc_w.l(handlers.o)
    0x080001de   0x00000002   PAD
    0x080001e0   0x00000020   Data   RO         2401    Region$$Table       anon$$obj.o


    Execution Region RW_IRAM1 (Base: 0x20000000, Size: 0x00015300, Max: 0x00020000, ABSOLUTE, COMPRESSED[0x000000f0])

    Base Addr    Size         Type   Attr      Idx    E Section Name        Object

    0x20000000   0x00000014   Data   RW          265    .data               system_stm32f4xx.o
    0x20000014   0x00000024   Data   RW          300    .data               systemscope.o
    0x20000038   0x0000001d   Data   RW          328    .data               processscope.o
    0x20000055   0x0000000c   Data   RW          358    .data               protocol.o
    0x20000061   0x00000003   PAD
    0x20000064   0x00000218   Data   RW          389    .data               interfacescope.o
    0x2000027c   0x00000010   Data   RW          444    .data               stm32f4x7_eth.o
    0x2000028c   0x00000010   Data   RW          999    .data               stm32f4xx_rcc.o
    0x2000029c   0x00000020   Data   RW         1206    .data               scope_it.o
    0x200002bc   0x00000012   Data   RW         1257    .data               buffercircle.o
    0x200002ce   0x00000012   Data   RW         1280    .data               netbuffercircle.o
    0x200002e0   0x00000014   Data   RW         1350    .data               driver.o
    0x200002f4   0x00000001   Data   RW         1474    .data               etharp.o
    0x200002f5   0x00000003   PAD
    0x200002f8   0x00000012   Data   RW         1589    .data               ip.o
    0x2000030a   0x00000002   PAD
    0x2000030c   0x00000006   Data   RW         1649    .data               ip_frag.o
    0x20000312   0x00000002   PAD
    0x20000314   0x00000004   Data   RW         1679    .data               dhcp.o
    0x20000318   0x0000000c   Data   RW         1737    .data               mem.o
    0x20000324   0x00000009   Data   RW         1779    .data               netif.o
    0x2000032d   0x00000003   PAD
    0x20000330   0x00000004   Data   RW         1813    .data               raw.o
    0x20000334   0x00000023   Data   RW         1841    .data               tcp.o
    0x20000357   0x00000001   PAD
    0x20000358   0x00000020   Data   RW         1864    .data               tcp_in.o
    0x20000378   0x00000008   Data   RW         1910    .data               udp.o
    0x20000380   0x00000018   Data   RW         1993    .data               netconf.o
    0x20000398   0x00000010   Data   RW         2018    .data               stm32f4x7_eth_bsp.o
    0x200003a8   0x00000018   Data   RW         2051    .data               udp_echoserver.o
    0x200003c0   0x00000092   Zero   RW          298    .bss                systemscope.o
    0x20000452   0x00000002   PAD
    0x20000454   0x00000408   Zero   RW          326    .bss                processscope.o
    0x2000085c   0x00000cb8   Zero   RW          357    .bss                protocol.o
    0x20001514   0x00000bb8   Zero   RW          387    .bss                interfacescope.o
    0x200020cc   0x0000001c   Zero   RW          416    .bss                storagemanagement.o
    0x200020e8   0x0000614c   Zero   RW          443    .bss                stm32f4x7_eth.o
    0x20008234   0x00000030   Zero   RW         1228    .bss                scope_move.o
    0x20008264   0x000009c4   Zero   RW         1256    .bss                buffercircle.o
    0x20008c28   0x00000c80   Zero   RW         1279    .bss                netbuffercircle.o
    0x200098a8   0x0000042c   Zero   RW         1348    .bss                driver.o
    0x20009cd4   0x000000c8   Zero   RW         1472    .bss                etharp.o
    0x20009d9c   0x00000010   Zero   RW         1626    .bss                ip_addr.o
    0x20009dac   0x00000032   Zero   RW         1678    .bss                dhcp.o
    0x20009dde   0x00002814   Zero   RW         1736    .bss                mem.o
    0x2000c5f2   0x00000002   PAD
    0x2000c5f4   0x00004c07   Zero   RW         1752    .bss                memp.o
    0x200111fb   0x00000001   PAD
    0x200111fc   0x00000010   Zero   RW         1863    .bss                tcp_in.o
    0x2001120c   0x00000038   Zero   RW         1992    .bss                netconf.o
    0x20011244   0x000000bc   Zero   RW         2017    .bss                stm32f4x7_eth_bsp.o
    0x20011300   0x00004000   Zero   RW          288    STACK               startup_stm32f40_41xxx.o



  Load Region LR_IROM2 (Base: 0x08008000, Size: 0x00022244, Max: 0x0003ffff, ABSOLUTE)

    Execution Region ER_IROM2 (Base: 0x08008000, Size: 0x00022244, Max: 0x0003ffff, ABSOLUTE)

    Base Addr    Size         Type   Attr      Idx    E Section Name        Object

    0x08008000   0x000000c0   Code   RO            3    .text               scopemain.o
    0x080080c0   0x000002cc   Code   RO          264    .text               system_stm32f4xx.o
    0x0800838c   0x00000024   Code   RO          291    .text               startup_stm32f40_41xxx.o
    0x080083b0   0x000001d4   Code   RO          297    .text               systemscope.o
    0x08008584   0x00005174   Code   RO          325    .text               processscope.o
    0x0800d6f8   0x00000260   Code   RO          356    .text               protocol.o
    0x0800d958   0x00001884   Code   RO          386    .text               interfacescope.o
    0x0800f1dc   0x00000190   Code   RO          415    .text               storagemanagement.o
    0x0800f36c   0x00001e30   Code   RO          442    .text               stm32f4x7_eth.o
    0x0801119c   0x000001dc   Code   RO          466    .text               misc.o
    0x08011378   0x00001070   Code   RO          506    .text               stm32f4xx_adc.o
    0x080123e8   0x000005f8   Code   RO          646    .text               stm32f4xx_dac.o
    0x080129e0   0x000013a4   Code   RO          729    .text               stm32f4xx_dma.o
    0x08013d84   0x000002f8   Code   RO          749    .text               stm32f4xx_exti.o
    0x0801407c   0x00000a94   Code   RO          769    .text               stm32f4xx_flash.o
    0x08014b10   0x00000e48   Code   RO          812    .text               stm32f4xx_fsmc.o
    0x08015958   0x00000a10   Code   RO          835    .text               stm32f4xx_gpio.o
    0x08016368   0x00000f60   Code   RO          998    .text               stm32f4xx_rcc.o
    0x080172c8   0x00000dd0   Code   RO         1103    .text               stm32f4xx_spi.o
    0x08018098   0x0000019c   Code   RO         1123    .text               stm32f4xx_syscfg.o
    0x08018234   0x00003284   Code   RO         1143    .text               stm32f4xx_tim.o
    0x0801b4b8   0x0000115c   Code   RO         1163    .text               stm32f4xx_usart.o
    0x0801c614   0x00000378   Code   RO         1183    .text               fpga.o
    0x0801c98c   0x000002b8   Code   RO         1205    .text               scope_it.o
    0x0801cc44   0x000003ec   Code   RO         1227    .text               scope_move.o
    0x0801d030   0x000003b8   Code   RO         1255    .text               buffercircle.o
    0x0801d3e8   0x000003b8   Code   RO         1278    .text               netbuffercircle.o
    0x0801d7a0   0x00002c98   Code   RO         1347    .text               driver.o
    0x08020438   0x0000085c   Code   RO         1407    .text               ad7799.o
    0x08020c94   0x00000290   Code   RO         1429    .text               ethernetif.o
    0x08020f24   0x0000092c   Code   RO         1471    .text               etharp.o
    0x08021850   0x000001f0   Code   RO         1530    .text               icmp.o
    0x08021a40   0x00000222   Code   RO         1570    .text               inet_chksum.o
    0x08021c62   0x00000002   PAD
    0x08021c64   0x00000308   Code   RO         1588    .text               ip.o
    0x08021f6c   0x000002b4   Code   RO         1625    .text               ip_addr.o
    0x08022220   0x00000694   Code   RO         1648    .text               ip_frag.o
    0x080228b4   0x0000003e   Code   RO         1665    .text               def.o
    0x080228f2   0x00000002   PAD
    0x080228f4   0x000010cc   Code   RO         1677    .text               dhcp.o
    0x080239c0   0x0000033c   Code   RO         1735    .text               mem.o
    0x08023cfc   0x000000a8   Code   RO         1751    .text               memp.o
    0x08023da4   0x000002ac   Code   RO         1778    .text               netif.o
    0x08024050   0x0000073a   Code   RO         1800    .text               pbuf.o
    0x0802478a   0x00000002   PAD
    0x0802478c   0x000001b0   Code   RO         1812    .text               raw.o
    0x0802493c   0x00000e18   Code   RO         1838    .text               tcp.o
    0x08025754   0x000012ac   Code   RO         1862    .text               tcp_in.o
    0x08026a00   0x00000c2e   Code   RO         1885    .text               tcp_out.o
    0x0802762e   0x00000002   Code   RO         1897    .text               timers.o
    0x08027630   0x00000480   Code   RO         1909    .text               udp.o
    0x08027ab0   0x00000170   Code   RO         1991    .text               netconf.o
    0x08027c20   0x00000438   Code   RO         2016    .text               stm32f4x7_eth_bsp.o
    0x08028058   0x0000024c   Code   RO         2049    .text               udp_echoserver.o
    0x080282a4   0x00000024   Code   RO         2081    .text               mc_w.l(memcpya.o)
    0x080282c8   0x00000024   Code   RO         2083    .text               mc_w.l(memseta.o)
    0x080282ec   0x00000018   Code   RO         2085    .text               mc_w.l(strncpy.o)
    0x08028304   0x0000000e   Code   RO         2087    .text               mc_w.l(strlen.o)
    0x08028312   0x0000001a   Code   RO         2089    .text               mc_w.l(memcmp.o)
    0x0802832c   0x0000014e   Code   RO         2354    .text               mf_w.l(dadd.o)
    0x0802847a   0x000000e4   Code   RO         2356    .text               mf_w.l(dmul.o)
    0x0802855e   0x0000001a   Code   RO         2358    .text               mf_w.l(dfltui.o)
    0x08028578   0x0000003e   Code   RO         2360    .text               mf_w.l(dfixi.o)
    0x080285b6   0x00000032   Code   RO         2362    .text               mf_w.l(dfixui.o)
    0x080285e8   0x00000026   Code   RO         2364    .text               mf_w.l(f2d.o)
    0x0802860e   0x00000002   PAD
    0x08028610   0x00000028   Code   RO         2366    .text               mf_w.l(cdrcmple.o)
    0x08028638   0x0000002c   Code   RO         2382    .text               mc_w.l(uidiv.o)
    0x08028664   0x00000062   Code   RO         2384    .text               mc_w.l(uldiv.o)
    0x080286c6   0x0000001e   Code   RO         2386    .text               mc_w.l(llshl.o)
    0x080286e4   0x00000020   Code   RO         2388    .text               mc_w.l(llushr.o)
    0x08028704   0x00000024   Code   RO         2390    .text               mc_w.l(llsshr.o)
    0x08028728   0x00000000   Code   RO         2392    .text               mc_w.l(iusefp.o)
    0x08028728   0x000000be   Code   RO         2393    .text               mf_w.l(depilogue.o)
    0x080287e6   0x000000de   Code   RO         2395    .text               mf_w.l(ddiv.o)
    0x080288c4   0x00000030   Code   RO         2397    .text               mf_w.l(dfixul.o)
    0x080288f4   0x0000005c   Code   RO         2409    .text               mc_w.l(__dczerorl2.o)
    0x08028950   0x00000020   Code   RO         2326    i.__0printf         mc_w.l(printfa.o)
    0x08028970   0x00000028   Code   RO         2328    i.__0sprintf        mc_w.l(printfa.o)
    0x08028998   0x0000015c   Code   RO         2333    i._fp_digits        mc_w.l(printfa.o)
    0x08028af4   0x000006f0   Code   RO         2334    i._printf_core      mc_w.l(printfa.o)
    0x080291e4   0x00000026   Code   RO         2335    i._printf_post_padding  mc_w.l(printfa.o)
    0x0802920a   0x00000030   Code   RO         2336    i._printf_pre_padding  mc_w.l(printfa.o)
    0x0802923a   0x0000000a   Code   RO         2338    i._sputc            mc_w.l(printfa.o)
    0x08029244   0x000000c0   Data   RO          299    .constdata          systemscope.o
    0x08029304   0x00000ca9   Data   RO          327    .constdata          processscope.o
    0x08029fad   0x00000003   PAD
    0x08029fb0   0x00000098   Data   RO          388    .constdata          interfacescope.o
    0x0802a048   0x0000001c   Data   RO          813    .constdata          stm32f4xx_fsmc.o
    0x0802a064   0x00000010   Data   RO         1229    .constdata          scope_move.o
    0x0802a074   0x00000094   Data   RO         1349    .constdata          driver.o
    0x0802a108   0x0000000c   Data   RO         1473    .constdata          etharp.o
    0x0802a114   0x00000008   Data   RO         1627    .constdata          ip_addr.o
    0x0802a11c   0x00000024   Data   RO         1753    .constdata          memp.o
    0x0802a140   0x00000050   Data   RO         1839    .constdata          tcp.o
    0x0802a190   0x0000004b   Data   RO         2050    .constdata          udp_echoserver.o
    0x0802a1db   0x00000068   Data   RO         1840    .conststring        tcp.o


==============================================================================

Image component sizes


      Code (inc. data)   RO Data    RW Data    ZI Data      Debug   Object Name

      2140        160          0          0          0       5737   ad7799.o
       952         16          0         18       2500       4406   buffercircle.o
        62          0          0          0          0       1174   def.o
      4300         80          0          4         50      12570   dhcp.o
     11416       1526        148         20       1068      65184   driver.o
      2348         22         12          1        200      15877   etharp.o
       656         36          0          0          0       7755   ethernetif.o
       888         18          0          0          0       2691   fpga.o
       496          8          0          0          0       3342   icmp.o
         0          0          0          0          0       3768   inet.o
       546          0          0          0          0       2897   inet_chksum.o
      6276        574        152        536       3000      44559   interfacescope.o
       776         30          0         18          0      15476   ip.o
       692         12          8          0         16       9151   ip_addr.o
      1684         18          0          6          0       6988   ip_frag.o
       828         18          0         12      10260       3822   mem.o
       168         18         36          0      19463       2322   memp.o
       476         56          0          0          0       1889   misc.o
       952         16          0         18       3200       4724   netbuffercircle.o
       368        142          0         24         56       1826   netconf.o
       684         20          0          9          0       6449   netif.o
      1850          0          0          0          0       8809   pbuf.o
     20852       4822       3241         29       1032      30127   processscope.o
       608         12          0         12       3256       6553   protocol.o
       432         14          0          4          0       3237   raw.o
       696         78          0         32          0       3092   scope_it.o
      1004         18         16          0         48       4431   scope_move.o
       192        118          0          0          0     415448   scopemain.o
        36          8        392          0      16384        796   startup_stm32f40_41xxx.o
      7728        216          0         16      24908      23289   stm32f4x7_eth.o
      1080        192          0         16        188       4669   stm32f4x7_eth_bsp.o
      4208        130          0          0          0      12554   stm32f4xx_adc.o
      1528         48          0          0          0       5381   stm32f4xx_dac.o
      5028        330          0          0          0       8513   stm32f4xx_dma.o
       760         50          0          0          0       2551   stm32f4xx_exti.o
      2708         82          0          0          0       9918   stm32f4xx_flash.o
      3656        130         28          0          0       7038   stm32f4xx_fsmc.o
      2576        178          0          0          0       5213   stm32f4xx_gpio.o
      3936        252          0         16          0      15056   stm32f4xx_rcc.o
      3536        168          0          0          0       8333   stm32f4xx_spi.o
       412         62          0          0          0       1961   stm32f4xx_syscfg.o
     12932        652          0          0          0      29104   stm32f4xx_tim.o
      4444        228          0          0          0       9852   stm32f4xx_usart.o
       400         46          0          0         28       3952   storagemanagement.o
       716         50          0         20          0       1968   system_stm32f4xx.o
       468         46        192         36        146       5689   systemscope.o
      3608        138        184         35          0      21203   tcp.o
      4780        232          0         32         16      14487   tcp_in.o
      3118          8          0          0          0       9307   tcp_out.o
         2          0          0          0          0        435   timers.o
      1152         22          0          8          0      13765   udp.o
       588        214         75         24          0       2229   udp_echoserver.o

    ----------------------------------------------------------------------
    131748      11314       4520        960      85824     911567   Object Totals
         0          0         32          0          0          0   (incl. Generated)
         6          0          4         14          5          0   (incl. Padding)

    ----------------------------------------------------------------------

      Code (inc. data)   RO Data    RW Data    ZI Data      Debug   Library Member Name

        92          0          0          0          0          0   __dczerorl2.o
         0          0          0          0          0          0   entry.o
         0          0          0          0          0          0   entry10a.o
         0          0          0          0          0          0   entry11a.o
         8          4          0          0          0          0   entry2.o
         4          0          0          0          0          0   entry5.o
         0          0          0          0          0          0   entry7b.o
         0          0          0          0          0          0   entry8b.o
         8          4          0          0          0          0   entry9a.o
        30          0          0          0          0          0   handlers.o
        36          8          0          0          0         68   init.o
         0          0          0          0          0          0   iusefp.o
        30          0          0          0          0         68   llshl.o
        36          0          0          0          0         68   llsshr.o
        32          0          0          0          0         68   llushr.o
        26          0          0          0          0         80   memcmp.o
        36          0          0          0          0         68   memcpya.o
        36          0          0          0          0        108   memseta.o
      2292         96          0          0          0        596   printfa.o
        14          0          0          0          0         68   strlen.o
        24          0          0          0          0         76   strncpy.o
        44          0          0          0          0         80   uidiv.o
        98          0          0          0          0         92   uldiv.o
        40          2          0          0          0         68   cdrcmple.o
       334          0          0          0          0        148   dadd.o
       222          0          0          0          0        100   ddiv.o
       190          0          0          0          0        176   depilogue.o
        62          0          0          0          0         80   dfixi.o
        50          0          0          0          0         76   dfixui.o
        48          0          0          0          0         68   dfixul.o
        26          0          0          0          0         76   dfltui.o
       228          0          0          0          0         96   dmul.o
        38          0          0          0          0         68   f2d.o

    ----------------------------------------------------------------------
      4088        114          0          0          0       2396   Library Totals
         4          0          0          0          0          0   (incl. Padding)

    ----------------------------------------------------------------------

      Code (inc. data)   RO Data    RW Data    ZI Data      Debug   Library Name

      2846        112          0          0          0       1440   mc_w.l
      1238          2          0          0          0        956   mf_w.l

    ----------------------------------------------------------------------
      4088        114          0          0          0       2396   Library Totals

    ----------------------------------------------------------------------

==============================================================================


      Code (inc. data)   RO Data    RW Data    ZI Data      Debug   

    135836      11428       4520        960      85824     900963   Grand Totals
    135836      11428       4520        240      85824     900963   ELF Image Totals (compressed)
    135836      11428       4520        240          0          0   ROM Totals

==============================================================================

    Total RO  Size (Code + RO Data)               140356 ( 137.07kB)
    Total RW  Size (RW Data + ZI Data)             86784 (  84.75kB)
    Total ROM Size (Code + RO Data + RW Data)     140596 ( 137.30kB)

==============================================================================

