<html>
<body>
<pre>
<h1>µVision Build Log</h1>
<h2>Project:</h2>
E:\CX-3000\src\CX-3000\workspace\prj\CX-3000.uvproj
Project File Date:  04/27/2020

<h2>Output:</h2>
Build target 'Scope'
compiling ScopeMain.c...
compiling SystemScope.c...
compiling ProcessScope.c...
..\..\source\ProcessScope.c(1984): warning:  #940-D: missing return statement at end of non-void function "LED_Mode_Set"
  }
..\..\source\ProcessScope.c(2012): warning:  #177-D: variable "nVal" was declared but never referenced
        UINT16 nVal = 0, i;
..\..\source\ProcessScope.c(2090): warning:  #177-D: variable "j" was declared but never referenced
        UINT16 i, j;
..\..\source\ProcessScope.c(2243): warning:  #550-D: variable "nTempTicks" was set but never used
        UINT32 nCurTicks, nTempTicks, i, j;
..\..\source\ProcessScope.c: 4 warnings, 0 errors
compiling Protocol.c...
compiling InterfaceScope.c...
..\..\source\InterfaceScope.c(266): warning:  #177-D: variable "i" was declared but never referenced
                UINT32 nCurTime = 0, nTempTime = 0, nDlyTime = 0, i;
..\..\source\InterfaceScope.c(499): warning:  #177-D: variable "i" was declared but never referenced
                UINT32 nCurTime, nTempTime, i = 0;
..\..\source\InterfaceScope.c(1899): warning:  #177-D: variable "i" was declared but never referenced
        UINT8 i;
..\..\source\InterfaceScope.c: 3 warnings, 0 errors
compiling StorageManagement.c...
compiling Fpga.c...
compiling Scope_It.c...
compiling Scope_Move.c...
compiling BufferCircle.c...
compiling NetBufferCircle.c...
compiling SampleBufferCircle.c...
compiling InterruptBufferCircle.c...
compiling driver.c...
..\..\config\driver.c(160): warning:  #188-D: enumerated type mixed with another type
                EVAL_OutputInit(i);
..\..\config\driver.c(214): warning:  #177-D: variable "EXTI_InitStructure" was declared but never referenced
      EXTI_InitTypeDef EXTI_InitStructure;
..\..\config\driver.c(215): warning:  #177-D: variable "NVIC_InitStructure" was declared but never referenced
      NVIC_InitTypeDef NVIC_InitStructure;
..\..\config\driver.c(234): warning:  #188-D: enumerated type mixed with another type
                EVAL_InputInit(i);
..\..\config\driver.c(330): warning:  #177-D: variable "GPIO_InitStructure" was declared but never referenced
        GPIO_InitTypeDef  GPIO_InitStructure;
..\..\config\driver.c(684): warning:  #940-D: missing return statement at end of non-void function "Turn_Motor_Goto_Postion"
  }
..\..\config\driver.c(794): warning:  #940-D: missing return statement at end of non-void function "Turn_Motor_Select_LED"
  }
..\..\config\driver.c(841): warning:  #177-D: variable "NVIC_InitStructure" was declared but never referenced
        NVIC_InitTypeDef NVIC_InitStructure;
..\..\config\driver.c(1465): warning:  #177-D: variable "i" was declared but never referenced
        UINT16 nVal = 0, i;
..\..\config\driver.c(1477): warning:  #177-D: variable "i" was declared but never referenced
        UINT16 nVal = 0, i;
..\..\config\driver.c(1515): warning:  #177-D: variable "i" was declared but never referenced
        UINT16 nVal = 0, i;
..\..\config\driver.c(1753): warning:  #550-D: variable "Status" was set but never used
        UINT8 Status;
..\..\config\driver.c(1754): warning:  #550-D: variable "Tempertaure_data" was set but never used
        INT32 Pressure_data,Tempertaure_data;
..\..\config\driver.c(3469): warning:  #177-D: variable "USART_InitStructure" was declared but never referenced
      USART_InitTypeDef USART_InitStructure;    
..\..\config\driver.c: 14 warnings, 0 errors
compiling AD7799.c...
..\..\config\AD7799.c(511): warning:  #940-D: missing return statement at end of non-void function "AD7799_Get_ADC_Value"
  }
..\..\config\AD7799.c(508): warning:  #550-D: variable "nADC" was set but never used
        UINT32  nADC;
..\..\config\AD7799.c: 2 warnings, 0 errors
compiling ethernetif.c...
compiling netconf.c...
compiling stm32f4x7_eth_bsp.c...
compiling udp_echoserver.c...
linking...
Program Size: Code=136352 RO-data=4764 RW-data=960 ZI-data=85824  
FromELF: creating hex file...
After Build - User command #1: "D:\Program Files (x86)\Keil_v4\ARM\ARMCC\bin\fromelf.exe" --bin -o "..\obj\CX-3000_SLA_V001.bin" "..\obj\CX-3000_SLA_V001.axf"
"..\obj\CX-3000_SLA_V001.axf" - 0 Error(s), 23 Warning(s).
</pre>
</body>
</html>
(480): warning:  #1295-D: Deprecated declaration Turn_Motor_Reset - give arg types
        void Turn_Motor_Reset();        
..\..\config\BufferCircle.c: 1 warning, 0 errors
compiling NetBufferCircle.c...
..\..\config\driver.h(480): warning:  #1295-D: Deprecated declaration Turn_Motor_Reset - give arg types
        void Turn_Motor_Reset();        
..\..\config\NetBufferCircle.c: 1 warning, 0 errors
compiling SampleBufferCircle.c...
..\..\config\driver.h(480): warning:  #1295-D: Deprecated declaration Turn_Motor_Reset - give arg types
        void Turn_Motor_Reset();        
..\..\config\SampleBufferCircle.c: 1 warning, 0 errors
compiling InterruptBufferCircle.c...
..\..\config\driver.h(480): warning:  #1295-D: Deprecated declaration Turn_Motor_Reset - give arg types
        void Turn_Motor_Reset();        
..\..\config\InterruptBufferCircle.c: 1 warning, 0 errors
compiling driver.c...
..\..\config\driver.h(480): warning:  #1295-D: Deprecated declaration Turn_Motor_Reset - give arg types
        void Turn_Motor_Reset();        
..\..\config\driver.c(160): warning:  #188-D: enumerated type mixed with another type
                EVAL_OutputInit(i);
..\..\config\driver.c(214): warning:  #177-D: variable "EXTI_InitStructure" was declared but never referenced
      EXTI_InitTypeDef EXTI_InitStructure;
..\..\config\driver.c(215): warning:  #177-D: variable "NVIC_InitStructure" was declared but never referenced
      NVIC_InitTypeDef NVIC_InitStructure;
..\..\config\driver.c(234): warning:  #188-D: enumerated type mixed with another type
                EVAL_InputInit(i);
..\..\config\driver.c(330): warning:  #177-D: variable "GPIO_InitStructure" was declared but never referenced
        GPIO_InitTypeDef  GPIO_InitStructure;
..\..\config\driver.c(684): warning:  #940-D: missing return statement at end of non-void function "Turn_Motor_Goto_Postion"
  }
..\..\config\driver.c(794): warning:  #940-D: missing return statement at end of non-void function "Turn_Motor_Select_LED"
  }
..\..\config\driver.c(841): warning:  #177-D: variable "NVIC_InitStructure" was declared but never referenced
        NVIC_InitTypeDef NVIC_InitStructure;
..\..\config\driver.c(1465): warning:  #177-D: variable "i" was declared but never referenced
        UINT16 nVal = 0, i;
..\..\config\driver.c(1477): warning:  #177-D: variable "i" was declared but never referenced
        UINT16 nVal = 0, i;
..\..\config\driver.c(1515): warning:  #177-D: variable "i" was declared but never referenced
        UINT16 nVal = 0, i;
..\..\config\driver.c(1753): warning:  #550-D: variable "Status" was set but never used
        UINT8 Status;
..\..\config\driver.c(1754): warning:  #550-D: variable "Tempertaure_data" was set but never used
        INT32 Pressure_data,Tempertaure_data;
..\..\config\driver.c(3468): warning:  #177-D: variable "USART_InitStructure" was declared but never referenced
      USART_InitTypeDef USART_InitStructure;    
..\..\config\driver.c: 15 warnings, 0 errors
compiling f4sys.c...
compiling AD7799.c...
..\..\config\driver.h(480): warning:  #1295-D: Deprecated declaration Turn_Motor_Reset - give arg types
        void Turn_Motor_Reset();        
..\..\config\AD7799.c(511): warning:  #940-D: missing return statement at end of non-void function "AD7799_Get_ADC_Value"
  }
..\..\config\AD7799.c(508): warning:  #550-D: variable "nADC" was set but never used
        UINT32  nADC;
..\..\config\AD7799.c: 3 warnings, 0 errors
compiling ethernetif.c...
..\..\config\driver.h(480): warning:  #1295-D: Deprecated declaration Turn_Motor_Reset - give arg types
        void Turn_Motor_Reset();        
..\..\lwip-1.4.1\port\STM32F4x7\Standalone\ethernetif.c: 1 warning, 0 errors
compiling etharp.c...
compiling autoip.c...
compiling icmp.c...
compiling igmp.c...
compiling inet.c...
compiling inet_chksum.c...
compiling ip.c...
compiling ip_addr.c...
compiling ip_frag.c...
compiling def.c...
compiling dhcp.c...
compiling dns.c...
compiling init.c...
compiling mem.c...
compiling memp.c...
compiling netif.c...
compiling pbuf.c...
compiling raw.c...
compiling stats.c...
compiling sys.c...
compiling tcp.c...
compiling tcp_in.c...
compiling tcp_out.c...
..\..\lwip-1.4.1\src\core\tcp_out.c(845): warning:  #550-D: variable "tcphdr" was set but never used
    struct tcp_hdr *tcphdr;
..\..\lwip-1.4.1\src\core\tcp_out.c(1367): warning:  #550-D: variable "tcphdr" was set but never used
    struct tcp_hdr *tcphdr;
..\..\lwip-1.4.1\src\core\tcp_out.c: 2 warnings, 0 errors
compiling timers.c...
compiling udp.c...
compiling api_lib.c...
compiling api_msg.c...
compiling err.c...
compiling netbuf.c...
compiling netdb.c...
compiling netifapi.c...
compiling sockets.c...
compiling tcpip.c...
compiling netconf.c...
..\..\config\driver.h(480): warning:  #1295-D: Deprecated declaration Turn_Motor_Reset - give arg types
        void Turn_Motor_Reset();        
..\..\lwip_app\netconf.c: 1 warning, 0 errors
compiling stm32f4x7_eth_bsp.c...
..\..\config\driver.h(480): warning:  #1295-D: Deprecated declaration Turn_Motor_Reset - give arg types
        void Turn_Motor_Reset();        
..\..\lwip_app\stm32f4x7_eth_bsp.c: 1 warning, 0 errors
compiling udp_echoserver.c...
..\..\config\driver.h(480): warning:  #1295-D: Deprecated declaration Turn_Motor_Reset - give arg types
        void Turn_Motor_Reset();        
..\..\lwip_app\udp_echoserver.c: 1 warning, 0 errors
linking...
Program Size: Code=136136 RO-data=4764 RW-data=960 ZI-data=85824  
FromELF: creating hex file...
After Build - User command #1: "D:\Program Files (x86)\Keil_v4\ARM\ARMCC\bin\fromelf.exe" --bin -o "..\obj\CX-3000_SLA_V001.bin" "..\obj\CX-3000_SLA_V001.axf"
"..\obj\CX-3000_SLA_V001.axf" - 0 Error(s), 44 Warning(s).
