ARM Linker, 5.03 [Build 76] [MDK-ARM Professional]

==============================================================================

Section Cross References

    scopemain.o(.text) refers to memseta.o(.text) for __aeabi_memclr4
    scopemain.o(.text) refers to storagemanagement.o(.text) for Flash_Read_Param
    scopemain.o(.text) refers to printf8.o(i.__0printf$8) for __2printf
    scopemain.o(.text) refers to scope_eval.o(.text) for EVAL_OutputSet
    scopemain.o(.text) refers to scope_it.o(.text) for IT_SYS_DlyMs
    scopemain.o(.text) refers to protocol.o(.text) for PL_InitProtocol
    scopemain.o(.text) refers to samplingport.o(.text) for SPG_InitProtocol
    scopemain.o(.text) refers to stm32f4x7_eth_bsp.o(.text) for ETH_BSP_Config
    scopemain.o(.text) refers to netconf.o(.text) for LwIP_Init
    scopemain.o(.text) refers to udp_echoserver.o(.text) for udp_echoserver_init
    scopemain.o(.text) refers to systemscope.o(.text) for Iint_SysParam
    scopemain.o(.text) refers to interfacescope.o(.text) for HW_LWIP_MainLine
    scopemain.o(.text) refers to storagemanagement.o(.bss) for g_Record_Param
    scopemain.o(.text) refers to processscope.o(.constdata) for softver_edtion
    scopemain.o(.text) refers to processscope.o(.data) for g_AirLight_Flag
    system_stm32f4xx.o(.text) refers to stm32f4xx_rcc.o(.text) for RCC_DeInit
    system_stm32f4xx.o(.text) refers to system_stm32f4xx.o(.data) for SystemCoreClock
    startup_stm32f40_41xxx.o(RESET) refers to startup_stm32f40_41xxx.o(STACK) for __initial_sp
    startup_stm32f40_41xxx.o(RESET) refers to startup_stm32f40_41xxx.o(.text) for Reset_Handler
    startup_stm32f40_41xxx.o(RESET) refers to scope_it.o(.text) for SysTick_Handler
    startup_stm32f40_41xxx.o(RESET) refers to driver.o(.text) for EXTI9_5_IRQHandler
    startup_stm32f40_41xxx.o(.text) refers to system_stm32f4xx.o(.text) for SystemInit
    startup_stm32f40_41xxx.o(.text) refers to entry.o(.ARM.Collect$$$$00000000) for __main
    systemscope.o(.text) refers to memseta.o(.text) for __aeabi_memclr4
    systemscope.o(.text) refers to processscope.o(.bss) for g_CRP_Data
    systemscope.o(.text) refers to systemscope.o(.data) for g_nError
    systemscope.o(.text) refers to systemscope.o(.bss) for g_tAxisPosStatus
    systemscope.o(.text) refers to systemscope.o(.constdata) for m_nConstBitsMap
    processscope.o(.text) refers to scope_it.o(.text) for IT_LIST_GetTicks
    processscope.o(.text) refers to protocol.o(.text) for PL_NET_SendResult
    processscope.o(.text) refers to processscope.o(.data) for g_Udp_Count
    processscope.o(.text) refers to printf8.o(i.__0printf$8) for __2printf
    processscope.o(.text) refers to interfacescope.o(.text) for HW_LWIP_Working_Recv_Handle
    processscope.o(.text) refers to netconf.o(.text) for LwIP_Periodic_Handle
    processscope.o(.text) refers to systemscope.o(.bss) for g_tAxisPosStatus
    processscope.o(.text) refers to processscope.o(.constdata) for .constdata
    processscope.o(.text) refers to storagemanagement.o(.bss) for g_Record_Param
    processscope.o(.text) refers to storagemanagement.o(.text) for Flash_Write_Param
    processscope.o(.text) refers to memseta.o(.text) for __aeabi_memclr4
    processscope.o(.text) refers to driver.o(.text) for Get_Micro_OC_Status
    processscope.o(.text) refers to processscope.o(.bss) for g_CRP_Data
    processscope.o(.text) refers to stm32f4xx_adc.o(.text) for ADC_DMACmd
    processscope.o(.text) refers to stm32f4xx_dma.o(.text) for DMA_Cmd
    processscope.o(.text) refers to printf8.o(i.__0sprintf$8) for __2sprintf
    processscope.o(.text) refers to protocol.o(.bss) for g_achFbkSdLogBuf
    processscope.o(.text) refers to udp_echoserver.o(.text) for udp_echoserver_senddata
    processscope.o(.text) refers to systemscope.o(.text) for SYS_HasError
    processscope.o(.text) refers to strncpy.o(.text) for strncpy
    protocol.o(.text) refers to buffercircle.o(.text) for BUF_Send_Init
    protocol.o(.text) refers to netbuffercircle.o(.text) for NET_BUF_Send_Init
    protocol.o(.text) refers to stm32f4xx_usart.o(.text) for USART_ITConfig
    protocol.o(.text) refers to udp_echoserver.o(.text) for udp_echoserver_senddata
    protocol.o(.text) refers to memcpya.o(.text) for __aeabi_memcpy
    protocol.o(.text) refers to strlen.o(.text) for strlen
    protocol.o(.text) refers to protocol.o(.data) for m_NET_tRecvBufStatus
    protocol.o(.text) refers to protocol.o(.bss) for g_NET_achCmdRvBuf
    interfacescope.o(.text) refers to scope_move.o(.text) for MV_InitPara
    interfacescope.o(.text) refers to fpga.o(.text) for FPGA_ReadBuffer
    interfacescope.o(.text) refers to processscope.o(.text) for moto_work_stat_2
    interfacescope.o(.text) refers to scope_it.o(.text) for IT_SYS_DlyMs
    interfacescope.o(.text) refers to printf8.o(i.__0printf$8) for __2printf
    interfacescope.o(.text) refers to systemscope.o(.bss) for g_tAxisPosStatus
    interfacescope.o(.text) refers to scope_move.o(.bss) for g_atMotorPara
[...]
    EXTI_StructInit                          0x0801480d   Thumb Code    16  stm32f4xx_exti.o(.text)
    EXTI_GenerateSWInterrupt                 0x0801481d   Thumb Code    38  stm32f4xx_exti.o(.text)
    EXTI_GetFlagStatus                       0x08014843   Thumb Code   164  stm32f4xx_exti.o(.text)
    EXTI_ClearFlag                           0x080148e7   Thumb Code    30  stm32f4xx_exti.o(.text)
    EXTI_GetITStatus                         0x08014905   Thumb Code   166  stm32f4xx_exti.o(.text)
    EXTI_ClearITPendingBit                   0x080149ab   Thumb Code    32  stm32f4xx_exti.o(.text)
    FLASH_SetLatency                         0x080149fd   Thumb Code    84  stm32f4xx_flash.o(.text)
    FLASH_PrefetchBufferCmd                  0x08014a51   Thumb Code    52  stm32f4xx_flash.o(.text)
    FLASH_InstructionCacheCmd                0x08014a85   Thumb Code    52  stm32f4xx_flash.o(.text)
    FLASH_DataCacheCmd                       0x08014ab9   Thumb Code    52  stm32f4xx_flash.o(.text)
    FLASH_InstructionCacheReset              0x08014aed   Thumb Code    14  stm32f4xx_flash.o(.text)
    FLASH_DataCacheReset                     0x08014afb   Thumb Code    14  stm32f4xx_flash.o(.text)
    FLASH_Unlock                             0x08014b09   Thumb Code    26  stm32f4xx_flash.o(.text)
    FLASH_Lock                               0x08014b23   Thumb Code    18  stm32f4xx_flash.o(.text)
    FLASH_GetStatus                          0x08014b35   Thumb Code    90  stm32f4xx_flash.o(.text)
    FLASH_WaitForLastOperation               0x08014b8f   Thumb Code    34  stm32f4xx_flash.o(.text)
    FLASH_EraseSector                        0x08014bb1   Thumb Code   278  stm32f4xx_flash.o(.text)
    FLASH_EraseAllSectors                    0x08014cc7   Thumb Code   140  stm32f4xx_flash.o(.text)
    FLASH_EraseAllBank1Sectors               0x08014d53   Thumb Code   140  stm32f4xx_flash.o(.text)
    FLASH_EraseAllBank2Sectors               0x08014ddf   Thumb Code   190  stm32f4xx_flash.o(.text)
    FLASH_ProgramDoubleWord                  0x08014e9d   Thumb Code   122  stm32f4xx_flash.o(.text)
    FLASH_ProgramWord                        0x08014f17   Thumb Code   112  stm32f4xx_flash.o(.text)
    FLASH_ProgramHalfWord                    0x08014f87   Thumb Code   112  stm32f4xx_flash.o(.text)
    FLASH_ProgramByte                        0x08014ff7   Thumb Code   108  stm32f4xx_flash.o(.text)
    FLASH_OB_Unlock                          0x08015063   Thumb Code    26  stm32f4xx_flash.o(.text)
    FLASH_OB_Lock                            0x0801507d   Thumb Code    18  stm32f4xx_flash.o(.text)
    FLASH_OB_WRPConfig                       0x0801508f   Thumb Code    96  stm32f4xx_flash.o(.text)
    FLASH_OB_WRP1Config                      0x080150ef   Thumb Code    96  stm32f4xx_flash.o(.text)
    FLASH_OB_PCROPSelectionConfig            0x0801514f   Thumb Code    48  stm32f4xx_flash.o(.text)
    FLASH_OB_PCROPConfig                     0x0801517f   Thumb Code    96  stm32f4xx_flash.o(.text)
    FLASH_OB_PCROP1Config                    0x080151df   Thumb Code   118  stm32f4xx_flash.o(.text)
    FLASH_OB_RDPConfig                       0x08015255   Thumb Code    44  stm32f4xx_flash.o(.text)
    FLASH_OB_UserConfig                      0x08015281   Thumb Code   116  stm32f4xx_flash.o(.text)
    FLASH_OB_BootConfig                      0x080152f5   Thumb Code    50  stm32f4xx_flash.o(.text)
    FLASH_OB_BORConfig                       0x08015327   Thumb Code    58  stm32f4xx_flash.o(.text)
    FLASH_OB_Launch                          0x08015361   Thumb Code    30  stm32f4xx_flash.o(.text)
    FLASH_OB_GetUser                         0x0801537f   Thumb Code    12  stm32f4xx_flash.o(.text)
    FLASH_OB_GetWRP                          0x0801538b   Thumb Code     8  stm32f4xx_flash.o(.text)
    FLASH_OB_GetWRP1                         0x08015393   Thumb Code     8  stm32f4xx_flash.o(.text)
    FLASH_OB_GetPCROP                        0x0801539b   Thumb Code     8  stm32f4xx_flash.o(.text)
    FLASH_OB_GetPCROP1                       0x080153a3   Thumb Code     8  stm32f4xx_flash.o(.text)
    FLASH_OB_GetRDP                          0x080153ab   Thumb Code    18  stm32f4xx_flash.o(.text)
    FLASH_OB_GetBOR                          0x080153bd   Thumb Code    12  stm32f4xx_flash.o(.text)
    FLASH_ITConfig                           0x080153c9   Thumb Code    82  stm32f4xx_flash.o(.text)
    FLASH_GetFlagStatus                      0x0801541b   Thumb Code    76  stm32f4xx_flash.o(.text)
    FLASH_ClearFlag                          0x08015467   Thumb Code    38  stm32f4xx_flash.o(.text)
    FSMC_NORSRAMDeInit                       0x08015491   Thumb Code    84  stm32f4xx_fsmc.o(.text)
    FSMC_NORSRAMInit                         0x080154e5   Thumb Code   870  stm32f4xx_fsmc.o(.text)
    FSMC_NORSRAMStructInit                   0x0801584b   Thumb Code    48  stm32f4xx_fsmc.o(.text)
    FSMC_NORSRAMCmd                          0x0801587b   Thumb Code   152  stm32f4xx_fsmc.o(.text)
    FSMC_NANDDeInit                          0x08015913   Thumb Code    90  stm32f4xx_fsmc.o(.text)
    FSMC_NANDInit                            0x0801596d   Thumb Code   594  stm32f4xx_fsmc.o(.text)
    FSMC_NANDStructInit                      0x08015bbf   Thumb Code    54  stm32f4xx_fsmc.o(.text)
    FSMC_NANDCmd                             0x08015bf5   Thumb Code   136  stm32f4xx_fsmc.o(.text)
    FSMC_NANDECCCmd                          0x08015c7d   Thumb Code   160  stm32f4xx_fsmc.o(.text)
    FSMC_GetECC                              0x08015d1d   Thumb Code    22  stm32f4xx_fsmc.o(.text)
    FSMC_PCCARDDeInit                        0x08015d33   Thumb Code    40  stm32f4xx_fsmc.o(.text)
    FSMC_PCCARDInit                          0x08015d5b   Thumb Code   532  stm32f4xx_fsmc.o(.text)
    FSMC_PCCARDStructInit                    0x08015f6f   Thumb Code    60  stm32f4xx_fsmc.o(.text)
    FSMC_PCCARDCmd                           0x08015fab   Thumb Code    64  stm32f4xx_fsmc.o(.text)
    FSMC_ITConfig                            0x08015feb   Thumb Code   206  stm32f4xx_fsmc.o(.text)
    FSMC_GetFlagStatus                       0x080160b9   Thumb Code   160  stm32f4xx_fsmc.o(.text)
    FSMC_ClearFlag                           0x08016159   Thumb Code   120  stm32f4xx_fsmc.o(.text)
    FSMC_GetITStatus                         0x080161d1   Thumb Code   132  stm32f4xx_fsmc.o(.text)
    FSMC_ClearITPendingBit                   0x08016255   Thumb Code   122  stm32f4xx_fsmc.o(.text)
    GPIO_DeInit                              0x080162d9   Thumb Code   344  stm32f4xx_gpio.o(.text)
    GPIO_Init                                0x08016431   Thumb Code   354  stm32f4xx_gpio.o(.text)
    GPIO_StructInit                          0x08016593   Thumb Code    18  stm32f4xx_gpio.o(.text)
    GPIO_PinLockConfig                       0x080165a5   Thumb Code   134  stm32f4xx_gpio.o(.text)
    GPIO_ReadInputDataBit                    0x0801662b   Thumb Code   282  stm32f4xx_gpio.o(.text)
    GPIO_ReadInputData                       0x08016745   Thumb Code    90  stm32f4xx_gpio.o(.text)
    GPIO_ReadOutputDataBit                   0x0801679f   Thumb Code   198  stm32f4xx_gpio.o(.text)
    GPIO_ReadOutputData                      0x08016865   Thumb Code    90  stm32f4xx_gpio.o(.text)
    GPIO_SetBits                             0x080168bf   Thumb Code   110  stm32f4xx_gpio.o(.text)
    GPIO_ResetBits                           0x0801692d   Thumb Code   110  stm32f4xx_gpio.o(.text)
    GPIO_WriteBit                            0x0801699b   Thumb Code   212  stm32f4xx_gpio.o(.text)
    GPIO_Write                               0x08016a6f   Thumb Code    90  stm32f4xx_gpio.o(.text)
    GPIO_ToggleBits                          0x08016ac9   Thumb Code   140  stm32f4xx_gpio.o(.text)
    GPIO_PinAFConfig                         0x08016b55   Thumb Code   358  stm32f4xx_gpio.o(.text)
    RCC_DeInit                               0x08016ce9   Thumb Code    82  stm32f4xx_rcc.o(.text)
    RCC_HSEConfig                            0x08016d3b   Thumb Code    40  stm32f4xx_rcc.o(.text)
    RCC_GetFlagStatus                        0x08016d63   Thumb Code   134  stm32f4xx_rcc.o(.text)
    RCC_WaitForHSEStartUp                    0x08016de9   Thumb Code    56  stm32f4xx_rcc.o(.text)
    RCC_AdjustHSICalibrationValue            0x08016e21   Thumb Code    38  stm32f4xx_rcc.o(.text)
    RCC_HSICmd                               0x08016e47   Thumb Code    28  stm32f4xx_rcc.o(.text)
    RCC_LSEConfig                            0x08016e63   Thumb Code    72  stm32f4xx_rcc.o(.text)
    RCC_LSICmd                               0x08016eab   Thumb Code    28  stm32f4xx_rcc.o(.text)
    RCC_PLLConfig                            0x08016ec7   Thumb Code   156  stm32f4xx_rcc.o(.text)
    RCC_PLLCmd                               0x08016f63   Thumb Code    28  stm32f4xx_rcc.o(.text)
    RCC_PLLI2SConfig                         0x08016f7f   Thumb Code    62  stm32f4xx_rcc.o(.text)
    RCC_PLLI2SCmd                            0x08016fbd   Thumb Code    28  stm32f4xx_rcc.o(.text)
    RCC_PLLSAIConfig                         0x08016fd9   Thumb Code    88  stm32f4xx_rcc.o(.text)
    RCC_PLLSAICmd                            0x08017031   Thumb Code    28  stm32f4xx_rcc.o(.text)
    RCC_ClockSecuritySystemCmd               0x0801704d   Thumb Code    28  stm32f4xx_rcc.o(.text)
    RCC_MCO1Config                           0x08017069   Thumb Code   168  stm32f4xx_rcc.o(.text)
    RCC_MCO2Config                           0x08017111   Thumb Code   102  stm32f4xx_rcc.o(.text)
    RCC_SYSCLKConfig                         0x08017177   Thumb Code    44  stm32f4xx_rcc.o(.text)
    RCC_GetSYSCLKSource                      0x080171a3   Thumb Code    10  stm32f4xx_rcc.o(.text)
    RCC_HCLKConfig                           0x080171ad   Thumb Code    68  stm32f4xx_rcc.o(.text)
    RCC_PCLK1Config                          0x080171f1   Thumb Code    60  stm32f4xx_rcc.o(.text)
    RCC_PCLK2Config                          0x0801722d   Thumb Code    62  stm32f4xx_rcc.o(.text)
    RCC_GetClocksFreq                        0x0801726b   Thumb Code   214  stm32f4xx_rcc.o(.text)
    RCC_RTCCLKConfig                         0x08017341   Thumb Code   262  stm32f4xx_rcc.o(.text)
    RCC_RTCCLKCmd                            0x08017447   Thumb Code    30  stm32f4xx_rcc.o(.text)
    RCC_BackupResetCmd                       0x08017465   Thumb Code    32  stm32f4xx_rcc.o(.text)
    RCC_I2SCLKConfig                         0x08017485   Thumb Code    30  stm32f4xx_rcc.o(.text)
    RCC_SAIBlockACLKConfig                   0x080174a3   Thumb Code    50  stm32f4xx_rcc.o(.text)
    RCC_SAIBlockBCLKConfig                   0x080174d5   Thumb Code    50  stm32f4xx_rcc.o(.text)
    RCC_SAIPLLI2SClkDivConfig                0x08017507   Thumb Code    50  stm32f4xx_rcc.o(.text)
    RCC_SAIPLLSAIClkDivConfig                0x08017539   Thumb Code   196  stm32f4xx_rcc.o(.text)
    RCC_LTDCCLKDivConfig                     0x080175fd   Thumb Code    54  stm32f4xx_rcc.o(.text)
    RCC_TIMCLKPresConfig                     0x08017633   Thumb Code    30  stm32f4xx_rcc.o(.text)
    RCC_AHB1PeriphClockCmd                   0x08017651   Thumb Code    82  stm32f4xx_rcc.o(.text)
    RCC_AHB2PeriphClockCmd                   0x080176a3   Thumb Code    82  stm32f4xx_rcc.o(.text)
    RCC_AHB3PeriphClockCmd                   0x080176f5   Thumb Code    82  stm32f4xx_rcc.o(.text)
    RCC_APB1PeriphClockCmd                   0x08017747   Thumb Code    82  stm32f4xx_rcc.o(.text)
    RCC_APB2PeriphClockCmd                   0x08017799   Thumb Code    82  stm32f4xx_rcc.o(.text)
    RCC_AHB1PeriphResetCmd                   0x080177eb   Thumb Code    82  stm32f4xx_rcc.o(.text)
    RCC_AHB2PeriphResetCmd                   0x0801783d   Thumb Code    82  stm32f4xx_rcc.o(.text)
    RCC_AHB3PeriphResetCmd                   0x0801788f   Thumb Code    82  stm32f4xx_rcc.o(.text)
    RCC_APB1PeriphResetCmd                   0x080178e1   Thumb Code    82  stm32f4xx_rcc.o(.text)
    RCC_APB2PeriphResetCmd                   0x08017933   Thumb Code    82  stm32f4xx_rcc.o(.text)
    RCC_AHB1PeriphClockLPModeCmd             0x08017985   Thumb Code   108  stm32f4xx_rcc.o(.text)
    RCC_AHB2PeriphClockLPModeCmd             0x080179f1   Thumb Code    82  stm32f4xx_rcc.o(.text)
    RCC_AHB3PeriphClockLPModeCmd             0x08017a43   Thumb Code    82  stm32f4xx_rcc.o(.text)
    RCC_APB1PeriphClockLPModeCmd             0x08017a95   Thumb Code    82  stm32f4xx_rcc.o(.text)
    RCC_APB2PeriphClockLPModeCmd             0x08017ae7   Thumb Code    82  stm32f4xx_rcc.o(.text)
    RCC_LSEModeConfig                        0x08017b39   Thumb Code    64  stm32f4xx_rcc.o(.text)
    RCC_ITConfig                             0x08017b79   Thumb Code    82  stm32f4xx_rcc.o(.text)
    RCC_ClearFlag                            0x08017bcb   Thumb Code    18  stm32f4xx_rcc.o(.text)
    RCC_GetITStatus                          0x08017bdd   Thumb Code    72  stm32f4xx_rcc.o(.text)
    RCC_ClearITPendingBit                    0x08017c25   Thumb Code    28  stm32f4xx_rcc.o(.text)
    SPI_I2S_DeInit                           0x08017c49   Thumb Code   198  stm32f4xx_spi.o(.text)
    SPI_Init                                 0x08017d0f   Thumb Code   366  stm32f4xx_spi.o(.text)
    I2S_Init                                 0x08017e7d   Thumb Code   624  stm32f4xx_spi.o(.text)
    SPI_StructInit                           0x080180ed   Thumb Code    24  stm32f4xx_spi.o(.text)
    I2S_StructInit                           0x08018105   Thumb Code    20  stm32f4xx_spi.o(.text)
    SPI_Cmd                                  0x08018119   Thumb Code   100  stm32f4xx_spi.o(.text)
    I2S_Cmd                                  0x0801817d   Thumb Code    88  stm32f4xx_spi.o(.text)
    SPI_DataSizeConfig                       0x080181d5   Thumb Code    96  stm32f4xx_spi.o(.text)
    SPI_BiDirectionalLineConfig              0x08018235   Thumb Code   112  stm32f4xx_spi.o(.text)
    SPI_NSSInternalSoftwareConfig            0x080182a5   Thumb Code   114  stm32f4xx_spi.o(.text)
    SPI_SSOutputCmd                          0x08018317   Thumb Code   100  stm32f4xx_spi.o(.text)
    SPI_TIModeCmd                            0x0801837b   Thumb Code   100  stm32f4xx_spi.o(.text)
    I2S_FullDuplexConfig                     0x080183df   Thumb Code   258  stm32f4xx_spi.o(.text)
    SPI_I2S_ReceiveData                      0x080184e1   Thumb Code   100  stm32f4xx_spi.o(.text)
    SPI_I2S_SendData                         0x08018545   Thumb Code    72  stm32f4xx_spi.o(.text)
    SPI_CalculateCRC                         0x0801858d   Thumb Code   100  stm32f4xx_spi.o(.text)
    SPI_TransmitCRC                          0x080185f1   Thumb Code    64  stm32f4xx_spi.o(.text)
    SPI_GetCRC                               0x08018631   Thumb Code    92  stm32f4xx_spi.o(.text)
    SPI_GetCRCPolynomial                     0x0801868d   Thumb Code    58  stm32f4xx_spi.o(.text)
    SPI_I2S_DMACmd                           0x080186c7   Thumb Code   132  stm32f4xx_spi.o(.text)
    SPI_I2S_ITConfig                         0x0801874b   Thumb Code   156  stm32f4xx_spi.o(.text)
    SPI_I2S_GetFlagStatus                    0x080187e7   Thumb Code   138  stm32f4xx_spi.o(.text)
    SPI_I2S_ClearFlag                        0x08018871   Thumb Code    92  stm32f4xx_spi.o(.text)
    SPI_I2S_GetITStatus                      0x080188cd   Thumb Code   200  stm32f4xx_spi.o(.text)
    SPI_I2S_ClearITPendingBit                0x08018995   Thumb Code   104  stm32f4xx_spi.o(.text)
    SYSCFG_DeInit                            0x08018a19   Thumb Code    22  stm32f4xx_syscfg.o(.text)
    SYSCFG_MemoryRemapConfig                 0x08018a2f   Thumb Code    34  stm32f4xx_syscfg.o(.text)
    SYSCFG_MemorySwappingBank                0x08018a51   Thumb Code    26  stm32f4xx_syscfg.o(.text)
    SYSCFG_EXTILineConfig                    0x08018a6b   Thumb Code   194  stm32f4xx_syscfg.o(.text)
    SYSCFG_ETH_MediaInterfaceConfig          0x08018b2d   Thumb Code    26  stm32f4xx_syscfg.o(.text)
    SYSCFG_CompensationCellCmd               0x08018b47   Thumb Code    26  stm32f4xx_syscfg.o(.text)
    SYSCFG_GetCompensationCellStatus         0x08018b61   Thumb Code    22  stm32f4xx_syscfg.o(.text)
    TIM_DeInit                               0x08018bb5   Thumb Code   440  stm32f4xx_tim.o(.text)
    TIM_TimeBaseInit                         0x08018d6d   Thumb Code   278  stm32f4xx_tim.o(.text)
    TIM_TimeBaseStructInit                   0x08018e83   Thumb Code    18  stm32f4xx_tim.o(.text)
    TIM_PrescalerConfig                      0x08018e95   Thumb Code   128  stm32f4xx_tim.o(.text)
    TIM_CounterModeConfig                    0x08018f15   Thumb Code   100  stm32f4xx_tim.o(.text)
    TIM_SetCounter                           0x08018f79   Thumb Code   202  stm32f4xx_tim.o(.text)
    TIM_SetAutoreload                        0x08019043   Thumb Code   108  stm32f4xx_tim.o(.text)
    TIM_GetCounter                           0x080190af   Thumb Code   106  stm32f4xx_tim.o(.text)
    TIM_GetPrescaler                         0x08019119   Thumb Code   106  stm32f4xx_tim.o(.text)
    TIM_UpdateDisableConfig                  0x08019183   Thumb Code   148  stm32f4xx_tim.o(.text)
    TIM_UpdateRequestConfig                  0x08019217   Thumb Code   148  stm32f4xx_tim.o(.text)
    TIM_ARRPreloadConfig                     0x080192ab   Thumb Code   148  stm32f4xx_tim.o(.text)
    TIM_SelectOnePulseMode                   0x0801933f   Thumb Code   142  stm32f4xx_tim.o(.text)
    TIM_SetClockDivision                     0x080193cd   Thumb Code   192  stm32f4xx_tim.o(.text)
    TIM_Cmd                                  0x0801948d   Thumb Code   148  stm32f4xx_tim.o(.text)
    TIM_OC1Init                              0x08019521   Thumb Code   416  stm32f4xx_tim.o(.text)
    TIM_OC2Init                              0x080196c1   Thumb Code   486  stm32f4xx_tim.o(.text)
    TIM_OC3Init                              0x080198a7   Thumb Code   416  stm32f4xx_tim.o(.text)
    TIM_OC4Init                              0x08019a47   Thumb Code   300  stm32f4xx_tim.o(.text)
    TIM_OCStructInit                         0x08019b73   Thumb Code    20  stm32f4xx_tim.o(.text)
    TIM_SelectOCxM                           0x08019b87   Thumb Code   256  stm32f4xx_tim.o(.text)
    TIM_SetCompare1                          0x08019c87   Thumb Code   142  stm32f4xx_tim.o(.text)
    TIM_SetCompare2                          0x08019d15   Thumb Code    72  stm32f4xx_tim.o(.text)
    TIM_SetCompare3                          0x08019d5d   Thumb Code    60  stm32f4xx_tim.o(.text)
    TIM_SetCompare4                          0x08019d99   Thumb Code    60  stm32f4xx_tim.o(.text)
    TIM_ForcedOC1Config                      0x08019dd5   Thumb Code   130  stm32f4xx_tim.o(.text)
    TIM_ForcedOC2Config                      0x08019e57   Thumb Code   114  stm32f4xx_tim.o(.text)
    TIM_ForcedOC3Config                      0x08019ec9   Thumb Code    94  stm32f4xx_tim.o(.text)
    TIM_ForcedOC4Config                      0x08019f27   Thumb Code   102  stm32f4xx_tim.o(.text)
    TIM_OC1PreloadConfig                     0x08019f8d   Thumb Code   126  stm32f4xx_tim.o(.text)
    TIM_OC2PreloadConfig                     0x0801a00b   Thumb Code   108  stm32f4xx_tim.o(.text)
    TIM_OC3PreloadConfig                     0x0801a077   Thumb Code   138  stm32f4xx_tim.o(.text)
    TIM_OC4PreloadConfig                     0x0801a101   Thumb Code    96  stm32f4xx_tim.o(.text)
    TIM_OC1FastConfig                        0x0801a161   Thumb Code   124  stm32f4xx_tim.o(.text)
    TIM_OC2FastConfig                        0x0801a1dd   Thumb Code   108  stm32f4xx_tim.o(.text)
    TIM_OC3FastConfig                        0x0801a249   Thumb Code    88  stm32f4xx_tim.o(.text)
    TIM_OC4FastConfig                        0x0801a2a1   Thumb Code    96  stm32f4xx_tim.o(.text)
    TIM_ClearOC1Ref                          0x0801a301   Thumb Code   124  stm32f4xx_tim.o(.text)
    TIM_ClearOC2Ref                          0x0801a37d   Thumb Code   106  stm32f4xx_tim.o(.text)
    TIM_ClearOC3Ref                          0x0801a3e7   Thumb Code    88  stm32f4xx_tim.o(.text)
    TIM_ClearOC4Ref                          0x0801a43f   Thumb Code    94  stm32f4xx_tim.o(.text)
    TIM_OC1PolarityConfig                    0x0801a49d   Thumb Code   174  stm32f4xx_tim.o(.text)
    TIM_OC1NPolarityConfig                   0x0801a54b   Thumb Code    64  stm32f4xx_tim.o(.text)
    TIM_OC2PolarityConfig                    0x0801a58b   Thumb Code   108  stm32f4xx_tim.o(.text)
    TIM_OC2NPolarityConfig                   0x0801a5f7   Thumb Code    72  stm32f4xx_tim.o(.text)
    TIM_OC3PolarityConfig                    0x0801a63f   Thumb Code    96  stm32f4xx_tim.o(.text)
    TIM_OC3NPolarityConfig                   0x0801a69f   Thumb Code    72  stm32f4xx_tim.o(.text)
    TIM_OC4PolarityConfig                    0x0801a6e7   Thumb Code    96  stm32f4xx_tim.o(.text)
    TIM_CCxCmd                               0x0801a747   Thumb Code   168  stm32f4xx_tim.o(.text)
    TIM_CCxNCmd                              0x0801a7ef   Thumb Code   104  stm32f4xx_tim.o(.text)
    TIM_SetIC4Prescaler                      0x0801a857   Thumb Code   106  stm32f4xx_tim.o(.text)
    TIM_SetIC3Prescaler                      0x0801a941   Thumb Code    98  stm32f4xx_tim.o(.text)
    TIM_SetIC2Prescaler                      0x0801a9eb   Thumb Code   118  stm32f4xx_tim.o(.text)
    TIM_SetIC1Prescaler                      0x0801aab1   Thumb Code   134  stm32f4xx_tim.o(.text)
    TIM_ICInit                               0x0801ab71   Thumb Code   508  stm32f4xx_tim.o(.text)
    TIM_ICStructInit                         0x0801ad6d   Thumb Code    18  stm32f4xx_tim.o(.text)
    TIM_PWMIConfig                           0x0801ad7f   Thumb Code   184  stm32f4xx_tim.o(.text)
    TIM_GetCapture1                          0x0801ae37   Thumb Code    92  stm32f4xx_tim.o(.text)
    TIM_GetCapture2                          0x0801ae93   Thumb Code    68  stm32f4xx_tim.o(.text)
    TIM_GetCapture3                          0x0801aed7   Thumb Code    56  stm32f4xx_tim.o(.text)
    TIM_GetCapture4                          0x0801af0f   Thumb Code    56  stm32f4xx_tim.o(.text)
    TIM_BDTRConfig                           0x0801af47   Thumb Code   222  stm32f4xx_tim.o(.text)
    TIM_BDTRStructInit                       0x0801b025   Thumb Code    18  stm32f4xx_tim.o(.text)
    TIM_CtrlPWMOutputs                       0x0801b037   Thumb Code    78  stm32f4xx_tim.o(.text)
    TIM_SelectCOM                            0x0801b085   Thumb Code    72  stm32f4xx_tim.o(.text)
    TIM_CCPreloadControl                     0x0801b0cd   Thumb Code    72  stm32f4xx_tim.o(.text)
    TIM_ITConfig                             0x0801b115   Thumb Code   218  stm32f4xx_tim.o(.text)
    TIM_GenerateEvent                        0x0801b1ef   Thumb Code   126  stm32f4xx_tim.o(.text)
    TIM_GetFlagStatus                        0x0801b26d   Thumb Code   188  stm32f4xx_tim.o(.text)
    TIM_ClearFlag                            0x0801b329   Thumb Code   108  stm32f4xx_tim.o(.text)
    TIM_GetITStatus                          0x0801b395   Thumb Code   186  stm32f4xx_tim.o(.text)
    TIM_ClearITPendingBit                    0x0801b44f   Thumb Code   108  stm32f4xx_tim.o(.text)
    TIM_DMAConfig                            0x0801b4bb   Thumb Code   334  stm32f4xx_tim.o(.text)
    TIM_DMACmd                               0x0801b609   Thumb Code   126  stm32f4xx_tim.o(.text)
    TIM_SelectCCDMA                          0x0801b687   Thumb Code    96  stm32f4xx_tim.o(.text)
    TIM_InternalClockConfig                  0x0801b6e7   Thumb Code    76  stm32f4xx_tim.o(.text)
    TIM_SelectInputTrigger                   0x0801b733   Thumb Code   148  stm32f4xx_tim.o(.text)
    TIM_ITRxExternalClockConfig              0x0801b7c7   Thumb Code   110  stm32f4xx_tim.o(.text)
    TIM_TIxExternalClockConfig               0x0801b835   Thumb Code   184  stm32f4xx_tim.o(.text)
    TIM_ETRConfig                            0x0801b8ed   Thumb Code   164  stm32f4xx_tim.o(.text)
    TIM_ETRClockMode1Config                  0x0801b991   Thumb Code   228  stm32f4xx_tim.o(.text)
    TIM_ETRClockMode2Config                  0x0801ba75   Thumb Code   152  stm32f4xx_tim.o(.text)
    TIM_SelectOutputTrigger                  0x0801bb0d   Thumb Code   126  stm32f4xx_tim.o(.text)
    TIM_SelectSlaveMode                      0x0801bb8b   Thumb Code   112  stm32f4xx_tim.o(.text)
    TIM_SelectMasterSlaveMode                0x0801bbfb   Thumb Code   102  stm32f4xx_tim.o(.text)
    TIM_EncoderInterfaceConfig               0x0801bc61   Thumb Code   226  stm32f4xx_tim.o(.text)
    TIM_SelectHallSensor                     0x0801bd43   Thumb Code   108  stm32f4xx_tim.o(.text)
    TIM_RemapConfig                          0x0801bdaf   Thumb Code   138  stm32f4xx_tim.o(.text)
    USART_DeInit                             0x0801be39   Thumb Code   276  stm32f4xx_usart.o(.text)
    USART_Init                               0x0801bf4d   Thumb Code   492  stm32f4xx_usart.o(.text)
    USART_StructInit                         0x0801c139   Thumb Code    24  stm32f4xx_usart.o(.text)
    USART_ClockInit                          0x0801c151   Thumb Code   166  stm32f4xx_usart.o(.text)
    USART_ClockStructInit                    0x0801c1f7   Thumb Code    12  stm32f4xx_usart.o(.text)
    USART_Cmd                                0x0801c203   Thumb Code   214  stm32f4xx_usart.o(.text)
    USART_SetPrescaler                       0x0801c2d9   Thumb Code    96  stm32f4xx_usart.o(.text)
    USART_OverSampling8Cmd                   0x0801c339   Thumb Code   122  stm32f4xx_usart.o(.text)
    USART_OneBitMethodCmd                    0x0801c3b3   Thumb Code   124  stm32f4xx_usart.o(.text)
    USART_SendData                           0x0801c42f   Thumb Code   108  stm32f4xx_usart.o(.text)
    USART_ReceiveData                        0x0801c49b   Thumb Code    86  stm32f4xx_usart.o(.text)
    USART_SetAddress                         0x0801c4f1   Thumb Code   116  stm32f4xx_usart.o(.text)
    USART_ReceiverWakeUpCmd                  0x0801c565   Thumb Code   124  stm32f4xx_usart.o(.text)
    USART_WakeUpConfig                       0x0801c5e1   Thumb Code   120  stm32f4xx_usart.o(.text)
    USART_LINBreakDetectLengthConfig         0x0801c659   Thumb Code   160  stm32f4xx_usart.o(.text)
    USART_LINCmd                             0x0801c6f9   Thumb Code   124  stm32f4xx_usart.o(.text)
    USART_SendBreak                          0x0801c775   Thumb Code    88  stm32f4xx_usart.o(.text)
    USART_HalfDuplexCmd                      0x0801c7cd   Thumb Code   124  stm32f4xx_usart.o(.text)
    USART_SetGuardTime                       0x0801c849   Thumb Code    60  stm32f4xx_usart.o(.text)
    USART_SmartCardCmd                       0x0801c885   Thumb Code    88  stm32f4xx_usart.o(.text)
    USART_SmartCardNACKCmd                   0x0801c8dd   Thumb Code    88  stm32f4xx_usart.o(.text)
    USART_IrDAConfig                         0x0801c935   Thumb Code   118  stm32f4xx_usart.o(.text)
    USART_IrDACmd                            0x0801c9ab   Thumb Code   124  stm32f4xx_usart.o(.text)
    USART_DMACmd                             0x0801ca27   Thumb Code   184  stm32f4xx_usart.o(.text)
    USART_ITConfig                           0x0801cadf   Thumb Code   290  stm32f4xx_usart.o(.text)
    USART_GetFlagStatus                      0x0801cc01   Thumb Code   200  stm32f4xx_usart.o(.text)
    USART_ClearFlag                          0x0801ccc9   Thumb Code   158  stm32f4xx_usart.o(.text)
    USART_GetITStatus                        0x0801cd67   Thumb Code   306  stm32f4xx_usart.o(.text)
    USART_ClearITPendingBit                  0x0801ce99   Thumb Code   234  stm32f4xx_usart.o(.text)
    FPGA_Init                                0x0801cf95   Thumb Code   674  fpga.o(.text)
    FPGA_WriteBuffer                         0x0801d237   Thumb Code    24  fpga.o(.text)
    FPGA_ResetHardware                       0x0801d24f   Thumb Code   104  fpga.o(.text)
    FPGA_ReadBuffer                          0x0801d2b7   Thumb Code    22  fpga.o(.text)
    FPGA_DATA_WriteBuffer                    0x0801d2cd   Thumb Code    24  fpga.o(.text)
    FPGA_DATA_ReadBuffer                     0x0801d2e5   Thumb Code    22  fpga.o(.text)
    SysTick_Handler                          0x0801d30d   Thumb Code    38  scope_it.o(.text)
    TIM2_IRQHandler                          0x0801d333   Thumb Code   380  scope_it.o(.text)
    USART1_IRQHandler                        0x0801d4af   Thumb Code    14  scope_it.o(.text)
    USART3_IRQHandler                        0x0801d4bd   Thumb Code    14  scope_it.o(.text)
    IT_SYS_DlyMs                             0x0801d4cb   Thumb Code    30  scope_it.o(.text)
    IT_SYS_GetTicks                          0x0801d4e9   Thumb Code     6  scope_it.o(.text)
    IT_SYS_SetTicks                          0x0801d4ef   Thumb Code    10  scope_it.o(.text)
    IT_SYS_SetDlyMs                          0x0801d4f9   Thumb Code    16  scope_it.o(.text)
    IT_SYS_CheckDlyFin                       0x0801d509   Thumb Code    20  scope_it.o(.text)
    IT_LIST_GetTicks                         0x0801d51d   Thumb Code     6  scope_it.o(.text)
    IT_LIST_SetTicks                         0x0801d523   Thumb Code    10  scope_it.o(.text)
    IT_ADC_GetTicks                          0x0801d52d   Thumb Code     6  scope_it.o(.text)
    IT_ADC_SetTicks                          0x0801d533   Thumb Code    10  scope_it.o(.text)
    assert_failed                            0x0801d5a1   Thumb Code    18  scope_eval.o(.text)
    fputc                                    0x0801d5b3   Thumb Code    16  scope_eval.o(.text)
    PF_InitTimer2                            0x0801d5c3   Thumb Code   122  scope_eval.o(.text)
    EVAL_Init                                0x0801d765   Thumb Code   234  scope_eval.o(.text)
    EVAL_OutputSet                           0x0801d84f   Thumb Code    16  scope_eval.o(.text)
    EVAL_OutputClr                           0x0801d85f   Thumb Code    16  scope_eval.o(.text)
    EVAL_OutputToggle                        0x0801d86f   Thumb Code    26  scope_eval.o(.text)
    EVAL_InputGetState                       0x0801d925   Thumb Code    22  scope_eval.o(.text)
    MV_InitPara                              0x0801da35   Thumb Code   190  scope_move.o(.text)
    MV_Move                                  0x0801daf3   Thumb Code   434  scope_move.o(.text)
    MV_Stop                                  0x0801dca5   Thumb Code    98  scope_move.o(.text)
    MV_Wait                                  0x0801dd07   Thumb Code    84  scope_move.o(.text)
    MV_GetStepsExecuted                      0x0801dd5b   Thumb Code    56  scope_move.o(.text)
    MV_IsFinished                            0x0801dd93   Thumb Code    20  scope_move.o(.text)
    MV_IsrMoveHandling                       0x0801dda7   Thumb Code   104  scope_move.o(.text)
    BUF_Send_Init                            0x0801de21   Thumb Code    14  buffercircle.o(.text)
    BUF_Send_PutChar                         0x0801de2f   Thumb Code    54  buffercircle.o(.text)
    BUF_Send_GetChar                         0x0801de65   Thumb Code    74  buffercircle.o(.text)
    BUF_Send_PutNChar                        0x0801df39   Thumb Code    94  buffercircle.o(.text)
    BUF_Send_GetNChar                        0x0801df97   Thumb Code    94  buffercircle.o(.text)
    BUF_Recv_Init                            0x0801dff5   Thumb Code    14  buffercircle.o(.text)
    BUF_Recv_PutChar                         0x0801e003   Thumb Code    54  buffercircle.o(.text)
    BUF_Recv_GetChar                         0x0801e039   Thumb Code    74  buffercircle.o(.text)
    BUF_Recv_PutNChar                        0x0801e10d   Thumb Code    94  buffercircle.o(.text)
    BUF_Recv_GetNChar                        0x0801e16b   Thumb Code    94  buffercircle.o(.text)
    NET_BUF_Send_Init                        0x0801e1d9   Thumb Code    14  netbuffercircle.o(.text)
    NET_BUF_Send_PutChar                     0x0801e1e7   Thumb Code    54  netbuffercircle.o(.text)
    NET_BUF_Send_GetChar                     0x0801e21d   Thumb Code    74  netbuffercircle.o(.text)
    NET_BUF_Send_GetLenConsume               0x0801e267   Thumb Code   112  netbuffercircle.o(.text)
    NET_BUF_Send_GetLenRemain                0x0801e2d7   Thumb Code    26  netbuffercircle.o(.text)
    NET_BUF_Send_PutNChar                    0x0801e2f1   Thumb Code    94  netbuffercircle.o(.text)
    NET_BUF_Send_GetNChar                    0x0801e34f   Thumb Code    94  netbuffercircle.o(.text)
    NET_BUF_Recv_Init                        0x0801e3ad   Thumb Code    14  netbuffercircle.o(.text)
    NET_BUF_Recv_PutChar                     0x0801e3bb   Thumb Code    54  netbuffercircle.o(.text)
    NET_BUF_Recv_GetChar                     0x0801e3f1   Thumb Code    74  netbuffercircle.o(.text)
    NET_BUF_Recv_GetLenConsume               0x0801e43b   Thumb Code   112  netbuffercircle.o(.text)
    NET_BUF_Recv_GetLenRemain                0x0801e4ab   Thumb Code    26  netbuffercircle.o(.text)
    NET_BUF_Recv_PutNChar                    0x0801e4c5   Thumb Code    94  netbuffercircle.o(.text)
    NET_BUF_Recv_GetNChar                    0x0801e523   Thumb Code    94  netbuffercircle.o(.text)
    SPG_Send_Init                            0x0801e591   Thumb Code    14  samplebuffercircle.o(.text)
    SPG_Send_PutChar                         0x0801e59f   Thumb Code    52  samplebuffercircle.o(.text)
    SPG_Send_GetChar                         0x0801e5d3   Thumb Code    68  samplebuffercircle.o(.text)
    SPG_Send_PutNChar                        0x0801e697   Thumb Code    92  samplebuffercircle.o(.text)
    SPG_Send_GetNChar                        0x0801e6f3   Thumb Code    92  samplebuffercircle.o(.text)
    SPG_Recv_Init                            0x0801e74f   Thumb Code    14  samplebuffercircle.o(.text)
    SPG_Recv_PutChar                         0x0801e75d   Thumb Code    52  samplebuffercircle.o(.text)
    SPG_Recv_GetChar                         0x0801e791   Thumb Code    68  samplebuffercircle.o(.text)
    SPG_Recv_PutNChar                        0x0801e855   Thumb Code    92  samplebuffercircle.o(.text)
    SPG_Recv_GetNChar                        0x0801e8b1   Thumb Code    92  samplebuffercircle.o(.text)
    Delay_US                                 0x0801e91d   Thumb Code    54  driver.o(.text)
    ADC1_DMA_Config                          0x0801e953   Thumb Code   174  driver.o(.text)
    ADC1_Init                                0x0801ea01   Thumb Code   192  driver.o(.text)
    DMA2_Stream0_IRQHandler                  0x0801eac1   Thumb Code    72  driver.o(.text)
    DMA2_Stream3_IRQHandler                  0x0801eb09   Thumb Code    80  driver.o(.text)
    ADC2_DMA_Config                          0x0801eb59   Thumb Code   194  driver.o(.text)
    ADC2_Init                                0x0801ec1b   Thumb Code   174  driver.o(.text)
    ADC3_GPIO_Init                           0x0801ecc9   Thumb Code   358  driver.o(.text)
    ADC3_Init                                0x0801ee2f   Thumb Code    84  driver.o(.text)
    Get_ADC3_Channel_Value                   0x0801ee83   Thumb Code    90  driver.o(.text)
    Get_Press_ADC                            0x0801eedd   Thumb Code     4  driver.o(.text)
    Get_XK_ADC                               0x0801eee1   Thumb Code    18  driver.o(.text)
    Get_12V_N_ADC                            0x0801eef3   Thumb Code    18  driver.o(.text)
    Get_12V_P_ADC                            0x0801ef05   Thumb Code    18  driver.o(.text)
    Get_56V_Cur_ADC                          0x0801ef17   Thumb Code    18  driver.o(.text)
    Get_LED_Cur_ADC                          0x0801ef29   Thumb Code    18  driver.o(.text)
    Get_Temp_ADC                             0x0801ef3b   Thumb Code    18  driver.o(.text)
    HW_Get_ADC_HGB                           0x0801ef4d   Thumb Code    18  driver.o(.text)
    HW_Get_ADC_CRP                           0x0801ef5f   Thumb Code    18  driver.o(.text)
    Get_HGB_Value                            0x0801ef71   Thumb Code    38  driver.o(.text)
    Get_CRP_Value                            0x0801ef97   Thumb Code    26  driver.o(.text)
    Press_I2C_Init                           0x0801efb1   Thumb Code    96  driver.o(.text)
    Press_Init                               0x0801f011   Thumb Code     8  driver.o(.text)
    Press_I2C_Start                          0x0801f019   Thumb Code    68  driver.o(.text)
    Press_I2C_Stop                           0x0801f05d   Thumb Code    60  driver.o(.text)
    Press_I2C_Wait_Ack                       0x0801f099   Thumb Code    78  driver.o(.text)
    Press_I2C_Ack                            0x0801f0e7   Thumb Code    72  driver.o(.text)
    Press_I2C_NAck                           0x0801f12f   Thumb Code   136  driver.o(.text)
    Press_I2C_Send_Byte                      0x0801f1b7   Thumb Code    96  driver.o(.text)
    Press_I2C_Read_Byte                      0x0801f217   Thumb Code    94  driver.o(.text)
    Get_Press_I2C                            0x0801f275   Thumb Code   202  driver.o(.text)
    Reset_Elec_Status                        0x0801f33f   Thumb Code    14  driver.o(.text)
    Set_Elec_Status                          0x0801f34d   Thumb Code    14  driver.o(.text)
    Get_Elec_Status                          0x0801f35b   Thumb Code    14  driver.o(.text)
    Elec_Init                                0x0801f369   Thumb Code    44  driver.o(.text)
    Get_Elec_ADC                             0x0801f395   Thumb Code    86  driver.o(.text)
    Beep_Init                                0x0801f3eb   Thumb Code    46  driver.o(.text)
    Beep                                     0x0801f419   Thumb Code    34  driver.o(.text)
    Pump_PWM_Init                            0x0801f43b   Thumb Code   176  driver.o(.text)
    Pump_init                                0x0801f4eb   Thumb Code    22  driver.o(.text)
    Pump_AntiClockWise                       0x0801f501   Thumb Code     2  driver.o(.text)
    Pump_ClockWise                           0x0801f503   Thumb Code     2  driver.o(.text)
    Pump_Speed_Set                           0x0801f505   Thumb Code    32  driver.o(.text)
    Pump_Exec                                0x0801f525   Thumb Code    40  driver.o(.text)
    Mixing_Motor_Init                        0x0801f54d   Thumb Code    56  driver.o(.text)
    Mixing_Motor_Run                         0x0801f585   Thumb Code    52  driver.o(.text)
    Mixing_Motor_Stop                        0x0801f5b9   Thumb Code    12  driver.o(.text)
    Valve_Init                               0x0801f5c5   Thumb Code   100  driver.o(.text)
    Valve_Air_Exec                           0x0801f629   Thumb Code    32  driver.o(.text)
    Valve_Liquid_Exec                        0x0801f649   Thumb Code    30  driver.o(.text)
    Valve_Exec                               0x0801f667   Thumb Code    28  driver.o(.text)
    Turn_Motor_Init                          0x0801f683   Thumb Code   252  driver.o(.text)
    Turn_Motor_Power                         0x0801f77f   Thumb Code    32  driver.o(.text)
    Get_Fix_OC_Status                        0x0801f79f   Thumb Code    12  driver.o(.text)
    Turn_Motor_Reset                         0x0801f7ab   Thumb Code    82  driver.o(.text)
    Turn_Motor_Goto_Postion                  0x0801f7fd   Thumb Code   112  driver.o(.text)
    Turn_Motor_Select_LED                    0x0801f86d   Thumb Code   108  driver.o(.text)
    EXTI9_5_IRQHandler                       0x0801f8d9   Thumb Code    50  driver.o(.text)
    Micro_OC_Init                            0x0801f90b   Thumb Code   128  driver.o(.text)
    OC_Init                                  0x0801f98b   Thumb Code   190  driver.o(.text)
    Get_Micro_OC_Status                      0x0801fa49   Thumb Code    12  driver.o(.text)
    Get_Out_OC_Status                        0x0801fa55   Thumb Code    12  driver.o(.text)
    Get_In_OC_Status                         0x0801fa61   Thumb Code    12  driver.o(.text)
    LED_Cur_DAC_Init                         0x0801fa6d   Thumb Code    84  driver.o(.text)
    LED_Init                                 0x0801fac1   Thumb Code   572  driver.o(.text)
    LED_Cur_DAC_Set                          0x0801fcfd   Thumb Code    14  driver.o(.text)
    LED_Cur_Switch                           0x0801fd0b   Thumb Code    32  driver.o(.text)
    LED_Cur_Auto_Adjust                      0x0801fd2b   Thumb Code    98  driver.o(.text)
    LEC_Cur_ADC_Check_Channel                0x0801fd8d   Thumb Code    20  driver.o(.text)
    LED_Exec                                 0x0801fda1   Thumb Code   266  driver.o(.text)
    DRegister_SPI_Init                       0x0801feab   Thumb Code   252  driver.o(.text)
    DResistor_Init                           0x0801ffa7   Thumb Code     8  driver.o(.text)
    DRegister_Write                          0x0801ffaf   Thumb Code    28  driver.o(.text)
    DResistor_Set                            0x0801ffcb   Thumb Code    24  driver.o(.text)
    Driver_Debug                             0x0801ffe3   Thumb Code  1314  driver.o(.text)
    ADC24Bit_SPI_Init                        0x080205fd   Thumb Code   286  ad7799.o(.text)
    ADC24Bit_GPIO_Init                       0x0802071b   Thumb Code   156  ad7799.o(.text)
    SPI_Write                                0x080207b7   Thumb Code   184  ad7799.o(.text)
    AD7799_SetRegisterValue                  0x0802086f   Thumb Code   110  ad7799.o(.text)
    AD7799_Init                              0x080208dd   Thumb Code    80  ad7799.o(.text)
    ADC24Bit_Init                            0x0802092d   Thumb Code    12  ad7799.o(.text)
    ADC24Bit_SPI_GetByte                     0x08020939   Thumb Code    24  ad7799.o(.text)
    ADC24Bit_SPI_SendByte                    0x08020951   Thumb Code    28  ad7799.o(.text)
    SPI_Read                                 0x0802096d   Thumb Code   204  ad7799.o(.text)
    AD7799_GetRegisterValue                  0x08020a39   Thumb Code   126  ad7799.o(.text)
    AD7799_Reset                             0x08020ab7   Thumb Code    40  ad7799.o(.text)
    AD7799_SetReference                      0x08020adf   Thumb Code    40  ad7799.o(.text)
    AD7799_Calibrate                         0x08020b07   Thumb Code   266  ad7799.o(.text)
    AD7799_Get_ADC_Value                     0x08020c11   Thumb Code    12  ad7799.o(.text)
    ethernetif_input                         0x08020e45   Thumb Code    42  ethernetif.o(.text)
    ethernetif_init                          0x08020e6f   Thumb Code    38  ethernetif.o(.text)
    etharp_tmr                               0x08020ef3   Thumb Code   136  etharp.o(.text)
    etharp_cleanup_netif                     0x080211c1   Thumb Code    52  etharp.o(.text)
    etharp_find_addr                         0x080211f5   Thumb Code    82  etharp.o(.text)
    etharp_request                           0x08021409   Thumb Code    36  etharp.o(.text)
    etharp_query                             0x08021495   Thumb Code   338  etharp.o(.text)
    etharp_output                            0x080215e7   Thumb Code   314  etharp.o(.text)
    ethernet_input                           0x08021721   Thumb Code   178  etharp.o(.text)
    icmp_input                               0x080217e5   Thumb Code   340  icmp.o(.text)
    icmp_dest_unreach                        0x080219a9   Thumb Code    18  icmp.o(.text)
    icmp_time_exceeded                       0x080219bb   Thumb Code    18  icmp.o(.text)
    inet_chksum_pseudo                       0x08021a33   Thumb Code   162  inet_chksum.o(.text)
    inet_chksum_pseudo_partial               0x08021ad5   Thumb Code   184  inet_chksum.o(.text)
    inet_chksum                              0x08021b8d   Thumb Code    20  inet_chksum.o(.text)
    inet_chksum_pbuf                         0x08021ba1   Thumb Code    86  inet_chksum.o(.text)
    ip_route                                 0x08021bf9   Thumb Code    76  ip.o(.text)
    ip_input                                 0x08021c45   Thumb Code   422  ip.o(.text)
    ip_output_if                             0x08021deb   Thumb Code   192  ip.o(.text)
    ip_output                                0x08021eab   Thumb Code    56  ip.o(.text)
    ip4_addr_isbroadcast                     0x08021f01   Thumb Code    78  ip_addr.o(.text)
    ip4_addr_netmask_valid                   0x08021f4f   Thumb Code    52  ip_addr.o(.text)
    ipaddr_aton                              0x08021f83   Thumb Code   348  ip_addr.o(.text)
    ipaddr_addr                              0x080220df   Thumb Code    24  ip_addr.o(.text)
    ipaddr_ntoa_r                            0x080220f7   Thumb Code   168  ip_addr.o(.text)
    ipaddr_ntoa                              0x0802219f   Thumb Code    16  ip_addr.o(.text)
    ip_reass_tmr                             0x08022279   Thumb Code    48  ip_frag.o(.text)
    ip_reass                                 0x080224cf   Thumb Code   396  ip_frag.o(.text)
    ip_frag                                  0x08022697   Thumb Code   424  ip_frag.o(.text)
    lwip_htons                               0x08022849   Thumb Code    12  def.o(.text)
    lwip_ntohs                               0x08022855   Thumb Code    12  def.o(.text)
    lwip_htonl                               0x08022861   Thumb Code    26  def.o(.text)
    lwip_ntohl                               0x0802287b   Thumb Code    12  def.o(.text)
    dhcp_renew                               0x08022d19   Thumb Code   160  dhcp.o(.text)
    dhcp_coarse_tmr                          0x08022e7d   Thumb Code    62  dhcp.o(.text)
    dhcp_release                             0x08022f5f   Thumb Code   162  dhcp.o(.text)
    dhcp_fine_tmr                            0x08023189   Thumb Code    64  dhcp.o(.text)
    dhcp_set_struct                          0x0802324f   Thumb Code    30  dhcp.o(.text)
    dhcp_cleanup                             0x0802326d   Thumb Code    24  dhcp.o(.text)
    dhcp_stop                                0x08023285   Thumb Code    58  dhcp.o(.text)
    dhcp_start                               0x080236cb   Thumb Code   206  dhcp.o(.text)
    dhcp_inform                              0x08023799   Thumb Code   170  dhcp.o(.text)
    dhcp_network_changed                     0x08023843   Thumb Code    80  dhcp.o(.text)
    dhcp_arp_reply                           0x08023911   Thumb Code    46  dhcp.o(.text)
    mem_init                                 0x080239d1   Thumb Code    74  mem.o(.text)
    mem_free                                 0x08023a1b   Thumb Code    68  mem.o(.text)
    mem_trim                                 0x08023a5f   Thumb Code   288  mem.o(.text)
    mem_malloc                               0x08023b7f   Thumb Code   222  mem.o(.text)
    mem_calloc                               0x08023c5d   Thumb Code    34  mem.o(.text)
    memp_init                                0x08023c91   Thumb Code    82  memp.o(.text)
    memp_malloc                              0x08023ce3   Thumb Code    40  memp.o(.text)
    memp_free                                0x08023d0b   Thumb Code    28  memp.o(.text)
    netif_init                               0x08023d39   Thumb Code     2  netif.o(.text)
    netif_set_gw                             0x08023d3b   Thumb Code    12  netif.o(.text)
    netif_set_netmask                        0x08023d47   Thumb Code    12  netif.o(.text)
    netif_set_ipaddr                         0x08023d53   Thumb Code   110  netif.o(.text)
    netif_set_addr                           0x08023dc1   Thumb Code    40  netif.o(.text)
    netif_add                                0x08023de9   Thumb Code   104  netif.o(.text)
    netif_set_default                        0x08023e51   Thumb Code     6  netif.o(.text)
    netif_set_down                           0x08023e57   Thumb Code    42  netif.o(.text)
    netif_remove                             0x08023e81   Thumb Code    90  netif.o(.text)
    netif_find                               0x08023edb   Thumb Code    64  netif.o(.text)
    netif_set_up                             0x08023f1b   Thumb Code    54  netif.o(.text)
    netif_set_link_up                        0x08023f51   Thumb Code    80  netif.o(.text)
    netif_set_link_down                      0x08023fa1   Thumb Code    42  netif.o(.text)
    netif_set_link_callback                  0x08023fcb   Thumb Code     6  netif.o(.text)
    pbuf_free                                0x08023fe5   Thumb Code   134  pbuf.o(.text)
    pbuf_alloc                               0x0802406b   Thumb Code   408  pbuf.o(.text)
    pbuf_alloced_custom                      0x08024203   Thumb Code   108  pbuf.o(.text)
    pbuf_realloc                             0x0802426f   Thumb Code   120  pbuf.o(.text)
    pbuf_header                              0x080242e7   Thumb Code   126  pbuf.o(.text)
    pbuf_clen                                0x08024365   Thumb Code    18  pbuf.o(.text)
    pbuf_ref                                 0x08024377   Thumb Code    10  pbuf.o(.text)
    pbuf_cat                                 0x08024381   Thumb Code    56  pbuf.o(.text)
    pbuf_chain                               0x080243b9   Thumb Code    22  pbuf.o(.text)
    pbuf_dechain                             0x080243cf   Thumb Code    56  pbuf.o(.text)
    pbuf_copy                                0x08024407   Thumb Code   192  pbuf.o(.text)
    pbuf_copy_partial                        0x080244c7   Thumb Code   146  pbuf.o(.text)
    pbuf_take                                0x08024559   Thumb Code   116  pbuf.o(.text)
    pbuf_coalesce                            0x080245cd   Thumb Code    60  pbuf.o(.text)
    pbuf_get_at                              0x08024609   Thumb Code    46  pbuf.o(.text)
    pbuf_memcmp                              0x08024637   Thumb Code    96  pbuf.o(.text)
    pbuf_memfind                             0x08024697   Thumb Code    76  pbuf.o(.text)
    pbuf_strstr                              0x080246e3   Thumb Code    60  pbuf.o(.text)
    raw_input                                0x08024721   Thumb Code   102  raw.o(.text)
    raw_bind                                 0x08024787   Thumb Code    16  raw.o(.text)
    raw_connect                              0x08024797   Thumb Code    16  raw.o(.text)
    raw_recv                                 0x080247a7   Thumb Code     6  raw.o(.text)
    raw_sendto                               0x080247ad   Thumb Code   158  raw.o(.text)
    raw_send                                 0x0802484b   Thumb Code    18  raw.o(.text)
    raw_remove                               0x0802485d   Thumb Code    60  raw.o(.text)
    raw_new                                  0x08024899   Thumb Code    42  raw.o(.text)
    tcp_init                                 0x080248d1   Thumb Code     2  tcp.o(.text)
    tcp_seg_free                             0x080248d3   Thumb Code    26  tcp.o(.text)
    tcp_segs_free                            0x080248ed   Thumb Code    24  tcp.o(.text)
    tcp_pcb_purge                            0x08024905   Thumb Code    64  tcp.o(.text)
    tcp_slowtmr                              0x08024945   Thumb Code   802  tcp.o(.text)
    tcp_pcb_remove                           0x08024c67   Thumb Code   140  tcp.o(.text)
    tcp_close                                0x08024ecb   Thumb Code    28  tcp.o(.text)
    tcp_update_rcv_ann_wnd                   0x08024ee7   Thumb Code    78  tcp.o(.text)
    tcp_recved                               0x08024f35   Thumb Code    70  tcp.o(.text)
    tcp_recv_null                            0x08024f7b   Thumb Code    46  tcp.o(.text)
    tcp_process_refused_data                 0x08024fa9   Thumb Code   140  tcp.o(.text)
    tcp_fasttmr                              0x08025035   Thumb Code   110  tcp.o(.text)
    tcp_tmr                                  0x080250a3   Thumb Code    30  tcp.o(.text)
    tcp_shutdown                             0x080250c1   Thumb Code    98  tcp.o(.text)
    tcp_abandon                              0x08025123   Thumb Code   170  tcp.o(.text)
    tcp_abort                                0x080251cd   Thumb Code    14  tcp.o(.text)
    tcp_bind                                 0x0802523b   Thumb Code   142  tcp.o(.text)
    tcp_listen_with_backlog                  0x080252d1   Thumb Code   198  tcp.o(.text)
    tcp_eff_send_mss                         0x08025397   Thumb Code    46  tcp.o(.text)
    tcp_next_iss                             0x080253c5   Thumb Code    20  tcp.o(.text)
    tcp_connect                              0x080253d9   Thumb Code   328  tcp.o(.text)
    tcp_setprio                              0x08025521   Thumb Code     4  tcp.o(.text)
    tcp_alloc                                0x080255a3   Thumb Code   242  tcp.o(.text)
    tcp_new                                  0x08025695   Thumb Code    10  tcp.o(.text)
    tcp_arg                                  0x0802569f   Thumb Code     4  tcp.o(.text)
    tcp_recv                                 0x080256a3   Thumb Code     8  tcp.o(.text)
    tcp_sent                                 0x080256ab   Thumb Code     8  tcp.o(.text)
    tcp_err                                  0x080256b3   Thumb Code    10  tcp.o(.text)
    tcp_accept                               0x080256bd   Thumb Code     4  tcp.o(.text)
    tcp_poll                                 0x080256c1   Thumb Code    14  tcp.o(.text)
    tcp_debug_state_str                      0x080256cf   Thumb Code    10  tcp.o(.text)
    tcp_input                                0x080264fd   Thumb Code  1134  tcp_in.o(.text)
    tcp_enqueue_flags                        0x08026ab9   Thumb Code   272  tcp_out.o(.text)
    tcp_send_fin                             0x08026bc9   Thumb Code    74  tcp_out.o(.text)
    tcp_write                                0x08026cfb   Thumb Code   902  tcp_out.o(.text)
    tcp_send_empty_ack                       0x08027081   Thumb Code    78  tcp_out.o(.text)
    tcp_output                               0x08027197   Thumb Code   444  tcp_out.o(.text)
    tcp_rst                                  0x08027353   Thumb Code   124  tcp_out.o(.text)
    tcp_rexmit_rto                           0x080273cf   Thumb Code    58  tcp_out.o(.text)
    tcp_rexmit                               0x08027409   Thumb Code    90  tcp_out.o(.text)
    tcp_rexmit_fast                          0x08027463   Thumb Code   112  tcp_out.o(.text)
    tcp_keepalive                            0x080274d3   Thumb Code    68  tcp_out.o(.text)
    tcp_zero_window_probe                    0x08027517   Thumb Code   172  tcp_out.o(.text)
    tcp_timer_needed                         0x080275c3   Thumb Code     2  timers.o(.text)
    udp_init                                 0x080275c5   Thumb Code     2  udp.o(.text)
    udp_input                                0x08027617   Thumb Code   450  udp.o(.text)
    udp_bind                                 0x080277d9   Thumb Code   122  udp.o(.text)
    udp_sendto_if                            0x08027853   Thumb Code   206  udp.o(.text)
    udp_sendto                               0x08027921   Thumb Code    46  udp.o(.text)
    udp_send                                 0x0802794f   Thumb Code    20  udp.o(.text)
    udp_connect                              0x08027963   Thumb Code   110  udp.o(.text)
    udp_disconnect                           0x080279d1   Thumb Code    16  udp.o(.text)
    udp_recv                                 0x080279e1   Thumb Code     6  udp.o(.text)
    udp_remove                               0x080279e7   Thumb Code    60  udp.o(.text)
    udp_new                                  0x08027a23   Thumb Code    28  udp.o(.text)
    LwIP_Init                                0x08027a45   Thumb Code   164  netconf.o(.text)
    LwIP_Pkt_Handle                          0x08027ae9   Thumb Code    10  netconf.o(.text)
    LwIP_Periodic_Handle                     0x08027af3   Thumb Code    52  netconf.o(.text)
    ETH_BSP_Config                           0x08027d0f   Thumb Code    38  stm32f4x7_eth_bsp.o(.text)
    Eth_Link_PHYITConfig                     0x08027d35   Thumb Code    70  stm32f4x7_eth_bsp.o(.text)
    Eth_Link_EXTIConfig                      0x08027d7b   Thumb Code   104  stm32f4x7_eth_bsp.o(.text)
    Eth_Link_ITHandler                       0x08027de3   Thumb Code    48  stm32f4x7_eth_bsp.o(.text)
    ETH_link_callback                        0x08027e13   Thumb Code   282  stm32f4x7_eth_bsp.o(.text)
    udp_echoserver_receive_callback          0x08027fed   Thumb Code   174  udp_echoserver.o(.text)
    udp_echoserver_init                      0x0802809b   Thumb Code   162  udp_echoserver.o(.text)
    udp_echoserver_senddata                  0x0802813d   Thumb Code    52  udp_echoserver.o(.text)
    __aeabi_memcpy                           0x08028249   Thumb Code    36  memcpya.o(.text)
    __aeabi_memcpy4                          0x08028249   Thumb Code     0  memcpya.o(.text)
    __aeabi_memcpy8                          0x08028249   Thumb Code     0  memcpya.o(.text)
    __aeabi_memset                           0x0802826d   Thumb Code    14  memseta.o(.text)
    __aeabi_memset4                          0x0802826d   Thumb Code     0  memseta.o(.text)
    __aeabi_memset8                          0x0802826d   Thumb Code     0  memseta.o(.text)
    __aeabi_memclr                           0x0802827b   Thumb Code     4  memseta.o(.text)
    __aeabi_memclr4                          0x0802827b   Thumb Code     0  memseta.o(.text)
    __aeabi_memclr8                          0x0802827b   Thumb Code     0  memseta.o(.text)
    _memset$wrapper                          0x0802827f   Thumb Code    18  memseta.o(.text)
    strncpy                                  0x08028291   Thumb Code    24  strncpy.o(.text)
    strlen                                   0x080282a9   Thumb Code    14  strlen.o(.text)
    memcmp                                   0x080282b7   Thumb Code    26  memcmp.o(.text)
    __aeabi_dadd                             0x080282d1   Thumb Code   322  dadd.o(.text)
    __aeabi_dsub                             0x08028413   Thumb Code     6  dadd.o(.text)
    __aeabi_drsub                            0x08028419   Thumb Code     6  dadd.o(.text)
    __aeabi_dmul                             0x0802841f   Thumb Code   228  dmul.o(.text)
    __aeabi_ui2d                             0x08028503   Thumb Code    26  dfltui.o(.text)
    __aeabi_d2iz                             0x0802851d   Thumb Code    62  dfixi.o(.text)
    __aeabi_d2uiz                            0x0802855b   Thumb Code    50  dfixui.o(.text)
    __aeabi_cdrcmple                         0x0802858d   Thumb Code    38  cdrcmple.o(.text)
    __aeabi_uldivmod                         0x080285b5   Thumb Code    98  uldiv.o(.text)
    __aeabi_llsl                             0x08028617   Thumb Code    30  llshl.o(.text)
    _ll_shift_l                              0x08028617   Thumb Code     0  llshl.o(.text)
    __aeabi_llsr                             0x08028635   Thumb Code    32  llushr.o(.text)
    _ll_ushift_r                             0x08028635   Thumb Code     0  llushr.o(.text)
    __aeabi_lasr                             0x08028655   Thumb Code    36  llsshr.o(.text)
    _ll_sshift_r                             0x08028655   Thumb Code     0  llsshr.o(.text)
    __I$use$fp                               0x08028679   Thumb Code     0  iusefp.o(.text)
    _double_round                            0x08028679   Thumb Code    26  depilogue.o(.text)
    _double_epilogue                         0x08028693   Thumb Code   164  depilogue.o(.text)
    __decompress                             0x08028737   Thumb Code     0  __dczerorl2.o(.text)
    __decompress1                            0x08028737   Thumb Code    92  __dczerorl2.o(.text)
    __0printf$8                              0x08028795   Thumb Code    22  printf8.o(i.__0printf$8)
    __1printf$8                              0x08028795   Thumb Code     0  printf8.o(i.__0printf$8)
    __2printf                                0x08028795   Thumb Code     0  printf8.o(i.__0printf$8)
    __0sprintf$8                             0x080287b5   Thumb Code    34  printf8.o(i.__0sprintf$8)
    __1sprintf$8                             0x080287b5   Thumb Code     0  printf8.o(i.__0sprintf$8)
    __2sprintf                               0x080287b5   Thumb Code     0  printf8.o(i.__0sprintf$8)
    softver_edtion                           0x08028d04   Data           6  processscope.o(.constdata)
    FSMC_DefaultTimingStruct                 0x08029b34   Data          28  stm32f4xx_fsmc.o(.constdata)
    COM_USART                                0x08029b50   Data          12  scope_eval.o(.constdata)
    COM_USART_CLK                            0x08029b5c   Data          12  scope_eval.o(.constdata)
    COM_ET_IRQn                              0x08029b68   Data           6  scope_eval.o(.constdata)
    COM_TX_PORT                              0x08029b70   Data          12  scope_eval.o(.constdata)
    COM_TX_PIN                               0x08029b7c   Data           6  scope_eval.o(.constdata)
    COM_TX_PORT_CLK                          0x08029b84   Data          12  scope_eval.o(.constdata)
    COM_RX_PORT                              0x08029b90   Data          12  scope_eval.o(.constdata)
    COM_RX_PIN                               0x08029b9c   Data           6  scope_eval.o(.constdata)
    COM_RX_PORT_CLK                          0x08029ba4   Data          12  scope_eval.o(.constdata)
    COM_AF_TX_PINSOURCE                      0x08029bb0   Data           3  scope_eval.o(.constdata)
    COM_AF_RX_PINSOURCE                      0x08029bb3   Data           3  scope_eval.o(.constdata)
    COM_AF_UART                              0x08029bb6   Data           3  scope_eval.o(.constdata)
    OUT_PORT                                 0x08029bbc   Data          28  scope_eval.o(.constdata)
    OUT_PIN                                  0x08029bd8   Data          14  scope_eval.o(.constdata)
    OUT_CLK                                  0x08029be8   Data          28  scope_eval.o(.constdata)
    IN_PORT                                  0x08029c04   Data          28  scope_eval.o(.constdata)
    IN_PIN                                   0x08029c20   Data          14  scope_eval.o(.constdata)
    IN_CLK                                   0x08029c30   Data          28  scope_eval.o(.constdata)
    IN_ET_LINE                               0x08029c4c   Data          14  scope_eval.o(.constdata)
    IN_ET_PORT                               0x08029c5a   Data          14  scope_eval.o(.constdata)
    IN_ET_PIN                                0x08029c68   Data          14  scope_eval.o(.constdata)
    IN_ET_IRQn                               0x08029c76   Data          14  scope_eval.o(.constdata)
    g_Turn_Motor_Table                       0x08029c94   Data          16  driver.o(.constdata)
    ethbroadcast                             0x08029ca4   Data           6  etharp.o(.constdata)
    ethzero                                  0x08029caa   Data           6  etharp.o(.constdata)
    ip_addr_any                              0x08029cb0   Data           4  ip_addr.o(.constdata)
    ip_addr_broadcast                        0x08029cb4   Data           4  ip_addr.o(.constdata)
    tcp_state_str                            0x08029cdc   Data          44  tcp.o(.constdata)
    tcp_backoff                              0x08029d08   Data          13  tcp.o(.constdata)
    tcp_persist_backoff                      0x08029d15   Data           7  tcp.o(.constdata)
    tcp_pcb_lists                            0x08029d1c   Data          16  tcp.o(.constdata)
    SystemCoreClock                          0x20000000   Data           4  system_stm32f4xx.o(.data)
    AHBPrescTable                            0x20000004   Data          16  system_stm32f4xx.o(.data)
    g_tOCLevel                               0x2000001e   Data           4  systemscope.o(.data)
    g_tSystemStatus                          0x20000022   Data           3  systemscope.o(.data)
    g_atInterval                             0x20000026   Data           8  systemscope.o(.data)
    g_nError                                 0x20000030   Data           4  systemscope.o(.data)
    g_nFlag                                  0x20000034   Data           4  systemscope.o(.data)
    g_Test_Mode                              0x20000042   Data           1  processscope.o(.data)
    g_Micro_Switch                           0x20000043   Data           1  processscope.o(.data)
    g_Udp_Count                              0x20000048   Data           4  processscope.o(.data)
    g_Frame_Count                            0x2000004c   Data           4  processscope.o(.data)
    g_Send_Fail                              0x20000050   Data           4  processscope.o(.data)
    g_AirLight_Flag                          0x20000054   Data           1  processscope.o(.data)
    g_Debug_Data                             0x2000006e   Data         512  interfacescope.o(.data)
    DMATxDescToSet                           0x20000294   Data           4  stm32f4x7_eth.o(.data)
    DMARxDescToGet                           0x20000298   Data           4  stm32f4x7_eth.o(.data)
    DMA_RX_FRAME_infos                       0x2000029c   Data           4  stm32f4x7_eth.o(.data)
    Frame_Rx_index                           0x200002a0   Data           4  stm32f4x7_eth.o(.data)
    g_Elec_Status                            0x20000314   Data           1  driver.o(.data)
    current_netif                            0x20000318   Data           4  ip.o(.data)
    current_header                           0x2000031c   Data           4  ip.o(.data)
    current_iphdr_src                        0x20000320   Data           4  ip.o(.data)
    current_iphdr_dest                       0x20000324   Data           4  ip.o(.data)
    netif_list                               0x20000344   Data           4  netif.o(.data)
    netif_default                            0x20000348   Data           4  netif.o(.data)
    tcp_ticks                                0x2000035c   Data           4  tcp.o(.data)
    tcp_bound_pcbs                           0x20000360   Data           4  tcp.o(.data)
    tcp_listen_pcbs                          0x20000364   Data           4  tcp.o(.data)
    tcp_active_pcbs                          0x20000368   Data           4  tcp.o(.data)
    tcp_tw_pcbs                              0x2000036c   Data           4  tcp.o(.data)
    tcp_tmp_pcb                              0x20000370   Data           4  tcp.o(.data)
    tcp_active_pcbs_changed                  0x20000374   Data           1  tcp.o(.data)
    tcp_input_pcb                            0x20000394   Data           4  tcp_in.o(.data)
    udp_pcbs                                 0x2000039c   Data           4  udp.o(.data)
    TCPTimer                                 0x200003ac   Data           4  netconf.o(.data)
    ARPTimer                                 0x200003b0   Data           4  netconf.o(.data)
    IPaddress                                0x200003b4   Data           4  netconf.o(.data)
    EthStatus                                0x200003c4   Data           4  stm32f4x7_eth_bsp.o(.data)
    s_tAddr                                  0x200003d4   Data           4  udp_echoserver.o(.data)
    s_nPort                                  0x200003d8   Data           2  udp_echoserver.o(.data)
    s_ptUpcb                                 0x200003dc   Data           4  udp_echoserver.o(.data)
    __stdout                                 0x200003e0   Data           4  stdout.o(.data)
    g_tAxisPosStatus                         0x200003e4   Data          28  systemscope.o(.bss)
    g_tSystemPara                            0x20000400   Data          54  systemscope.o(.bss)
    g_nErrorParaSet                          0x20000436   Data          64  systemscope.o(.bss)
    ADC1_Status                              0x20000478   Data          12  processscope.o(.bss)
    g_ADC1_Buffer                            0x20000484   Data         512  processscope.o(.bss)
    ADC2_Status                              0x20000684   Data          12  processscope.o(.bss)
    g_ADC2_Buffer                            0x20000690   Data         512  processscope.o(.bss)
    g_CRP_Data                               0x20000890   Data        1032  processscope.o(.bss)
    g_NET_achCmdRvBuf                        0x20000c98   Data         256  protocol.o(.bss)
    g_achFbkSdBuf                            0x20000d98   Data        1500  protocol.o(.bss)
    g_achFbkSdLogBuf                         0x20001374   Data        1500  protocol.o(.bss)
    g_SPG_achCmdRvBuf                        0x20002508   Data          80  samplingport.o(.bss)
    g_Record_Param                           0x20002558   Data          28  storagemanagement.o(.bss)
    DMARxDscrTab                             0x20002574   Data         256  stm32f4x7_eth.o(.bss)
    DMATxDscrTab                             0x20002674   Data         256  stm32f4x7_eth.o(.bss)
    Rx_Buff                                  0x20002774   Data       12192  stm32f4x7_eth.o(.bss)
    Tx_Buff                                  0x20005714   Data       12192  stm32f4x7_eth.o(.bss)
    RX_Frame_Descriptor                      0x200086b4   Data          12  stm32f4x7_eth.o(.bss)
    g_atMotorStatus                          0x200086c0   Data          16  scope_move.o(.bss)
    g_atMotorPara                            0x200086d0   Data          32  scope_move.o(.bss)
    dhcp_rx_options_val                      0x20009ed4   Data          40  dhcp.o(.bss)
    dhcp_rx_options_given                    0x20009efc   Data          10  dhcp.o(.bss)
    ram_heap                                 0x20009f06   Data       10260  mem.o(.bss)
    gnetif                                   0x20011334   Data          56  netconf.o(.bss)
    ETH_InitStructure                        0x2001136c   Data         188  stm32f4x7_eth_bsp.o(.bss)
    __initial_sp                             0x20015428   Data           0  startup_stm32f40_41xxx.o(STACK)



==============================================================================

Memory Map of the image

  Image Entry point : 0x08000189

  Load Region LR_IROM1 (Base: 0x08000000, Size: 0x000005e4, Max: 0x00003fff, ABSOLUTE, COMPRESSED[0x000002f0])

    Execution Region ER_IROM1 (Base: 0x08000000, Size: 0x00000200, Max: 0x00003fff, ABSOLUTE)

    Base Addr    Size         Type   Attr      Idx    E Section Name        Object

    0x08000000   0x00000188   Data   RO          293    RESET               startup_stm32f40_41xxx.o
    0x08000188   0x00000000   Code   RO         2132  * .ARM.Collect$$$$00000000  mc_w.l(entry.o)
    0x08000188   0x00000004   Code   RO         2420    .ARM.Collect$$$$00000001  mc_w.l(entry2.o)
    0x0800018c   0x00000004   Code   RO         2423    .ARM.Collect$$$$00000004  mc_w.l(entry5.o)
    0x08000190   0x00000000   Code   RO         2425    .ARM.Collect$$$$00000008  mc_w.l(entry7b.o)
    0x08000190   0x00000000   Code   RO         2427    .ARM.Collect$$$$0000000A  mc_w.l(entry8b.o)
    0x08000190   0x00000008   Code   RO         2428    .ARM.Collect$$$$0000000B  mc_w.l(entry9a.o)
    0x08000198   0x00000000   Code   RO         2430    .ARM.Collect$$$$0000000D  mc_w.l(entry10a.o)
    0x08000198   0x00000000   Code   RO         2432    .ARM.Collect$$$$0000000F  mc_w.l(entry11a.o)
    0x08000198   0x00000004   Code   RO         2421    .ARM.Collect$$$$00002712  mc_w.l(entry2.o)
    0x0800019c   0x00000024   Code   RO         2452    .text               mc_w.l(init.o)
    0x080001c0   0x0000000e   Code   RO         2456    i.__scatterload_copy  mc_w.l(handlers.o)
    0x080001ce   0x00000002   Code   RO         2457    i.__scatterload_null  mc_w.l(handlers.o)
    0x080001d0   0x0000000e   Code   RO         2458    i.__scatterload_zeroinit  mc_w.l(handlers.o)
    0x080001de   0x00000002   PAD
    0x080001e0   0x00000020   Data   RO         2454    Region$$Table       anon$$obj.o


    Execution Region RW_IRAM1 (Base: 0x20000000, Size: 0x00015428, Max: 0x00020000, ABSOLUTE, COMPRESSED[0x000000f0])

    Base Addr    Size         Type   Attr      Idx    E Section Name        Object

    0x20000000   0x00000014   Data   RW          268    .data               system_stm32f4xx.o
    0x20000014   0x00000024   Data   RW          303    .data               systemscope.o
    0x20000038   0x0000001d   Data   RW          331    .data               processscope.o
    0x20000055   0x0000000c   Data   RW          361    .data               protocol.o
    0x20000061   0x00000003   PAD
    0x20000064   0x0000021a   Data   RW          393    .data               interfacescope.o
    0x2000027e   0x00000014   Data   RW          421    .data               samplingport.o
    0x20000292   0x00000002   PAD
    0x20000294   0x00000010   Data   RW          475    .data               stm32f4x7_eth.o
    0x200002a4   0x00000010   Data   RW         1030    .data               stm32f4xx_rcc.o
    0x200002b4   0x00000020   Data   RW         1237    .data               scope_it.o
    0x200002d4   0x00000012   Data   RW         1316    .data               buffercircle.o
    0x200002e6   0x00000012   Data   RW         1339    .data               netbuffercircle.o
    0x200002f8   0x00000012   Data   RW         1362    .data               samplebuffercircle.o
    0x2000030a   0x0000000b   Data   RW         1412    .data               driver.o
    0x20000315   0x00000001   Data   RW         1528    .data               etharp.o
    0x20000316   0x00000002   PAD
    0x20000318   0x00000012   Data   RW         1643    .data               ip.o
    0x2000032a   0x00000002   PAD
    0x2000032c   0x00000006   Data   RW         1703    .data               ip_frag.o
    0x20000332   0x00000002   PAD
    0x20000334   0x00000004   Data   RW         1733    .data               dhcp.o
    0x20000338   0x0000000c   Data   RW         1791    .data               mem.o
    0x20000344   0x00000009   Data   RW         1833    .data               netif.o
    0x2000034d   0x00000003   PAD
    0x20000350   0x00000004   Data   RW         1867    .data               raw.o
    0x20000354   0x00000023   Data   RW         1895    .data               tcp.o
    0x20000377   0x00000001   PAD
    0x20000378   0x00000020   Data   RW         1918    .data               tcp_in.o
    0x20000398   0x00000008   Data   RW         1964    .data               udp.o
    0x200003a0   0x00000018   Data   RW         2047    .data               netconf.o
    0x200003b8   0x00000010   Data   RW         2072    .data               stm32f4x7_eth_bsp.o
    0x200003c8   0x00000018   Data   RW         2105    .data               udp_echoserver.o
    0x200003e0   0x00000004   Data   RW         2434    .data               mc_w.l(stdout.o)
    0x200003e4   0x00000092   Zero   RW          301    .bss                systemscope.o
    0x20000476   0x00000002   PAD
    0x20000478   0x00000820   Zero   RW          329    .bss                processscope.o
    0x20000c98   0x00000cb8   Zero   RW          360    .bss                protocol.o
    0x20001950   0x00000bb8   Zero   RW          391    .bss                interfacescope.o
    0x20002508   0x00000050   Zero   RW          420    .bss                samplingport.o
    0x20002558   0x0000001c   Zero   RW          447    .bss                storagemanagement.o
    0x20002574   0x0000614c   Zero   RW          474    .bss                stm32f4x7_eth.o
    0x200086c0   0x00000030   Zero   RW         1287    .bss                scope_move.o
    0x200086f0   0x000009c4   Zero   RW         1315    .bss                buffercircle.o
    0x200090b4   0x00000c80   Zero   RW         1338    .bss                netbuffercircle.o
    0x20009d34   0x000000c8   Zero   RW         1361    .bss                samplebuffercircle.o
    0x20009dfc   0x000000c8   Zero   RW         1526    .bss                etharp.o
    0x20009ec4   0x00000010   Zero   RW         1680    .bss                ip_addr.o
    0x20009ed4   0x00000032   Zero   RW         1732    .bss                dhcp.o
    0x20009f06   0x00002814   Zero   RW         1790    .bss                mem.o
    0x2000c71a   0x00000002   PAD
    0x2000c71c   0x00004c07   Zero   RW         1806    .bss                memp.o
    0x20011323   0x00000001   PAD
    0x20011324   0x00000010   Zero   RW         1917    .bss                tcp_in.o
    0x20011334   0x00000038   Zero   RW         2046    .bss                netconf.o
    0x2001136c   0x000000bc   Zero   RW         2071    .bss                stm32f4x7_eth_bsp.o
    0x20011428   0x00004000   Zero   RW          291    STACK               startup_stm32f40_41xxx.o



  Load Region LR_IROM2 (Base: 0x08008000, Size: 0x00021de0, Max: 0x0003ffff, ABSOLUTE)

    Execution Region ER_IROM2 (Base: 0x08008000, Size: 0x00021de0, Max: 0x0003ffff, ABSOLUTE)

    Base Addr    Size         Type   Attr      Idx    E Section Name        Object

    0x08008000   0x00000200   Code   RO            3    .text               scopemain.o
    0x08008200   0x000002cc   Code   RO          267    .text               system_stm32f4xx.o
    0x080084cc   0x00000024   Code   RO          294    .text               startup_stm32f40_41xxx.o
    0x080084f0   0x000001d4   Code   RO          300    .text               systemscope.o
    0x080086c4   0x000052a4   Code   RO          328    .text               processscope.o
    0x0800d968   0x0000049c   Code   RO          359    .text               protocol.o
    0x0800de04   0x000019f4   Code   RO          390    .text               interfacescope.o
    0x0800f7f8   0x00000364   Code   RO          419    .text               samplingport.o
    0x0800fb5c   0x00000190   Code   RO          446    .text               storagemanagement.o
    0x0800fcec   0x00001e30   Code   RO          473    .text               stm32f4x7_eth.o
    0x08011b1c   0x000001dc   Code   RO          497    .text               misc.o
    0x08011cf8   0x00001070   Code   RO          537    .text               stm32f4xx_adc.o
    0x08012d68   0x000005f8   Code   RO          677    .text               stm32f4xx_dac.o
    0x08013360   0x000013a4   Code   RO          760    .text               stm32f4xx_dma.o
    0x08014704   0x000002f8   Code   RO          780    .text               stm32f4xx_exti.o
    0x080149fc   0x00000a94   Code   RO          800    .text               stm32f4xx_flash.o
    0x08015490   0x00000e48   Code   RO          843    .text               stm32f4xx_fsmc.o
    0x080162d8   0x00000a10   Code   RO          866    .text               stm32f4xx_gpio.o
    0x08016ce8   0x00000f60   Code   RO         1029    .text               stm32f4xx_rcc.o
    0x08017c48   0x00000dd0   Code   RO         1134    .text               stm32f4xx_spi.o
    0x08018a18   0x0000019c   Code   RO         1154    .text               stm32f4xx_syscfg.o
    0x08018bb4   0x00003284   Code   RO         1174    .text               stm32f4xx_tim.o
    0x0801be38   0x0000115c   Code   RO         1194    .text               stm32f4xx_usart.o
    0x0801cf94   0x00000378   Code   RO         1214    .text               fpga.o
    0x0801d30c   0x00000274   Code   RO         1236    .text               scope_it.o
    0x0801d580   0x000004b4   Code   RO         1258    .text               scope_eval.o
    0x0801da34   0x000003ec   Code   RO         1286    .text               scope_move.o
    0x0801de20   0x000003b8   Code   RO         1314    .text               buffercircle.o
    0x0801e1d8   0x000003b8   Code   RO         1337    .text               netbuffercircle.o
    0x0801e590   0x0000038c   Code   RO         1360    .text               samplebuffercircle.o
    0x0801e91c   0x00001ce0   Code   RO         1409    .text               driver.o
    0x080205fc   0x0000062c   Code   RO         1461    .text               ad7799.o
    0x08020c28   0x00000290   Code   RO         1483    .text               ethernetif.o
    0x08020eb8   0x0000092c   Code   RO         1525    .text               etharp.o
    0x080217e4   0x000001f0   Code   RO         1584    .text               icmp.o
    0x080219d4   0x00000222   Code   RO         1624    .text               inet_chksum.o
    0x08021bf6   0x00000002   PAD
    0x08021bf8   0x00000308   Code   RO         1642    .text               ip.o
    0x08021f00   0x000002b4   Code   RO         1679    .text               ip_addr.o
    0x080221b4   0x00000694   Code   RO         1702    .text               ip_frag.o
    0x08022848   0x0000003e   Code   RO         1719    .text               def.o
    0x08022886   0x00000002   PAD
    0x08022888   0x000010cc   Code   RO         1731    .text               dhcp.o
    0x08023954   0x0000033c   Code   RO         1789    .text               mem.o
    0x08023c90   0x000000a8   Code   RO         1805    .text               memp.o
    0x08023d38   0x000002ac   Code   RO         1832    .text               netif.o
    0x08023fe4   0x0000073a   Code   RO         1854    .text               pbuf.o
    0x0802471e   0x00000002   PAD
    0x08024720   0x000001b0   Code   RO         1866    .text               raw.o
    0x080248d0   0x00000e18   Code   RO         1892    .text               tcp.o
    0x080256e8   0x000012ac   Code   RO         1916    .text               tcp_in.o
    0x08026994   0x00000c2e   Code   RO         1939    .text               tcp_out.o
    0x080275c2   0x00000002   Code   RO         1951    .text               timers.o
    0x080275c4   0x00000480   Code   RO         1963    .text               udp.o
    0x08027a44   0x00000170   Code   RO         2045    .text               netconf.o
    0x08027bb4   0x00000438   Code   RO         2070    .text               stm32f4x7_eth_bsp.o
    0x08027fec   0x0000025c   Code   RO         2103    .text               udp_echoserver.o
    0x08028248   0x00000024   Code   RO         2135    .text               mc_w.l(memcpya.o)
    0x0802826c   0x00000024   Code   RO         2137    .text               mc_w.l(memseta.o)
    0x08028290   0x00000018   Code   RO         2139    .text               mc_w.l(strncpy.o)
    0x080282a8   0x0000000e   Code   RO         2141    .text               mc_w.l(strlen.o)
    0x080282b6   0x0000001a   Code   RO         2143    .text               mc_w.l(memcmp.o)
    0x080282d0   0x0000014e   Code   RO         2408    .text               mf_w.l(dadd.o)
    0x0802841e   0x000000e4   Code   RO         2410    .text               mf_w.l(dmul.o)
    0x08028502   0x0000001a   Code   RO         2412    .text               mf_w.l(dfltui.o)
    0x0802851c   0x0000003e   Code   RO         2414    .text               mf_w.l(dfixi.o)
    0x0802855a   0x00000032   Code   RO         2416    .text               mf_w.l(dfixui.o)
    0x0802858c   0x00000028   Code   RO         2418    .text               mf_w.l(cdrcmple.o)
    0x080285b4   0x00000062   Code   RO         2437    .text               mc_w.l(uldiv.o)
    0x08028616   0x0000001e   Code   RO         2439    .text               mc_w.l(llshl.o)
    0x08028634   0x00000020   Code   RO         2441    .text               mc_w.l(llushr.o)
    0x08028654   0x00000024   Code   RO         2443    .text               mc_w.l(llsshr.o)
    0x08028678   0x00000000   Code   RO         2445    .text               mc_w.l(iusefp.o)
    0x08028678   0x000000be   Code   RO         2446    .text               mf_w.l(depilogue.o)
    0x08028736   0x0000005c   Code   RO         2462    .text               mc_w.l(__dczerorl2.o)
    0x08028792   0x00000002   PAD
    0x08028794   0x00000020   Code   RO         2354    i.__0printf$8       mc_w.l(printf8.o)
    0x080287b4   0x00000028   Code   RO         2356    i.__0sprintf$8      mc_w.l(printf8.o)
    0x080287dc   0x00000408   Code   RO         2361    i._printf_core      mc_w.l(printf8.o)
    0x08028be4   0x00000026   Code   RO         2362    i._printf_post_padding  mc_w.l(printf8.o)
    0x08028c0a   0x00000030   Code   RO         2363    i._printf_pre_padding  mc_w.l(printf8.o)
    0x08028c3a   0x0000000a   Code   RO         2365    i._sputc            mc_w.l(printf8.o)
    0x08028c44   0x000000c0   Data   RO          302    .constdata          systemscope.o
    0x08028d04   0x00000d95   Data   RO          330    .constdata          processscope.o
    0x08029a99   0x00000003   PAD
    0x08029a9c   0x00000098   Data   RO          392    .constdata          interfacescope.o
    0x08029b34   0x0000001c   Data   RO          844    .constdata          stm32f4xx_fsmc.o
    0x08029b50   0x00000134   Data   RO         1259    .constdata          scope_eval.o
    0x08029c84   0x00000010   Data   RO         1288    .constdata          scope_move.o
    0x08029c94   0x00000010   Data   RO         1411    .constdata          driver.o
    0x08029ca4   0x0000000c   Data   RO         1527    .constdata          etharp.o
    0x08029cb0   0x00000008   Data   RO         1681    .constdata          ip_addr.o
    0x08029cb8   0x00000024   Data   RO         1807    .constdata          memp.o
    0x08029cdc   0x00000050   Data   RO         1893    .constdata          tcp.o
    0x08029d2c   0x0000004b   Data   RO         2104    .constdata          udp_echoserver.o
    0x08029d77   0x00000068   Data   RO         1894    .conststring        tcp.o


==============================================================================

Image component sizes


      Code (inc. data)   RO Data    RW Data    ZI Data      Debug   Object Name

      1580         32          0          0          0       4122   ad7799.o
       952         16          0         18       2500       4406   buffercircle.o
        62          0          0          0          0       1174   def.o
      4300         80          0          4         50      12570   dhcp.o
      7392        794         16         11          0      25252   driver.o
      2348         22         12          1        200      15877   etharp.o
       656         36          0          0          0       7755   ethernetif.o
       888         18          0          0          0       2691   fpga.o
       496          8          0          0          0       3342   icmp.o
         0          0          0          0          0       3768   inet.o
       546          0          0          0          0       2897   inet_chksum.o
      6644        478        152        538       3000      45505   interfacescope.o
       776         30          0         18          0      15476   ip.o
       692         12          8          0         16       9151   ip_addr.o
      1684         18          0          6          0       6988   ip_frag.o
       828         18          0         12      10260       3822   mem.o
       168         18         36          0      19463       2322   memp.o
       476         56          0          0          0       1889   misc.o
       952         16          0         18       3200       4724   netbuffercircle.o
       368        142          0         24         56       1826   netconf.o
       684         20          0          9          0       6449   netif.o
      1850          0          0          0          0       8809   pbuf.o
     21156       4730       3477         29       2080      30833   processscope.o
      1180         58          0         12       3256       8251   protocol.o
       432         14          0          4          0       3237   raw.o
       908         16          0         18        200       4434   samplebuffercircle.o
       868         32          0         20         80       6209   samplingport.o
      1204        250        308          0          0      31218   scope_eval.o
       628         68          0         32          0       3292   scope_it.o
      1004         18         16          0         48       4431   scope_move.o
       512        246          0          0          0     418981   scopemain.o
        36          8        392          0      16384        796   startup_stm32f40_41xxx.o
      7728        216          0         16      24908      23289   stm32f4x7_eth.o
      1080        192          0         16        188       4669   stm32f4x7_eth_bsp.o
      4208        130          0          0          0      12554   stm32f4xx_adc.o
      1528         48          0          0          0       5381   stm32f4xx_dac.o
      5028        330          0          0          0       8513   stm32f4xx_dma.o
       760         50          0          0          0       2551   stm32f4xx_exti.o
      2708         82          0          0          0       9918   stm32f4xx_flash.o
      3656        130         28          0          0       7038   stm32f4xx_fsmc.o
      2576        178          0          0          0       5213   stm32f4xx_gpio.o
      3936        252          0         16          0      15056   stm32f4xx_rcc.o
      3536        168          0          0          0       8333   stm32f4xx_spi.o
       412         62          0          0          0       1961   stm32f4xx_syscfg.o
     12932        652          0          0          0      29104   stm32f4xx_tim.o
      4444        228          0          0          0       9852   stm32f4xx_usart.o
       400         46          0          0         28       3952   storagemanagement.o
       716         50          0         20          0       1968   system_stm32f4xx.o
       468         46        192         36        146       5689   systemscope.o
      3608        138        184         35          0      21203   tcp.o
      4780        232          0         32         16      14487   tcp_in.o
      3118          8          0          0          0       9307   tcp_out.o
         2          0          0          0          0        435   timers.o
      1152         22          0          8          0      13765   udp.o
       604        216         75         24          0       2237   udp_echoserver.o

    ----------------------------------------------------------------------
    131656      10730       4932        992      86084     918972   Object Totals
         0          0         32          0          0          0   (incl. Generated)
         6          0          4         15          5          0   (incl. Padding)

    ----------------------------------------------------------------------

      Code (inc. data)   RO Data    RW Data    ZI Data      Debug   Library Member Name

        92          0          0          0          0          0   __dczerorl2.o
         0          0          0          0          0          0   entry.o
         0          0          0          0          0          0   entry10a.o
         0          0          0          0          0          0   entry11a.o
         8          4          0          0          0          0   entry2.o
         4          0          0          0          0          0   entry5.o
         0          0          0          0          0          0   entry7b.o
         0          0          0          0          0          0   entry8b.o
         8          4          0          0          0          0   entry9a.o
        30          0          0          0          0          0   handlers.o
        36          8          0          0          0         68   init.o
         0          0          0          0          0          0   iusefp.o
        30          0          0          0          0         68   llshl.o
        36          0          0          0          0         68   llsshr.o
        32          0          0          0          0         68   llushr.o
        26          0          0          0          0         80   memcmp.o
        36          0          0          0          0         68   memcpya.o
        36          0          0          0          0        108   memseta.o
      1200         60          0          0          0        504   printf8.o
         0          0          0          4          0          0   stdout.o
        14          0          0          0          0         68   strlen.o
        24          0          0          0          0         76   strncpy.o
        98          0          0          0          0         92   uldiv.o
        40          2          0          0          0         68   cdrcmple.o
       334          0          0          0          0        148   dadd.o
       190          0          0          0          0        176   depilogue.o
        62          0          0          0          0         80   dfixi.o
        50          0          0          0          0         76   dfixui.o
        26          0          0          0          0         76   dfltui.o
       228          0          0          0          0         96   dmul.o

    ----------------------------------------------------------------------
      2644         78          0          4          0       1988   Library Totals
         4          0          0          0          0          0   (incl. Padding)

    ----------------------------------------------------------------------

      Code (inc. data)   RO Data    RW Data    ZI Data      Debug   Library Name

      1710         76          0          4          0       1268   mc_w.l
       930          2          0          0          0        720   mf_w.l

    ----------------------------------------------------------------------
      2644         78          0          4          0       1988   Library Totals

    ----------------------------------------------------------------------

==============================================================================


      Code (inc. data)   RO Data    RW Data    ZI Data      Debug   

    134300      10808       4932        996      86084     907520   Grand Totals
    134300      10808       4932        240      86084     907520   ELF Image Totals (compressed)
    134300      10808       4932        240          0          0   ROM Totals

==============================================================================

    Total RO  Size (Code + RO Data)               139232 ( 135.97kB)
    Total RW  Size (RW Data + ZI Data)             87080 (  85.04kB)
    Total ROM Size (Code + RO Data + RW Data)     139472 ( 136.20kB)

==============================================================================

