ARM Linker, 5.03 [Build 76] [MDK-ARM Professional]

==============================================================================

Section Cross References

    scopemain.o(.text) refers to memseta.o(.text) for __aeabi_memclr4
    scopemain.o(.text) refers to storagemanagement.o(.text) for Flash_Read_Param
    scopemain.o(.text) refers to printfa.o(i.__0printf) for __2printf
    scopemain.o(.text) refers to scope_eval.o(.text) for EVAL_OutputSet
    scopemain.o(.text) refers to scope_it.o(.text) for IT_SYS_DlyMs
    scopemain.o(.text) refers to protocol.o(.text) for PL_InitProtocol
    scopemain.o(.text) refers to samplingport.o(.text) for SPG_InitProtocol
    scopemain.o(.text) refers to stm32f4x7_eth_bsp.o(.text) for ETH_BSP_Config
    scopemain.o(.text) refers to netconf.o(.text) for LwIP_Init
    scopemain.o(.text) refers to udp_echoserver.o(.text) for udp_echoserver_init
    scopemain.o(.text) refers to systemscope.o(.text) for Iint_SysParam
    scopemain.o(.text) refers to interfacescope.o(.text) for HW_LWIP_MainLine
    scopemain.o(.text) refers to storagemanagement.o(.bss) for g_Record_Param
    scopemain.o(.text) refers to stm32f4x7_eth_bsp.o(.data) for EthStatus
    scopemain.o(.text) refers to processscope.o(.constdata) for softver_edtion
    scopemain.o(.text) refers to processscope.o(.data) for g_AirLight_Flag
    system_stm32f4xx.o(.text) refers to stm32f4xx_rcc.o(.text) for RCC_DeInit
    system_stm32f4xx.o(.text) refers to system_stm32f4xx.o(.data) for SystemCoreClock
    startup_stm32f40_41xxx.o(RESET) refers to startup_stm32f40_41xxx.o(STACK) for __initial_sp
    startup_stm32f40_41xxx.o(RESET) refers to startup_stm32f40_41xxx.o(.text) for Reset_Handler
    startup_stm32f40_41xxx.o(RESET) refers to scope_it.o(.text) for SysTick_Handler
    startup_stm32f40_41xxx.o(RESET) refers to driver.o(.text) for EXTI9_5_IRQHandler
    startup_stm32f40_41xxx.o(.text) refers to system_stm32f4xx.o(.text) for SystemInit
    startup_stm32f40_41xxx.o(.text) refers to entry.o(.ARM.Collect$$$$00000000) for __main
    systemscope.o(.text) refers to memseta.o(.text) for __aeabi_memclr4
    systemscope.o(.text) refers to processscope.o(.bss) for g_CRP_Data
    systemscope.o(.text) refers to systemscope.o(.data) for g_nError
    systemscope.o(.text) refers to systemscope.o(.bss) for g_tAxisPosStatus
    systemscope.o(.text) refers to systemscope.o(.constdata) for m_nConstBitsMap
    processscope.o(.text) refers to scope_it.o(.text) for IT_LIST_GetTicks
    processscope.o(.text) refers to protocol.o(.text) for PL_NET_SendResult
    processscope.o(.text) refers to processscope.o(.data) for g_Udp_Count
    processscope.o(.text) refers to printfa.o(i.__0printf) for __2printf
    processscope.o(.text) refers to interfacescope.o(.text) for HW_LWIP_Working_Recv_Handle
    processscope.o(.text) refers to netconf.o(.text) for LwIP_Periodic_Handle
    processscope.o(.text) refers to systemscope.o(.bss) for g_tAxisPosStatus
    processscope.o(.text) refers to processscope.o(.constdata) for .constdata
    processscope.o(.text) refers to storagemanagement.o(.bss) for g_Record_Param
    processscope.o(.text) refers to storagemanagement.o(.text) for Flash_Write_Param
    processscope.o(.text) refers to memseta.o(.text) for __aeabi_memclr4
    processscope.o(.text) refers to processscope.o(.bss) for g_CRP_Data
    processscope.o(.text) refers to driver.o(.text) for Beep
    processscope.o(.text) refers to f2d.o(.text) for __aeabi_f2d
    processscope.o(.text) refers to stm32f4xx_adc.o(.text) for ADC_DMACmd
    processscope.o(.text) refers to stm32f4xx_dma.o(.text) for DMA_Cmd
    processscope.o(.text) refers to printfa.o(i.__0sprintf) for __2sprintf
    processscope.o(.text) refers to udp_echoserver.o(.text) for udp_echoserver_senddata
    processscope.o(.text) refers to protocol.o(.bss) for g_achFbkSdLogBuf
    processscope.o(.text) refers to systemscope.o(.text) for SYS_HasError
    processscope.o(.text) refers to strncpy.o(.text) for strncpy
    protocol.o(.text) refers to buffercircle.o(.text) for BUF_Send_Init
    protocol.o(.text) refers to netbuffercircle.o(.text) for NET_BUF_Send_Init
    protocol.o(.text) refers to stm32f4xx_usart.o(.text) for USART_ITConfig
    protocol.o(.text) refers to udp_echoserver.o(.text) for udp_echoserver_senddata
    protocol.o(.text) refers to memcpya.o(.text) for __aeabi_memcpy
    protocol.o(.text) refers to strlen.o(.text) for strlen
    protocol.o(.text) refers to protocol.o(.data) for m_NET_tRecvBufStatus
    protocol.o(.text) refers to protocol.o(.bss) for g_NET_achCmdRvBuf
    interfacescope.o(.text) refers to scope_move.o(.text) for MV_InitPara
    interfacescope.o(.text) refers to fpga.o(.text) for FPGA_ReadBuffer
    interfacescope.o(.text) refers to processscope.o(.text) for moto_work_stat_2
    interfacescope.o(.text) refers to scope_it.o(.text) for IT_SYS_DlyMs
    interfacescope.o(.text) refers to printfa.o(i.__0printf) for __2printf
[...]
    FLASH_OB_WRP1Config                      0x0801535f   Thumb Code    96  stm32f4xx_flash.o(.text)
    FLASH_OB_PCROPSelectionConfig            0x080153bf   Thumb Code    48  stm32f4xx_flash.o(.text)
    FLASH_OB_PCROPConfig                     0x080153ef   Thumb Code    96  stm32f4xx_flash.o(.text)
    FLASH_OB_PCROP1Config                    0x0801544f   Thumb Code   118  stm32f4xx_flash.o(.text)
    FLASH_OB_RDPConfig                       0x080154c5   Thumb Code    44  stm32f4xx_flash.o(.text)
    FLASH_OB_UserConfig                      0x080154f1   Thumb Code   116  stm32f4xx_flash.o(.text)
    FLASH_OB_BootConfig                      0x08015565   Thumb Code    50  stm32f4xx_flash.o(.text)
    FLASH_OB_BORConfig                       0x08015597   Thumb Code    58  stm32f4xx_flash.o(.text)
    FLASH_OB_Launch                          0x080155d1   Thumb Code    30  stm32f4xx_flash.o(.text)
    FLASH_OB_GetUser                         0x080155ef   Thumb Code    12  stm32f4xx_flash.o(.text)
    FLASH_OB_GetWRP                          0x080155fb   Thumb Code     8  stm32f4xx_flash.o(.text)
    FLASH_OB_GetWRP1                         0x08015603   Thumb Code     8  stm32f4xx_flash.o(.text)
    FLASH_OB_GetPCROP                        0x0801560b   Thumb Code     8  stm32f4xx_flash.o(.text)
    FLASH_OB_GetPCROP1                       0x08015613   Thumb Code     8  stm32f4xx_flash.o(.text)
    FLASH_OB_GetRDP                          0x0801561b   Thumb Code    18  stm32f4xx_flash.o(.text)
    FLASH_OB_GetBOR                          0x0801562d   Thumb Code    12  stm32f4xx_flash.o(.text)
    FLASH_ITConfig                           0x08015639   Thumb Code    82  stm32f4xx_flash.o(.text)
    FLASH_GetFlagStatus                      0x0801568b   Thumb Code    76  stm32f4xx_flash.o(.text)
    FLASH_ClearFlag                          0x080156d7   Thumb Code    38  stm32f4xx_flash.o(.text)
    FSMC_NORSRAMDeInit                       0x08015701   Thumb Code    84  stm32f4xx_fsmc.o(.text)
    FSMC_NORSRAMInit                         0x08015755   Thumb Code   870  stm32f4xx_fsmc.o(.text)
    FSMC_NORSRAMStructInit                   0x08015abb   Thumb Code    48  stm32f4xx_fsmc.o(.text)
    FSMC_NORSRAMCmd                          0x08015aeb   Thumb Code   152  stm32f4xx_fsmc.o(.text)
    FSMC_NANDDeInit                          0x08015b83   Thumb Code    90  stm32f4xx_fsmc.o(.text)
    FSMC_NANDInit                            0x08015bdd   Thumb Code   594  stm32f4xx_fsmc.o(.text)
    FSMC_NANDStructInit                      0x08015e2f   Thumb Code    54  stm32f4xx_fsmc.o(.text)
    FSMC_NANDCmd                             0x08015e65   Thumb Code   136  stm32f4xx_fsmc.o(.text)
    FSMC_NANDECCCmd                          0x08015eed   Thumb Code   160  stm32f4xx_fsmc.o(.text)
    FSMC_GetECC                              0x08015f8d   Thumb Code    22  stm32f4xx_fsmc.o(.text)
    FSMC_PCCARDDeInit                        0x08015fa3   Thumb Code    40  stm32f4xx_fsmc.o(.text)
    FSMC_PCCARDInit                          0x08015fcb   Thumb Code   532  stm32f4xx_fsmc.o(.text)
    FSMC_PCCARDStructInit                    0x080161df   Thumb Code    60  stm32f4xx_fsmc.o(.text)
    FSMC_PCCARDCmd                           0x0801621b   Thumb Code    64  stm32f4xx_fsmc.o(.text)
    FSMC_ITConfig                            0x0801625b   Thumb Code   206  stm32f4xx_fsmc.o(.text)
    FSMC_GetFlagStatus                       0x08016329   Thumb Code   160  stm32f4xx_fsmc.o(.text)
    FSMC_ClearFlag                           0x080163c9   Thumb Code   120  stm32f4xx_fsmc.o(.text)
    FSMC_GetITStatus                         0x08016441   Thumb Code   132  stm32f4xx_fsmc.o(.text)
    FSMC_ClearITPendingBit                   0x080164c5   Thumb Code   122  stm32f4xx_fsmc.o(.text)
    GPIO_DeInit                              0x08016549   Thumb Code   344  stm32f4xx_gpio.o(.text)
    GPIO_Init                                0x080166a1   Thumb Code   354  stm32f4xx_gpio.o(.text)
    GPIO_StructInit                          0x08016803   Thumb Code    18  stm32f4xx_gpio.o(.text)
    GPIO_PinLockConfig                       0x08016815   Thumb Code   134  stm32f4xx_gpio.o(.text)
    GPIO_ReadInputDataBit                    0x0801689b   Thumb Code   282  stm32f4xx_gpio.o(.text)
    GPIO_ReadInputData                       0x080169b5   Thumb Code    90  stm32f4xx_gpio.o(.text)
    GPIO_ReadOutputDataBit                   0x08016a0f   Thumb Code   198  stm32f4xx_gpio.o(.text)
    GPIO_ReadOutputData                      0x08016ad5   Thumb Code    90  stm32f4xx_gpio.o(.text)
    GPIO_SetBits                             0x08016b2f   Thumb Code   110  stm32f4xx_gpio.o(.text)
    GPIO_ResetBits                           0x08016b9d   Thumb Code   110  stm32f4xx_gpio.o(.text)
    GPIO_WriteBit                            0x08016c0b   Thumb Code   212  stm32f4xx_gpio.o(.text)
    GPIO_Write                               0x08016cdf   Thumb Code    90  stm32f4xx_gpio.o(.text)
    GPIO_ToggleBits                          0x08016d39   Thumb Code   140  stm32f4xx_gpio.o(.text)
    GPIO_PinAFConfig                         0x08016dc5   Thumb Code   358  stm32f4xx_gpio.o(.text)
    RCC_DeInit                               0x08016f59   Thumb Code    82  stm32f4xx_rcc.o(.text)
    RCC_HSEConfig                            0x08016fab   Thumb Code    40  stm32f4xx_rcc.o(.text)
    RCC_GetFlagStatus                        0x08016fd3   Thumb Code   134  stm32f4xx_rcc.o(.text)
    RCC_WaitForHSEStartUp                    0x08017059   Thumb Code    56  stm32f4xx_rcc.o(.text)
    RCC_AdjustHSICalibrationValue            0x08017091   Thumb Code    38  stm32f4xx_rcc.o(.text)
    RCC_HSICmd                               0x080170b7   Thumb Code    28  stm32f4xx_rcc.o(.text)
    RCC_LSEConfig                            0x080170d3   Thumb Code    72  stm32f4xx_rcc.o(.text)
    RCC_LSICmd                               0x0801711b   Thumb Code    28  stm32f4xx_rcc.o(.text)
    RCC_PLLConfig                            0x08017137   Thumb Code   156  stm32f4xx_rcc.o(.text)
    RCC_PLLCmd                               0x080171d3   Thumb Code    28  stm32f4xx_rcc.o(.text)
    RCC_PLLI2SConfig                         0x080171ef   Thumb Code    62  stm32f4xx_rcc.o(.text)
    RCC_PLLI2SCmd                            0x0801722d   Thumb Code    28  stm32f4xx_rcc.o(.text)
    RCC_PLLSAIConfig                         0x08017249   Thumb Code    88  stm32f4xx_rcc.o(.text)
    RCC_PLLSAICmd                            0x080172a1   Thumb Code    28  stm32f4xx_rcc.o(.text)
    RCC_ClockSecuritySystemCmd               0x080172bd   Thumb Code    28  stm32f4xx_rcc.o(.text)
    RCC_MCO1Config                           0x080172d9   Thumb Code   168  stm32f4xx_rcc.o(.text)
    RCC_MCO2Config                           0x08017381   Thumb Code   102  stm32f4xx_rcc.o(.text)
    RCC_SYSCLKConfig                         0x080173e7   Thumb Code    44  stm32f4xx_rcc.o(.text)
    RCC_GetSYSCLKSource                      0x08017413   Thumb Code    10  stm32f4xx_rcc.o(.text)
    RCC_HCLKConfig                           0x0801741d   Thumb Code    68  stm32f4xx_rcc.o(.text)
    RCC_PCLK1Config                          0x08017461   Thumb Code    60  stm32f4xx_rcc.o(.text)
    RCC_PCLK2Config                          0x0801749d   Thumb Code    62  stm32f4xx_rcc.o(.text)
    RCC_GetClocksFreq                        0x080174db   Thumb Code   214  stm32f4xx_rcc.o(.text)
    RCC_RTCCLKConfig                         0x080175b1   Thumb Code   262  stm32f4xx_rcc.o(.text)
    RCC_RTCCLKCmd                            0x080176b7   Thumb Code    30  stm32f4xx_rcc.o(.text)
    RCC_BackupResetCmd                       0x080176d5   Thumb Code    32  stm32f4xx_rcc.o(.text)
    RCC_I2SCLKConfig                         0x080176f5   Thumb Code    30  stm32f4xx_rcc.o(.text)
    RCC_SAIBlockACLKConfig                   0x08017713   Thumb Code    50  stm32f4xx_rcc.o(.text)
    RCC_SAIBlockBCLKConfig                   0x08017745   Thumb Code    50  stm32f4xx_rcc.o(.text)
    RCC_SAIPLLI2SClkDivConfig                0x08017777   Thumb Code    50  stm32f4xx_rcc.o(.text)
    RCC_SAIPLLSAIClkDivConfig                0x080177a9   Thumb Code   196  stm32f4xx_rcc.o(.text)
    RCC_LTDCCLKDivConfig                     0x0801786d   Thumb Code    54  stm32f4xx_rcc.o(.text)
    RCC_TIMCLKPresConfig                     0x080178a3   Thumb Code    30  stm32f4xx_rcc.o(.text)
    RCC_AHB1PeriphClockCmd                   0x080178c1   Thumb Code    82  stm32f4xx_rcc.o(.text)
    RCC_AHB2PeriphClockCmd                   0x08017913   Thumb Code    82  stm32f4xx_rcc.o(.text)
    RCC_AHB3PeriphClockCmd                   0x08017965   Thumb Code    82  stm32f4xx_rcc.o(.text)
    RCC_APB1PeriphClockCmd                   0x080179b7   Thumb Code    82  stm32f4xx_rcc.o(.text)
    RCC_APB2PeriphClockCmd                   0x08017a09   Thumb Code    82  stm32f4xx_rcc.o(.text)
    RCC_AHB1PeriphResetCmd                   0x08017a5b   Thumb Code    82  stm32f4xx_rcc.o(.text)
    RCC_AHB2PeriphResetCmd                   0x08017aad   Thumb Code    82  stm32f4xx_rcc.o(.text)
    RCC_AHB3PeriphResetCmd                   0x08017aff   Thumb Code    82  stm32f4xx_rcc.o(.text)
    RCC_APB1PeriphResetCmd                   0x08017b51   Thumb Code    82  stm32f4xx_rcc.o(.text)
    RCC_APB2PeriphResetCmd                   0x08017ba3   Thumb Code    82  stm32f4xx_rcc.o(.text)
    RCC_AHB1PeriphClockLPModeCmd             0x08017bf5   Thumb Code   108  stm32f4xx_rcc.o(.text)
    RCC_AHB2PeriphClockLPModeCmd             0x08017c61   Thumb Code    82  stm32f4xx_rcc.o(.text)
    RCC_AHB3PeriphClockLPModeCmd             0x08017cb3   Thumb Code    82  stm32f4xx_rcc.o(.text)
    RCC_APB1PeriphClockLPModeCmd             0x08017d05   Thumb Code    82  stm32f4xx_rcc.o(.text)
    RCC_APB2PeriphClockLPModeCmd             0x08017d57   Thumb Code    82  stm32f4xx_rcc.o(.text)
    RCC_LSEModeConfig                        0x08017da9   Thumb Code    64  stm32f4xx_rcc.o(.text)
    RCC_ITConfig                             0x08017de9   Thumb Code    82  stm32f4xx_rcc.o(.text)
    RCC_ClearFlag                            0x08017e3b   Thumb Code    18  stm32f4xx_rcc.o(.text)
    RCC_GetITStatus                          0x08017e4d   Thumb Code    72  stm32f4xx_rcc.o(.text)
    RCC_ClearITPendingBit                    0x08017e95   Thumb Code    28  stm32f4xx_rcc.o(.text)
    SPI_I2S_DeInit                           0x08017eb9   Thumb Code   198  stm32f4xx_spi.o(.text)
    SPI_Init                                 0x08017f7f   Thumb Code   366  stm32f4xx_spi.o(.text)
    I2S_Init                                 0x080180ed   Thumb Code   624  stm32f4xx_spi.o(.text)
    SPI_StructInit                           0x0801835d   Thumb Code    24  stm32f4xx_spi.o(.text)
    I2S_StructInit                           0x08018375   Thumb Code    20  stm32f4xx_spi.o(.text)
    SPI_Cmd                                  0x08018389   Thumb Code   100  stm32f4xx_spi.o(.text)
    I2S_Cmd                                  0x080183ed   Thumb Code    88  stm32f4xx_spi.o(.text)
    SPI_DataSizeConfig                       0x08018445   Thumb Code    96  stm32f4xx_spi.o(.text)
    SPI_BiDirectionalLineConfig              0x080184a5   Thumb Code   112  stm32f4xx_spi.o(.text)
    SPI_NSSInternalSoftwareConfig            0x08018515   Thumb Code   114  stm32f4xx_spi.o(.text)
    SPI_SSOutputCmd                          0x08018587   Thumb Code   100  stm32f4xx_spi.o(.text)
    SPI_TIModeCmd                            0x080185eb   Thumb Code   100  stm32f4xx_spi.o(.text)
    I2S_FullDuplexConfig                     0x0801864f   Thumb Code   258  stm32f4xx_spi.o(.text)
    SPI_I2S_ReceiveData                      0x08018751   Thumb Code   100  stm32f4xx_spi.o(.text)
    SPI_I2S_SendData                         0x080187b5   Thumb Code    72  stm32f4xx_spi.o(.text)
    SPI_CalculateCRC                         0x080187fd   Thumb Code   100  stm32f4xx_spi.o(.text)
    SPI_TransmitCRC                          0x08018861   Thumb Code    64  stm32f4xx_spi.o(.text)
    SPI_GetCRC                               0x080188a1   Thumb Code    92  stm32f4xx_spi.o(.text)
    SPI_GetCRCPolynomial                     0x080188fd   Thumb Code    58  stm32f4xx_spi.o(.text)
    SPI_I2S_DMACmd                           0x08018937   Thumb Code   132  stm32f4xx_spi.o(.text)
    SPI_I2S_ITConfig                         0x080189bb   Thumb Code   156  stm32f4xx_spi.o(.text)
    SPI_I2S_GetFlagStatus                    0x08018a57   Thumb Code   138  stm32f4xx_spi.o(.text)
    SPI_I2S_ClearFlag                        0x08018ae1   Thumb Code    92  stm32f4xx_spi.o(.text)
    SPI_I2S_GetITStatus                      0x08018b3d   Thumb Code   200  stm32f4xx_spi.o(.text)
    SPI_I2S_ClearITPendingBit                0x08018c05   Thumb Code   104  stm32f4xx_spi.o(.text)
    SYSCFG_DeInit                            0x08018c89   Thumb Code    22  stm32f4xx_syscfg.o(.text)
    SYSCFG_MemoryRemapConfig                 0x08018c9f   Thumb Code    34  stm32f4xx_syscfg.o(.text)
    SYSCFG_MemorySwappingBank                0x08018cc1   Thumb Code    26  stm32f4xx_syscfg.o(.text)
    SYSCFG_EXTILineConfig                    0x08018cdb   Thumb Code   194  stm32f4xx_syscfg.o(.text)
    SYSCFG_ETH_MediaInterfaceConfig          0x08018d9d   Thumb Code    26  stm32f4xx_syscfg.o(.text)
    SYSCFG_CompensationCellCmd               0x08018db7   Thumb Code    26  stm32f4xx_syscfg.o(.text)
    SYSCFG_GetCompensationCellStatus         0x08018dd1   Thumb Code    22  stm32f4xx_syscfg.o(.text)
    TIM_DeInit                               0x08018e25   Thumb Code   440  stm32f4xx_tim.o(.text)
    TIM_TimeBaseInit                         0x08018fdd   Thumb Code   278  stm32f4xx_tim.o(.text)
    TIM_TimeBaseStructInit                   0x080190f3   Thumb Code    18  stm32f4xx_tim.o(.text)
    TIM_PrescalerConfig                      0x08019105   Thumb Code   128  stm32f4xx_tim.o(.text)
    TIM_CounterModeConfig                    0x08019185   Thumb Code   100  stm32f4xx_tim.o(.text)
    TIM_SetCounter                           0x080191e9   Thumb Code   202  stm32f4xx_tim.o(.text)
    TIM_SetAutoreload                        0x080192b3   Thumb Code   108  stm32f4xx_tim.o(.text)
    TIM_GetCounter                           0x0801931f   Thumb Code   106  stm32f4xx_tim.o(.text)
    TIM_GetPrescaler                         0x08019389   Thumb Code   106  stm32f4xx_tim.o(.text)
    TIM_UpdateDisableConfig                  0x080193f3   Thumb Code   148  stm32f4xx_tim.o(.text)
    TIM_UpdateRequestConfig                  0x08019487   Thumb Code   148  stm32f4xx_tim.o(.text)
    TIM_ARRPreloadConfig                     0x0801951b   Thumb Code   148  stm32f4xx_tim.o(.text)
    TIM_SelectOnePulseMode                   0x080195af   Thumb Code   142  stm32f4xx_tim.o(.text)
    TIM_SetClockDivision                     0x0801963d   Thumb Code   192  stm32f4xx_tim.o(.text)
    TIM_Cmd                                  0x080196fd   Thumb Code   148  stm32f4xx_tim.o(.text)
    TIM_OC1Init                              0x08019791   Thumb Code   416  stm32f4xx_tim.o(.text)
    TIM_OC2Init                              0x08019931   Thumb Code   486  stm32f4xx_tim.o(.text)
    TIM_OC3Init                              0x08019b17   Thumb Code   416  stm32f4xx_tim.o(.text)
    TIM_OC4Init                              0x08019cb7   Thumb Code   300  stm32f4xx_tim.o(.text)
    TIM_OCStructInit                         0x08019de3   Thumb Code    20  stm32f4xx_tim.o(.text)
    TIM_SelectOCxM                           0x08019df7   Thumb Code   256  stm32f4xx_tim.o(.text)
    TIM_SetCompare1                          0x08019ef7   Thumb Code   142  stm32f4xx_tim.o(.text)
    TIM_SetCompare2                          0x08019f85   Thumb Code    72  stm32f4xx_tim.o(.text)
    TIM_SetCompare3                          0x08019fcd   Thumb Code    60  stm32f4xx_tim.o(.text)
    TIM_SetCompare4                          0x0801a009   Thumb Code    60  stm32f4xx_tim.o(.text)
    TIM_ForcedOC1Config                      0x0801a045   Thumb Code   130  stm32f4xx_tim.o(.text)
    TIM_ForcedOC2Config                      0x0801a0c7   Thumb Code   114  stm32f4xx_tim.o(.text)
    TIM_ForcedOC3Config                      0x0801a139   Thumb Code    94  stm32f4xx_tim.o(.text)
    TIM_ForcedOC4Config                      0x0801a197   Thumb Code   102  stm32f4xx_tim.o(.text)
    TIM_OC1PreloadConfig                     0x0801a1fd   Thumb Code   126  stm32f4xx_tim.o(.text)
    TIM_OC2PreloadConfig                     0x0801a27b   Thumb Code   108  stm32f4xx_tim.o(.text)
    TIM_OC3PreloadConfig                     0x0801a2e7   Thumb Code   138  stm32f4xx_tim.o(.text)
    TIM_OC4PreloadConfig                     0x0801a371   Thumb Code    96  stm32f4xx_tim.o(.text)
    TIM_OC1FastConfig                        0x0801a3d1   Thumb Code   124  stm32f4xx_tim.o(.text)
    TIM_OC2FastConfig                        0x0801a44d   Thumb Code   108  stm32f4xx_tim.o(.text)
    TIM_OC3FastConfig                        0x0801a4b9   Thumb Code    88  stm32f4xx_tim.o(.text)
    TIM_OC4FastConfig                        0x0801a511   Thumb Code    96  stm32f4xx_tim.o(.text)
    TIM_ClearOC1Ref                          0x0801a571   Thumb Code   124  stm32f4xx_tim.o(.text)
    TIM_ClearOC2Ref                          0x0801a5ed   Thumb Code   106  stm32f4xx_tim.o(.text)
    TIM_ClearOC3Ref                          0x0801a657   Thumb Code    88  stm32f4xx_tim.o(.text)
    TIM_ClearOC4Ref                          0x0801a6af   Thumb Code    94  stm32f4xx_tim.o(.text)
    TIM_OC1PolarityConfig                    0x0801a70d   Thumb Code   174  stm32f4xx_tim.o(.text)
    TIM_OC1NPolarityConfig                   0x0801a7bb   Thumb Code    64  stm32f4xx_tim.o(.text)
    TIM_OC2PolarityConfig                    0x0801a7fb   Thumb Code   108  stm32f4xx_tim.o(.text)
    TIM_OC2NPolarityConfig                   0x0801a867   Thumb Code    72  stm32f4xx_tim.o(.text)
    TIM_OC3PolarityConfig                    0x0801a8af   Thumb Code    96  stm32f4xx_tim.o(.text)
    TIM_OC3NPolarityConfig                   0x0801a90f   Thumb Code    72  stm32f4xx_tim.o(.text)
    TIM_OC4PolarityConfig                    0x0801a957   Thumb Code    96  stm32f4xx_tim.o(.text)
    TIM_CCxCmd                               0x0801a9b7   Thumb Code   168  stm32f4xx_tim.o(.text)
    TIM_CCxNCmd                              0x0801aa5f   Thumb Code   104  stm32f4xx_tim.o(.text)
    TIM_SetIC4Prescaler                      0x0801aac7   Thumb Code   106  stm32f4xx_tim.o(.text)
    TIM_SetIC3Prescaler                      0x0801abb1   Thumb Code    98  stm32f4xx_tim.o(.text)
    TIM_SetIC2Prescaler                      0x0801ac5b   Thumb Code   118  stm32f4xx_tim.o(.text)
    TIM_SetIC1Prescaler                      0x0801ad21   Thumb Code   134  stm32f4xx_tim.o(.text)
    TIM_ICInit                               0x0801ade1   Thumb Code   508  stm32f4xx_tim.o(.text)
    TIM_ICStructInit                         0x0801afdd   Thumb Code    18  stm32f4xx_tim.o(.text)
    TIM_PWMIConfig                           0x0801afef   Thumb Code   184  stm32f4xx_tim.o(.text)
    TIM_GetCapture1                          0x0801b0a7   Thumb Code    92  stm32f4xx_tim.o(.text)
    TIM_GetCapture2                          0x0801b103   Thumb Code    68  stm32f4xx_tim.o(.text)
    TIM_GetCapture3                          0x0801b147   Thumb Code    56  stm32f4xx_tim.o(.text)
    TIM_GetCapture4                          0x0801b17f   Thumb Code    56  stm32f4xx_tim.o(.text)
    TIM_BDTRConfig                           0x0801b1b7   Thumb Code   222  stm32f4xx_tim.o(.text)
    TIM_BDTRStructInit                       0x0801b295   Thumb Code    18  stm32f4xx_tim.o(.text)
    TIM_CtrlPWMOutputs                       0x0801b2a7   Thumb Code    78  stm32f4xx_tim.o(.text)
    TIM_SelectCOM                            0x0801b2f5   Thumb Code    72  stm32f4xx_tim.o(.text)
    TIM_CCPreloadControl                     0x0801b33d   Thumb Code    72  stm32f4xx_tim.o(.text)
    TIM_ITConfig                             0x0801b385   Thumb Code   218  stm32f4xx_tim.o(.text)
    TIM_GenerateEvent                        0x0801b45f   Thumb Code   126  stm32f4xx_tim.o(.text)
    TIM_GetFlagStatus                        0x0801b4dd   Thumb Code   188  stm32f4xx_tim.o(.text)
    TIM_ClearFlag                            0x0801b599   Thumb Code   108  stm32f4xx_tim.o(.text)
    TIM_GetITStatus                          0x0801b605   Thumb Code   186  stm32f4xx_tim.o(.text)
    TIM_ClearITPendingBit                    0x0801b6bf   Thumb Code   108  stm32f4xx_tim.o(.text)
    TIM_DMAConfig                            0x0801b72b   Thumb Code   334  stm32f4xx_tim.o(.text)
    TIM_DMACmd                               0x0801b879   Thumb Code   126  stm32f4xx_tim.o(.text)
    TIM_SelectCCDMA                          0x0801b8f7   Thumb Code    96  stm32f4xx_tim.o(.text)
    TIM_InternalClockConfig                  0x0801b957   Thumb Code    76  stm32f4xx_tim.o(.text)
    TIM_SelectInputTrigger                   0x0801b9a3   Thumb Code   148  stm32f4xx_tim.o(.text)
    TIM_ITRxExternalClockConfig              0x0801ba37   Thumb Code   110  stm32f4xx_tim.o(.text)
    TIM_TIxExternalClockConfig               0x0801baa5   Thumb Code   184  stm32f4xx_tim.o(.text)
    TIM_ETRConfig                            0x0801bb5d   Thumb Code   164  stm32f4xx_tim.o(.text)
    TIM_ETRClockMode1Config                  0x0801bc01   Thumb Code   228  stm32f4xx_tim.o(.text)
    TIM_ETRClockMode2Config                  0x0801bce5   Thumb Code   152  stm32f4xx_tim.o(.text)
    TIM_SelectOutputTrigger                  0x0801bd7d   Thumb Code   126  stm32f4xx_tim.o(.text)
    TIM_SelectSlaveMode                      0x0801bdfb   Thumb Code   112  stm32f4xx_tim.o(.text)
    TIM_SelectMasterSlaveMode                0x0801be6b   Thumb Code   102  stm32f4xx_tim.o(.text)
    TIM_EncoderInterfaceConfig               0x0801bed1   Thumb Code   226  stm32f4xx_tim.o(.text)
    TIM_SelectHallSensor                     0x0801bfb3   Thumb Code   108  stm32f4xx_tim.o(.text)
    TIM_RemapConfig                          0x0801c01f   Thumb Code   138  stm32f4xx_tim.o(.text)
    USART_DeInit                             0x0801c0a9   Thumb Code   276  stm32f4xx_usart.o(.text)
    USART_Init                               0x0801c1bd   Thumb Code   492  stm32f4xx_usart.o(.text)
    USART_StructInit                         0x0801c3a9   Thumb Code    24  stm32f4xx_usart.o(.text)
    USART_ClockInit                          0x0801c3c1   Thumb Code   166  stm32f4xx_usart.o(.text)
    USART_ClockStructInit                    0x0801c467   Thumb Code    12  stm32f4xx_usart.o(.text)
    USART_Cmd                                0x0801c473   Thumb Code   214  stm32f4xx_usart.o(.text)
    USART_SetPrescaler                       0x0801c549   Thumb Code    96  stm32f4xx_usart.o(.text)
    USART_OverSampling8Cmd                   0x0801c5a9   Thumb Code   122  stm32f4xx_usart.o(.text)
    USART_OneBitMethodCmd                    0x0801c623   Thumb Code   124  stm32f4xx_usart.o(.text)
    USART_SendData                           0x0801c69f   Thumb Code   108  stm32f4xx_usart.o(.text)
    USART_ReceiveData                        0x0801c70b   Thumb Code    86  stm32f4xx_usart.o(.text)
    USART_SetAddress                         0x0801c761   Thumb Code   116  stm32f4xx_usart.o(.text)
    USART_ReceiverWakeUpCmd                  0x0801c7d5   Thumb Code   124  stm32f4xx_usart.o(.text)
    USART_WakeUpConfig                       0x0801c851   Thumb Code   120  stm32f4xx_usart.o(.text)
    USART_LINBreakDetectLengthConfig         0x0801c8c9   Thumb Code   160  stm32f4xx_usart.o(.text)
    USART_LINCmd                             0x0801c969   Thumb Code   124  stm32f4xx_usart.o(.text)
    USART_SendBreak                          0x0801c9e5   Thumb Code    88  stm32f4xx_usart.o(.text)
    USART_HalfDuplexCmd                      0x0801ca3d   Thumb Code   124  stm32f4xx_usart.o(.text)
    USART_SetGuardTime                       0x0801cab9   Thumb Code    60  stm32f4xx_usart.o(.text)
    USART_SmartCardCmd                       0x0801caf5   Thumb Code    88  stm32f4xx_usart.o(.text)
    USART_SmartCardNACKCmd                   0x0801cb4d   Thumb Code    88  stm32f4xx_usart.o(.text)
    USART_IrDAConfig                         0x0801cba5   Thumb Code   118  stm32f4xx_usart.o(.text)
    USART_IrDACmd                            0x0801cc1b   Thumb Code   124  stm32f4xx_usart.o(.text)
    USART_DMACmd                             0x0801cc97   Thumb Code   184  stm32f4xx_usart.o(.text)
    USART_ITConfig                           0x0801cd4f   Thumb Code   290  stm32f4xx_usart.o(.text)
    USART_GetFlagStatus                      0x0801ce71   Thumb Code   200  stm32f4xx_usart.o(.text)
    USART_ClearFlag                          0x0801cf39   Thumb Code   158  stm32f4xx_usart.o(.text)
    USART_GetITStatus                        0x0801cfd7   Thumb Code   306  stm32f4xx_usart.o(.text)
    USART_ClearITPendingBit                  0x0801d109   Thumb Code   234  stm32f4xx_usart.o(.text)
    FPGA_Init                                0x0801d205   Thumb Code   674  fpga.o(.text)
    FPGA_WriteBuffer                         0x0801d4a7   Thumb Code    24  fpga.o(.text)
    FPGA_ResetHardware                       0x0801d4bf   Thumb Code   104  fpga.o(.text)
    FPGA_ReadBuffer                          0x0801d527   Thumb Code    22  fpga.o(.text)
    FPGA_DATA_WriteBuffer                    0x0801d53d   Thumb Code    24  fpga.o(.text)
    FPGA_DATA_ReadBuffer                     0x0801d555   Thumb Code    22  fpga.o(.text)
    SysTick_Handler                          0x0801d57d   Thumb Code    38  scope_it.o(.text)
    TIM2_IRQHandler                          0x0801d5a3   Thumb Code   502  scope_it.o(.text)
    USART1_IRQHandler                        0x0801d799   Thumb Code    14  scope_it.o(.text)
    USART3_IRQHandler                        0x0801d7a7   Thumb Code    14  scope_it.o(.text)
    IT_SYS_DlyMs                             0x0801d7b5   Thumb Code    30  scope_it.o(.text)
    IT_SYS_GetTicks                          0x0801d7d3   Thumb Code     6  scope_it.o(.text)
    IT_SYS_SetTicks                          0x0801d7d9   Thumb Code    10  scope_it.o(.text)
    IT_SYS_SetDlyMs                          0x0801d7e3   Thumb Code    16  scope_it.o(.text)
    IT_SYS_CheckDlyFin                       0x0801d7f3   Thumb Code    20  scope_it.o(.text)
    IT_LIST_GetTicks                         0x0801d807   Thumb Code     6  scope_it.o(.text)
    IT_LIST_SetTicks                         0x0801d80d   Thumb Code    10  scope_it.o(.text)
    IT_ADC_GetTicks                          0x0801d817   Thumb Code     6  scope_it.o(.text)
    IT_ADC_SetTicks                          0x0801d81d   Thumb Code    10  scope_it.o(.text)
    assert_failed                            0x0801d895   Thumb Code    18  scope_eval.o(.text)
    fputc                                    0x0801d8a7   Thumb Code    16  scope_eval.o(.text)
    PF_InitTimer2                            0x0801d8b7   Thumb Code   122  scope_eval.o(.text)
    EVAL_Init                                0x0801da59   Thumb Code   220  scope_eval.o(.text)
    EVAL_OutputSet                           0x0801db35   Thumb Code    16  scope_eval.o(.text)
    EVAL_OutputClr                           0x0801db45   Thumb Code    16  scope_eval.o(.text)
    EVAL_OutputToggle                        0x0801db55   Thumb Code    26  scope_eval.o(.text)
    EVAL_InputGetState                       0x0801dc0b   Thumb Code    22  scope_eval.o(.text)
    MV_InitPara                              0x0801dcd1   Thumb Code   190  scope_move.o(.text)
    MV_Move                                  0x0801dd8f   Thumb Code   434  scope_move.o(.text)
    MV_Stop                                  0x0801df41   Thumb Code    98  scope_move.o(.text)
    MV_Wait                                  0x0801dfa3   Thumb Code    84  scope_move.o(.text)
    MV_GetStepsExecuted                      0x0801dff7   Thumb Code    56  scope_move.o(.text)
    MV_IsFinished                            0x0801e02f   Thumb Code    20  scope_move.o(.text)
    MV_IsrMoveHandling                       0x0801e043   Thumb Code   104  scope_move.o(.text)
    BUF_Send_Init                            0x0801e0bd   Thumb Code    14  buffercircle.o(.text)
    BUF_Send_PutChar                         0x0801e0cb   Thumb Code    54  buffercircle.o(.text)
    BUF_Send_GetChar                         0x0801e101   Thumb Code    74  buffercircle.o(.text)
    BUF_Send_PutNChar                        0x0801e1d5   Thumb Code    94  buffercircle.o(.text)
    BUF_Send_GetNChar                        0x0801e233   Thumb Code    94  buffercircle.o(.text)
    BUF_Recv_Init                            0x0801e291   Thumb Code    14  buffercircle.o(.text)
    BUF_Recv_PutChar                         0x0801e29f   Thumb Code    54  buffercircle.o(.text)
    BUF_Recv_GetChar                         0x0801e2d5   Thumb Code    74  buffercircle.o(.text)
    BUF_Recv_PutNChar                        0x0801e3a9   Thumb Code    94  buffercircle.o(.text)
    BUF_Recv_GetNChar                        0x0801e407   Thumb Code    94  buffercircle.o(.text)
    NET_BUF_Send_Init                        0x0801e475   Thumb Code    14  netbuffercircle.o(.text)
    NET_BUF_Send_PutChar                     0x0801e483   Thumb Code    54  netbuffercircle.o(.text)
    NET_BUF_Send_GetChar                     0x0801e4b9   Thumb Code    74  netbuffercircle.o(.text)
    NET_BUF_Send_GetLenConsume               0x0801e503   Thumb Code   112  netbuffercircle.o(.text)
    NET_BUF_Send_GetLenRemain                0x0801e573   Thumb Code    26  netbuffercircle.o(.text)
    NET_BUF_Send_PutNChar                    0x0801e58d   Thumb Code    94  netbuffercircle.o(.text)
    NET_BUF_Send_GetNChar                    0x0801e5eb   Thumb Code    94  netbuffercircle.o(.text)
    NET_BUF_Recv_Init                        0x0801e649   Thumb Code    14  netbuffercircle.o(.text)
    NET_BUF_Recv_PutChar                     0x0801e657   Thumb Code    54  netbuffercircle.o(.text)
    NET_BUF_Recv_GetChar                     0x0801e68d   Thumb Code    74  netbuffercircle.o(.text)
    NET_BUF_Recv_GetLenConsume               0x0801e6d7   Thumb Code   112  netbuffercircle.o(.text)
    NET_BUF_Recv_GetLenRemain                0x0801e747   Thumb Code    26  netbuffercircle.o(.text)
    NET_BUF_Recv_PutNChar                    0x0801e761   Thumb Code    94  netbuffercircle.o(.text)
    NET_BUF_Recv_GetNChar                    0x0801e7bf   Thumb Code    94  netbuffercircle.o(.text)
    SPG_Send_Init                            0x0801e82d   Thumb Code    14  samplebuffercircle.o(.text)
    SPG_Send_PutChar                         0x0801e83b   Thumb Code    52  samplebuffercircle.o(.text)
    SPG_Send_GetChar                         0x0801e86f   Thumb Code    68  samplebuffercircle.o(.text)
    SPG_Send_PutNChar                        0x0801e933   Thumb Code    92  samplebuffercircle.o(.text)
    SPG_Send_GetNChar                        0x0801e98f   Thumb Code    92  samplebuffercircle.o(.text)
    SPG_Recv_Init                            0x0801e9eb   Thumb Code    14  samplebuffercircle.o(.text)
    SPG_Recv_PutChar                         0x0801e9f9   Thumb Code    52  samplebuffercircle.o(.text)
    SPG_Recv_GetChar                         0x0801ea2d   Thumb Code    68  samplebuffercircle.o(.text)
    SPG_Recv_PutNChar                        0x0801eaf1   Thumb Code    92  samplebuffercircle.o(.text)
    SPG_Recv_GetNChar                        0x0801eb4d   Thumb Code    92  samplebuffercircle.o(.text)
    Delay_US                                 0x0801ebb9   Thumb Code    54  driver.o(.text)
    ADC1_DMA_Config                          0x0801ebef   Thumb Code   174  driver.o(.text)
    ADC1_Init                                0x0801ec9d   Thumb Code   192  driver.o(.text)
    DMA2_Stream0_IRQHandler                  0x0801ed5d   Thumb Code    72  driver.o(.text)
    DMA2_Stream3_IRQHandler                  0x0801eda5   Thumb Code    80  driver.o(.text)
    ADC2_DMA_Config                          0x0801edf5   Thumb Code   194  driver.o(.text)
    ADC2_Init                                0x0801eeb7   Thumb Code   174  driver.o(.text)
    ADC3_GPIO_Init                           0x0801ef65   Thumb Code   358  driver.o(.text)
    ADC3_Init                                0x0801f0cb   Thumb Code    84  driver.o(.text)
    Get_ADC3_Channel_Value                   0x0801f11f   Thumb Code    90  driver.o(.text)
    Get_Press_ADC                            0x0801f179   Thumb Code     4  driver.o(.text)
    Get_XK_ADC                               0x0801f17d   Thumb Code    18  driver.o(.text)
    Get_12V_N_ADC                            0x0801f18f   Thumb Code    18  driver.o(.text)
    Get_12V_P_ADC                            0x0801f1a1   Thumb Code    18  driver.o(.text)
    Get_56V_Cur_ADC                          0x0801f1b3   Thumb Code    18  driver.o(.text)
    Get_LED_Cur_ADC                          0x0801f1c5   Thumb Code    18  driver.o(.text)
    Get_Temp_ADC                             0x0801f1d7   Thumb Code    18  driver.o(.text)
    HW_Get_ADC_HGB                           0x0801f1e9   Thumb Code    20  driver.o(.text)
    HW_Get_ADC_CRP                           0x0801f1fd   Thumb Code    20  driver.o(.text)
    Get_HGB_Value                            0x0801f211   Thumb Code    38  driver.o(.text)
    Get_CRP_Value                            0x0801f237   Thumb Code    26  driver.o(.text)
    Press_I2C_Init                           0x0801f251   Thumb Code    96  driver.o(.text)
    Press_Init                               0x0801f2b1   Thumb Code     8  driver.o(.text)
    Press_I2C_Start                          0x0801f2b9   Thumb Code    68  driver.o(.text)
    Press_I2C_Stop                           0x0801f2fd   Thumb Code    60  driver.o(.text)
    Press_I2C_Wait_Ack                       0x0801f339   Thumb Code    78  driver.o(.text)
    Press_I2C_Ack                            0x0801f387   Thumb Code    72  driver.o(.text)
    Press_I2C_NAck                           0x0801f3cf   Thumb Code   134  driver.o(.text)
    Press_I2C_Send_Byte                      0x0801f455   Thumb Code   102  driver.o(.text)
    Press_I2C_Read_Byte                      0x0801f4bb   Thumb Code    98  driver.o(.text)
    Get_Press_I2C                            0x0801f51d   Thumb Code   202  driver.o(.text)
    Reset_Elec_Status                        0x0801f5e7   Thumb Code    14  driver.o(.text)
    Set_Elec_Status                          0x0801f5f5   Thumb Code    14  driver.o(.text)
    Get_Elec_Status                          0x0801f603   Thumb Code    14  driver.o(.text)
    Elec_Init                                0x0801f611   Thumb Code    44  driver.o(.text)
    Get_Elec_ADC                             0x0801f63d   Thumb Code    86  driver.o(.text)
    Beep_Init                                0x0801f693   Thumb Code    46  driver.o(.text)
    Beep                                     0x0801f6c1   Thumb Code    86  driver.o(.text)
    Pump_PWM_Init                            0x0801f717   Thumb Code   176  driver.o(.text)
    Pump_init                                0x0801f7c7   Thumb Code    22  driver.o(.text)
    Pump_AntiClockWise                       0x0801f7dd   Thumb Code     2  driver.o(.text)
    Pump_ClockWise                           0x0801f7df   Thumb Code     2  driver.o(.text)
    Pump_Speed_Set                           0x0801f7e1   Thumb Code    32  driver.o(.text)
    Pump_Exec                                0x0801f801   Thumb Code    80  driver.o(.text)
    Mixing_Motor_Init                        0x0801f851   Thumb Code    56  driver.o(.text)
    Mixing_Motor_Run                         0x0801f889   Thumb Code    12  driver.o(.text)
    Mixing_Motor_Stop                        0x0801f895   Thumb Code    12  driver.o(.text)
    Valve_Init                               0x0801f8a1   Thumb Code   100  driver.o(.text)
    Valve_Air_Exec                           0x0801f905   Thumb Code    32  driver.o(.text)
    Valve_Liquid_Exec                        0x0801f925   Thumb Code    30  driver.o(.text)
    Valve_Exec                               0x0801f943   Thumb Code    28  driver.o(.text)
    Turn_Motor_Init                          0x0801f95f   Thumb Code   252  driver.o(.text)
    Turn_Motor_Power                         0x0801fa5b   Thumb Code    32  driver.o(.text)
    Turn_Motor_Break                         0x0801fa7b   Thumb Code    18  driver.o(.text)
    Turn_Motor_Free                          0x0801fa8d   Thumb Code    18  driver.o(.text)
    Get_Turn_Reset_OC_Status                 0x0801fa9f   Thumb Code    12  driver.o(.text)
    Turn_Motor_Reset                         0x0801faab   Thumb Code   144  driver.o(.text)
    Get_Turn_Select_OC_Status                0x0801fb3b   Thumb Code    12  driver.o(.text)
    Turn_Motor_Anti_ClockWise                0x0801fb47   Thumb Code   188  driver.o(.text)
    Turn_Motor_ClockWise                     0x0801fc03   Thumb Code   254  driver.o(.text)
    Turn_Motor_Goto_Postion                  0x0801fd01   Thumb Code    28  driver.o(.text)
    Turn_Motor_Select_LED                    0x0801fd1d   Thumb Code   100  driver.o(.text)
    Get_Micro_OC_Status                      0x0801fd81   Thumb Code    12  driver.o(.text)
    EXTI9_5_IRQHandler                       0x0801fd8d   Thumb Code    96  driver.o(.text)
    Micro_OC_Init                            0x0801fded   Thumb Code   128  driver.o(.text)
    OC_Init                                  0x0801fe6d   Thumb Code   174  driver.o(.text)
    Get_Out_OC_Status                        0x0801ff1b   Thumb Code    12  driver.o(.text)
    Get_In_OC_Status                         0x0801ff27   Thumb Code    14  driver.o(.text)
    LED_Cur_DAC_Init                         0x0801ff35   Thumb Code    84  driver.o(.text)
    LED_Init                                 0x0801ff89   Thumb Code   630  driver.o(.text)
    LED_Cur_DAC_Set                          0x080201ff   Thumb Code    14  driver.o(.text)
    LED_Cur_Switch                           0x0802020d   Thumb Code    32  driver.o(.text)
    LED_Cur_Auto_Adjust                      0x0802022d   Thumb Code    98  driver.o(.text)
    LEC_Cur_ADC_Check_Channel                0x0802028f   Thumb Code    20  driver.o(.text)
    LED_Exec                                 0x080202a3   Thumb Code   246  driver.o(.text)
    LED_All_Reset                            0x08020399   Thumb Code    24  driver.o(.text)
    DRegister_SPI_Init                       0x080203b1   Thumb Code   252  driver.o(.text)
    DResistor_Init                           0x080204ad   Thumb Code    24  driver.o(.text)
    DRegister_Write                          0x080204c5   Thumb Code    28  driver.o(.text)
    DResistor_Set                            0x080204e1   Thumb Code    24  driver.o(.text)
    Driver_Debug                             0x080204f9   Thumb Code  2086  driver.o(.text)
    ADC24Bit_SPI_ReadWriteByte               0x08020d95   Thumb Code    80  ad7799.o(.text)
    ADC24Bit_SPI_Init                        0x08020de5   Thumb Code   324  ad7799.o(.text)
    ADC24Bit_GPIO_Init                       0x08020f29   Thumb Code   194  ad7799.o(.text)
    SPI_Write                                0x08020feb   Thumb Code   144  ad7799.o(.text)
    AD7799_Reset                             0x0802107b   Thumb Code    36  ad7799.o(.text)
    SPI_Read                                 0x0802109f   Thumb Code   144  ad7799.o(.text)
    AD7799_GetRegisterValue                  0x0802112f   Thumb Code   152  ad7799.o(.text)
    AD7799_SetRegisterValue                  0x080211c7   Thumb Code   106  ad7799.o(.text)
    AD7799_Init                              0x08021231   Thumb Code   254  ad7799.o(.text)
    ADC24Bit_Init                            0x0802132f   Thumb Code    12  ad7799.o(.text)
    AD7799_Calibrate                         0x0802133b   Thumb Code   256  ad7799.o(.text)
    AD7799_SetChannel                        0x0802143b   Thumb Code    36  ad7799.o(.text)
    AD7799_SetMode                           0x0802145f   Thumb Code    48  ad7799.o(.text)
    AD7799_SetGain                           0x0802148f   Thumb Code    38  ad7799.o(.text)
    AD7799_SetBurnoutCurren                  0x080214b5   Thumb Code    36  ad7799.o(.text)
    AD7799_SetBufMode                        0x080214d9   Thumb Code    36  ad7799.o(.text)
    AD7799_Get_Out_Data                      0x080214fd   Thumb Code    12  ad7799.o(.text)
    AD7799_Get_ADC_Value                     0x08021509   Thumb Code    14  ad7799.o(.text)
    AD7799_Get_Value                         0x08021517   Thumb Code    56  ad7799.o(.text)
    ethernetif_input                         0x080217ed   Thumb Code    42  ethernetif.o(.text)
    ethernetif_init                          0x08021817   Thumb Code    38  ethernetif.o(.text)
    etharp_tmr                               0x0802189b   Thumb Code   136  etharp.o(.text)
    etharp_cleanup_netif                     0x08021b69   Thumb Code    52  etharp.o(.text)
    etharp_find_addr                         0x08021b9d   Thumb Code    82  etharp.o(.text)
    etharp_request                           0x08021db1   Thumb Code    36  etharp.o(.text)
    etharp_query                             0x08021e3d   Thumb Code   338  etharp.o(.text)
    etharp_output                            0x08021f8f   Thumb Code   314  etharp.o(.text)
    ethernet_input                           0x080220c9   Thumb Code   178  etharp.o(.text)
    icmp_input                               0x0802218d   Thumb Code   340  icmp.o(.text)
    icmp_dest_unreach                        0x08022351   Thumb Code    18  icmp.o(.text)
    icmp_time_exceeded                       0x08022363   Thumb Code    18  icmp.o(.text)
    inet_chksum_pseudo                       0x080223db   Thumb Code   162  inet_chksum.o(.text)
    inet_chksum_pseudo_partial               0x0802247d   Thumb Code   184  inet_chksum.o(.text)
    inet_chksum                              0x08022535   Thumb Code    20  inet_chksum.o(.text)
    inet_chksum_pbuf                         0x08022549   Thumb Code    86  inet_chksum.o(.text)
    ip_route                                 0x080225a1   Thumb Code    76  ip.o(.text)
    ip_input                                 0x080225ed   Thumb Code   422  ip.o(.text)
    ip_output_if                             0x08022793   Thumb Code   192  ip.o(.text)
    ip_output                                0x08022853   Thumb Code    56  ip.o(.text)
    ip4_addr_isbroadcast                     0x080228a9   Thumb Code    78  ip_addr.o(.text)
    ip4_addr_netmask_valid                   0x080228f7   Thumb Code    52  ip_addr.o(.text)
    ipaddr_aton                              0x0802292b   Thumb Code   348  ip_addr.o(.text)
    ipaddr_addr                              0x08022a87   Thumb Code    24  ip_addr.o(.text)
    ipaddr_ntoa_r                            0x08022a9f   Thumb Code   168  ip_addr.o(.text)
    ipaddr_ntoa                              0x08022b47   Thumb Code    16  ip_addr.o(.text)
    ip_reass_tmr                             0x08022c21   Thumb Code    48  ip_frag.o(.text)
    ip_reass                                 0x08022e77   Thumb Code   396  ip_frag.o(.text)
    ip_frag                                  0x0802303f   Thumb Code   424  ip_frag.o(.text)
    lwip_htons                               0x080231f1   Thumb Code    12  def.o(.text)
    lwip_ntohs                               0x080231fd   Thumb Code    12  def.o(.text)
    lwip_htonl                               0x08023209   Thumb Code    26  def.o(.text)
    lwip_ntohl                               0x08023223   Thumb Code    12  def.o(.text)
    dhcp_renew                               0x080236c1   Thumb Code   160  dhcp.o(.text)
    dhcp_coarse_tmr                          0x08023825   Thumb Code    62  dhcp.o(.text)
    dhcp_release                             0x08023907   Thumb Code   162  dhcp.o(.text)
    dhcp_fine_tmr                            0x08023b31   Thumb Code    64  dhcp.o(.text)
    dhcp_set_struct                          0x08023bf7   Thumb Code    30  dhcp.o(.text)
    dhcp_cleanup                             0x08023c15   Thumb Code    24  dhcp.o(.text)
    dhcp_stop                                0x08023c2d   Thumb Code    58  dhcp.o(.text)
    dhcp_start                               0x08024073   Thumb Code   206  dhcp.o(.text)
    dhcp_inform                              0x08024141   Thumb Code   170  dhcp.o(.text)
    dhcp_network_changed                     0x080241eb   Thumb Code    80  dhcp.o(.text)
    dhcp_arp_reply                           0x080242b9   Thumb Code    46  dhcp.o(.text)
    mem_init                                 0x08024379   Thumb Code    74  mem.o(.text)
    mem_free                                 0x080243c3   Thumb Code    68  mem.o(.text)
    mem_trim                                 0x08024407   Thumb Code   288  mem.o(.text)
    mem_malloc                               0x08024527   Thumb Code   222  mem.o(.text)
    mem_calloc                               0x08024605   Thumb Code    34  mem.o(.text)
    memp_init                                0x08024639   Thumb Code    82  memp.o(.text)
    memp_malloc                              0x0802468b   Thumb Code    40  memp.o(.text)
    memp_free                                0x080246b3   Thumb Code    28  memp.o(.text)
    netif_init                               0x080246e1   Thumb Code     2  netif.o(.text)
    netif_set_gw                             0x080246e3   Thumb Code    12  netif.o(.text)
    netif_set_netmask                        0x080246ef   Thumb Code    12  netif.o(.text)
    netif_set_ipaddr                         0x080246fb   Thumb Code   110  netif.o(.text)
    netif_set_addr                           0x08024769   Thumb Code    40  netif.o(.text)
    netif_add                                0x08024791   Thumb Code   104  netif.o(.text)
    netif_set_default                        0x080247f9   Thumb Code     6  netif.o(.text)
    netif_set_down                           0x080247ff   Thumb Code    42  netif.o(.text)
    netif_remove                             0x08024829   Thumb Code    90  netif.o(.text)
    netif_find                               0x08024883   Thumb Code    64  netif.o(.text)
    netif_set_up                             0x080248c3   Thumb Code    54  netif.o(.text)
    netif_set_link_up                        0x080248f9   Thumb Code    80  netif.o(.text)
    netif_set_link_down                      0x08024949   Thumb Code    42  netif.o(.text)
    netif_set_link_callback                  0x08024973   Thumb Code     6  netif.o(.text)
    pbuf_free                                0x0802498d   Thumb Code   134  pbuf.o(.text)
    pbuf_alloc                               0x08024a13   Thumb Code   408  pbuf.o(.text)
    pbuf_alloced_custom                      0x08024bab   Thumb Code   108  pbuf.o(.text)
    pbuf_realloc                             0x08024c17   Thumb Code   120  pbuf.o(.text)
    pbuf_header                              0x08024c8f   Thumb Code   126  pbuf.o(.text)
    pbuf_clen                                0x08024d0d   Thumb Code    18  pbuf.o(.text)
    pbuf_ref                                 0x08024d1f   Thumb Code    10  pbuf.o(.text)
    pbuf_cat                                 0x08024d29   Thumb Code    56  pbuf.o(.text)
    pbuf_chain                               0x08024d61   Thumb Code    22  pbuf.o(.text)
    pbuf_dechain                             0x08024d77   Thumb Code    56  pbuf.o(.text)
    pbuf_copy                                0x08024daf   Thumb Code   192  pbuf.o(.text)
    pbuf_copy_partial                        0x08024e6f   Thumb Code   146  pbuf.o(.text)
    pbuf_take                                0x08024f01   Thumb Code   116  pbuf.o(.text)
    pbuf_coalesce                            0x08024f75   Thumb Code    60  pbuf.o(.text)
    pbuf_get_at                              0x08024fb1   Thumb Code    46  pbuf.o(.text)
    pbuf_memcmp                              0x08024fdf   Thumb Code    96  pbuf.o(.text)
    pbuf_memfind                             0x0802503f   Thumb Code    76  pbuf.o(.text)
    pbuf_strstr                              0x0802508b   Thumb Code    60  pbuf.o(.text)
    raw_input                                0x080250c9   Thumb Code   102  raw.o(.text)
    raw_bind                                 0x0802512f   Thumb Code    16  raw.o(.text)
    raw_connect                              0x0802513f   Thumb Code    16  raw.o(.text)
    raw_recv                                 0x0802514f   Thumb Code     6  raw.o(.text)
    raw_sendto                               0x08025155   Thumb Code   158  raw.o(.text)
    raw_send                                 0x080251f3   Thumb Code    18  raw.o(.text)
    raw_remove                               0x08025205   Thumb Code    60  raw.o(.text)
    raw_new                                  0x08025241   Thumb Code    42  raw.o(.text)
    tcp_init                                 0x08025279   Thumb Code     2  tcp.o(.text)
    tcp_seg_free                             0x0802527b   Thumb Code    26  tcp.o(.text)
    tcp_segs_free                            0x08025295   Thumb Code    24  tcp.o(.text)
    tcp_pcb_purge                            0x080252ad   Thumb Code    64  tcp.o(.text)
    tcp_slowtmr                              0x080252ed   Thumb Code   802  tcp.o(.text)
    tcp_pcb_remove                           0x0802560f   Thumb Code   140  tcp.o(.text)
    tcp_close                                0x08025873   Thumb Code    28  tcp.o(.text)
    tcp_update_rcv_ann_wnd                   0x0802588f   Thumb Code    78  tcp.o(.text)
    tcp_recved                               0x080258dd   Thumb Code    70  tcp.o(.text)
    tcp_recv_null                            0x08025923   Thumb Code    46  tcp.o(.text)
    tcp_process_refused_data                 0x08025951   Thumb Code   140  tcp.o(.text)
    tcp_fasttmr                              0x080259dd   Thumb Code   110  tcp.o(.text)
    tcp_tmr                                  0x08025a4b   Thumb Code    30  tcp.o(.text)
    tcp_shutdown                             0x08025a69   Thumb Code    98  tcp.o(.text)
    tcp_abandon                              0x08025acb   Thumb Code   170  tcp.o(.text)
    tcp_abort                                0x08025b75   Thumb Code    14  tcp.o(.text)
    tcp_bind                                 0x08025be3   Thumb Code   142  tcp.o(.text)
    tcp_listen_with_backlog                  0x08025c79   Thumb Code   198  tcp.o(.text)
    tcp_eff_send_mss                         0x08025d3f   Thumb Code    46  tcp.o(.text)
    tcp_next_iss                             0x08025d6d   Thumb Code    20  tcp.o(.text)
    tcp_connect                              0x08025d81   Thumb Code   328  tcp.o(.text)
    tcp_setprio                              0x08025ec9   Thumb Code     4  tcp.o(.text)
    tcp_alloc                                0x08025f4b   Thumb Code   242  tcp.o(.text)
    tcp_new                                  0x0802603d   Thumb Code    10  tcp.o(.text)
    tcp_arg                                  0x08026047   Thumb Code     4  tcp.o(.text)
    tcp_recv                                 0x0802604b   Thumb Code     8  tcp.o(.text)
    tcp_sent                                 0x08026053   Thumb Code     8  tcp.o(.text)
    tcp_err                                  0x0802605b   Thumb Code    10  tcp.o(.text)
    tcp_accept                               0x08026065   Thumb Code     4  tcp.o(.text)
    tcp_poll                                 0x08026069   Thumb Code    14  tcp.o(.text)
    tcp_debug_state_str                      0x08026077   Thumb Code    10  tcp.o(.text)
    tcp_input                                0x08026ea5   Thumb Code  1134  tcp_in.o(.text)
    tcp_enqueue_flags                        0x08027461   Thumb Code   272  tcp_out.o(.text)
    tcp_send_fin                             0x08027571   Thumb Code    74  tcp_out.o(.text)
    tcp_write                                0x080276a3   Thumb Code   902  tcp_out.o(.text)
    tcp_send_empty_ack                       0x08027a29   Thumb Code    78  tcp_out.o(.text)
    tcp_output                               0x08027b3f   Thumb Code   444  tcp_out.o(.text)
    tcp_rst                                  0x08027cfb   Thumb Code   124  tcp_out.o(.text)
    tcp_rexmit_rto                           0x08027d77   Thumb Code    58  tcp_out.o(.text)
    tcp_rexmit                               0x08027db1   Thumb Code    90  tcp_out.o(.text)
    tcp_rexmit_fast                          0x08027e0b   Thumb Code   112  tcp_out.o(.text)
    tcp_keepalive                            0x08027e7b   Thumb Code    68  tcp_out.o(.text)
    tcp_zero_window_probe                    0x08027ebf   Thumb Code   172  tcp_out.o(.text)
    tcp_timer_needed                         0x08027f6b   Thumb Code     2  timers.o(.text)
    udp_init                                 0x08027f6d   Thumb Code     2  udp.o(.text)
    udp_input                                0x08027fbf   Thumb Code   450  udp.o(.text)
    udp_bind                                 0x08028181   Thumb Code   122  udp.o(.text)
    udp_sendto_if                            0x080281fb   Thumb Code   206  udp.o(.text)
    udp_sendto                               0x080282c9   Thumb Code    46  udp.o(.text)
    udp_send                                 0x080282f7   Thumb Code    20  udp.o(.text)
    udp_connect                              0x0802830b   Thumb Code   110  udp.o(.text)
    udp_disconnect                           0x08028379   Thumb Code    16  udp.o(.text)
    udp_recv                                 0x08028389   Thumb Code     6  udp.o(.text)
    udp_remove                               0x0802838f   Thumb Code    60  udp.o(.text)
    udp_new                                  0x080283cb   Thumb Code    28  udp.o(.text)
    LwIP_Init                                0x080283ed   Thumb Code   164  netconf.o(.text)
    LwIP_Pkt_Handle                          0x08028491   Thumb Code    10  netconf.o(.text)
    LwIP_Periodic_Handle                     0x0802849b   Thumb Code    52  netconf.o(.text)
    ETH_BSP_Config                           0x080286b7   Thumb Code    38  stm32f4x7_eth_bsp.o(.text)
    Eth_Link_PHYITConfig                     0x080286dd   Thumb Code    70  stm32f4x7_eth_bsp.o(.text)
    Eth_Link_EXTIConfig                      0x08028723   Thumb Code   104  stm32f4x7_eth_bsp.o(.text)
    Eth_Link_ITHandler                       0x0802878b   Thumb Code    48  stm32f4x7_eth_bsp.o(.text)
    ETH_link_callback                        0x080287bb   Thumb Code   282  stm32f4x7_eth_bsp.o(.text)
    udp_echoserver_receive_callback          0x08028995   Thumb Code   174  udp_echoserver.o(.text)
    udp_echoserver_init                      0x08028a43   Thumb Code   162  udp_echoserver.o(.text)
    udp_echoserver_senddata                  0x08028ae5   Thumb Code    52  udp_echoserver.o(.text)
    __aeabi_memcpy                           0x08028bf1   Thumb Code    36  memcpya.o(.text)
    __aeabi_memcpy4                          0x08028bf1   Thumb Code     0  memcpya.o(.text)
    __aeabi_memcpy8                          0x08028bf1   Thumb Code     0  memcpya.o(.text)
    __aeabi_memset                           0x08028c15   Thumb Code    14  memseta.o(.text)
    __aeabi_memset4                          0x08028c15   Thumb Code     0  memseta.o(.text)
    __aeabi_memset8                          0x08028c15   Thumb Code     0  memseta.o(.text)
    __aeabi_memclr                           0x08028c23   Thumb Code     4  memseta.o(.text)
    __aeabi_memclr4                          0x08028c23   Thumb Code     0  memseta.o(.text)
    __aeabi_memclr8                          0x08028c23   Thumb Code     0  memseta.o(.text)
    _memset$wrapper                          0x08028c27   Thumb Code    18  memseta.o(.text)
    strncpy                                  0x08028c39   Thumb Code    24  strncpy.o(.text)
    strlen                                   0x08028c51   Thumb Code    14  strlen.o(.text)
    memcmp                                   0x08028c5f   Thumb Code    26  memcmp.o(.text)
    __aeabi_dadd                             0x08028c79   Thumb Code   322  dadd.o(.text)
    __aeabi_dsub                             0x08028dbb   Thumb Code     6  dadd.o(.text)
    __aeabi_drsub                            0x08028dc1   Thumb Code     6  dadd.o(.text)
    __aeabi_dmul                             0x08028dc7   Thumb Code   228  dmul.o(.text)
    __aeabi_ui2d                             0x08028eab   Thumb Code    26  dfltui.o(.text)
    __aeabi_d2iz                             0x08028ec5   Thumb Code    62  dfixi.o(.text)
    __aeabi_d2uiz                            0x08028f03   Thumb Code    50  dfixui.o(.text)
    __aeabi_f2d                              0x08028f35   Thumb Code    38  f2d.o(.text)
    __aeabi_cdrcmple                         0x08028f5d   Thumb Code    38  cdrcmple.o(.text)
    __aeabi_uidiv                            0x08028f85   Thumb Code     0  uidiv.o(.text)
    __aeabi_uidivmod                         0x08028f85   Thumb Code    44  uidiv.o(.text)
    __aeabi_uldivmod                         0x08028fb1   Thumb Code    98  uldiv.o(.text)
    __aeabi_llsl                             0x08029013   Thumb Code    30  llshl.o(.text)
    _ll_shift_l                              0x08029013   Thumb Code     0  llshl.o(.text)
    __aeabi_llsr                             0x08029031   Thumb Code    32  llushr.o(.text)
    _ll_ushift_r                             0x08029031   Thumb Code     0  llushr.o(.text)
    __aeabi_lasr                             0x08029051   Thumb Code    36  llsshr.o(.text)
    _ll_sshift_r                             0x08029051   Thumb Code     0  llsshr.o(.text)
    __I$use$fp                               0x08029075   Thumb Code     0  iusefp.o(.text)
    _double_round                            0x08029075   Thumb Code    26  depilogue.o(.text)
    _double_epilogue                         0x0802908f   Thumb Code   164  depilogue.o(.text)
    __aeabi_ddiv                             0x08029133   Thumb Code   222  ddiv.o(.text)
    __aeabi_d2ulz                            0x08029211   Thumb Code    48  dfixul.o(.text)
    __decompress                             0x08029241   Thumb Code     0  __dclz77c.o(.text)
    __decompress2                            0x08029241   Thumb Code    96  __dclz77c.o(.text)
    __0printf                                0x080292a1   Thumb Code    22  printfa.o(i.__0printf)
    __1printf                                0x080292a1   Thumb Code     0  printfa.o(i.__0printf)
    __2printf                                0x080292a1   Thumb Code     0  printfa.o(i.__0printf)
    __c89printf                              0x080292a1   Thumb Code     0  printfa.o(i.__0printf)
    printf                                   0x080292a1   Thumb Code     0  printfa.o(i.__0printf)
    __0sprintf                               0x080292c1   Thumb Code    34  printfa.o(i.__0sprintf)
    __1sprintf                               0x080292c1   Thumb Code     0  printfa.o(i.__0sprintf)
    __2sprintf                               0x080292c1   Thumb Code     0  printfa.o(i.__0sprintf)
    __c89sprintf                             0x080292c1   Thumb Code     0  printfa.o(i.__0sprintf)
    sprintf                                  0x080292c1   Thumb Code     0  printfa.o(i.__0sprintf)
    softver_edtion                           0x08029c54   Data           6  processscope.o(.constdata)
    FSMC_DefaultTimingStruct                 0x0802aa8c   Data          28  stm32f4xx_fsmc.o(.constdata)
    COM_USART                                0x0802aaa8   Data          12  scope_eval.o(.constdata)
    COM_USART_CLK                            0x0802aab4   Data          12  scope_eval.o(.constdata)
    COM_ET_IRQn                              0x0802aac0   Data           6  scope_eval.o(.constdata)
    COM_TX_PORT                              0x0802aac8   Data          12  scope_eval.o(.constdata)
    COM_TX_PIN                               0x0802aad4   Data           6  scope_eval.o(.constdata)
    COM_TX_PORT_CLK                          0x0802aadc   Data          12  scope_eval.o(.constdata)
    COM_RX_PORT                              0x0802aae8   Data          12  scope_eval.o(.constdata)
    COM_RX_PIN                               0x0802aaf4   Data           6  scope_eval.o(.constdata)
    COM_RX_PORT_CLK                          0x0802aafc   Data          12  scope_eval.o(.constdata)
    COM_AF_TX_PINSOURCE                      0x0802ab08   Data           3  scope_eval.o(.constdata)
    COM_AF_RX_PINSOURCE                      0x0802ab0b   Data           3  scope_eval.o(.constdata)
    COM_AF_UART                              0x0802ab0e   Data           3  scope_eval.o(.constdata)
    OUT_PORT                                 0x0802ab14   Data          28  scope_eval.o(.constdata)
    OUT_PIN                                  0x0802ab30   Data          14  scope_eval.o(.constdata)
    OUT_CLK                                  0x0802ab40   Data          28  scope_eval.o(.constdata)
    IN_PORT                                  0x0802ab5c   Data          28  scope_eval.o(.constdata)
    IN_PIN                                   0x0802ab78   Data          14  scope_eval.o(.constdata)
    IN_CLK                                   0x0802ab88   Data          28  scope_eval.o(.constdata)
    IN_ET_LINE                               0x0802aba4   Data          14  scope_eval.o(.constdata)
    IN_ET_PORT                               0x0802abb2   Data          14  scope_eval.o(.constdata)
    IN_ET_PIN                                0x0802abc0   Data          14  scope_eval.o(.constdata)
    IN_ET_IRQn                               0x0802abce   Data          14  scope_eval.o(.constdata)
    g_Turn_Motor_Table                       0x0802abec   Data          16  driver.o(.constdata)
    ethbroadcast                             0x0802abfc   Data           6  etharp.o(.constdata)
    ethzero                                  0x0802ac02   Data           6  etharp.o(.constdata)
    ip_addr_any                              0x0802ac08   Data           4  ip_addr.o(.constdata)
    ip_addr_broadcast                        0x0802ac0c   Data           4  ip_addr.o(.constdata)
    tcp_state_str                            0x0802ac34   Data          44  tcp.o(.constdata)
    tcp_backoff                              0x0802ac60   Data          13  tcp.o(.constdata)
    tcp_persist_backoff                      0x0802ac6d   Data           7  tcp.o(.constdata)
    tcp_pcb_lists                            0x0802ac74   Data          16  tcp.o(.constdata)
    SystemCoreClock                          0x20000000   Data           4  system_stm32f4xx.o(.data)
    AHBPrescTable                            0x20000004   Data          16  system_stm32f4xx.o(.data)
    g_tOCLevel                               0x2000001e   Data           4  systemscope.o(.data)
    g_tSystemStatus                          0x20000022   Data           3  systemscope.o(.data)
    g_atInterval                             0x20000026   Data           8  systemscope.o(.data)
    g_nError                                 0x20000030   Data           4  systemscope.o(.data)
    g_nFlag                                  0x20000034   Data           4  systemscope.o(.data)
    g_Test_Mode                              0x20000042   Data           1  processscope.o(.data)
    g_Micro_Switch                           0x20000043   Data           1  processscope.o(.data)
    g_Udp_Count                              0x20000048   Data           4  processscope.o(.data)
    g_Frame_Count                            0x2000004c   Data           4  processscope.o(.data)
    g_Send_Fail                              0x20000050   Data           4  processscope.o(.data)
    g_AirLight_Flag                          0x20000054   Data           1  processscope.o(.data)
    g_Debug_Data                             0x2000006e   Data         512  interfacescope.o(.data)
    DMATxDescToSet                           0x20000294   Data           4  stm32f4x7_eth.o(.data)
    DMARxDescToGet                           0x20000298   Data           4  stm32f4x7_eth.o(.data)
    DMA_RX_FRAME_infos                       0x2000029c   Data           4  stm32f4x7_eth.o(.data)
    Frame_Rx_index                           0x200002a0   Data           4  stm32f4x7_eth.o(.data)
    g_Elec_Status                            0x20000314   Data           1  driver.o(.data)
    g_Turn_Position                          0x20000315   Data           1  driver.o(.data)
    current_netif                            0x20000318   Data           4  ip.o(.data)
    current_header                           0x2000031c   Data           4  ip.o(.data)
    current_iphdr_src                        0x20000320   Data           4  ip.o(.data)
    current_iphdr_dest                       0x20000324   Data           4  ip.o(.data)
    netif_list                               0x20000344   Data           4  netif.o(.data)
    netif_default                            0x20000348   Data           4  netif.o(.data)
    tcp_ticks                                0x2000035c   Data           4  tcp.o(.data)
    tcp_bound_pcbs                           0x20000360   Data           4  tcp.o(.data)
    tcp_listen_pcbs                          0x20000364   Data           4  tcp.o(.data)
    tcp_active_pcbs                          0x20000368   Data           4  tcp.o(.data)
    tcp_tw_pcbs                              0x2000036c   Data           4  tcp.o(.data)
    tcp_tmp_pcb                              0x20000370   Data           4  tcp.o(.data)
    tcp_active_pcbs_changed                  0x20000374   Data           1  tcp.o(.data)
    tcp_input_pcb                            0x20000394   Data           4  tcp_in.o(.data)
    udp_pcbs                                 0x2000039c   Data           4  udp.o(.data)
    TCPTimer                                 0x200003ac   Data           4  netconf.o(.data)
    ARPTimer                                 0x200003b0   Data           4  netconf.o(.data)
    IPaddress                                0x200003b4   Data           4  netconf.o(.data)
    EthStatus                                0x200003c4   Data           4  stm32f4x7_eth_bsp.o(.data)
    s_tAddr                                  0x200003d4   Data           4  udp_echoserver.o(.data)
    s_nPort                                  0x200003d8   Data           2  udp_echoserver.o(.data)
    s_ptUpcb                                 0x200003dc   Data           4  udp_echoserver.o(.data)
    __stdout                                 0x200003e0   Data           4  stdout.o(.data)
    g_tAxisPosStatus                         0x200003e4   Data          28  systemscope.o(.bss)
    g_tSystemPara                            0x20000400   Data          54  systemscope.o(.bss)
    g_nErrorParaSet                          0x20000436   Data          64  systemscope.o(.bss)
    ADC1_Status                              0x20000478   Data          12  processscope.o(.bss)
    g_ADC1_Buffer                            0x20000484   Data         512  processscope.o(.bss)
    ADC2_Status                              0x20000684   Data          12  processscope.o(.bss)
    g_ADC2_Buffer                            0x20000690   Data         512  processscope.o(.bss)
    g_CRP_Data                               0x20000890   Data        1032  processscope.o(.bss)
    g_NET_achCmdRvBuf                        0x20000c98   Data         256  protocol.o(.bss)
    g_achFbkSdBuf                            0x20000d98   Data        1500  protocol.o(.bss)
    g_achFbkSdLogBuf                         0x20001374   Data        1500  protocol.o(.bss)
    g_SPG_achCmdRvBuf                        0x20002508   Data          80  samplingport.o(.bss)
    g_Record_Param                           0x20002558   Data          28  storagemanagement.o(.bss)
    DMARxDscrTab                             0x20002574   Data         256  stm32f4x7_eth.o(.bss)
    DMATxDscrTab                             0x20002674   Data         256  stm32f4x7_eth.o(.bss)
    Rx_Buff                                  0x20002774   Data       12192  stm32f4x7_eth.o(.bss)
    Tx_Buff                                  0x20005714   Data       12192  stm32f4x7_eth.o(.bss)
    RX_Frame_Descriptor                      0x200086b4   Data          12  stm32f4x7_eth.o(.bss)
    g_atMotorStatus                          0x200086c0   Data          16  scope_move.o(.bss)
    g_atMotorPara                            0x200086d0   Data          32  scope_move.o(.bss)
    dhcp_rx_options_val                      0x20009ed4   Data          40  dhcp.o(.bss)
    dhcp_rx_options_given                    0x20009efc   Data          10  dhcp.o(.bss)
    ram_heap                                 0x20009f06   Data       10260  mem.o(.bss)
    gnetif                                   0x20011334   Data          56  netconf.o(.bss)
    ETH_InitStructure                        0x2001136c   Data         188  stm32f4x7_eth_bsp.o(.bss)
    __initial_sp                             0x20015428   Data           0  startup_stm32f40_41xxx.o(STACK)



==============================================================================

Memory Map of the image

  Image Entry point : 0x08000189

  Load Region LR_IROM1 (Base: 0x08000000, Size: 0x000005e4, Max: 0x00003fff, ABSOLUTE, COMPRESSED[0x000002f0])

    Execution Region ER_IROM1 (Base: 0x08000000, Size: 0x00000200, Max: 0x00003fff, ABSOLUTE)

    Base Addr    Size         Type   Attr      Idx    E Section Name        Object

    0x08000000   0x00000188   Data   RO          294    RESET               startup_stm32f40_41xxx.o
    0x08000188   0x00000000   Code   RO         2133  * .ARM.Collect$$$$00000000  mc_w.l(entry.o)
    0x08000188   0x00000004   Code   RO         2423    .ARM.Collect$$$$00000001  mc_w.l(entry2.o)
    0x0800018c   0x00000004   Code   RO         2426    .ARM.Collect$$$$00000004  mc_w.l(entry5.o)
    0x08000190   0x00000000   Code   RO         2428    .ARM.Collect$$$$00000008  mc_w.l(entry7b.o)
    0x08000190   0x00000000   Code   RO         2430    .ARM.Collect$$$$0000000A  mc_w.l(entry8b.o)
    0x08000190   0x00000008   Code   RO         2431    .ARM.Collect$$$$0000000B  mc_w.l(entry9a.o)
    0x08000198   0x00000000   Code   RO         2433    .ARM.Collect$$$$0000000D  mc_w.l(entry10a.o)
    0x08000198   0x00000000   Code   RO         2435    .ARM.Collect$$$$0000000F  mc_w.l(entry11a.o)
    0x08000198   0x00000004   Code   RO         2424    .ARM.Collect$$$$00002712  mc_w.l(entry2.o)
    0x0800019c   0x00000024   Code   RO         2455    .text               mc_w.l(init.o)
    0x080001c0   0x0000000e   Code   RO         2459    i.__scatterload_copy  mc_w.l(handlers.o)
    0x080001ce   0x00000002   Code   RO         2460    i.__scatterload_null  mc_w.l(handlers.o)
    0x080001d0   0x0000000e   Code   RO         2461    i.__scatterload_zeroinit  mc_w.l(handlers.o)
    0x080001de   0x00000002   PAD
    0x080001e0   0x00000020   Data   RO         2457    Region$$Table       anon$$obj.o


    Execution Region RW_IRAM1 (Base: 0x20000000, Size: 0x00015428, Max: 0x00020000, ABSOLUTE, COMPRESSED[0x000000f0])

    Base Addr    Size         Type   Attr      Idx    E Section Name        Object

    0x20000000   0x00000014   Data   RW          269    .data               system_stm32f4xx.o
    0x20000014   0x00000024   Data   RW          304    .data               systemscope.o
    0x20000038   0x0000001d   Data   RW          332    .data               processscope.o
    0x20000055   0x0000000c   Data   RW          362    .data               protocol.o
    0x20000061   0x00000003   PAD
    0x20000064   0x0000021a   Data   RW          394    .data               interfacescope.o
    0x2000027e   0x00000014   Data   RW          422    .data               samplingport.o
    0x20000292   0x00000002   PAD
    0x20000294   0x00000010   Data   RW          476    .data               stm32f4x7_eth.o
    0x200002a4   0x00000010   Data   RW         1031    .data               stm32f4xx_rcc.o
    0x200002b4   0x00000020   Data   RW         1238    .data               scope_it.o
    0x200002d4   0x00000012   Data   RW         1317    .data               buffercircle.o
    0x200002e6   0x00000012   Data   RW         1340    .data               netbuffercircle.o
    0x200002f8   0x00000012   Data   RW         1363    .data               samplebuffercircle.o
    0x2000030a   0x0000000c   Data   RW         1413    .data               driver.o
    0x20000316   0x00000001   Data   RW         1529    .data               etharp.o
    0x20000317   0x00000001   PAD
    0x20000318   0x00000012   Data   RW         1644    .data               ip.o
    0x2000032a   0x00000002   PAD
    0x2000032c   0x00000006   Data   RW         1704    .data               ip_frag.o
    0x20000332   0x00000002   PAD
    0x20000334   0x00000004   Data   RW         1734    .data               dhcp.o
    0x20000338   0x0000000c   Data   RW         1792    .data               mem.o
    0x20000344   0x00000009   Data   RW         1834    .data               netif.o
    0x2000034d   0x00000003   PAD
    0x20000350   0x00000004   Data   RW         1868    .data               raw.o
    0x20000354   0x00000023   Data   RW         1896    .data               tcp.o
    0x20000377   0x00000001   PAD
    0x20000378   0x00000020   Data   RW         1919    .data               tcp_in.o
    0x20000398   0x00000008   Data   RW         1965    .data               udp.o
    0x200003a0   0x00000018   Data   RW         2048    .data               netconf.o
    0x200003b8   0x00000010   Data   RW         2073    .data               stm32f4x7_eth_bsp.o
    0x200003c8   0x00000018   Data   RW         2106    .data               udp_echoserver.o
    0x200003e0   0x00000004   Data   RW         2437    .data               mc_w.l(stdout.o)
    0x200003e4   0x00000092   Zero   RW          302    .bss                systemscope.o
    0x20000476   0x00000002   PAD
    0x20000478   0x00000820   Zero   RW          330    .bss                processscope.o
    0x20000c98   0x00000cb8   Zero   RW          361    .bss                protocol.o
    0x20001950   0x00000bb8   Zero   RW          392    .bss                interfacescope.o
    0x20002508   0x00000050   Zero   RW          421    .bss                samplingport.o
    0x20002558   0x0000001c   Zero   RW          448    .bss                storagemanagement.o
    0x20002574   0x0000614c   Zero   RW          475    .bss                stm32f4x7_eth.o
    0x200086c0   0x00000030   Zero   RW         1288    .bss                scope_move.o
    0x200086f0   0x000009c4   Zero   RW         1316    .bss                buffercircle.o
    0x200090b4   0x00000c80   Zero   RW         1339    .bss                netbuffercircle.o
    0x20009d34   0x000000c8   Zero   RW         1362    .bss                samplebuffercircle.o
    0x20009dfc   0x000000c8   Zero   RW         1527    .bss                etharp.o
    0x20009ec4   0x00000010   Zero   RW         1681    .bss                ip_addr.o
    0x20009ed4   0x00000032   Zero   RW         1733    .bss                dhcp.o
    0x20009f06   0x00002814   Zero   RW         1791    .bss                mem.o
    0x2000c71a   0x00000002   PAD
    0x2000c71c   0x00004c07   Zero   RW         1807    .bss                memp.o
    0x20011323   0x00000001   PAD
    0x20011324   0x00000010   Zero   RW         1918    .bss                tcp_in.o
    0x20011334   0x00000038   Zero   RW         2047    .bss                netconf.o
    0x2001136c   0x000000bc   Zero   RW         2072    .bss                stm32f4x7_eth_bsp.o
    0x20011428   0x00004000   Zero   RW          292    STACK               startup_stm32f40_41xxx.o



  Load Region LR_IROM2 (Base: 0x08008000, Size: 0x00022d38, Max: 0x0003ffff, ABSOLUTE)

    Execution Region ER_IROM2 (Base: 0x08008000, Size: 0x00022d38, Max: 0x0003ffff, ABSOLUTE)

    Base Addr    Size         Type   Attr      Idx    E Section Name        Object

    0x08008000   0x0000022c   Code   RO            3    .text               scopemain.o
    0x0800822c   0x000002cc   Code   RO          268    .text               system_stm32f4xx.o
    0x080084f8   0x00000024   Code   RO          295    .text               startup_stm32f40_41xxx.o
    0x0800851c   0x000001d4   Code   RO          301    .text               systemscope.o
    0x080086f0   0x000054e4   Code   RO          329    .text               processscope.o
    0x0800dbd4   0x0000049c   Code   RO          360    .text               protocol.o
    0x0800e070   0x000019f8   Code   RO          391    .text               interfacescope.o
    0x0800fa68   0x00000364   Code   RO          420    .text               samplingport.o
    0x0800fdcc   0x00000190   Code   RO          447    .text               storagemanagement.o
    0x0800ff5c   0x00001e30   Code   RO          474    .text               stm32f4x7_eth.o
    0x08011d8c   0x000001dc   Code   RO          498    .text               misc.o
    0x08011f68   0x00001070   Code   RO          538    .text               stm32f4xx_adc.o
    0x08012fd8   0x000005f8   Code   RO          678    .text               stm32f4xx_dac.o
    0x080135d0   0x000013a4   Code   RO          761    .text               stm32f4xx_dma.o
    0x08014974   0x000002f8   Code   RO          781    .text               stm32f4xx_exti.o
    0x08014c6c   0x00000a94   Code   RO          801    .text               stm32f4xx_flash.o
    0x08015700   0x00000e48   Code   RO          844    .text               stm32f4xx_fsmc.o
    0x08016548   0x00000a10   Code   RO          867    .text               stm32f4xx_gpio.o
    0x08016f58   0x00000f60   Code   RO         1030    .text               stm32f4xx_rcc.o
    0x08017eb8   0x00000dd0   Code   RO         1135    .text               stm32f4xx_spi.o
    0x08018c88   0x0000019c   Code   RO         1155    .text               stm32f4xx_syscfg.o
    0x08018e24   0x00003284   Code   RO         1175    .text               stm32f4xx_tim.o
    0x0801c0a8   0x0000115c   Code   RO         1195    .text               stm32f4xx_usart.o
    0x0801d204   0x00000378   Code   RO         1215    .text               fpga.o
    0x0801d57c   0x000002f8   Code   RO         1237    .text               scope_it.o
    0x0801d874   0x0000045c   Code   RO         1259    .text               scope_eval.o
    0x0801dcd0   0x000003ec   Code   RO         1287    .text               scope_move.o
    0x0801e0bc   0x000003b8   Code   RO         1315    .text               buffercircle.o
    0x0801e474   0x000003b8   Code   RO         1338    .text               netbuffercircle.o
    0x0801e82c   0x0000038c   Code   RO         1361    .text               samplebuffercircle.o
    0x0801ebb8   0x000021dc   Code   RO         1410    .text               driver.o
    0x08020d94   0x0000083c   Code   RO         1462    .text               ad7799.o
    0x080215d0   0x00000290   Code   RO         1484    .text               ethernetif.o
    0x08021860   0x0000092c   Code   RO         1526    .text               etharp.o
    0x0802218c   0x000001f0   Code   RO         1585    .text               icmp.o
    0x0802237c   0x00000222   Code   RO         1625    .text               inet_chksum.o
    0x0802259e   0x00000002   PAD
    0x080225a0   0x00000308   Code   RO         1643    .text               ip.o
    0x080228a8   0x000002b4   Code   RO         1680    .text               ip_addr.o
    0x08022b5c   0x00000694   Code   RO         1703    .text               ip_frag.o
    0x080231f0   0x0000003e   Code   RO         1720    .text               def.o
    0x0802322e   0x00000002   PAD
    0x08023230   0x000010cc   Code   RO         1732    .text               dhcp.o
    0x080242fc   0x0000033c   Code   RO         1790    .text               mem.o
    0x08024638   0x000000a8   Code   RO         1806    .text               memp.o
    0x080246e0   0x000002ac   Code   RO         1833    .text               netif.o
    0x0802498c   0x0000073a   Code   RO         1855    .text               pbuf.o
    0x080250c6   0x00000002   PAD
    0x080250c8   0x000001b0   Code   RO         1867    .text               raw.o
    0x08025278   0x00000e18   Code   RO         1893    .text               tcp.o
    0x08026090   0x000012ac   Code   RO         1917    .text               tcp_in.o
    0x0802733c   0x00000c2e   Code   RO         1940    .text               tcp_out.o
    0x08027f6a   0x00000002   Code   RO         1952    .text               timers.o
    0x08027f6c   0x00000480   Code   RO         1964    .text               udp.o
    0x080283ec   0x00000170   Code   RO         2046    .text               netconf.o
    0x0802855c   0x00000438   Code   RO         2071    .text               stm32f4x7_eth_bsp.o
    0x08028994   0x0000025c   Code   RO         2104    .text               udp_echoserver.o
    0x08028bf0   0x00000024   Code   RO         2136    .text               mc_w.l(memcpya.o)
    0x08028c14   0x00000024   Code   RO         2138    .text               mc_w.l(memseta.o)
    0x08028c38   0x00000018   Code   RO         2140    .text               mc_w.l(strncpy.o)
    0x08028c50   0x0000000e   Code   RO         2142    .text               mc_w.l(strlen.o)
    0x08028c5e   0x0000001a   Code   RO         2144    .text               mc_w.l(memcmp.o)
    0x08028c78   0x0000014e   Code   RO         2409    .text               mf_w.l(dadd.o)
    0x08028dc6   0x000000e4   Code   RO         2411    .text               mf_w.l(dmul.o)
    0x08028eaa   0x0000001a   Code   RO         2413    .text               mf_w.l(dfltui.o)
    0x08028ec4   0x0000003e   Code   RO         2415    .text               mf_w.l(dfixi.o)
    0x08028f02   0x00000032   Code   RO         2417    .text               mf_w.l(dfixui.o)
    0x08028f34   0x00000026   Code   RO         2419    .text               mf_w.l(f2d.o)
    0x08028f5a   0x00000002   PAD
    0x08028f5c   0x00000028   Code   RO         2421    .text               mf_w.l(cdrcmple.o)
    0x08028f84   0x0000002c   Code   RO         2438    .text               mc_w.l(uidiv.o)
    0x08028fb0   0x00000062   Code   RO         2440    .text               mc_w.l(uldiv.o)
    0x08029012   0x0000001e   Code   RO         2442    .text               mc_w.l(llshl.o)
    0x08029030   0x00000020   Code   RO         2444    .text               mc_w.l(llushr.o)
    0x08029050   0x00000024   Code   RO         2446    .text               mc_w.l(llsshr.o)
    0x08029074   0x00000000   Code   RO         2448    .text               mc_w.l(iusefp.o)
    0x08029074   0x000000be   Code   RO         2449    .text               mf_w.l(depilogue.o)
    0x08029132   0x000000de   Code   RO         2451    .text               mf_w.l(ddiv.o)
    0x08029210   0x00000030   Code   RO         2453    .text               mf_w.l(dfixul.o)
    0x08029240   0x00000060   Code   RO         2465    .text               mc_w.l(__dclz77c.o)
    0x080292a0   0x00000020   Code   RO         2381    i.__0printf         mc_w.l(printfa.o)
    0x080292c0   0x00000028   Code   RO         2383    i.__0sprintf        mc_w.l(printfa.o)
    0x080292e8   0x0000015c   Code   RO         2388    i._fp_digits        mc_w.l(printfa.o)
    0x08029444   0x000006f0   Code   RO         2389    i._printf_core      mc_w.l(printfa.o)
    0x08029b34   0x00000026   Code   RO         2390    i._printf_post_padding  mc_w.l(printfa.o)
    0x08029b5a   0x00000030   Code   RO         2391    i._printf_pre_padding  mc_w.l(printfa.o)
    0x08029b8a   0x0000000a   Code   RO         2393    i._sputc            mc_w.l(printfa.o)
    0x08029b94   0x000000c0   Data   RO          303    .constdata          systemscope.o
    0x08029c54   0x00000d9d   Data   RO          331    .constdata          processscope.o
    0x0802a9f1   0x00000003   PAD
    0x0802a9f4   0x00000098   Data   RO          393    .constdata          interfacescope.o
    0x0802aa8c   0x0000001c   Data   RO          845    .constdata          stm32f4xx_fsmc.o
    0x0802aaa8   0x00000134   Data   RO         1260    .constdata          scope_eval.o
    0x0802abdc   0x00000010   Data   RO         1289    .constdata          scope_move.o
    0x0802abec   0x00000010   Data   RO         1412    .constdata          driver.o
    0x0802abfc   0x0000000c   Data   RO         1528    .constdata          etharp.o
    0x0802ac08   0x00000008   Data   RO         1682    .constdata          ip_addr.o
    0x0802ac10   0x00000024   Data   RO         1808    .constdata          memp.o
    0x0802ac34   0x00000050   Data   RO         1894    .constdata          tcp.o
    0x0802ac84   0x0000004b   Data   RO         2105    .constdata          udp_echoserver.o
    0x0802accf   0x00000068   Data   RO         1895    .conststring        tcp.o


==============================================================================

Image component sizes


      Code (inc. data)   RO Data    RW Data    ZI Data      Debug   Object Name

      2108        154          0          0          0       5733   ad7799.o
       952         16          0         18       2500       4406   buffercircle.o
        62          0          0          0          0       1174   def.o
      4300         80          0          4         50      12570   dhcp.o
      8668        920         16         12          0      27939   driver.o
      2348         22         12          1        200      15877   etharp.o
       656         36          0          0          0       7755   ethernetif.o
       888         18          0          0          0       2691   fpga.o
       496          8          0          0          0       3342   icmp.o
         0          0          0          0          0       3768   inet.o
       546          0          0          0          0       2897   inet_chksum.o
      6648        478        152        538       3000      45509   interfacescope.o
       776         30          0         18          0      15476   ip.o
       692         12          8          0         16       9151   ip_addr.o
      1684         18          0          6          0       6988   ip_frag.o
       828         18          0         12      10260       3822   mem.o
       168         18         36          0      19463       2322   memp.o
       476         56          0          0          0       1889   misc.o
       952         16          0         18       3200       4724   netbuffercircle.o
       368        142          0         24         56       1826   netconf.o
       684         20          0          9          0       6449   netif.o
      1850          0          0          0          0       8809   pbuf.o
     21732       4890       3485         29       2080      31337   processscope.o
      1180         58          0         12       3256       8251   protocol.o
       432         14          0          4          0       3237   raw.o
       908         16          0         18        200       4434   samplebuffercircle.o
       868         32          0         20         80       6209   samplingport.o
      1116        176        308          0          0      31210   scope_eval.o
       760         78          0         32          0       3380   scope_it.o
      1004         18         16          0         48       4431   scope_move.o
       556        278          0          0          0     419465   scopemain.o
        36          8        392          0      16384        796   startup_stm32f40_41xxx.o
      7728        216          0         16      24908      23289   stm32f4x7_eth.o
      1080        192          0         16        188       4669   stm32f4x7_eth_bsp.o
      4208        130          0          0          0      12554   stm32f4xx_adc.o
      1528         48          0          0          0       5381   stm32f4xx_dac.o
      5028        330          0          0          0       8513   stm32f4xx_dma.o
       760         50          0          0          0       2551   stm32f4xx_exti.o
      2708         82          0          0          0       9918   stm32f4xx_flash.o
      3656        130         28          0          0       7038   stm32f4xx_fsmc.o
      2576        178          0          0          0       5213   stm32f4xx_gpio.o
      3936        252          0         16          0      15056   stm32f4xx_rcc.o
      3536        168          0          0          0       8333   stm32f4xx_spi.o
       412         62          0          0          0       1961   stm32f4xx_syscfg.o
     12932        652          0          0          0      29104   stm32f4xx_tim.o
      4444        228          0          0          0       9852   stm32f4xx_usart.o
       400         46          0          0         28       3952   storagemanagement.o
       716         50          0         20          0       1968   system_stm32f4xx.o
       468         46        192         36        146       5689   systemscope.o
      3608        138        184         35          0      21203   tcp.o
      4780        232          0         32         16      14487   tcp_in.o
      3118          8          0          0          0       9307   tcp_out.o
         2          0          0          0          0        435   timers.o
      1152         22          0          8          0      13765   udp.o
       604        216         75         24          0       2237   udp_echoserver.o

    ----------------------------------------------------------------------
    134128      11106       4940        992      86084     924342   Object Totals
         0          0         32          0          0          0   (incl. Generated)
         6          0          4         14          5          0   (incl. Padding)

    ----------------------------------------------------------------------

      Code (inc. data)   RO Data    RW Data    ZI Data      Debug   Library Member Name

        96          0          0          0          0          0   __dclz77c.o
         0          0          0          0          0          0   entry.o
         0          0          0          0          0          0   entry10a.o
         0          0          0          0          0          0   entry11a.o
         8          4          0          0          0          0   entry2.o
         4          0          0          0          0          0   entry5.o
         0          0          0          0          0          0   entry7b.o
         0          0          0          0          0          0   entry8b.o
         8          4          0          0          0          0   entry9a.o
        30          0          0          0          0          0   handlers.o
        36          8          0          0          0         68   init.o
         0          0          0          0          0          0   iusefp.o
        30          0          0          0          0         68   llshl.o
        36          0          0          0          0         68   llsshr.o
        32          0          0          0          0         68   llushr.o
        26          0          0          0          0         80   memcmp.o
        36          0          0          0          0         68   memcpya.o
        36          0          0          0          0        108   memseta.o
      2292         96          0          0          0        596   printfa.o
         0          0          0          4          0          0   stdout.o
        14          0          0          0          0         68   strlen.o
        24          0          0          0          0         76   strncpy.o
        44          0          0          0          0         80   uidiv.o
        98          0          0          0          0         92   uldiv.o
        40          2          0          0          0         68   cdrcmple.o
       334          0          0          0          0        148   dadd.o
       222          0          0          0          0        100   ddiv.o
       190          0          0          0          0        176   depilogue.o
        62          0          0          0          0         80   dfixi.o
        50          0          0          0          0         76   dfixui.o
        48          0          0          0          0         68   dfixul.o
        26          0          0          0          0         76   dfltui.o
       228          0          0          0          0         96   dmul.o
        38          0          0          0          0         68   f2d.o

    ----------------------------------------------------------------------
      4092        114          0          4          0       2396   Library Totals
         4          0          0          0          0          0   (incl. Padding)

    ----------------------------------------------------------------------

      Code (inc. data)   RO Data    RW Data    ZI Data      Debug   Library Name

      2850        112          0          4          0       1440   mc_w.l
      1238          2          0          0          0        956   mf_w.l

    ----------------------------------------------------------------------
      4092        114          0          4          0       2396   Library Totals

    ----------------------------------------------------------------------

==============================================================================


      Code (inc. data)   RO Data    RW Data    ZI Data      Debug   

    138220      11220       4940        996      86084     912938   Grand Totals
    138220      11220       4940        240      86084     912938   ELF Image Totals (compressed)
    138220      11220       4940        240          0          0   ROM Totals

==============================================================================

    Total RO  Size (Code + RO Data)               143160 ( 139.80kB)
    Total RW  Size (RW Data + ZI Data)             87080 (  85.04kB)
    Total ROM Size (Code + RO Data + RW Data)     143400 ( 140.04kB)

==============================================================================

