ARM Linker, 5.03 [Build 76] [MDK-ARM Professional]

==============================================================================

Section Cross References

    scopemain.o(.text) refers to driver.o(.text) for EVAL_Init
    scopemain.o(.text) refers to printfa.o(i.__0printf) for __2printf
    scopemain.o(.text) refers to stm32f4x7_eth_bsp.o(.text) for ETH_BSP_Config
    scopemain.o(.text) refers to scope_it.o(.text) for IT_SYS_DlyMs
    scopemain.o(.text) refers to netconf.o(.text) for LwIP_Init
    scopemain.o(.text) refers to udp_echoserver.o(.text) for udp_echoserver_init
    scopemain.o(.text) refers to systemscope.o(.text) for Iint_SysParam
    scopemain.o(.text) refers to processscope.o(.text) for start_run
    scopemain.o(.text) refers to interfacescope.o(.text) for HW_LWIP_MainLine
    scopemain.o(.text) refers to stm32f4x7_eth_bsp.o(.data) for EthStatus
    scopemain.o(.text) refers to processscope.o(.constdata) for softver_edtion
    scopemain.o(.text) refers to processscope.o(.data) for g_AirLight_Flag
    system_stm32f4xx.o(.text) refers to stm32f4xx_rcc.o(.text) for RCC_DeInit
    system_stm32f4xx.o(.text) refers to system_stm32f4xx.o(.data) for SystemCoreClock
    startup_stm32f40_41xxx.o(RESET) refers to startup_stm32f40_41xxx.o(STACK) for __initial_sp
    startup_stm32f40_41xxx.o(RESET) refers to startup_stm32f40_41xxx.o(.text) for Reset_Handler
    startup_stm32f40_41xxx.o(RESET) refers to scope_it.o(.text) for SysTick_Handler
    startup_stm32f40_41xxx.o(RESET) refers to driver.o(.text) for EXTI9_5_IRQHandler
    startup_stm32f40_41xxx.o(.text) refers to system_stm32f4xx.o(.text) for SystemInit
    startup_stm32f40_41xxx.o(.text) refers to entry.o(.ARM.Collect$$$$00000000) for __main
    systemscope.o(.text) refers to memseta.o(.text) for __aeabi_memclr4
    systemscope.o(.text) refers to processscope.o(.bss) for g_CRP_Data
    systemscope.o(.text) refers to systemscope.o(.data) for g_nError
    systemscope.o(.text) refers to systemscope.o(.bss) for g_tAxisPosStatus
    systemscope.o(.text) refers to systemscope.o(.constdata) for m_nConstBitsMap
    processscope.o(.text) refers to scope_it.o(.text) for IT_LIST_GetTicks
    processscope.o(.text) refers to protocol.o(.text) for PL_NET_SendResult
    processscope.o(.text) refers to processscope.o(.data) for g_Udp_Count
    processscope.o(.text) refers to printfa.o(i.__0printf) for __2printf
    processscope.o(.text) refers to interfacescope.o(.text) for HW_LWIP_Working_Recv_Handle
    processscope.o(.text) refers to netconf.o(.text) for LwIP_Periodic_Handle
    processscope.o(.text) refers to systemscope.o(.bss) for g_tAxisPosStatus
    processscope.o(.text) refers to processscope.o(.constdata) for .constdata
    processscope.o(.text) refers to storagemanagement.o(.bss) for g_Record_Param
    processscope.o(.text) refers to storagemanagement.o(.text) for Flash_Write_Param
    processscope.o(.text) refers to memseta.o(.text) for __aeabi_memclr4
    processscope.o(.text) refers to driver.o(.text) for Mixing_Motor_Run
    processscope.o(.text) refers to processscope.o(.bss) for g_CRP_Data
    processscope.o(.text) refers to f2d.o(.text) for __aeabi_f2d
    processscope.o(.text) refers to ad7799.o(.text) for AD7799_SetChannel
    processscope.o(.text) refers to printfa.o(i.__0sprintf) for __2sprintf
    processscope.o(.text) refers to udp_echoserver.o(.text) for udp_echoserver_senddata
    processscope.o(.text) refers to protocol.o(.bss) for g_achFbkSdLogBuf
    processscope.o(.text) refers to driver.o(.bss) for ADC1_Status
    processscope.o(.text) refers to systemscope.o(.text) for SYS_HasError
    processscope.o(.text) refers to driver.o(.data) for g_Micro_Switch
    processscope.o(.text) refers to strncpy.o(.text) for strncpy
    protocol.o(.text) refers to buffercircle.o(.text) for BUF_Send_Init
    protocol.o(.text) refers to netbuffercircle.o(.text) for NET_BUF_Send_Init
    protocol.o(.text) refers to udp_echoserver.o(.text) for udp_echoserver_senddata
    protocol.o(.text) refers to memcpya.o(.text) for __aeabi_memcpy
    protocol.o(.text) refers to strlen.o(.text) for strlen
    protocol.o(.text) refers to protocol.o(.data) for m_NET_tRecvBufStatus
    protocol.o(.text) refers to protocol.o(.bss) for g_NET_achCmdRvBuf
    interfacescope.o(.text) refers to scope_move.o(.text) for MV_InitPara
    interfacescope.o(.text) refers to driver.o(.text) for Get_In_OC_Status
    interfacescope.o(.text) refers to processscope.o(.text) for moto_work_stat_2
    interfacescope.o(.text) refers to printfa.o(i.__0printf) for __2printf
    interfacescope.o(.text) refers to scope_it.o(.text) for IT_SYS_GetTicks
    interfacescope.o(.text) refers to systemscope.o(.bss) for g_tAxisPosStatus
    interfacescope.o(.text) refers to storagemanagement.o(.bss) for g_Record_Param
    interfacescope.o(.text) refers to scope_move.o(.bss) for g_atMotorPara
    interfacescope.o(.text) refers to fpga.o(.text) for FPGA_WriteBuffer
[...]
    FLASH_PrefetchBufferCmd                  0x080140f1   Thumb Code    52  stm32f4xx_flash.o(.text)
    FLASH_InstructionCacheCmd                0x08014125   Thumb Code    52  stm32f4xx_flash.o(.text)
    FLASH_DataCacheCmd                       0x08014159   Thumb Code    52  stm32f4xx_flash.o(.text)
    FLASH_InstructionCacheReset              0x0801418d   Thumb Code    14  stm32f4xx_flash.o(.text)
    FLASH_DataCacheReset                     0x0801419b   Thumb Code    14  stm32f4xx_flash.o(.text)
    FLASH_Unlock                             0x080141a9   Thumb Code    26  stm32f4xx_flash.o(.text)
    FLASH_Lock                               0x080141c3   Thumb Code    18  stm32f4xx_flash.o(.text)
    FLASH_GetStatus                          0x080141d5   Thumb Code    90  stm32f4xx_flash.o(.text)
    FLASH_WaitForLastOperation               0x0801422f   Thumb Code    34  stm32f4xx_flash.o(.text)
    FLASH_EraseSector                        0x08014251   Thumb Code   278  stm32f4xx_flash.o(.text)
    FLASH_EraseAllSectors                    0x08014367   Thumb Code   140  stm32f4xx_flash.o(.text)
    FLASH_EraseAllBank1Sectors               0x080143f3   Thumb Code   140  stm32f4xx_flash.o(.text)
    FLASH_EraseAllBank2Sectors               0x0801447f   Thumb Code   190  stm32f4xx_flash.o(.text)
    FLASH_ProgramDoubleWord                  0x0801453d   Thumb Code   122  stm32f4xx_flash.o(.text)
    FLASH_ProgramWord                        0x080145b7   Thumb Code   112  stm32f4xx_flash.o(.text)
    FLASH_ProgramHalfWord                    0x08014627   Thumb Code   112  stm32f4xx_flash.o(.text)
    FLASH_ProgramByte                        0x08014697   Thumb Code   108  stm32f4xx_flash.o(.text)
    FLASH_OB_Unlock                          0x08014703   Thumb Code    26  stm32f4xx_flash.o(.text)
    FLASH_OB_Lock                            0x0801471d   Thumb Code    18  stm32f4xx_flash.o(.text)
    FLASH_OB_WRPConfig                       0x0801472f   Thumb Code    96  stm32f4xx_flash.o(.text)
    FLASH_OB_WRP1Config                      0x0801478f   Thumb Code    96  stm32f4xx_flash.o(.text)
    FLASH_OB_PCROPSelectionConfig            0x080147ef   Thumb Code    48  stm32f4xx_flash.o(.text)
    FLASH_OB_PCROPConfig                     0x0801481f   Thumb Code    96  stm32f4xx_flash.o(.text)
    FLASH_OB_PCROP1Config                    0x0801487f   Thumb Code   118  stm32f4xx_flash.o(.text)
    FLASH_OB_RDPConfig                       0x080148f5   Thumb Code    44  stm32f4xx_flash.o(.text)
    FLASH_OB_UserConfig                      0x08014921   Thumb Code   116  stm32f4xx_flash.o(.text)
    FLASH_OB_BootConfig                      0x08014995   Thumb Code    50  stm32f4xx_flash.o(.text)
    FLASH_OB_BORConfig                       0x080149c7   Thumb Code    58  stm32f4xx_flash.o(.text)
    FLASH_OB_Launch                          0x08014a01   Thumb Code    30  stm32f4xx_flash.o(.text)
    FLASH_OB_GetUser                         0x08014a1f   Thumb Code    12  stm32f4xx_flash.o(.text)
    FLASH_OB_GetWRP                          0x08014a2b   Thumb Code     8  stm32f4xx_flash.o(.text)
    FLASH_OB_GetWRP1                         0x08014a33   Thumb Code     8  stm32f4xx_flash.o(.text)
    FLASH_OB_GetPCROP                        0x08014a3b   Thumb Code     8  stm32f4xx_flash.o(.text)
    FLASH_OB_GetPCROP1                       0x08014a43   Thumb Code     8  stm32f4xx_flash.o(.text)
    FLASH_OB_GetRDP                          0x08014a4b   Thumb Code    18  stm32f4xx_flash.o(.text)
    FLASH_OB_GetBOR                          0x08014a5d   Thumb Code    12  stm32f4xx_flash.o(.text)
    FLASH_ITConfig                           0x08014a69   Thumb Code    82  stm32f4xx_flash.o(.text)
    FLASH_GetFlagStatus                      0x08014abb   Thumb Code    76  stm32f4xx_flash.o(.text)
    FLASH_ClearFlag                          0x08014b07   Thumb Code    38  stm32f4xx_flash.o(.text)
    FSMC_NORSRAMDeInit                       0x08014b31   Thumb Code    84  stm32f4xx_fsmc.o(.text)
    FSMC_NORSRAMInit                         0x08014b85   Thumb Code   870  stm32f4xx_fsmc.o(.text)
    FSMC_NORSRAMStructInit                   0x08014eeb   Thumb Code    48  stm32f4xx_fsmc.o(.text)
    FSMC_NORSRAMCmd                          0x08014f1b   Thumb Code   152  stm32f4xx_fsmc.o(.text)
    FSMC_NANDDeInit                          0x08014fb3   Thumb Code    90  stm32f4xx_fsmc.o(.text)
    FSMC_NANDInit                            0x0801500d   Thumb Code   594  stm32f4xx_fsmc.o(.text)
    FSMC_NANDStructInit                      0x0801525f   Thumb Code    54  stm32f4xx_fsmc.o(.text)
    FSMC_NANDCmd                             0x08015295   Thumb Code   136  stm32f4xx_fsmc.o(.text)
    FSMC_NANDECCCmd                          0x0801531d   Thumb Code   160  stm32f4xx_fsmc.o(.text)
    FSMC_GetECC                              0x080153bd   Thumb Code    22  stm32f4xx_fsmc.o(.text)
    FSMC_PCCARDDeInit                        0x080153d3   Thumb Code    40  stm32f4xx_fsmc.o(.text)
    FSMC_PCCARDInit                          0x080153fb   Thumb Code   532  stm32f4xx_fsmc.o(.text)
    FSMC_PCCARDStructInit                    0x0801560f   Thumb Code    60  stm32f4xx_fsmc.o(.text)
    FSMC_PCCARDCmd                           0x0801564b   Thumb Code    64  stm32f4xx_fsmc.o(.text)
    FSMC_ITConfig                            0x0801568b   Thumb Code   206  stm32f4xx_fsmc.o(.text)
    FSMC_GetFlagStatus                       0x08015759   Thumb Code   160  stm32f4xx_fsmc.o(.text)
    FSMC_ClearFlag                           0x080157f9   Thumb Code   120  stm32f4xx_fsmc.o(.text)
    FSMC_GetITStatus                         0x08015871   Thumb Code   132  stm32f4xx_fsmc.o(.text)
    FSMC_ClearITPendingBit                   0x080158f5   Thumb Code   122  stm32f4xx_fsmc.o(.text)
    GPIO_DeInit                              0x08015979   Thumb Code   344  stm32f4xx_gpio.o(.text)
    GPIO_Init                                0x08015ad1   Thumb Code   354  stm32f4xx_gpio.o(.text)
    GPIO_StructInit                          0x08015c33   Thumb Code    18  stm32f4xx_gpio.o(.text)
    GPIO_PinLockConfig                       0x08015c45   Thumb Code   134  stm32f4xx_gpio.o(.text)
    GPIO_ReadInputDataBit                    0x08015ccb   Thumb Code   282  stm32f4xx_gpio.o(.text)
    GPIO_ReadInputData                       0x08015de5   Thumb Code    90  stm32f4xx_gpio.o(.text)
    GPIO_ReadOutputDataBit                   0x08015e3f   Thumb Code   198  stm32f4xx_gpio.o(.text)
    GPIO_ReadOutputData                      0x08015f05   Thumb Code    90  stm32f4xx_gpio.o(.text)
    GPIO_SetBits                             0x08015f5f   Thumb Code   110  stm32f4xx_gpio.o(.text)
    GPIO_ResetBits                           0x08015fcd   Thumb Code   110  stm32f4xx_gpio.o(.text)
    GPIO_WriteBit                            0x0801603b   Thumb Code   212  stm32f4xx_gpio.o(.text)
    GPIO_Write                               0x0801610f   Thumb Code    90  stm32f4xx_gpio.o(.text)
    GPIO_ToggleBits                          0x08016169   Thumb Code   140  stm32f4xx_gpio.o(.text)
    GPIO_PinAFConfig                         0x080161f5   Thumb Code   358  stm32f4xx_gpio.o(.text)
    RCC_DeInit                               0x08016389   Thumb Code    82  stm32f4xx_rcc.o(.text)
    RCC_HSEConfig                            0x080163db   Thumb Code    40  stm32f4xx_rcc.o(.text)
    RCC_GetFlagStatus                        0x08016403   Thumb Code   134  stm32f4xx_rcc.o(.text)
    RCC_WaitForHSEStartUp                    0x08016489   Thumb Code    56  stm32f4xx_rcc.o(.text)
    RCC_AdjustHSICalibrationValue            0x080164c1   Thumb Code    38  stm32f4xx_rcc.o(.text)
    RCC_HSICmd                               0x080164e7   Thumb Code    28  stm32f4xx_rcc.o(.text)
    RCC_LSEConfig                            0x08016503   Thumb Code    72  stm32f4xx_rcc.o(.text)
    RCC_LSICmd                               0x0801654b   Thumb Code    28  stm32f4xx_rcc.o(.text)
    RCC_PLLConfig                            0x08016567   Thumb Code   156  stm32f4xx_rcc.o(.text)
    RCC_PLLCmd                               0x08016603   Thumb Code    28  stm32f4xx_rcc.o(.text)
    RCC_PLLI2SConfig                         0x0801661f   Thumb Code    62  stm32f4xx_rcc.o(.text)
    RCC_PLLI2SCmd                            0x0801665d   Thumb Code    28  stm32f4xx_rcc.o(.text)
    RCC_PLLSAIConfig                         0x08016679   Thumb Code    88  stm32f4xx_rcc.o(.text)
    RCC_PLLSAICmd                            0x080166d1   Thumb Code    28  stm32f4xx_rcc.o(.text)
    RCC_ClockSecuritySystemCmd               0x080166ed   Thumb Code    28  stm32f4xx_rcc.o(.text)
    RCC_MCO1Config                           0x08016709   Thumb Code   168  stm32f4xx_rcc.o(.text)
    RCC_MCO2Config                           0x080167b1   Thumb Code   102  stm32f4xx_rcc.o(.text)
    RCC_SYSCLKConfig                         0x08016817   Thumb Code    44  stm32f4xx_rcc.o(.text)
    RCC_GetSYSCLKSource                      0x08016843   Thumb Code    10  stm32f4xx_rcc.o(.text)
    RCC_HCLKConfig                           0x0801684d   Thumb Code    68  stm32f4xx_rcc.o(.text)
    RCC_PCLK1Config                          0x08016891   Thumb Code    60  stm32f4xx_rcc.o(.text)
    RCC_PCLK2Config                          0x080168cd   Thumb Code    62  stm32f4xx_rcc.o(.text)
    RCC_GetClocksFreq                        0x0801690b   Thumb Code   214  stm32f4xx_rcc.o(.text)
    RCC_RTCCLKConfig                         0x080169e1   Thumb Code   262  stm32f4xx_rcc.o(.text)
    RCC_RTCCLKCmd                            0x08016ae7   Thumb Code    30  stm32f4xx_rcc.o(.text)
    RCC_BackupResetCmd                       0x08016b05   Thumb Code    32  stm32f4xx_rcc.o(.text)
    RCC_I2SCLKConfig                         0x08016b25   Thumb Code    30  stm32f4xx_rcc.o(.text)
    RCC_SAIBlockACLKConfig                   0x08016b43   Thumb Code    50  stm32f4xx_rcc.o(.text)
    RCC_SAIBlockBCLKConfig                   0x08016b75   Thumb Code    50  stm32f4xx_rcc.o(.text)
    RCC_SAIPLLI2SClkDivConfig                0x08016ba7   Thumb Code    50  stm32f4xx_rcc.o(.text)
    RCC_SAIPLLSAIClkDivConfig                0x08016bd9   Thumb Code   196  stm32f4xx_rcc.o(.text)
    RCC_LTDCCLKDivConfig                     0x08016c9d   Thumb Code    54  stm32f4xx_rcc.o(.text)
    RCC_TIMCLKPresConfig                     0x08016cd3   Thumb Code    30  stm32f4xx_rcc.o(.text)
    RCC_AHB1PeriphClockCmd                   0x08016cf1   Thumb Code    82  stm32f4xx_rcc.o(.text)
    RCC_AHB2PeriphClockCmd                   0x08016d43   Thumb Code    82  stm32f4xx_rcc.o(.text)
    RCC_AHB3PeriphClockCmd                   0x08016d95   Thumb Code    82  stm32f4xx_rcc.o(.text)
    RCC_APB1PeriphClockCmd                   0x08016de7   Thumb Code    82  stm32f4xx_rcc.o(.text)
    RCC_APB2PeriphClockCmd                   0x08016e39   Thumb Code    82  stm32f4xx_rcc.o(.text)
    RCC_AHB1PeriphResetCmd                   0x08016e8b   Thumb Code    82  stm32f4xx_rcc.o(.text)
    RCC_AHB2PeriphResetCmd                   0x08016edd   Thumb Code    82  stm32f4xx_rcc.o(.text)
    RCC_AHB3PeriphResetCmd                   0x08016f2f   Thumb Code    82  stm32f4xx_rcc.o(.text)
    RCC_APB1PeriphResetCmd                   0x08016f81   Thumb Code    82  stm32f4xx_rcc.o(.text)
    RCC_APB2PeriphResetCmd                   0x08016fd3   Thumb Code    82  stm32f4xx_rcc.o(.text)
    RCC_AHB1PeriphClockLPModeCmd             0x08017025   Thumb Code   108  stm32f4xx_rcc.o(.text)
    RCC_AHB2PeriphClockLPModeCmd             0x08017091   Thumb Code    82  stm32f4xx_rcc.o(.text)
    RCC_AHB3PeriphClockLPModeCmd             0x080170e3   Thumb Code    82  stm32f4xx_rcc.o(.text)
    RCC_APB1PeriphClockLPModeCmd             0x08017135   Thumb Code    82  stm32f4xx_rcc.o(.text)
    RCC_APB2PeriphClockLPModeCmd             0x08017187   Thumb Code    82  stm32f4xx_rcc.o(.text)
    RCC_LSEModeConfig                        0x080171d9   Thumb Code    64  stm32f4xx_rcc.o(.text)
    RCC_ITConfig                             0x08017219   Thumb Code    82  stm32f4xx_rcc.o(.text)
    RCC_ClearFlag                            0x0801726b   Thumb Code    18  stm32f4xx_rcc.o(.text)
    RCC_GetITStatus                          0x0801727d   Thumb Code    72  stm32f4xx_rcc.o(.text)
    RCC_ClearITPendingBit                    0x080172c5   Thumb Code    28  stm32f4xx_rcc.o(.text)
    SPI_I2S_DeInit                           0x080172e9   Thumb Code   198  stm32f4xx_spi.o(.text)
    SPI_Init                                 0x080173af   Thumb Code   366  stm32f4xx_spi.o(.text)
    I2S_Init                                 0x0801751d   Thumb Code   624  stm32f4xx_spi.o(.text)
    SPI_StructInit                           0x0801778d   Thumb Code    24  stm32f4xx_spi.o(.text)
    I2S_StructInit                           0x080177a5   Thumb Code    20  stm32f4xx_spi.o(.text)
    SPI_Cmd                                  0x080177b9   Thumb Code   100  stm32f4xx_spi.o(.text)
    I2S_Cmd                                  0x0801781d   Thumb Code    88  stm32f4xx_spi.o(.text)
    SPI_DataSizeConfig                       0x08017875   Thumb Code    96  stm32f4xx_spi.o(.text)
    SPI_BiDirectionalLineConfig              0x080178d5   Thumb Code   112  stm32f4xx_spi.o(.text)
    SPI_NSSInternalSoftwareConfig            0x08017945   Thumb Code   114  stm32f4xx_spi.o(.text)
    SPI_SSOutputCmd                          0x080179b7   Thumb Code   100  stm32f4xx_spi.o(.text)
    SPI_TIModeCmd                            0x08017a1b   Thumb Code   100  stm32f4xx_spi.o(.text)
    I2S_FullDuplexConfig                     0x08017a7f   Thumb Code   258  stm32f4xx_spi.o(.text)
    SPI_I2S_ReceiveData                      0x08017b81   Thumb Code   100  stm32f4xx_spi.o(.text)
    SPI_I2S_SendData                         0x08017be5   Thumb Code    72  stm32f4xx_spi.o(.text)
    SPI_CalculateCRC                         0x08017c2d   Thumb Code   100  stm32f4xx_spi.o(.text)
    SPI_TransmitCRC                          0x08017c91   Thumb Code    64  stm32f4xx_spi.o(.text)
    SPI_GetCRC                               0x08017cd1   Thumb Code    92  stm32f4xx_spi.o(.text)
    SPI_GetCRCPolynomial                     0x08017d2d   Thumb Code    58  stm32f4xx_spi.o(.text)
    SPI_I2S_DMACmd                           0x08017d67   Thumb Code   132  stm32f4xx_spi.o(.text)
    SPI_I2S_ITConfig                         0x08017deb   Thumb Code   156  stm32f4xx_spi.o(.text)
    SPI_I2S_GetFlagStatus                    0x08017e87   Thumb Code   138  stm32f4xx_spi.o(.text)
    SPI_I2S_ClearFlag                        0x08017f11   Thumb Code    92  stm32f4xx_spi.o(.text)
    SPI_I2S_GetITStatus                      0x08017f6d   Thumb Code   200  stm32f4xx_spi.o(.text)
    SPI_I2S_ClearITPendingBit                0x08018035   Thumb Code   104  stm32f4xx_spi.o(.text)
    SYSCFG_DeInit                            0x080180b9   Thumb Code    22  stm32f4xx_syscfg.o(.text)
    SYSCFG_MemoryRemapConfig                 0x080180cf   Thumb Code    34  stm32f4xx_syscfg.o(.text)
    SYSCFG_MemorySwappingBank                0x080180f1   Thumb Code    26  stm32f4xx_syscfg.o(.text)
    SYSCFG_EXTILineConfig                    0x0801810b   Thumb Code   194  stm32f4xx_syscfg.o(.text)
    SYSCFG_ETH_MediaInterfaceConfig          0x080181cd   Thumb Code    26  stm32f4xx_syscfg.o(.text)
    SYSCFG_CompensationCellCmd               0x080181e7   Thumb Code    26  stm32f4xx_syscfg.o(.text)
    SYSCFG_GetCompensationCellStatus         0x08018201   Thumb Code    22  stm32f4xx_syscfg.o(.text)
    TIM_DeInit                               0x08018255   Thumb Code   440  stm32f4xx_tim.o(.text)
    TIM_TimeBaseInit                         0x0801840d   Thumb Code   278  stm32f4xx_tim.o(.text)
    TIM_TimeBaseStructInit                   0x08018523   Thumb Code    18  stm32f4xx_tim.o(.text)
    TIM_PrescalerConfig                      0x08018535   Thumb Code   128  stm32f4xx_tim.o(.text)
    TIM_CounterModeConfig                    0x080185b5   Thumb Code   100  stm32f4xx_tim.o(.text)
    TIM_SetCounter                           0x08018619   Thumb Code   202  stm32f4xx_tim.o(.text)
    TIM_SetAutoreload                        0x080186e3   Thumb Code   108  stm32f4xx_tim.o(.text)
    TIM_GetCounter                           0x0801874f   Thumb Code   106  stm32f4xx_tim.o(.text)
    TIM_GetPrescaler                         0x080187b9   Thumb Code   106  stm32f4xx_tim.o(.text)
    TIM_UpdateDisableConfig                  0x08018823   Thumb Code   148  stm32f4xx_tim.o(.text)
    TIM_UpdateRequestConfig                  0x080188b7   Thumb Code   148  stm32f4xx_tim.o(.text)
    TIM_ARRPreloadConfig                     0x0801894b   Thumb Code   148  stm32f4xx_tim.o(.text)
    TIM_SelectOnePulseMode                   0x080189df   Thumb Code   142  stm32f4xx_tim.o(.text)
    TIM_SetClockDivision                     0x08018a6d   Thumb Code   192  stm32f4xx_tim.o(.text)
    TIM_Cmd                                  0x08018b2d   Thumb Code   148  stm32f4xx_tim.o(.text)
    TIM_OC1Init                              0x08018bc1   Thumb Code   416  stm32f4xx_tim.o(.text)
    TIM_OC2Init                              0x08018d61   Thumb Code   486  stm32f4xx_tim.o(.text)
    TIM_OC3Init                              0x08018f47   Thumb Code   416  stm32f4xx_tim.o(.text)
    TIM_OC4Init                              0x080190e7   Thumb Code   300  stm32f4xx_tim.o(.text)
    TIM_OCStructInit                         0x08019213   Thumb Code    20  stm32f4xx_tim.o(.text)
    TIM_SelectOCxM                           0x08019227   Thumb Code   256  stm32f4xx_tim.o(.text)
    TIM_SetCompare1                          0x08019327   Thumb Code   142  stm32f4xx_tim.o(.text)
    TIM_SetCompare2                          0x080193b5   Thumb Code    72  stm32f4xx_tim.o(.text)
    TIM_SetCompare3                          0x080193fd   Thumb Code    60  stm32f4xx_tim.o(.text)
    TIM_SetCompare4                          0x08019439   Thumb Code    60  stm32f4xx_tim.o(.text)
    TIM_ForcedOC1Config                      0x08019475   Thumb Code   130  stm32f4xx_tim.o(.text)
    TIM_ForcedOC2Config                      0x080194f7   Thumb Code   114  stm32f4xx_tim.o(.text)
    TIM_ForcedOC3Config                      0x08019569   Thumb Code    94  stm32f4xx_tim.o(.text)
    TIM_ForcedOC4Config                      0x080195c7   Thumb Code   102  stm32f4xx_tim.o(.text)
    TIM_OC1PreloadConfig                     0x0801962d   Thumb Code   126  stm32f4xx_tim.o(.text)
    TIM_OC2PreloadConfig                     0x080196ab   Thumb Code   108  stm32f4xx_tim.o(.text)
    TIM_OC3PreloadConfig                     0x08019717   Thumb Code   138  stm32f4xx_tim.o(.text)
    TIM_OC4PreloadConfig                     0x080197a1   Thumb Code    96  stm32f4xx_tim.o(.text)
    TIM_OC1FastConfig                        0x08019801   Thumb Code   124  stm32f4xx_tim.o(.text)
    TIM_OC2FastConfig                        0x0801987d   Thumb Code   108  stm32f4xx_tim.o(.text)
    TIM_OC3FastConfig                        0x080198e9   Thumb Code    88  stm32f4xx_tim.o(.text)
    TIM_OC4FastConfig                        0x08019941   Thumb Code    96  stm32f4xx_tim.o(.text)
    TIM_ClearOC1Ref                          0x080199a1   Thumb Code   124  stm32f4xx_tim.o(.text)
    TIM_ClearOC2Ref                          0x08019a1d   Thumb Code   106  stm32f4xx_tim.o(.text)
    TIM_ClearOC3Ref                          0x08019a87   Thumb Code    88  stm32f4xx_tim.o(.text)
    TIM_ClearOC4Ref                          0x08019adf   Thumb Code    94  stm32f4xx_tim.o(.text)
    TIM_OC1PolarityConfig                    0x08019b3d   Thumb Code   174  stm32f4xx_tim.o(.text)
    TIM_OC1NPolarityConfig                   0x08019beb   Thumb Code    64  stm32f4xx_tim.o(.text)
    TIM_OC2PolarityConfig                    0x08019c2b   Thumb Code   108  stm32f4xx_tim.o(.text)
    TIM_OC2NPolarityConfig                   0x08019c97   Thumb Code    72  stm32f4xx_tim.o(.text)
    TIM_OC3PolarityConfig                    0x08019cdf   Thumb Code    96  stm32f4xx_tim.o(.text)
    TIM_OC3NPolarityConfig                   0x08019d3f   Thumb Code    72  stm32f4xx_tim.o(.text)
    TIM_OC4PolarityConfig                    0x08019d87   Thumb Code    96  stm32f4xx_tim.o(.text)
    TIM_CCxCmd                               0x08019de7   Thumb Code   168  stm32f4xx_tim.o(.text)
    TIM_CCxNCmd                              0x08019e8f   Thumb Code   104  stm32f4xx_tim.o(.text)
    TIM_SetIC4Prescaler                      0x08019ef7   Thumb Code   106  stm32f4xx_tim.o(.text)
    TIM_SetIC3Prescaler                      0x08019fe1   Thumb Code    98  stm32f4xx_tim.o(.text)
    TIM_SetIC2Prescaler                      0x0801a08b   Thumb Code   118  stm32f4xx_tim.o(.text)
    TIM_SetIC1Prescaler                      0x0801a151   Thumb Code   134  stm32f4xx_tim.o(.text)
    TIM_ICInit                               0x0801a211   Thumb Code   508  stm32f4xx_tim.o(.text)
    TIM_ICStructInit                         0x0801a40d   Thumb Code    18  stm32f4xx_tim.o(.text)
    TIM_PWMIConfig                           0x0801a41f   Thumb Code   184  stm32f4xx_tim.o(.text)
    TIM_GetCapture1                          0x0801a4d7   Thumb Code    92  stm32f4xx_tim.o(.text)
    TIM_GetCapture2                          0x0801a533   Thumb Code    68  stm32f4xx_tim.o(.text)
    TIM_GetCapture3                          0x0801a577   Thumb Code    56  stm32f4xx_tim.o(.text)
    TIM_GetCapture4                          0x0801a5af   Thumb Code    56  stm32f4xx_tim.o(.text)
    TIM_BDTRConfig                           0x0801a5e7   Thumb Code   222  stm32f4xx_tim.o(.text)
    TIM_BDTRStructInit                       0x0801a6c5   Thumb Code    18  stm32f4xx_tim.o(.text)
    TIM_CtrlPWMOutputs                       0x0801a6d7   Thumb Code    78  stm32f4xx_tim.o(.text)
    TIM_SelectCOM                            0x0801a725   Thumb Code    72  stm32f4xx_tim.o(.text)
    TIM_CCPreloadControl                     0x0801a76d   Thumb Code    72  stm32f4xx_tim.o(.text)
    TIM_ITConfig                             0x0801a7b5   Thumb Code   218  stm32f4xx_tim.o(.text)
    TIM_GenerateEvent                        0x0801a88f   Thumb Code   126  stm32f4xx_tim.o(.text)
    TIM_GetFlagStatus                        0x0801a90d   Thumb Code   188  stm32f4xx_tim.o(.text)
    TIM_ClearFlag                            0x0801a9c9   Thumb Code   108  stm32f4xx_tim.o(.text)
    TIM_GetITStatus                          0x0801aa35   Thumb Code   186  stm32f4xx_tim.o(.text)
    TIM_ClearITPendingBit                    0x0801aaef   Thumb Code   108  stm32f4xx_tim.o(.text)
    TIM_DMAConfig                            0x0801ab5b   Thumb Code   334  stm32f4xx_tim.o(.text)
    TIM_DMACmd                               0x0801aca9   Thumb Code   126  stm32f4xx_tim.o(.text)
    TIM_SelectCCDMA                          0x0801ad27   Thumb Code    96  stm32f4xx_tim.o(.text)
    TIM_InternalClockConfig                  0x0801ad87   Thumb Code    76  stm32f4xx_tim.o(.text)
    TIM_SelectInputTrigger                   0x0801add3   Thumb Code   148  stm32f4xx_tim.o(.text)
    TIM_ITRxExternalClockConfig              0x0801ae67   Thumb Code   110  stm32f4xx_tim.o(.text)
    TIM_TIxExternalClockConfig               0x0801aed5   Thumb Code   184  stm32f4xx_tim.o(.text)
    TIM_ETRConfig                            0x0801af8d   Thumb Code   164  stm32f4xx_tim.o(.text)
    TIM_ETRClockMode1Config                  0x0801b031   Thumb Code   228  stm32f4xx_tim.o(.text)
    TIM_ETRClockMode2Config                  0x0801b115   Thumb Code   152  stm32f4xx_tim.o(.text)
    TIM_SelectOutputTrigger                  0x0801b1ad   Thumb Code   126  stm32f4xx_tim.o(.text)
    TIM_SelectSlaveMode                      0x0801b22b   Thumb Code   112  stm32f4xx_tim.o(.text)
    TIM_SelectMasterSlaveMode                0x0801b29b   Thumb Code   102  stm32f4xx_tim.o(.text)
    TIM_EncoderInterfaceConfig               0x0801b301   Thumb Code   226  stm32f4xx_tim.o(.text)
    TIM_SelectHallSensor                     0x0801b3e3   Thumb Code   108  stm32f4xx_tim.o(.text)
    TIM_RemapConfig                          0x0801b44f   Thumb Code   138  stm32f4xx_tim.o(.text)
    USART_DeInit                             0x0801b4d9   Thumb Code   276  stm32f4xx_usart.o(.text)
    USART_Init                               0x0801b5ed   Thumb Code   492  stm32f4xx_usart.o(.text)
    USART_StructInit                         0x0801b7d9   Thumb Code    24  stm32f4xx_usart.o(.text)
    USART_ClockInit                          0x0801b7f1   Thumb Code   166  stm32f4xx_usart.o(.text)
    USART_ClockStructInit                    0x0801b897   Thumb Code    12  stm32f4xx_usart.o(.text)
    USART_Cmd                                0x0801b8a3   Thumb Code   214  stm32f4xx_usart.o(.text)
    USART_SetPrescaler                       0x0801b979   Thumb Code    96  stm32f4xx_usart.o(.text)
    USART_OverSampling8Cmd                   0x0801b9d9   Thumb Code   122  stm32f4xx_usart.o(.text)
    USART_OneBitMethodCmd                    0x0801ba53   Thumb Code   124  stm32f4xx_usart.o(.text)
    USART_SendData                           0x0801bacf   Thumb Code   108  stm32f4xx_usart.o(.text)
    USART_ReceiveData                        0x0801bb3b   Thumb Code    86  stm32f4xx_usart.o(.text)
    USART_SetAddress                         0x0801bb91   Thumb Code   116  stm32f4xx_usart.o(.text)
    USART_ReceiverWakeUpCmd                  0x0801bc05   Thumb Code   124  stm32f4xx_usart.o(.text)
    USART_WakeUpConfig                       0x0801bc81   Thumb Code   120  stm32f4xx_usart.o(.text)
    USART_LINBreakDetectLengthConfig         0x0801bcf9   Thumb Code   160  stm32f4xx_usart.o(.text)
    USART_LINCmd                             0x0801bd99   Thumb Code   124  stm32f4xx_usart.o(.text)
    USART_SendBreak                          0x0801be15   Thumb Code    88  stm32f4xx_usart.o(.text)
    USART_HalfDuplexCmd                      0x0801be6d   Thumb Code   124  stm32f4xx_usart.o(.text)
    USART_SetGuardTime                       0x0801bee9   Thumb Code    60  stm32f4xx_usart.o(.text)
    USART_SmartCardCmd                       0x0801bf25   Thumb Code    88  stm32f4xx_usart.o(.text)
    USART_SmartCardNACKCmd                   0x0801bf7d   Thumb Code    88  stm32f4xx_usart.o(.text)
    USART_IrDAConfig                         0x0801bfd5   Thumb Code   118  stm32f4xx_usart.o(.text)
    USART_IrDACmd                            0x0801c04b   Thumb Code   124  stm32f4xx_usart.o(.text)
    USART_DMACmd                             0x0801c0c7   Thumb Code   184  stm32f4xx_usart.o(.text)
    USART_ITConfig                           0x0801c17f   Thumb Code   290  stm32f4xx_usart.o(.text)
    USART_GetFlagStatus                      0x0801c2a1   Thumb Code   200  stm32f4xx_usart.o(.text)
    USART_ClearFlag                          0x0801c369   Thumb Code   158  stm32f4xx_usart.o(.text)
    USART_GetITStatus                        0x0801c407   Thumb Code   306  stm32f4xx_usart.o(.text)
    USART_ClearITPendingBit                  0x0801c539   Thumb Code   234  stm32f4xx_usart.o(.text)
    FPGA_Init                                0x0801c635   Thumb Code   674  fpga.o(.text)
    FPGA_WriteBuffer                         0x0801c8d7   Thumb Code    24  fpga.o(.text)
    FPGA_ResetHardware                       0x0801c8ef   Thumb Code   104  fpga.o(.text)
    FPGA_ReadBuffer                          0x0801c957   Thumb Code    22  fpga.o(.text)
    FPGA_DATA_WriteBuffer                    0x0801c96d   Thumb Code    24  fpga.o(.text)
    FPGA_DATA_ReadBuffer                     0x0801c985   Thumb Code    22  fpga.o(.text)
    SysTick_Handler                          0x0801c9ad   Thumb Code    38  scope_it.o(.text)
    TIM2_IRQHandler                          0x0801c9d3   Thumb Code   466  scope_it.o(.text)
    IT_SYS_DlyMs                             0x0801cba5   Thumb Code    30  scope_it.o(.text)
    IT_SYS_GetTicks                          0x0801cbc3   Thumb Code     6  scope_it.o(.text)
    IT_SYS_SetTicks                          0x0801cbc9   Thumb Code    10  scope_it.o(.text)
    IT_SYS_SetDlyMs                          0x0801cbd3   Thumb Code    16  scope_it.o(.text)
    IT_SYS_CheckDlyFin                       0x0801cbe3   Thumb Code    20  scope_it.o(.text)
    IT_LIST_GetTicks                         0x0801cbf7   Thumb Code     6  scope_it.o(.text)
    IT_LIST_SetTicks                         0x0801cbfd   Thumb Code    10  scope_it.o(.text)
    IT_ADC_GetTicks                          0x0801cc07   Thumb Code     6  scope_it.o(.text)
    IT_ADC_SetTicks                          0x0801cc0d   Thumb Code    10  scope_it.o(.text)
    MV_InitPara                              0x0801cc65   Thumb Code   190  scope_move.o(.text)
    MV_Move                                  0x0801cd23   Thumb Code   434  scope_move.o(.text)
    MV_Stop                                  0x0801ced5   Thumb Code    98  scope_move.o(.text)
    MV_Wait                                  0x0801cf37   Thumb Code    84  scope_move.o(.text)
    MV_GetStepsExecuted                      0x0801cf8b   Thumb Code    56  scope_move.o(.text)
    MV_IsFinished                            0x0801cfc3   Thumb Code    20  scope_move.o(.text)
    MV_IsrMoveHandling                       0x0801cfd7   Thumb Code   104  scope_move.o(.text)
    BUF_Send_Init                            0x0801d051   Thumb Code    14  buffercircle.o(.text)
    BUF_Send_PutChar                         0x0801d05f   Thumb Code    54  buffercircle.o(.text)
    BUF_Send_GetChar                         0x0801d095   Thumb Code    74  buffercircle.o(.text)
    BUF_Send_PutNChar                        0x0801d169   Thumb Code    94  buffercircle.o(.text)
    BUF_Send_GetNChar                        0x0801d1c7   Thumb Code    94  buffercircle.o(.text)
    BUF_Recv_Init                            0x0801d225   Thumb Code    14  buffercircle.o(.text)
    BUF_Recv_PutChar                         0x0801d233   Thumb Code    54  buffercircle.o(.text)
    BUF_Recv_GetChar                         0x0801d269   Thumb Code    74  buffercircle.o(.text)
    BUF_Recv_PutNChar                        0x0801d33d   Thumb Code    94  buffercircle.o(.text)
    BUF_Recv_GetNChar                        0x0801d39b   Thumb Code    94  buffercircle.o(.text)
    NET_BUF_Send_Init                        0x0801d409   Thumb Code    14  netbuffercircle.o(.text)
    NET_BUF_Send_PutChar                     0x0801d417   Thumb Code    54  netbuffercircle.o(.text)
    NET_BUF_Send_GetChar                     0x0801d44d   Thumb Code    74  netbuffercircle.o(.text)
    NET_BUF_Send_GetLenConsume               0x0801d497   Thumb Code   112  netbuffercircle.o(.text)
    NET_BUF_Send_GetLenRemain                0x0801d507   Thumb Code    26  netbuffercircle.o(.text)
    NET_BUF_Send_PutNChar                    0x0801d521   Thumb Code    94  netbuffercircle.o(.text)
    NET_BUF_Send_GetNChar                    0x0801d57f   Thumb Code    94  netbuffercircle.o(.text)
    NET_BUF_Recv_Init                        0x0801d5dd   Thumb Code    14  netbuffercircle.o(.text)
    NET_BUF_Recv_PutChar                     0x0801d5eb   Thumb Code    54  netbuffercircle.o(.text)
    NET_BUF_Recv_GetChar                     0x0801d621   Thumb Code    74  netbuffercircle.o(.text)
    NET_BUF_Recv_GetLenConsume               0x0801d66b   Thumb Code   112  netbuffercircle.o(.text)
    NET_BUF_Recv_GetLenRemain                0x0801d6db   Thumb Code    26  netbuffercircle.o(.text)
    NET_BUF_Recv_PutNChar                    0x0801d6f5   Thumb Code    94  netbuffercircle.o(.text)
    NET_BUF_Recv_GetNChar                    0x0801d753   Thumb Code    94  netbuffercircle.o(.text)
    Delay_US                                 0x0801d7e1   Thumb Code    54  driver.o(.text)
    EVAL_OutputInit                          0x0801d817   Thumb Code    62  driver.o(.text)
    EVAL_OutputInit_All                      0x0801d855   Thumb Code    22  driver.o(.text)
    EVAL_OutputSet                           0x0801d86b   Thumb Code    16  driver.o(.text)
    EVAL_OutputClr                           0x0801d87b   Thumb Code    16  driver.o(.text)
    EVAL_OutputToggle                        0x0801d88b   Thumb Code    26  driver.o(.text)
    EVAL_InputInit                           0x0801d8a5   Thumb Code    72  driver.o(.text)
    EVAL_InputInit_All                       0x0801d8ed   Thumb Code    22  driver.o(.text)
    EVAL_GetInputStatus                      0x0801d903   Thumb Code    22  driver.o(.text)
    PF_InitTimer2                            0x0801d919   Thumb Code   122  driver.o(.text)
    OutIn_Motor_PWM_Init                     0x0801d993   Thumb Code   168  driver.o(.text)
    OutIn_Motor_Init                         0x0801da3b   Thumb Code    38  driver.o(.text)
    OutIn_Motor_Speed_Set                    0x0801da61   Thumb Code    32  driver.o(.text)
    OutIn_Motor_In                           0x0801da81   Thumb Code    10  driver.o(.text)
    OutIn_Motor_Out                          0x0801da8b   Thumb Code    10  driver.o(.text)
    OutIn_Motor_Run                          0x0801da95   Thumb Code    30  driver.o(.text)
    OutIn_Motor_Enable                       0x0801dab3   Thumb Code    10  driver.o(.text)
    OutIn_Motor_Disable                      0x0801dabd   Thumb Code    10  driver.o(.text)
    Turn_CLK_Set                             0x0801dac7   Thumb Code    14  driver.o(.text)
    Turn_CLK_Reset                           0x0801dad5   Thumb Code    14  driver.o(.text)
    Turn_Motor_Init                          0x0801dae3   Thumb Code    84  driver.o(.text)
    Turn_Motor_Enable                        0x0801db37   Thumb Code    10  driver.o(.text)
    Turn_Motor_Disable                       0x0801db41   Thumb Code    10  driver.o(.text)
    Turn_Motor_Dir                           0x0801db4b   Thumb Code    26  driver.o(.text)
    Turn_Motor_One_Step                      0x0801db65   Thumb Code   176  driver.o(.text)
    Turn_Motor_Run                           0x0801dc15   Thumb Code   106  driver.o(.text)
    Turn_Motor_Goto_Postion                  0x0801dc7f   Thumb Code    20  driver.o(.text)
    Turn_Motor_Reset                         0x0801dc93   Thumb Code    94  driver.o(.text)
    Turn_Motor_Pass_Kong                     0x0801dcf1   Thumb Code    26  driver.o(.text)
    Turn_Motor_Select_LED                    0x0801dd0b   Thumb Code   234  driver.o(.text)
    _sys_exit                                0x0801ddf5   Thumb Code     8  driver.o(.text)
    fputc                                    0x0801ddfd   Thumb Code    20  driver.o(.text)
    COM_Init                                 0x0801de11   Thumb Code   126  driver.o(.text)
    Debug_Uart_Init                          0x0801de8f   Thumb Code     8  driver.o(.text)
    ADC1_DMA_Config                          0x0801de97   Thumb Code   174  driver.o(.text)
    ADC1_Init                                0x0801df45   Thumb Code   192  driver.o(.text)
    DMA2_Stream0_IRQHandler                  0x0801e005   Thumb Code    72  driver.o(.text)
    DMA2_Stream3_IRQHandler                  0x0801e04d   Thumb Code   346  driver.o(.text)
    ADC2_DMA_Config                          0x0801e1a7   Thumb Code   178  driver.o(.text)
    ADC2_Init                                0x0801e259   Thumb Code   174  driver.o(.text)
    ADC3_GPIO_Init                           0x0801e307   Thumb Code   288  driver.o(.text)
    ADC3_Init                                0x0801e427   Thumb Code    88  driver.o(.text)
    Disable_ADC                              0x0801e47f   Thumb Code    64  driver.o(.text)
    Reset_ADC_InitDataType                   0x0801e4bf   Thumb Code    20  driver.o(.text)
    Eable_ADC                                0x0801e4d3   Thumb Code    48  driver.o(.text)
    Get_ADC3_Channel_Value                   0x0801e503   Thumb Code   102  driver.o(.text)
    Get_Press_ADC                            0x0801e569   Thumb Code     4  driver.o(.text)
    Get_XK_ADC                               0x0801e56d   Thumb Code    18  driver.o(.text)
    Get_12V_N_ADC                            0x0801e57f   Thumb Code    70  driver.o(.text)
    Get_12V_P_ADC                            0x0801e5c5   Thumb Code    18  driver.o(.text)
    Get_56V_Cur_ADC                          0x0801e5d7   Thumb Code    18  driver.o(.text)
    Get_LED_Cur_ADC                          0x0801e5e9   Thumb Code    18  driver.o(.text)
    Get_Temp_ADC                             0x0801e5fb   Thumb Code    18  driver.o(.text)
    HW_Get_ADC_HGB                           0x0801e60d   Thumb Code    20  driver.o(.text)
    HW_Get_ADC_CRP                           0x0801e621   Thumb Code    20  driver.o(.text)
    Get_HGB_Value                            0x0801e635   Thumb Code    38  driver.o(.text)
    Get_CRP_Value                            0x0801e65b   Thumb Code    26  driver.o(.text)
    Press_I2C_Init                           0x0801e675   Thumb Code   138  driver.o(.text)
    Press_Init                               0x0801e6ff   Thumb Code     8  driver.o(.text)
    Press_I2C_Start                          0x0801e707   Thumb Code    68  driver.o(.text)
    Press_I2C_Stop                           0x0801e74b   Thumb Code    60  driver.o(.text)
    Press_I2C_Wait_Ack                       0x0801e787   Thumb Code   110  driver.o(.text)
    Press_I2C_Ack                            0x0801e7f5   Thumb Code    72  driver.o(.text)
    Press_I2C_NAck                           0x0801e83d   Thumb Code    72  driver.o(.text)
    Press_I2C_Send_Byte                      0x0801e885   Thumb Code   134  driver.o(.text)
    Press_I2C_Read_Byte                      0x0801e90b   Thumb Code   136  driver.o(.text)
    Get_Press_I2C                            0x0801e993   Thumb Code   254  driver.o(.text)
    Reset_Elec_Status                        0x0801ea91   Thumb Code    14  driver.o(.text)
    Set_Elec_Status                          0x0801ea9f   Thumb Code    14  driver.o(.text)
    Get_Elec_Status                          0x0801eaad   Thumb Code    14  driver.o(.text)
    Elec_Init                                0x0801eabb   Thumb Code    44  driver.o(.text)
    Get_Elec_ADC                             0x0801eae7   Thumb Code    86  driver.o(.text)
    Beep_Init                                0x0801eb3d   Thumb Code    46  driver.o(.text)
    Beep                                     0x0801eb6b   Thumb Code    86  driver.o(.text)
    Pump_PWM_Init                            0x0801ebc1   Thumb Code   176  driver.o(.text)
    Pump_init                                0x0801ec71   Thumb Code    22  driver.o(.text)
    Pump_AntiClockWise                       0x0801ec87   Thumb Code     2  driver.o(.text)
    Pump_ClockWise                           0x0801ec89   Thumb Code     2  driver.o(.text)
    Pump_Speed_Set                           0x0801ec8b   Thumb Code    32  driver.o(.text)
    Pump_Exec                                0x0801ecab   Thumb Code    40  driver.o(.text)
    Mixing_Motor_Init                        0x0801ecd3   Thumb Code    60  driver.o(.text)
    Mixing_Motor_Run                         0x0801ed0f   Thumb Code    14  driver.o(.text)
    Mixing_Motor_Stop                        0x0801ed1d   Thumb Code    14  driver.o(.text)
    Valve_Init                               0x0801ed2b   Thumb Code   100  driver.o(.text)
    Valve_Air_Exec                           0x0801ed8f   Thumb Code    32  driver.o(.text)
    Valve_Liquid_Exec                        0x0801edaf   Thumb Code    30  driver.o(.text)
    Valve_Exec                               0x0801edcd   Thumb Code    28  driver.o(.text)
    Get_Micro_OC_Status                      0x0801ede9   Thumb Code    12  driver.o(.text)
    EXTI9_5_IRQHandler                       0x0801edf5   Thumb Code    96  driver.o(.text)
    Micro_OC_Init                            0x0801ee55   Thumb Code   196  driver.o(.text)
    OC_Init                                  0x0801ef19   Thumb Code    32  driver.o(.text)
    Get_Out_OC_Status                        0x0801ef39   Thumb Code    10  driver.o(.text)
    Get_In_OC_Status                         0x0801ef43   Thumb Code    10  driver.o(.text)
    Counter_Check_Init                       0x0801ef4d   Thumb Code    10  driver.o(.text)
    Get_Counter_Check_Status                 0x0801ef57   Thumb Code    10  driver.o(.text)
    LED_Cur_DAC_Init                         0x0801ef61   Thumb Code    84  driver.o(.text)
    LED_Init                                 0x0801efb5   Thumb Code   572  driver.o(.text)
    LED_Cur_DAC_Set                          0x0801f1f1   Thumb Code    24  driver.o(.text)
    LED_Cur_Auto_Adjust                      0x0801f209   Thumb Code   122  driver.o(.text)
    LED_Cur_Switch                           0x0801f283   Thumb Code    32  driver.o(.text)
    LED_Cur_ADC_Check_Channel                0x0801f2a3   Thumb Code   298  driver.o(.text)
    LED_Exec                                 0x0801f3cd   Thumb Code   246  driver.o(.text)
    LED_All_Reset                            0x0801f4c3   Thumb Code    24  driver.o(.text)
    DResistor_Init                           0x0801f4db   Thumb Code   142  driver.o(.text)
    DRegister_Write                          0x0801f569   Thumb Code   170  driver.o(.text)
    Counter_Adjust_PWM_Init                  0x0801f613   Thumb Code   176  driver.o(.text)
    Counter_Adjust_Init                      0x0801f6c3   Thumb Code    18  driver.o(.text)
    Counter_Adjust_Switch                    0x0801f6d5   Thumb Code    26  driver.o(.text)
    Counter_Adjust_Start                     0x0801f6ef   Thumb Code    62  driver.o(.text)
    EVAL_Init                                0x0801f72d   Thumb Code   386  driver.o(.text)
    Driver_Debug                             0x0801f8af   Thumb Code  2900  driver.o(.text)
    ADC24Bit_SPI_ReadWriteByte               0x08020481   Thumb Code    80  ad7799.o(.text)
    ADC24Bit_SPI_Init                        0x080204d1   Thumb Code   322  ad7799.o(.text)
    ADC24Bit_GPIO_Init                       0x08020613   Thumb Code   190  ad7799.o(.text)
    SPI_Write                                0x080206d1   Thumb Code   154  ad7799.o(.text)
    AD7799_Reset                             0x0802076b   Thumb Code    40  ad7799.o(.text)
    SPI_Read                                 0x08020793   Thumb Code   154  ad7799.o(.text)
    AD7799_GetRegisterValue                  0x0802082d   Thumb Code   160  ad7799.o(.text)
    AD7799_SetRegisterValue                  0x080208cd   Thumb Code   110  ad7799.o(.text)
    AD7799_Init                              0x0802093b   Thumb Code   254  ad7799.o(.text)
    ADC24Bit_Init                            0x08020a39   Thumb Code    12  ad7799.o(.text)
    AD7799_Calibrate                         0x08020a45   Thumb Code   256  ad7799.o(.text)
    AD7799_SetChannel                        0x08020b45   Thumb Code    36  ad7799.o(.text)
    AD7799_SetMode                           0x08020b69   Thumb Code    48  ad7799.o(.text)
    AD7799_SetGain                           0x08020b99   Thumb Code    38  ad7799.o(.text)
    AD7799_SetBurnoutCurren                  0x08020bbf   Thumb Code    36  ad7799.o(.text)
    AD7799_SetBufMode                        0x08020be3   Thumb Code    36  ad7799.o(.text)
    AD7799_Get_Out_Data                      0x08020c07   Thumb Code    12  ad7799.o(.text)
    AD7799_Get_ADC_Value                     0x08020c13   Thumb Code    14  ad7799.o(.text)
    AD7799_Get_Value                         0x08020c21   Thumb Code    56  ad7799.o(.text)
    ethernetif_input                         0x08020ef9   Thumb Code    42  ethernetif.o(.text)
    ethernetif_init                          0x08020f23   Thumb Code    38  ethernetif.o(.text)
    etharp_tmr                               0x08020fa7   Thumb Code   136  etharp.o(.text)
    etharp_cleanup_netif                     0x08021275   Thumb Code    52  etharp.o(.text)
    etharp_find_addr                         0x080212a9   Thumb Code    82  etharp.o(.text)
    etharp_request                           0x080214bd   Thumb Code    36  etharp.o(.text)
    etharp_query                             0x08021549   Thumb Code   338  etharp.o(.text)
    etharp_output                            0x0802169b   Thumb Code   314  etharp.o(.text)
    ethernet_input                           0x080217d5   Thumb Code   178  etharp.o(.text)
    icmp_input                               0x08021899   Thumb Code   340  icmp.o(.text)
    icmp_dest_unreach                        0x08021a5d   Thumb Code    18  icmp.o(.text)
    icmp_time_exceeded                       0x08021a6f   Thumb Code    18  icmp.o(.text)
    inet_chksum_pseudo                       0x08021ae7   Thumb Code   162  inet_chksum.o(.text)
    inet_chksum_pseudo_partial               0x08021b89   Thumb Code   184  inet_chksum.o(.text)
    inet_chksum                              0x08021c41   Thumb Code    20  inet_chksum.o(.text)
    inet_chksum_pbuf                         0x08021c55   Thumb Code    86  inet_chksum.o(.text)
    ip_route                                 0x08021cad   Thumb Code    76  ip.o(.text)
    ip_input                                 0x08021cf9   Thumb Code   422  ip.o(.text)
    ip_output_if                             0x08021e9f   Thumb Code   192  ip.o(.text)
    ip_output                                0x08021f5f   Thumb Code    56  ip.o(.text)
    ip4_addr_isbroadcast                     0x08021fb5   Thumb Code    78  ip_addr.o(.text)
    ip4_addr_netmask_valid                   0x08022003   Thumb Code    52  ip_addr.o(.text)
    ipaddr_aton                              0x08022037   Thumb Code   348  ip_addr.o(.text)
    ipaddr_addr                              0x08022193   Thumb Code    24  ip_addr.o(.text)
    ipaddr_ntoa_r                            0x080221ab   Thumb Code   168  ip_addr.o(.text)
    ipaddr_ntoa                              0x08022253   Thumb Code    16  ip_addr.o(.text)
    ip_reass_tmr                             0x0802232d   Thumb Code    48  ip_frag.o(.text)
    ip_reass                                 0x08022583   Thumb Code   396  ip_frag.o(.text)
    ip_frag                                  0x0802274b   Thumb Code   424  ip_frag.o(.text)
    lwip_htons                               0x080228fd   Thumb Code    12  def.o(.text)
    lwip_ntohs                               0x08022909   Thumb Code    12  def.o(.text)
    lwip_htonl                               0x08022915   Thumb Code    26  def.o(.text)
    lwip_ntohl                               0x0802292f   Thumb Code    12  def.o(.text)
    dhcp_renew                               0x08022dcd   Thumb Code   160  dhcp.o(.text)
    dhcp_coarse_tmr                          0x08022f31   Thumb Code    62  dhcp.o(.text)
    dhcp_release                             0x08023013   Thumb Code   162  dhcp.o(.text)
    dhcp_fine_tmr                            0x0802323d   Thumb Code    64  dhcp.o(.text)
    dhcp_set_struct                          0x08023303   Thumb Code    30  dhcp.o(.text)
    dhcp_cleanup                             0x08023321   Thumb Code    24  dhcp.o(.text)
    dhcp_stop                                0x08023339   Thumb Code    58  dhcp.o(.text)
    dhcp_start                               0x0802377f   Thumb Code   206  dhcp.o(.text)
    dhcp_inform                              0x0802384d   Thumb Code   170  dhcp.o(.text)
    dhcp_network_changed                     0x080238f7   Thumb Code    80  dhcp.o(.text)
    dhcp_arp_reply                           0x080239c5   Thumb Code    46  dhcp.o(.text)
    mem_init                                 0x08023a85   Thumb Code    74  mem.o(.text)
    mem_free                                 0x08023acf   Thumb Code    68  mem.o(.text)
    mem_trim                                 0x08023b13   Thumb Code   288  mem.o(.text)
    mem_malloc                               0x08023c33   Thumb Code   222  mem.o(.text)
    mem_calloc                               0x08023d11   Thumb Code    34  mem.o(.text)
    memp_init                                0x08023d45   Thumb Code    82  memp.o(.text)
    memp_malloc                              0x08023d97   Thumb Code    40  memp.o(.text)
    memp_free                                0x08023dbf   Thumb Code    28  memp.o(.text)
    netif_init                               0x08023ded   Thumb Code     2  netif.o(.text)
    netif_set_gw                             0x08023def   Thumb Code    12  netif.o(.text)
    netif_set_netmask                        0x08023dfb   Thumb Code    12  netif.o(.text)
    netif_set_ipaddr                         0x08023e07   Thumb Code   110  netif.o(.text)
    netif_set_addr                           0x08023e75   Thumb Code    40  netif.o(.text)
    netif_add                                0x08023e9d   Thumb Code   104  netif.o(.text)
    netif_set_default                        0x08023f05   Thumb Code     6  netif.o(.text)
    netif_set_down                           0x08023f0b   Thumb Code    42  netif.o(.text)
    netif_remove                             0x08023f35   Thumb Code    90  netif.o(.text)
    netif_find                               0x08023f8f   Thumb Code    64  netif.o(.text)
    netif_set_up                             0x08023fcf   Thumb Code    54  netif.o(.text)
    netif_set_link_up                        0x08024005   Thumb Code    80  netif.o(.text)
    netif_set_link_down                      0x08024055   Thumb Code    42  netif.o(.text)
    netif_set_link_callback                  0x0802407f   Thumb Code     6  netif.o(.text)
    pbuf_free                                0x08024099   Thumb Code   134  pbuf.o(.text)
    pbuf_alloc                               0x0802411f   Thumb Code   408  pbuf.o(.text)
    pbuf_alloced_custom                      0x080242b7   Thumb Code   108  pbuf.o(.text)
    pbuf_realloc                             0x08024323   Thumb Code   120  pbuf.o(.text)
    pbuf_header                              0x0802439b   Thumb Code   126  pbuf.o(.text)
    pbuf_clen                                0x08024419   Thumb Code    18  pbuf.o(.text)
    pbuf_ref                                 0x0802442b   Thumb Code    10  pbuf.o(.text)
    pbuf_cat                                 0x08024435   Thumb Code    56  pbuf.o(.text)
    pbuf_chain                               0x0802446d   Thumb Code    22  pbuf.o(.text)
    pbuf_dechain                             0x08024483   Thumb Code    56  pbuf.o(.text)
    pbuf_copy                                0x080244bb   Thumb Code   192  pbuf.o(.text)
    pbuf_copy_partial                        0x0802457b   Thumb Code   146  pbuf.o(.text)
    pbuf_take                                0x0802460d   Thumb Code   116  pbuf.o(.text)
    pbuf_coalesce                            0x08024681   Thumb Code    60  pbuf.o(.text)
    pbuf_get_at                              0x080246bd   Thumb Code    46  pbuf.o(.text)
    pbuf_memcmp                              0x080246eb   Thumb Code    96  pbuf.o(.text)
    pbuf_memfind                             0x0802474b   Thumb Code    76  pbuf.o(.text)
    pbuf_strstr                              0x08024797   Thumb Code    60  pbuf.o(.text)
    raw_input                                0x080247d5   Thumb Code   102  raw.o(.text)
    raw_bind                                 0x0802483b   Thumb Code    16  raw.o(.text)
    raw_connect                              0x0802484b   Thumb Code    16  raw.o(.text)
    raw_recv                                 0x0802485b   Thumb Code     6  raw.o(.text)
    raw_sendto                               0x08024861   Thumb Code   158  raw.o(.text)
    raw_send                                 0x080248ff   Thumb Code    18  raw.o(.text)
    raw_remove                               0x08024911   Thumb Code    60  raw.o(.text)
    raw_new                                  0x0802494d   Thumb Code    42  raw.o(.text)
    tcp_init                                 0x08024985   Thumb Code     2  tcp.o(.text)
    tcp_seg_free                             0x08024987   Thumb Code    26  tcp.o(.text)
    tcp_segs_free                            0x080249a1   Thumb Code    24  tcp.o(.text)
    tcp_pcb_purge                            0x080249b9   Thumb Code    64  tcp.o(.text)
    tcp_slowtmr                              0x080249f9   Thumb Code   802  tcp.o(.text)
    tcp_pcb_remove                           0x08024d1b   Thumb Code   140  tcp.o(.text)
    tcp_close                                0x08024f7f   Thumb Code    28  tcp.o(.text)
    tcp_update_rcv_ann_wnd                   0x08024f9b   Thumb Code    78  tcp.o(.text)
    tcp_recved                               0x08024fe9   Thumb Code    70  tcp.o(.text)
    tcp_recv_null                            0x0802502f   Thumb Code    46  tcp.o(.text)
    tcp_process_refused_data                 0x0802505d   Thumb Code   140  tcp.o(.text)
    tcp_fasttmr                              0x080250e9   Thumb Code   110  tcp.o(.text)
    tcp_tmr                                  0x08025157   Thumb Code    30  tcp.o(.text)
    tcp_shutdown                             0x08025175   Thumb Code    98  tcp.o(.text)
    tcp_abandon                              0x080251d7   Thumb Code   170  tcp.o(.text)
    tcp_abort                                0x08025281   Thumb Code    14  tcp.o(.text)
    tcp_bind                                 0x080252ef   Thumb Code   142  tcp.o(.text)
    tcp_listen_with_backlog                  0x08025385   Thumb Code   198  tcp.o(.text)
    tcp_eff_send_mss                         0x0802544b   Thumb Code    46  tcp.o(.text)
    tcp_next_iss                             0x08025479   Thumb Code    20  tcp.o(.text)
    tcp_connect                              0x0802548d   Thumb Code   328  tcp.o(.text)
    tcp_setprio                              0x080255d5   Thumb Code     4  tcp.o(.text)
    tcp_alloc                                0x08025657   Thumb Code   242  tcp.o(.text)
    tcp_new                                  0x08025749   Thumb Code    10  tcp.o(.text)
    tcp_arg                                  0x08025753   Thumb Code     4  tcp.o(.text)
    tcp_recv                                 0x08025757   Thumb Code     8  tcp.o(.text)
    tcp_sent                                 0x0802575f   Thumb Code     8  tcp.o(.text)
    tcp_err                                  0x08025767   Thumb Code    10  tcp.o(.text)
    tcp_accept                               0x08025771   Thumb Code     4  tcp.o(.text)
    tcp_poll                                 0x08025775   Thumb Code    14  tcp.o(.text)
    tcp_debug_state_str                      0x08025783   Thumb Code    10  tcp.o(.text)
    tcp_input                                0x080265b1   Thumb Code  1134  tcp_in.o(.text)
    tcp_enqueue_flags                        0x08026b6d   Thumb Code   272  tcp_out.o(.text)
    tcp_send_fin                             0x08026c7d   Thumb Code    74  tcp_out.o(.text)
    tcp_write                                0x08026daf   Thumb Code   902  tcp_out.o(.text)
    tcp_send_empty_ack                       0x08027135   Thumb Code    78  tcp_out.o(.text)
    tcp_output                               0x0802724b   Thumb Code   444  tcp_out.o(.text)
    tcp_rst                                  0x08027407   Thumb Code   124  tcp_out.o(.text)
    tcp_rexmit_rto                           0x08027483   Thumb Code    58  tcp_out.o(.text)
    tcp_rexmit                               0x080274bd   Thumb Code    90  tcp_out.o(.text)
    tcp_rexmit_fast                          0x08027517   Thumb Code   112  tcp_out.o(.text)
    tcp_keepalive                            0x08027587   Thumb Code    68  tcp_out.o(.text)
    tcp_zero_window_probe                    0x080275cb   Thumb Code   172  tcp_out.o(.text)
    tcp_timer_needed                         0x08027677   Thumb Code     2  timers.o(.text)
    udp_init                                 0x08027679   Thumb Code     2  udp.o(.text)
    udp_input                                0x080276cb   Thumb Code   450  udp.o(.text)
    udp_bind                                 0x0802788d   Thumb Code   122  udp.o(.text)
    udp_sendto_if                            0x08027907   Thumb Code   206  udp.o(.text)
    udp_sendto                               0x080279d5   Thumb Code    46  udp.o(.text)
    udp_send                                 0x08027a03   Thumb Code    20  udp.o(.text)
    udp_connect                              0x08027a17   Thumb Code   110  udp.o(.text)
    udp_disconnect                           0x08027a85   Thumb Code    16  udp.o(.text)
    udp_recv                                 0x08027a95   Thumb Code     6  udp.o(.text)
    udp_remove                               0x08027a9b   Thumb Code    60  udp.o(.text)
    udp_new                                  0x08027ad7   Thumb Code    28  udp.o(.text)
    LwIP_Init                                0x08027af9   Thumb Code   164  netconf.o(.text)
    LwIP_Pkt_Handle                          0x08027b9d   Thumb Code    10  netconf.o(.text)
    LwIP_Periodic_Handle                     0x08027ba7   Thumb Code    52  netconf.o(.text)
    ETH_BSP_Config                           0x08027dc3   Thumb Code    38  stm32f4x7_eth_bsp.o(.text)
    Eth_Link_PHYITConfig                     0x08027de9   Thumb Code    70  stm32f4x7_eth_bsp.o(.text)
    Eth_Link_EXTIConfig                      0x08027e2f   Thumb Code   104  stm32f4x7_eth_bsp.o(.text)
    Eth_Link_ITHandler                       0x08027e97   Thumb Code    48  stm32f4x7_eth_bsp.o(.text)
    ETH_link_callback                        0x08027ec7   Thumb Code   282  stm32f4x7_eth_bsp.o(.text)
    udp_echoserver_receive_callback          0x080280a1   Thumb Code   160  udp_echoserver.o(.text)
    udp_echoserver_init                      0x08028141   Thumb Code   162  udp_echoserver.o(.text)
    udp_echoserver_senddata                  0x080281e3   Thumb Code    52  udp_echoserver.o(.text)
    __aeabi_memcpy                           0x080282ed   Thumb Code    36  memcpya.o(.text)
    __aeabi_memcpy4                          0x080282ed   Thumb Code     0  memcpya.o(.text)
    __aeabi_memcpy8                          0x080282ed   Thumb Code     0  memcpya.o(.text)
    __aeabi_memset                           0x08028311   Thumb Code    14  memseta.o(.text)
    __aeabi_memset4                          0x08028311   Thumb Code     0  memseta.o(.text)
    __aeabi_memset8                          0x08028311   Thumb Code     0  memseta.o(.text)
    __aeabi_memclr                           0x0802831f   Thumb Code     4  memseta.o(.text)
    __aeabi_memclr4                          0x0802831f   Thumb Code     0  memseta.o(.text)
    __aeabi_memclr8                          0x0802831f   Thumb Code     0  memseta.o(.text)
    _memset$wrapper                          0x08028323   Thumb Code    18  memseta.o(.text)
    strncpy                                  0x08028335   Thumb Code    24  strncpy.o(.text)
    strlen                                   0x0802834d   Thumb Code    14  strlen.o(.text)
    memcmp                                   0x0802835b   Thumb Code    26  memcmp.o(.text)
    __aeabi_dadd                             0x08028375   Thumb Code   322  dadd.o(.text)
    __aeabi_dsub                             0x080284b7   Thumb Code     6  dadd.o(.text)
    __aeabi_drsub                            0x080284bd   Thumb Code     6  dadd.o(.text)
    __aeabi_dmul                             0x080284c3   Thumb Code   228  dmul.o(.text)
    __aeabi_ui2d                             0x080285a7   Thumb Code    26  dfltui.o(.text)
    __aeabi_d2iz                             0x080285c1   Thumb Code    62  dfixi.o(.text)
    __aeabi_d2uiz                            0x080285ff   Thumb Code    50  dfixui.o(.text)
    __aeabi_f2d                              0x08028631   Thumb Code    38  f2d.o(.text)
    __aeabi_cdrcmple                         0x08028659   Thumb Code    38  cdrcmple.o(.text)
    __aeabi_uidiv                            0x08028681   Thumb Code     0  uidiv.o(.text)
    __aeabi_uidivmod                         0x08028681   Thumb Code    44  uidiv.o(.text)
    __aeabi_uldivmod                         0x080286ad   Thumb Code    98  uldiv.o(.text)
    __aeabi_llsl                             0x0802870f   Thumb Code    30  llshl.o(.text)
    _ll_shift_l                              0x0802870f   Thumb Code     0  llshl.o(.text)
    __aeabi_llsr                             0x0802872d   Thumb Code    32  llushr.o(.text)
    _ll_ushift_r                             0x0802872d   Thumb Code     0  llushr.o(.text)
    __aeabi_lasr                             0x0802874d   Thumb Code    36  llsshr.o(.text)
    _ll_sshift_r                             0x0802874d   Thumb Code     0  llsshr.o(.text)
    __I$use$fp                               0x08028771   Thumb Code     0  iusefp.o(.text)
    _double_round                            0x08028771   Thumb Code    26  depilogue.o(.text)
    _double_epilogue                         0x0802878b   Thumb Code   164  depilogue.o(.text)
    __aeabi_ddiv                             0x0802882f   Thumb Code   222  ddiv.o(.text)
    __aeabi_d2ulz                            0x0802890d   Thumb Code    48  dfixul.o(.text)
    __decompress                             0x0802893d   Thumb Code     0  __dczerorl2.o(.text)
    __decompress1                            0x0802893d   Thumb Code    92  __dczerorl2.o(.text)
    __0printf                                0x08028999   Thumb Code    22  printfa.o(i.__0printf)
    __1printf                                0x08028999   Thumb Code     0  printfa.o(i.__0printf)
    __2printf                                0x08028999   Thumb Code     0  printfa.o(i.__0printf)
    __c89printf                              0x08028999   Thumb Code     0  printfa.o(i.__0printf)
    printf                                   0x08028999   Thumb Code     0  printfa.o(i.__0printf)
    __0sprintf                               0x080289b9   Thumb Code    34  printfa.o(i.__0sprintf)
    __1sprintf                               0x080289b9   Thumb Code     0  printfa.o(i.__0sprintf)
    __2sprintf                               0x080289b9   Thumb Code     0  printfa.o(i.__0sprintf)
    __c89sprintf                             0x080289b9   Thumb Code     0  printfa.o(i.__0sprintf)
    sprintf                                  0x080289b9   Thumb Code     0  printfa.o(i.__0sprintf)
    softver_edtion                           0x0802934c   Data           6  processscope.o(.constdata)
    FSMC_DefaultTimingStruct                 0x0802a090   Data          28  stm32f4xx_fsmc.o(.constdata)
    g_Turn_Motor_Table                       0x0802a0bc   Data          16  driver.o(.constdata)
    OUT_PORT                                 0x0802a0cc   Data          32  driver.o(.constdata)
    OUT_PIN                                  0x0802a0ec   Data          16  driver.o(.constdata)
    OUT_CLK                                  0x0802a0fc   Data          32  driver.o(.constdata)
    IN_PORT                                  0x0802a11c   Data          20  driver.o(.constdata)
    IN_PIN                                   0x0802a130   Data          10  driver.o(.constdata)
    IN_CLK                                   0x0802a13c   Data          20  driver.o(.constdata)
    ethbroadcast                             0x0802a150   Data           6  etharp.o(.constdata)
    ethzero                                  0x0802a156   Data           6  etharp.o(.constdata)
    ip_addr_any                              0x0802a15c   Data           4  ip_addr.o(.constdata)
    ip_addr_broadcast                        0x0802a160   Data           4  ip_addr.o(.constdata)
    tcp_state_str                            0x0802a188   Data          44  tcp.o(.constdata)
    tcp_backoff                              0x0802a1b4   Data          13  tcp.o(.constdata)
    tcp_persist_backoff                      0x0802a1c1   Data           7  tcp.o(.constdata)
    tcp_pcb_lists                            0x0802a1c8   Data          16  tcp.o(.constdata)
    SystemCoreClock                          0x20000000   Data           4  system_stm32f4xx.o(.data)
    AHBPrescTable                            0x20000004   Data          16  system_stm32f4xx.o(.data)
    g_tOCLevel                               0x2000001e   Data           4  systemscope.o(.data)
    g_tSystemStatus                          0x20000022   Data           3  systemscope.o(.data)
    g_atInterval                             0x20000026   Data           8  systemscope.o(.data)
    g_nError                                 0x20000030   Data           4  systemscope.o(.data)
    g_nFlag                                  0x20000034   Data           4  systemscope.o(.data)
    g_Test_Mode                              0x20000042   Data           1  processscope.o(.data)
    g_Udp_Count                              0x20000048   Data           4  processscope.o(.data)
    g_Frame_Count                            0x2000004c   Data           4  processscope.o(.data)
    g_Send_Fail                              0x20000050   Data           4  processscope.o(.data)
    g_AirLight_Flag                          0x20000054   Data           1  processscope.o(.data)
    g_Debug_Data                             0x2000006e   Data         512  interfacescope.o(.data)
    DMATxDescToSet                           0x2000027c   Data           4  stm32f4x7_eth.o(.data)
    DMARxDescToGet                           0x20000280   Data           4  stm32f4x7_eth.o(.data)
    DMA_RX_FRAME_infos                       0x20000284   Data           4  stm32f4x7_eth.o(.data)
    Frame_Rx_index                           0x20000288   Data           4  stm32f4x7_eth.o(.data)
    g_Elec_Status                            0x200002ea   Data           1  driver.o(.data)
    g_Turn_Position                          0x200002eb   Data           1  driver.o(.data)
    g_Micro_Switch                           0x200002ec   Data           1  driver.o(.data)
    __stdout                                 0x200002f0   Data           4  driver.o(.data)
    current_netif                            0x200002f8   Data           4  ip.o(.data)
    current_header                           0x200002fc   Data           4  ip.o(.data)
    current_iphdr_src                        0x20000300   Data           4  ip.o(.data)
    current_iphdr_dest                       0x20000304   Data           4  ip.o(.data)
    netif_list                               0x20000324   Data           4  netif.o(.data)
    netif_default                            0x20000328   Data           4  netif.o(.data)
    tcp_ticks                                0x2000033c   Data           4  tcp.o(.data)
    tcp_bound_pcbs                           0x20000340   Data           4  tcp.o(.data)
    tcp_listen_pcbs                          0x20000344   Data           4  tcp.o(.data)
    tcp_active_pcbs                          0x20000348   Data           4  tcp.o(.data)
    tcp_tw_pcbs                              0x2000034c   Data           4  tcp.o(.data)
    tcp_tmp_pcb                              0x20000350   Data           4  tcp.o(.data)
    tcp_active_pcbs_changed                  0x20000354   Data           1  tcp.o(.data)
    tcp_input_pcb                            0x20000374   Data           4  tcp_in.o(.data)
    udp_pcbs                                 0x2000037c   Data           4  udp.o(.data)
    TCPTimer                                 0x2000038c   Data           4  netconf.o(.data)
    ARPTimer                                 0x20000390   Data           4  netconf.o(.data)
    IPaddress                                0x20000394   Data           4  netconf.o(.data)
    EthStatus                                0x200003a4   Data           4  stm32f4x7_eth_bsp.o(.data)
    s_tAddr                                  0x200003b4   Data           4  udp_echoserver.o(.data)
    s_nPort                                  0x200003b8   Data           2  udp_echoserver.o(.data)
    s_ptUpcb                                 0x200003bc   Data           4  udp_echoserver.o(.data)
    g_tAxisPosStatus                         0x200003c0   Data          28  systemscope.o(.bss)
    g_tSystemPara                            0x200003dc   Data          54  systemscope.o(.bss)
    g_nErrorParaSet                          0x20000412   Data          64  systemscope.o(.bss)
    g_CRP_Data                               0x20000454   Data        1032  processscope.o(.bss)
    g_NET_achCmdRvBuf                        0x2000085c   Data         256  protocol.o(.bss)
    g_achFbkSdBuf                            0x2000095c   Data        1500  protocol.o(.bss)
    g_achFbkSdLogBuf                         0x20000f38   Data        1500  protocol.o(.bss)
    g_Record_Param                           0x200020cc   Data          28  storagemanagement.o(.bss)
    DMARxDscrTab                             0x200020e8   Data         256  stm32f4x7_eth.o(.bss)
    DMATxDscrTab                             0x200021e8   Data         256  stm32f4x7_eth.o(.bss)
    Rx_Buff                                  0x200022e8   Data       12192  stm32f4x7_eth.o(.bss)
    Tx_Buff                                  0x20005288   Data       12192  stm32f4x7_eth.o(.bss)
    RX_Frame_Descriptor                      0x20008228   Data          12  stm32f4x7_eth.o(.bss)
    g_atMotorStatus                          0x20008234   Data          16  scope_move.o(.bss)
    g_atMotorPara                            0x20008244   Data          32  scope_move.o(.bss)
    ADC1_Status                              0x200098a8   Data          12  driver.o(.bss)
    g_ADC1_Buffer                            0x200098b4   Data         512  driver.o(.bss)
    ADC2_Status                              0x20009ab4   Data          12  driver.o(.bss)
    g_ADC2_Buffer                            0x20009ac0   Data         512  driver.o(.bss)
    g_ADC3_Value                             0x20009cc0   Data          20  driver.o(.bss)
    dhcp_rx_options_val                      0x20009dac   Data          40  dhcp.o(.bss)
    dhcp_rx_options_given                    0x20009dd4   Data          10  dhcp.o(.bss)
    ram_heap                                 0x20009dde   Data       10260  mem.o(.bss)
    gnetif                                   0x2001120c   Data          56  netconf.o(.bss)
    ETH_InitStructure                        0x20011244   Data         188  stm32f4x7_eth_bsp.o(.bss)
    __initial_sp                             0x20015300   Data           0  startup_stm32f40_41xxx.o(STACK)



==============================================================================

Memory Map of the image

  Image Entry point : 0x08000189

  Load Region LR_IROM1 (Base: 0x08000000, Size: 0x000005c0, Max: 0x00003fff, ABSOLUTE, COMPRESSED[0x000002f0])

    Execution Region ER_IROM1 (Base: 0x08000000, Size: 0x00000200, Max: 0x00003fff, ABSOLUTE)

    Base Addr    Size         Type   Attr      Idx    E Section Name        Object

    0x08000000   0x00000188   Data   RO          290    RESET               startup_stm32f40_41xxx.o
    0x08000188   0x00000000   Code   RO         2078  * .ARM.Collect$$$$00000000  mc_w.l(entry.o)
    0x08000188   0x00000004   Code   RO         2368    .ARM.Collect$$$$00000001  mc_w.l(entry2.o)
    0x0800018c   0x00000004   Code   RO         2371    .ARM.Collect$$$$00000004  mc_w.l(entry5.o)
    0x08000190   0x00000000   Code   RO         2373    .ARM.Collect$$$$00000008  mc_w.l(entry7b.o)
    0x08000190   0x00000000   Code   RO         2375    .ARM.Collect$$$$0000000A  mc_w.l(entry8b.o)
    0x08000190   0x00000008   Code   RO         2376    .ARM.Collect$$$$0000000B  mc_w.l(entry9a.o)
    0x08000198   0x00000000   Code   RO         2378    .ARM.Collect$$$$0000000D  mc_w.l(entry10a.o)
    0x08000198   0x00000000   Code   RO         2380    .ARM.Collect$$$$0000000F  mc_w.l(entry11a.o)
    0x08000198   0x00000004   Code   RO         2369    .ARM.Collect$$$$00002712  mc_w.l(entry2.o)
    0x0800019c   0x00000024   Code   RO         2399    .text               mc_w.l(init.o)
    0x080001c0   0x0000000e   Code   RO         2403    i.__scatterload_copy  mc_w.l(handlers.o)
    0x080001ce   0x00000002   Code   RO         2404    i.__scatterload_null  mc_w.l(handlers.o)
    0x080001d0   0x0000000e   Code   RO         2405    i.__scatterload_zeroinit  mc_w.l(handlers.o)
    0x080001de   0x00000002   PAD
    0x080001e0   0x00000020   Data   RO         2401    Region$$Table       anon$$obj.o


    Execution Region RW_IRAM1 (Base: 0x20000000, Size: 0x00015300, Max: 0x00020000, ABSOLUTE, COMPRESSED[0x000000f0])

    Base Addr    Size         Type   Attr      Idx    E Section Name        Object

    0x20000000   0x00000014   Data   RW          265    .data               system_stm32f4xx.o
    0x20000014   0x00000024   Data   RW          300    .data               systemscope.o
    0x20000038   0x0000001d   Data   RW          328    .data               processscope.o
    0x20000055   0x0000000c   Data   RW          358    .data               protocol.o
    0x20000061   0x00000003   PAD
    0x20000064   0x00000218   Data   RW          389    .data               interfacescope.o
    0x2000027c   0x00000010   Data   RW          444    .data               stm32f4x7_eth.o
    0x2000028c   0x00000010   Data   RW          999    .data               stm32f4xx_rcc.o
    0x2000029c   0x00000020   Data   RW         1206    .data               scope_it.o
    0x200002bc   0x00000012   Data   RW         1257    .data               buffercircle.o
    0x200002ce   0x00000012   Data   RW         1280    .data               netbuffercircle.o
    0x200002e0   0x00000014   Data   RW         1350    .data               driver.o
    0x200002f4   0x00000001   Data   RW         1474    .data               etharp.o
    0x200002f5   0x00000003   PAD
    0x200002f8   0x00000012   Data   RW         1589    .data               ip.o
    0x2000030a   0x00000002   PAD
    0x2000030c   0x00000006   Data   RW         1649    .data               ip_frag.o
    0x20000312   0x00000002   PAD
    0x20000314   0x00000004   Data   RW         1679    .data               dhcp.o
    0x20000318   0x0000000c   Data   RW         1737    .data               mem.o
    0x20000324   0x00000009   Data   RW         1779    .data               netif.o
    0x2000032d   0x00000003   PAD
    0x20000330   0x00000004   Data   RW         1813    .data               raw.o
    0x20000334   0x00000023   Data   RW         1841    .data               tcp.o
    0x20000357   0x00000001   PAD
    0x20000358   0x00000020   Data   RW         1864    .data               tcp_in.o
    0x20000378   0x00000008   Data   RW         1910    .data               udp.o
    0x20000380   0x00000018   Data   RW         1993    .data               netconf.o
    0x20000398   0x00000010   Data   RW         2018    .data               stm32f4x7_eth_bsp.o
    0x200003a8   0x00000018   Data   RW         2051    .data               udp_echoserver.o
    0x200003c0   0x00000092   Zero   RW          298    .bss                systemscope.o
    0x20000452   0x00000002   PAD
    0x20000454   0x00000408   Zero   RW          326    .bss                processscope.o
    0x2000085c   0x00000cb8   Zero   RW          357    .bss                protocol.o
    0x20001514   0x00000bb8   Zero   RW          387    .bss                interfacescope.o
    0x200020cc   0x0000001c   Zero   RW          416    .bss                storagemanagement.o
    0x200020e8   0x0000614c   Zero   RW          443    .bss                stm32f4x7_eth.o
    0x20008234   0x00000030   Zero   RW         1228    .bss                scope_move.o
    0x20008264   0x000009c4   Zero   RW         1256    .bss                buffercircle.o
    0x20008c28   0x00000c80   Zero   RW         1279    .bss                netbuffercircle.o
    0x200098a8   0x0000042c   Zero   RW         1348    .bss                driver.o
    0x20009cd4   0x000000c8   Zero   RW         1472    .bss                etharp.o
    0x20009d9c   0x00000010   Zero   RW         1626    .bss                ip_addr.o
    0x20009dac   0x00000032   Zero   RW         1678    .bss                dhcp.o
    0x20009dde   0x00002814   Zero   RW         1736    .bss                mem.o
    0x2000c5f2   0x00000002   PAD
    0x2000c5f4   0x00004c07   Zero   RW         1752    .bss                memp.o
    0x200111fb   0x00000001   PAD
    0x200111fc   0x00000010   Zero   RW         1863    .bss                tcp_in.o
    0x2001120c   0x00000038   Zero   RW         1992    .bss                netconf.o
    0x20011244   0x000000bc   Zero   RW         2017    .bss                stm32f4x7_eth_bsp.o
    0x20011300   0x00004000   Zero   RW          288    STACK               startup_stm32f40_41xxx.o



  Load Region LR_IROM2 (Base: 0x08008000, Size: 0x0002228c, Max: 0x0003ffff, ABSOLUTE)

    Execution Region ER_IROM2 (Base: 0x08008000, Size: 0x0002228c, Max: 0x0003ffff, ABSOLUTE)

    Base Addr    Size         Type   Attr      Idx    E Section Name        Object

    0x08008000   0x000000c0   Code   RO            3    .text               scopemain.o
    0x080080c0   0x000002cc   Code   RO          264    .text               system_stm32f4xx.o
    0x0800838c   0x00000024   Code   RO          291    .text               startup_stm32f40_41xxx.o
    0x080083b0   0x000001d4   Code   RO          297    .text               systemscope.o
    0x08008584   0x00005194   Code   RO          325    .text               processscope.o
    0x0800d718   0x00000260   Code   RO          356    .text               protocol.o
    0x0800d978   0x00001884   Code   RO          386    .text               interfacescope.o
    0x0800f1fc   0x00000190   Code   RO          415    .text               storagemanagement.o
    0x0800f38c   0x00001e30   Code   RO          442    .text               stm32f4x7_eth.o
    0x080111bc   0x000001dc   Code   RO          466    .text               misc.o
    0x08011398   0x00001070   Code   RO          506    .text               stm32f4xx_adc.o
    0x08012408   0x000005f8   Code   RO          646    .text               stm32f4xx_dac.o
    0x08012a00   0x000013a4   Code   RO          729    .text               stm32f4xx_dma.o
    0x08013da4   0x000002f8   Code   RO          749    .text               stm32f4xx_exti.o
    0x0801409c   0x00000a94   Code   RO          769    .text               stm32f4xx_flash.o
    0x08014b30   0x00000e48   Code   RO          812    .text               stm32f4xx_fsmc.o
    0x08015978   0x00000a10   Code   RO          835    .text               stm32f4xx_gpio.o
    0x08016388   0x00000f60   Code   RO          998    .text               stm32f4xx_rcc.o
    0x080172e8   0x00000dd0   Code   RO         1103    .text               stm32f4xx_spi.o
    0x080180b8   0x0000019c   Code   RO         1123    .text               stm32f4xx_syscfg.o
    0x08018254   0x00003284   Code   RO         1143    .text               stm32f4xx_tim.o
    0x0801b4d8   0x0000115c   Code   RO         1163    .text               stm32f4xx_usart.o
    0x0801c634   0x00000378   Code   RO         1183    .text               fpga.o
    0x0801c9ac   0x000002b8   Code   RO         1205    .text               scope_it.o
    0x0801cc64   0x000003ec   Code   RO         1227    .text               scope_move.o
    0x0801d050   0x000003b8   Code   RO         1255    .text               buffercircle.o
    0x0801d408   0x000003b8   Code   RO         1278    .text               netbuffercircle.o
    0x0801d7c0   0x00002cc0   Code   RO         1347    .text               driver.o
    0x08020480   0x0000085c   Code   RO         1407    .text               ad7799.o
    0x08020cdc   0x00000290   Code   RO         1429    .text               ethernetif.o
    0x08020f6c   0x0000092c   Code   RO         1471    .text               etharp.o
    0x08021898   0x000001f0   Code   RO         1530    .text               icmp.o
    0x08021a88   0x00000222   Code   RO         1570    .text               inet_chksum.o
    0x08021caa   0x00000002   PAD
    0x08021cac   0x00000308   Code   RO         1588    .text               ip.o
    0x08021fb4   0x000002b4   Code   RO         1625    .text               ip_addr.o
    0x08022268   0x00000694   Code   RO         1648    .text               ip_frag.o
    0x080228fc   0x0000003e   Code   RO         1665    .text               def.o
    0x0802293a   0x00000002   PAD
    0x0802293c   0x000010cc   Code   RO         1677    .text               dhcp.o
    0x08023a08   0x0000033c   Code   RO         1735    .text               mem.o
    0x08023d44   0x000000a8   Code   RO         1751    .text               memp.o
    0x08023dec   0x000002ac   Code   RO         1778    .text               netif.o
    0x08024098   0x0000073a   Code   RO         1800    .text               pbuf.o
    0x080247d2   0x00000002   PAD
    0x080247d4   0x000001b0   Code   RO         1812    .text               raw.o
    0x08024984   0x00000e18   Code   RO         1838    .text               tcp.o
    0x0802579c   0x000012ac   Code   RO         1862    .text               tcp_in.o
    0x08026a48   0x00000c2e   Code   RO         1885    .text               tcp_out.o
    0x08027676   0x00000002   Code   RO         1897    .text               timers.o
    0x08027678   0x00000480   Code   RO         1909    .text               udp.o
    0x08027af8   0x00000170   Code   RO         1991    .text               netconf.o
    0x08027c68   0x00000438   Code   RO         2016    .text               stm32f4x7_eth_bsp.o
    0x080280a0   0x0000024c   Code   RO         2049    .text               udp_echoserver.o
    0x080282ec   0x00000024   Code   RO         2081    .text               mc_w.l(memcpya.o)
    0x08028310   0x00000024   Code   RO         2083    .text               mc_w.l(memseta.o)
    0x08028334   0x00000018   Code   RO         2085    .text               mc_w.l(strncpy.o)
    0x0802834c   0x0000000e   Code   RO         2087    .text               mc_w.l(strlen.o)
    0x0802835a   0x0000001a   Code   RO         2089    .text               mc_w.l(memcmp.o)
    0x08028374   0x0000014e   Code   RO         2354    .text               mf_w.l(dadd.o)
    0x080284c2   0x000000e4   Code   RO         2356    .text               mf_w.l(dmul.o)
    0x080285a6   0x0000001a   Code   RO         2358    .text               mf_w.l(dfltui.o)
    0x080285c0   0x0000003e   Code   RO         2360    .text               mf_w.l(dfixi.o)
    0x080285fe   0x00000032   Code   RO         2362    .text               mf_w.l(dfixui.o)
    0x08028630   0x00000026   Code   RO         2364    .text               mf_w.l(f2d.o)
    0x08028656   0x00000002   PAD
    0x08028658   0x00000028   Code   RO         2366    .text               mf_w.l(cdrcmple.o)
    0x08028680   0x0000002c   Code   RO         2382    .text               mc_w.l(uidiv.o)
    0x080286ac   0x00000062   Code   RO         2384    .text               mc_w.l(uldiv.o)
    0x0802870e   0x0000001e   Code   RO         2386    .text               mc_w.l(llshl.o)
    0x0802872c   0x00000020   Code   RO         2388    .text               mc_w.l(llushr.o)
    0x0802874c   0x00000024   Code   RO         2390    .text               mc_w.l(llsshr.o)
    0x08028770   0x00000000   Code   RO         2392    .text               mc_w.l(iusefp.o)
    0x08028770   0x000000be   Code   RO         2393    .text               mf_w.l(depilogue.o)
    0x0802882e   0x000000de   Code   RO         2395    .text               mf_w.l(ddiv.o)
    0x0802890c   0x00000030   Code   RO         2397    .text               mf_w.l(dfixul.o)
    0x0802893c   0x0000005c   Code   RO         2409    .text               mc_w.l(__dczerorl2.o)
    0x08028998   0x00000020   Code   RO         2326    i.__0printf         mc_w.l(printfa.o)
    0x080289b8   0x00000028   Code   RO         2328    i.__0sprintf        mc_w.l(printfa.o)
    0x080289e0   0x0000015c   Code   RO         2333    i._fp_digits        mc_w.l(printfa.o)
    0x08028b3c   0x000006f0   Code   RO         2334    i._printf_core      mc_w.l(printfa.o)
    0x0802922c   0x00000026   Code   RO         2335    i._printf_post_padding  mc_w.l(printfa.o)
    0x08029252   0x00000030   Code   RO         2336    i._printf_pre_padding  mc_w.l(printfa.o)
    0x08029282   0x0000000a   Code   RO         2338    i._sputc            mc_w.l(printfa.o)
    0x0802928c   0x000000c0   Data   RO          299    .constdata          systemscope.o
    0x0802934c   0x00000ca9   Data   RO          327    .constdata          processscope.o
    0x08029ff5   0x00000003   PAD
    0x08029ff8   0x00000098   Data   RO          388    .constdata          interfacescope.o
    0x0802a090   0x0000001c   Data   RO          813    .constdata          stm32f4xx_fsmc.o
    0x0802a0ac   0x00000010   Data   RO         1229    .constdata          scope_move.o
    0x0802a0bc   0x00000094   Data   RO         1349    .constdata          driver.o
    0x0802a150   0x0000000c   Data   RO         1473    .constdata          etharp.o
    0x0802a15c   0x00000008   Data   RO         1627    .constdata          ip_addr.o
    0x0802a164   0x00000024   Data   RO         1753    .constdata          memp.o
    0x0802a188   0x00000050   Data   RO         1839    .constdata          tcp.o
    0x0802a1d8   0x0000004b   Data   RO         2050    .constdata          udp_echoserver.o
    0x0802a223   0x00000068   Data   RO         1840    .conststring        tcp.o


==============================================================================

Image component sizes


      Code (inc. data)   RO Data    RW Data    ZI Data      Debug   Object Name

      2140        160          0          0          0       5737   ad7799.o
       952         16          0         18       2500       4406   buffercircle.o
        62          0          0          0          0       1174   def.o
      4300         80          0          4         50      12574   dhcp.o
     11456       1548        148         20       1068      65216   driver.o
      2348         22         12          1        200      15889   etharp.o
       656         36          0          0          0       7759   ethernetif.o
       888         18          0          0          0       2691   fpga.o
       496          8          0          0          0       3346   icmp.o
         0          0          0          0          0       3768   inet.o
       546          0          0          0          0       2901   inet_chksum.o
      6276        574        152        536       3000      44567   interfacescope.o
       776         30          0         18          0      15480   ip.o
       692         12          8          0         16       9151   ip_addr.o
      1684         18          0          6          0       6992   ip_frag.o
       828         18          0         12      10260       3826   mem.o
       168         18         36          0      19463       2326   memp.o
       476         56          0          0          0       1889   misc.o
       952         16          0         18       3200       4724   netbuffercircle.o
       368        142          0         24         56       1830   netconf.o
       684         20          0          9          0       6449   netif.o
      1850          0          0          0          0       8813   pbuf.o
     20884       4860       3241         29       1032      30131   processscope.o
       608         12          0         12       3256       6553   protocol.o
       432         14          0          4          0       3241   raw.o
       696         78          0         32          0       3092   scope_it.o
      1004         18         16          0         48       4431   scope_move.o
       192        118          0          0          0     415476   scopemain.o
        36          8        392          0      16384        796   startup_stm32f40_41xxx.o
      7728        216          0         16      24908      23293   stm32f4x7_eth.o
      1080        192          0         16        188       4669   stm32f4x7_eth_bsp.o
      4208        130          0          0          0      12554   stm32f4xx_adc.o
      1528         48          0          0          0       5381   stm32f4xx_dac.o
      5028        330          0          0          0       8513   stm32f4xx_dma.o
       760         50          0          0          0       2551   stm32f4xx_exti.o
      2708         82          0          0          0       9918   stm32f4xx_flash.o
      3656        130         28          0          0       7038   stm32f4xx_fsmc.o
      2576        178          0          0          0       5213   stm32f4xx_gpio.o
      3936        252          0         16          0      15056   stm32f4xx_rcc.o
      3536        168          0          0          0       8333   stm32f4xx_spi.o
       412         62          0          0          0       1961   stm32f4xx_syscfg.o
     12932        652          0          0          0      29104   stm32f4xx_tim.o
      4444        228          0          0          0       9852   stm32f4xx_usart.o
       400         46          0          0         28       3952   storagemanagement.o
       716         50          0         20          0       1968   system_stm32f4xx.o
       468         46        192         36        146       5689   systemscope.o
      3608        138        184         35          0      21207   tcp.o
      4780        232          0         32         16      14487   tcp_in.o
      3118          8          0          0          0       9311   tcp_out.o
         2          0          0          0          0        435   timers.o
      1152         22          0          8          0      13769   udp.o
       588        214         75         24          0       2233   udp_echoserver.o

    ----------------------------------------------------------------------
    131820      11374       4520        960      85824     911715   Object Totals
         0          0         32          0          0          0   (incl. Generated)
         6          0          4         14          5          0   (incl. Padding)

    ----------------------------------------------------------------------

      Code (inc. data)   RO Data    RW Data    ZI Data      Debug   Library Member Name

        92          0          0          0          0          0   __dczerorl2.o
         0          0          0          0          0          0   entry.o
         0          0          0          0          0          0   entry10a.o
         0          0          0          0          0          0   entry11a.o
         8          4          0          0          0          0   entry2.o
         4          0          0          0          0          0   entry5.o
         0          0          0          0          0          0   entry7b.o
         0          0          0          0          0          0   entry8b.o
         8          4          0          0          0          0   entry9a.o
        30          0          0          0          0          0   handlers.o
        36          8          0          0          0         68   init.o
         0          0          0          0          0          0   iusefp.o
        30          0          0          0          0         68   llshl.o
        36          0          0          0          0         68   llsshr.o
        32          0          0          0          0         68   llushr.o
        26          0          0          0          0         80   memcmp.o
        36          0          0          0          0         68   memcpya.o
        36          0          0          0          0        108   memseta.o
      2292         96          0          0          0        596   printfa.o
        14          0          0          0          0         68   strlen.o
        24          0          0          0          0         76   strncpy.o
        44          0          0          0          0         80   uidiv.o
        98          0          0          0          0         92   uldiv.o
        40          2          0          0          0         68   cdrcmple.o
       334          0          0          0          0        148   dadd.o
       222          0          0          0          0        100   ddiv.o
       190          0          0          0          0        176   depilogue.o
        62          0          0          0          0         80   dfixi.o
        50          0          0          0          0         76   dfixui.o
        48          0          0          0          0         68   dfixul.o
        26          0          0          0          0         76   dfltui.o
       228          0          0          0          0         96   dmul.o
        38          0          0          0          0         68   f2d.o

    ----------------------------------------------------------------------
      4088        114          0          0          0       2396   Library Totals
         4          0          0          0          0          0   (incl. Padding)

    ----------------------------------------------------------------------

      Code (inc. data)   RO Data    RW Data    ZI Data      Debug   Library Name

      2846        112          0          0          0       1440   mc_w.l
      1238          2          0          0          0        956   mf_w.l

    ----------------------------------------------------------------------
      4088        114          0          0          0       2396   Library Totals

    ----------------------------------------------------------------------

==============================================================================


      Code (inc. data)   RO Data    RW Data    ZI Data      Debug   

    135908      11488       4520        960      85824     901111   Grand Totals
    135908      11488       4520        240      85824     901111   ELF Image Totals (compressed)
    135908      11488       4520        240          0          0   ROM Totals

==============================================================================

    Total RO  Size (Code + RO Data)               140428 ( 137.14kB)
    Total RW  Size (RW Data + ZI Data)             86784 (  84.75kB)
    Total ROM Size (Code + RO Data + RW Data)     140668 ( 137.37kB)

==============================================================================

