ARM Linker, 5.03 [Build 76] [MDK-ARM Professional]

==============================================================================

Section Cross References

    scopemain.o(.text) refers to memseta.o(.text) for __aeabi_memclr4
    scopemain.o(.text) refers to storagemanagement.o(.text) for Flash_Read_Param
    scopemain.o(.text) refers to printfa.o(i.__0printf) for __2printf
    scopemain.o(.text) refers to scope_eval.o(.text) for EVAL_OutputSet
    scopemain.o(.text) refers to scope_it.o(.text) for IT_SYS_DlyMs
    scopemain.o(.text) refers to protocol.o(.text) for PL_InitProtocol
    scopemain.o(.text) refers to samplingport.o(.text) for SPG_InitProtocol
    scopemain.o(.text) refers to stm32f4x7_eth_bsp.o(.text) for ETH_BSP_Config
    scopemain.o(.text) refers to netconf.o(.text) for LwIP_Init
    scopemain.o(.text) refers to udp_echoserver.o(.text) for udp_echoserver_init
    scopemain.o(.text) refers to systemscope.o(.text) for Iint_SysParam
    scopemain.o(.text) refers to interfacescope.o(.text) for HW_LWIP_MainLine
    scopemain.o(.text) refers to storagemanagement.o(.bss) for g_Record_Param
    scopemain.o(.text) refers to processscope.o(.constdata) for softver_edtion
    scopemain.o(.text) refers to processscope.o(.data) for g_AirLight_Flag
    system_stm32f4xx.o(.text) refers to stm32f4xx_rcc.o(.text) for RCC_DeInit
    system_stm32f4xx.o(.text) refers to system_stm32f4xx.o(.data) for SystemCoreClock
    startup_stm32f40_41xxx.o(RESET) refers to startup_stm32f40_41xxx.o(STACK) for __initial_sp
    startup_stm32f40_41xxx.o(RESET) refers to startup_stm32f40_41xxx.o(.text) for Reset_Handler
    startup_stm32f40_41xxx.o(RESET) refers to scope_it.o(.text) for SysTick_Handler
    startup_stm32f40_41xxx.o(RESET) refers to driver.o(.text) for EXTI9_5_IRQHandler
    startup_stm32f40_41xxx.o(.text) refers to system_stm32f4xx.o(.text) for SystemInit
    startup_stm32f40_41xxx.o(.text) refers to entry.o(.ARM.Collect$$$$00000000) for __main
    systemscope.o(.text) refers to memseta.o(.text) for __aeabi_memclr4
    systemscope.o(.text) refers to processscope.o(.bss) for g_CRP_Data
    systemscope.o(.text) refers to systemscope.o(.data) for g_nError
    systemscope.o(.text) refers to systemscope.o(.bss) for g_tAxisPosStatus
    systemscope.o(.text) refers to systemscope.o(.constdata) for m_nConstBitsMap
    processscope.o(.text) refers to scope_it.o(.text) for IT_LIST_GetTicks
    processscope.o(.text) refers to protocol.o(.text) for PL_NET_SendResult
    processscope.o(.text) refers to processscope.o(.data) for g_Udp_Count
    processscope.o(.text) refers to printfa.o(i.__0printf) for __2printf
    processscope.o(.text) refers to interfacescope.o(.text) for HW_LWIP_Working_Recv_Handle
    processscope.o(.text) refers to netconf.o(.text) for LwIP_Periodic_Handle
    processscope.o(.text) refers to systemscope.o(.bss) for g_tAxisPosStatus
    processscope.o(.text) refers to processscope.o(.constdata) for .constdata
    processscope.o(.text) refers to storagemanagement.o(.bss) for g_Record_Param
    processscope.o(.text) refers to storagemanagement.o(.text) for Flash_Write_Param
    processscope.o(.text) refers to memseta.o(.text) for __aeabi_memclr4
    processscope.o(.text) refers to driver.o(.text) for Get_Micro_OC_Status
    processscope.o(.text) refers to processscope.o(.bss) for g_CRP_Data
    processscope.o(.text) refers to stm32f4xx_adc.o(.text) for ADC_DMACmd
    processscope.o(.text) refers to stm32f4xx_dma.o(.text) for DMA_Cmd
    processscope.o(.text) refers to printfa.o(i.__0sprintf) for __2sprintf
    processscope.o(.text) refers to udp_echoserver.o(.text) for udp_echoserver_senddata
    processscope.o(.text) refers to protocol.o(.bss) for g_achFbkSdLogBuf
    processscope.o(.text) refers to systemscope.o(.text) for SYS_HasError
    processscope.o(.text) refers to strncpy.o(.text) for strncpy
    protocol.o(.text) refers to buffercircle.o(.text) for BUF_Send_Init
    protocol.o(.text) refers to netbuffercircle.o(.text) for NET_BUF_Send_Init
    protocol.o(.text) refers to stm32f4xx_usart.o(.text) for USART_ITConfig
    protocol.o(.text) refers to udp_echoserver.o(.text) for udp_echoserver_senddata
    protocol.o(.text) refers to memcpya.o(.text) for __aeabi_memcpy
    protocol.o(.text) refers to strlen.o(.text) for strlen
    protocol.o(.text) refers to protocol.o(.data) for m_NET_tRecvBufStatus
    protocol.o(.text) refers to protocol.o(.bss) for g_NET_achCmdRvBuf
    interfacescope.o(.text) refers to scope_move.o(.text) for MV_InitPara
    interfacescope.o(.text) refers to fpga.o(.text) for FPGA_ReadBuffer
    interfacescope.o(.text) refers to processscope.o(.text) for moto_work_stat_2
    interfacescope.o(.text) refers to scope_it.o(.text) for IT_SYS_DlyMs
    interfacescope.o(.text) refers to printfa.o(i.__0printf) for __2printf
    interfacescope.o(.text) refers to systemscope.o(.bss) for g_tAxisPosStatus
    interfacescope.o(.text) refers to scope_move.o(.bss) for g_atMotorPara
[...]
    FLASH_ProgramHalfWord                    0x080150f7   Thumb Code   112  stm32f4xx_flash.o(.text)
    FLASH_ProgramByte                        0x08015167   Thumb Code   108  stm32f4xx_flash.o(.text)
    FLASH_OB_Unlock                          0x080151d3   Thumb Code    26  stm32f4xx_flash.o(.text)
    FLASH_OB_Lock                            0x080151ed   Thumb Code    18  stm32f4xx_flash.o(.text)
    FLASH_OB_WRPConfig                       0x080151ff   Thumb Code    96  stm32f4xx_flash.o(.text)
    FLASH_OB_WRP1Config                      0x0801525f   Thumb Code    96  stm32f4xx_flash.o(.text)
    FLASH_OB_PCROPSelectionConfig            0x080152bf   Thumb Code    48  stm32f4xx_flash.o(.text)
    FLASH_OB_PCROPConfig                     0x080152ef   Thumb Code    96  stm32f4xx_flash.o(.text)
    FLASH_OB_PCROP1Config                    0x0801534f   Thumb Code   118  stm32f4xx_flash.o(.text)
    FLASH_OB_RDPConfig                       0x080153c5   Thumb Code    44  stm32f4xx_flash.o(.text)
    FLASH_OB_UserConfig                      0x080153f1   Thumb Code   116  stm32f4xx_flash.o(.text)
    FLASH_OB_BootConfig                      0x08015465   Thumb Code    50  stm32f4xx_flash.o(.text)
    FLASH_OB_BORConfig                       0x08015497   Thumb Code    58  stm32f4xx_flash.o(.text)
    FLASH_OB_Launch                          0x080154d1   Thumb Code    30  stm32f4xx_flash.o(.text)
    FLASH_OB_GetUser                         0x080154ef   Thumb Code    12  stm32f4xx_flash.o(.text)
    FLASH_OB_GetWRP                          0x080154fb   Thumb Code     8  stm32f4xx_flash.o(.text)
    FLASH_OB_GetWRP1                         0x08015503   Thumb Code     8  stm32f4xx_flash.o(.text)
    FLASH_OB_GetPCROP                        0x0801550b   Thumb Code     8  stm32f4xx_flash.o(.text)
    FLASH_OB_GetPCROP1                       0x08015513   Thumb Code     8  stm32f4xx_flash.o(.text)
    FLASH_OB_GetRDP                          0x0801551b   Thumb Code    18  stm32f4xx_flash.o(.text)
    FLASH_OB_GetBOR                          0x0801552d   Thumb Code    12  stm32f4xx_flash.o(.text)
    FLASH_ITConfig                           0x08015539   Thumb Code    82  stm32f4xx_flash.o(.text)
    FLASH_GetFlagStatus                      0x0801558b   Thumb Code    76  stm32f4xx_flash.o(.text)
    FLASH_ClearFlag                          0x080155d7   Thumb Code    38  stm32f4xx_flash.o(.text)
    FSMC_NORSRAMDeInit                       0x08015601   Thumb Code    84  stm32f4xx_fsmc.o(.text)
    FSMC_NORSRAMInit                         0x08015655   Thumb Code   870  stm32f4xx_fsmc.o(.text)
    FSMC_NORSRAMStructInit                   0x080159bb   Thumb Code    48  stm32f4xx_fsmc.o(.text)
    FSMC_NORSRAMCmd                          0x080159eb   Thumb Code   152  stm32f4xx_fsmc.o(.text)
    FSMC_NANDDeInit                          0x08015a83   Thumb Code    90  stm32f4xx_fsmc.o(.text)
    FSMC_NANDInit                            0x08015add   Thumb Code   594  stm32f4xx_fsmc.o(.text)
    FSMC_NANDStructInit                      0x08015d2f   Thumb Code    54  stm32f4xx_fsmc.o(.text)
    FSMC_NANDCmd                             0x08015d65   Thumb Code   136  stm32f4xx_fsmc.o(.text)
    FSMC_NANDECCCmd                          0x08015ded   Thumb Code   160  stm32f4xx_fsmc.o(.text)
    FSMC_GetECC                              0x08015e8d   Thumb Code    22  stm32f4xx_fsmc.o(.text)
    FSMC_PCCARDDeInit                        0x08015ea3   Thumb Code    40  stm32f4xx_fsmc.o(.text)
    FSMC_PCCARDInit                          0x08015ecb   Thumb Code   532  stm32f4xx_fsmc.o(.text)
    FSMC_PCCARDStructInit                    0x080160df   Thumb Code    60  stm32f4xx_fsmc.o(.text)
    FSMC_PCCARDCmd                           0x0801611b   Thumb Code    64  stm32f4xx_fsmc.o(.text)
    FSMC_ITConfig                            0x0801615b   Thumb Code   206  stm32f4xx_fsmc.o(.text)
    FSMC_GetFlagStatus                       0x08016229   Thumb Code   160  stm32f4xx_fsmc.o(.text)
    FSMC_ClearFlag                           0x080162c9   Thumb Code   120  stm32f4xx_fsmc.o(.text)
    FSMC_GetITStatus                         0x08016341   Thumb Code   132  stm32f4xx_fsmc.o(.text)
    FSMC_ClearITPendingBit                   0x080163c5   Thumb Code   122  stm32f4xx_fsmc.o(.text)
    GPIO_DeInit                              0x08016449   Thumb Code   344  stm32f4xx_gpio.o(.text)
    GPIO_Init                                0x080165a1   Thumb Code   354  stm32f4xx_gpio.o(.text)
    GPIO_StructInit                          0x08016703   Thumb Code    18  stm32f4xx_gpio.o(.text)
    GPIO_PinLockConfig                       0x08016715   Thumb Code   134  stm32f4xx_gpio.o(.text)
    GPIO_ReadInputDataBit                    0x0801679b   Thumb Code   282  stm32f4xx_gpio.o(.text)
    GPIO_ReadInputData                       0x080168b5   Thumb Code    90  stm32f4xx_gpio.o(.text)
    GPIO_ReadOutputDataBit                   0x0801690f   Thumb Code   198  stm32f4xx_gpio.o(.text)
    GPIO_ReadOutputData                      0x080169d5   Thumb Code    90  stm32f4xx_gpio.o(.text)
    GPIO_SetBits                             0x08016a2f   Thumb Code   110  stm32f4xx_gpio.o(.text)
    GPIO_ResetBits                           0x08016a9d   Thumb Code   110  stm32f4xx_gpio.o(.text)
    GPIO_WriteBit                            0x08016b0b   Thumb Code   212  stm32f4xx_gpio.o(.text)
    GPIO_Write                               0x08016bdf   Thumb Code    90  stm32f4xx_gpio.o(.text)
    GPIO_ToggleBits                          0x08016c39   Thumb Code   140  stm32f4xx_gpio.o(.text)
    GPIO_PinAFConfig                         0x08016cc5   Thumb Code   358  stm32f4xx_gpio.o(.text)
    RCC_DeInit                               0x08016e59   Thumb Code    82  stm32f4xx_rcc.o(.text)
    RCC_HSEConfig                            0x08016eab   Thumb Code    40  stm32f4xx_rcc.o(.text)
    RCC_GetFlagStatus                        0x08016ed3   Thumb Code   134  stm32f4xx_rcc.o(.text)
    RCC_WaitForHSEStartUp                    0x08016f59   Thumb Code    56  stm32f4xx_rcc.o(.text)
    RCC_AdjustHSICalibrationValue            0x08016f91   Thumb Code    38  stm32f4xx_rcc.o(.text)
    RCC_HSICmd                               0x08016fb7   Thumb Code    28  stm32f4xx_rcc.o(.text)
    RCC_LSEConfig                            0x08016fd3   Thumb Code    72  stm32f4xx_rcc.o(.text)
    RCC_LSICmd                               0x0801701b   Thumb Code    28  stm32f4xx_rcc.o(.text)
    RCC_PLLConfig                            0x08017037   Thumb Code   156  stm32f4xx_rcc.o(.text)
    RCC_PLLCmd                               0x080170d3   Thumb Code    28  stm32f4xx_rcc.o(.text)
    RCC_PLLI2SConfig                         0x080170ef   Thumb Code    62  stm32f4xx_rcc.o(.text)
    RCC_PLLI2SCmd                            0x0801712d   Thumb Code    28  stm32f4xx_rcc.o(.text)
    RCC_PLLSAIConfig                         0x08017149   Thumb Code    88  stm32f4xx_rcc.o(.text)
    RCC_PLLSAICmd                            0x080171a1   Thumb Code    28  stm32f4xx_rcc.o(.text)
    RCC_ClockSecuritySystemCmd               0x080171bd   Thumb Code    28  stm32f4xx_rcc.o(.text)
    RCC_MCO1Config                           0x080171d9   Thumb Code   168  stm32f4xx_rcc.o(.text)
    RCC_MCO2Config                           0x08017281   Thumb Code   102  stm32f4xx_rcc.o(.text)
    RCC_SYSCLKConfig                         0x080172e7   Thumb Code    44  stm32f4xx_rcc.o(.text)
    RCC_GetSYSCLKSource                      0x08017313   Thumb Code    10  stm32f4xx_rcc.o(.text)
    RCC_HCLKConfig                           0x0801731d   Thumb Code    68  stm32f4xx_rcc.o(.text)
    RCC_PCLK1Config                          0x08017361   Thumb Code    60  stm32f4xx_rcc.o(.text)
    RCC_PCLK2Config                          0x0801739d   Thumb Code    62  stm32f4xx_rcc.o(.text)
    RCC_GetClocksFreq                        0x080173db   Thumb Code   214  stm32f4xx_rcc.o(.text)
    RCC_RTCCLKConfig                         0x080174b1   Thumb Code   262  stm32f4xx_rcc.o(.text)
    RCC_RTCCLKCmd                            0x080175b7   Thumb Code    30  stm32f4xx_rcc.o(.text)
    RCC_BackupResetCmd                       0x080175d5   Thumb Code    32  stm32f4xx_rcc.o(.text)
    RCC_I2SCLKConfig                         0x080175f5   Thumb Code    30  stm32f4xx_rcc.o(.text)
    RCC_SAIBlockACLKConfig                   0x08017613   Thumb Code    50  stm32f4xx_rcc.o(.text)
    RCC_SAIBlockBCLKConfig                   0x08017645   Thumb Code    50  stm32f4xx_rcc.o(.text)
    RCC_SAIPLLI2SClkDivConfig                0x08017677   Thumb Code    50  stm32f4xx_rcc.o(.text)
    RCC_SAIPLLSAIClkDivConfig                0x080176a9   Thumb Code   196  stm32f4xx_rcc.o(.text)
    RCC_LTDCCLKDivConfig                     0x0801776d   Thumb Code    54  stm32f4xx_rcc.o(.text)
    RCC_TIMCLKPresConfig                     0x080177a3   Thumb Code    30  stm32f4xx_rcc.o(.text)
    RCC_AHB1PeriphClockCmd                   0x080177c1   Thumb Code    82  stm32f4xx_rcc.o(.text)
    RCC_AHB2PeriphClockCmd                   0x08017813   Thumb Code    82  stm32f4xx_rcc.o(.text)
    RCC_AHB3PeriphClockCmd                   0x08017865   Thumb Code    82  stm32f4xx_rcc.o(.text)
    RCC_APB1PeriphClockCmd                   0x080178b7   Thumb Code    82  stm32f4xx_rcc.o(.text)
    RCC_APB2PeriphClockCmd                   0x08017909   Thumb Code    82  stm32f4xx_rcc.o(.text)
    RCC_AHB1PeriphResetCmd                   0x0801795b   Thumb Code    82  stm32f4xx_rcc.o(.text)
    RCC_AHB2PeriphResetCmd                   0x080179ad   Thumb Code    82  stm32f4xx_rcc.o(.text)
    RCC_AHB3PeriphResetCmd                   0x080179ff   Thumb Code    82  stm32f4xx_rcc.o(.text)
    RCC_APB1PeriphResetCmd                   0x08017a51   Thumb Code    82  stm32f4xx_rcc.o(.text)
    RCC_APB2PeriphResetCmd                   0x08017aa3   Thumb Code    82  stm32f4xx_rcc.o(.text)
    RCC_AHB1PeriphClockLPModeCmd             0x08017af5   Thumb Code   108  stm32f4xx_rcc.o(.text)
    RCC_AHB2PeriphClockLPModeCmd             0x08017b61   Thumb Code    82  stm32f4xx_rcc.o(.text)
    RCC_AHB3PeriphClockLPModeCmd             0x08017bb3   Thumb Code    82  stm32f4xx_rcc.o(.text)
    RCC_APB1PeriphClockLPModeCmd             0x08017c05   Thumb Code    82  stm32f4xx_rcc.o(.text)
    RCC_APB2PeriphClockLPModeCmd             0x08017c57   Thumb Code    82  stm32f4xx_rcc.o(.text)
    RCC_LSEModeConfig                        0x08017ca9   Thumb Code    64  stm32f4xx_rcc.o(.text)
    RCC_ITConfig                             0x08017ce9   Thumb Code    82  stm32f4xx_rcc.o(.text)
    RCC_ClearFlag                            0x08017d3b   Thumb Code    18  stm32f4xx_rcc.o(.text)
    RCC_GetITStatus                          0x08017d4d   Thumb Code    72  stm32f4xx_rcc.o(.text)
    RCC_ClearITPendingBit                    0x08017d95   Thumb Code    28  stm32f4xx_rcc.o(.text)
    SPI_I2S_DeInit                           0x08017db9   Thumb Code   198  stm32f4xx_spi.o(.text)
    SPI_Init                                 0x08017e7f   Thumb Code   366  stm32f4xx_spi.o(.text)
    I2S_Init                                 0x08017fed   Thumb Code   624  stm32f4xx_spi.o(.text)
    SPI_StructInit                           0x0801825d   Thumb Code    24  stm32f4xx_spi.o(.text)
    I2S_StructInit                           0x08018275   Thumb Code    20  stm32f4xx_spi.o(.text)
    SPI_Cmd                                  0x08018289   Thumb Code   100  stm32f4xx_spi.o(.text)
    I2S_Cmd                                  0x080182ed   Thumb Code    88  stm32f4xx_spi.o(.text)
    SPI_DataSizeConfig                       0x08018345   Thumb Code    96  stm32f4xx_spi.o(.text)
    SPI_BiDirectionalLineConfig              0x080183a5   Thumb Code   112  stm32f4xx_spi.o(.text)
    SPI_NSSInternalSoftwareConfig            0x08018415   Thumb Code   114  stm32f4xx_spi.o(.text)
    SPI_SSOutputCmd                          0x08018487   Thumb Code   100  stm32f4xx_spi.o(.text)
    SPI_TIModeCmd                            0x080184eb   Thumb Code   100  stm32f4xx_spi.o(.text)
    I2S_FullDuplexConfig                     0x0801854f   Thumb Code   258  stm32f4xx_spi.o(.text)
    SPI_I2S_ReceiveData                      0x08018651   Thumb Code   100  stm32f4xx_spi.o(.text)
    SPI_I2S_SendData                         0x080186b5   Thumb Code    72  stm32f4xx_spi.o(.text)
    SPI_CalculateCRC                         0x080186fd   Thumb Code   100  stm32f4xx_spi.o(.text)
    SPI_TransmitCRC                          0x08018761   Thumb Code    64  stm32f4xx_spi.o(.text)
    SPI_GetCRC                               0x080187a1   Thumb Code    92  stm32f4xx_spi.o(.text)
    SPI_GetCRCPolynomial                     0x080187fd   Thumb Code    58  stm32f4xx_spi.o(.text)
    SPI_I2S_DMACmd                           0x08018837   Thumb Code   132  stm32f4xx_spi.o(.text)
    SPI_I2S_ITConfig                         0x080188bb   Thumb Code   156  stm32f4xx_spi.o(.text)
    SPI_I2S_GetFlagStatus                    0x08018957   Thumb Code   138  stm32f4xx_spi.o(.text)
    SPI_I2S_ClearFlag                        0x080189e1   Thumb Code    92  stm32f4xx_spi.o(.text)
    SPI_I2S_GetITStatus                      0x08018a3d   Thumb Code   200  stm32f4xx_spi.o(.text)
    SPI_I2S_ClearITPendingBit                0x08018b05   Thumb Code   104  stm32f4xx_spi.o(.text)
    SYSCFG_DeInit                            0x08018b89   Thumb Code    22  stm32f4xx_syscfg.o(.text)
    SYSCFG_MemoryRemapConfig                 0x08018b9f   Thumb Code    34  stm32f4xx_syscfg.o(.text)
    SYSCFG_MemorySwappingBank                0x08018bc1   Thumb Code    26  stm32f4xx_syscfg.o(.text)
    SYSCFG_EXTILineConfig                    0x08018bdb   Thumb Code   194  stm32f4xx_syscfg.o(.text)
    SYSCFG_ETH_MediaInterfaceConfig          0x08018c9d   Thumb Code    26  stm32f4xx_syscfg.o(.text)
    SYSCFG_CompensationCellCmd               0x08018cb7   Thumb Code    26  stm32f4xx_syscfg.o(.text)
    SYSCFG_GetCompensationCellStatus         0x08018cd1   Thumb Code    22  stm32f4xx_syscfg.o(.text)
    TIM_DeInit                               0x08018d25   Thumb Code   440  stm32f4xx_tim.o(.text)
    TIM_TimeBaseInit                         0x08018edd   Thumb Code   278  stm32f4xx_tim.o(.text)
    TIM_TimeBaseStructInit                   0x08018ff3   Thumb Code    18  stm32f4xx_tim.o(.text)
    TIM_PrescalerConfig                      0x08019005   Thumb Code   128  stm32f4xx_tim.o(.text)
    TIM_CounterModeConfig                    0x08019085   Thumb Code   100  stm32f4xx_tim.o(.text)
    TIM_SetCounter                           0x080190e9   Thumb Code   202  stm32f4xx_tim.o(.text)
    TIM_SetAutoreload                        0x080191b3   Thumb Code   108  stm32f4xx_tim.o(.text)
    TIM_GetCounter                           0x0801921f   Thumb Code   106  stm32f4xx_tim.o(.text)
    TIM_GetPrescaler                         0x08019289   Thumb Code   106  stm32f4xx_tim.o(.text)
    TIM_UpdateDisableConfig                  0x080192f3   Thumb Code   148  stm32f4xx_tim.o(.text)
    TIM_UpdateRequestConfig                  0x08019387   Thumb Code   148  stm32f4xx_tim.o(.text)
    TIM_ARRPreloadConfig                     0x0801941b   Thumb Code   148  stm32f4xx_tim.o(.text)
    TIM_SelectOnePulseMode                   0x080194af   Thumb Code   142  stm32f4xx_tim.o(.text)
    TIM_SetClockDivision                     0x0801953d   Thumb Code   192  stm32f4xx_tim.o(.text)
    TIM_Cmd                                  0x080195fd   Thumb Code   148  stm32f4xx_tim.o(.text)
    TIM_OC1Init                              0x08019691   Thumb Code   416  stm32f4xx_tim.o(.text)
    TIM_OC2Init                              0x08019831   Thumb Code   486  stm32f4xx_tim.o(.text)
    TIM_OC3Init                              0x08019a17   Thumb Code   416  stm32f4xx_tim.o(.text)
    TIM_OC4Init                              0x08019bb7   Thumb Code   300  stm32f4xx_tim.o(.text)
    TIM_OCStructInit                         0x08019ce3   Thumb Code    20  stm32f4xx_tim.o(.text)
    TIM_SelectOCxM                           0x08019cf7   Thumb Code   256  stm32f4xx_tim.o(.text)
    TIM_SetCompare1                          0x08019df7   Thumb Code   142  stm32f4xx_tim.o(.text)
    TIM_SetCompare2                          0x08019e85   Thumb Code    72  stm32f4xx_tim.o(.text)
    TIM_SetCompare3                          0x08019ecd   Thumb Code    60  stm32f4xx_tim.o(.text)
    TIM_SetCompare4                          0x08019f09   Thumb Code    60  stm32f4xx_tim.o(.text)
    TIM_ForcedOC1Config                      0x08019f45   Thumb Code   130  stm32f4xx_tim.o(.text)
    TIM_ForcedOC2Config                      0x08019fc7   Thumb Code   114  stm32f4xx_tim.o(.text)
    TIM_ForcedOC3Config                      0x0801a039   Thumb Code    94  stm32f4xx_tim.o(.text)
    TIM_ForcedOC4Config                      0x0801a097   Thumb Code   102  stm32f4xx_tim.o(.text)
    TIM_OC1PreloadConfig                     0x0801a0fd   Thumb Code   126  stm32f4xx_tim.o(.text)
    TIM_OC2PreloadConfig                     0x0801a17b   Thumb Code   108  stm32f4xx_tim.o(.text)
    TIM_OC3PreloadConfig                     0x0801a1e7   Thumb Code   138  stm32f4xx_tim.o(.text)
    TIM_OC4PreloadConfig                     0x0801a271   Thumb Code    96  stm32f4xx_tim.o(.text)
    TIM_OC1FastConfig                        0x0801a2d1   Thumb Code   124  stm32f4xx_tim.o(.text)
    TIM_OC2FastConfig                        0x0801a34d   Thumb Code   108  stm32f4xx_tim.o(.text)
    TIM_OC3FastConfig                        0x0801a3b9   Thumb Code    88  stm32f4xx_tim.o(.text)
    TIM_OC4FastConfig                        0x0801a411   Thumb Code    96  stm32f4xx_tim.o(.text)
    TIM_ClearOC1Ref                          0x0801a471   Thumb Code   124  stm32f4xx_tim.o(.text)
    TIM_ClearOC2Ref                          0x0801a4ed   Thumb Code   106  stm32f4xx_tim.o(.text)
    TIM_ClearOC3Ref                          0x0801a557   Thumb Code    88  stm32f4xx_tim.o(.text)
    TIM_ClearOC4Ref                          0x0801a5af   Thumb Code    94  stm32f4xx_tim.o(.text)
    TIM_OC1PolarityConfig                    0x0801a60d   Thumb Code   174  stm32f4xx_tim.o(.text)
    TIM_OC1NPolarityConfig                   0x0801a6bb   Thumb Code    64  stm32f4xx_tim.o(.text)
    TIM_OC2PolarityConfig                    0x0801a6fb   Thumb Code   108  stm32f4xx_tim.o(.text)
    TIM_OC2NPolarityConfig                   0x0801a767   Thumb Code    72  stm32f4xx_tim.o(.text)
    TIM_OC3PolarityConfig                    0x0801a7af   Thumb Code    96  stm32f4xx_tim.o(.text)
    TIM_OC3NPolarityConfig                   0x0801a80f   Thumb Code    72  stm32f4xx_tim.o(.text)
    TIM_OC4PolarityConfig                    0x0801a857   Thumb Code    96  stm32f4xx_tim.o(.text)
    TIM_CCxCmd                               0x0801a8b7   Thumb Code   168  stm32f4xx_tim.o(.text)
    TIM_CCxNCmd                              0x0801a95f   Thumb Code   104  stm32f4xx_tim.o(.text)
    TIM_SetIC4Prescaler                      0x0801a9c7   Thumb Code   106  stm32f4xx_tim.o(.text)
    TIM_SetIC3Prescaler                      0x0801aab1   Thumb Code    98  stm32f4xx_tim.o(.text)
    TIM_SetIC2Prescaler                      0x0801ab5b   Thumb Code   118  stm32f4xx_tim.o(.text)
    TIM_SetIC1Prescaler                      0x0801ac21   Thumb Code   134  stm32f4xx_tim.o(.text)
    TIM_ICInit                               0x0801ace1   Thumb Code   508  stm32f4xx_tim.o(.text)
    TIM_ICStructInit                         0x0801aedd   Thumb Code    18  stm32f4xx_tim.o(.text)
    TIM_PWMIConfig                           0x0801aeef   Thumb Code   184  stm32f4xx_tim.o(.text)
    TIM_GetCapture1                          0x0801afa7   Thumb Code    92  stm32f4xx_tim.o(.text)
    TIM_GetCapture2                          0x0801b003   Thumb Code    68  stm32f4xx_tim.o(.text)
    TIM_GetCapture3                          0x0801b047   Thumb Code    56  stm32f4xx_tim.o(.text)
    TIM_GetCapture4                          0x0801b07f   Thumb Code    56  stm32f4xx_tim.o(.text)
    TIM_BDTRConfig                           0x0801b0b7   Thumb Code   222  stm32f4xx_tim.o(.text)
    TIM_BDTRStructInit                       0x0801b195   Thumb Code    18  stm32f4xx_tim.o(.text)
    TIM_CtrlPWMOutputs                       0x0801b1a7   Thumb Code    78  stm32f4xx_tim.o(.text)
    TIM_SelectCOM                            0x0801b1f5   Thumb Code    72  stm32f4xx_tim.o(.text)
    TIM_CCPreloadControl                     0x0801b23d   Thumb Code    72  stm32f4xx_tim.o(.text)
    TIM_ITConfig                             0x0801b285   Thumb Code   218  stm32f4xx_tim.o(.text)
    TIM_GenerateEvent                        0x0801b35f   Thumb Code   126  stm32f4xx_tim.o(.text)
    TIM_GetFlagStatus                        0x0801b3dd   Thumb Code   188  stm32f4xx_tim.o(.text)
    TIM_ClearFlag                            0x0801b499   Thumb Code   108  stm32f4xx_tim.o(.text)
    TIM_GetITStatus                          0x0801b505   Thumb Code   186  stm32f4xx_tim.o(.text)
    TIM_ClearITPendingBit                    0x0801b5bf   Thumb Code   108  stm32f4xx_tim.o(.text)
    TIM_DMAConfig                            0x0801b62b   Thumb Code   334  stm32f4xx_tim.o(.text)
    TIM_DMACmd                               0x0801b779   Thumb Code   126  stm32f4xx_tim.o(.text)
    TIM_SelectCCDMA                          0x0801b7f7   Thumb Code    96  stm32f4xx_tim.o(.text)
    TIM_InternalClockConfig                  0x0801b857   Thumb Code    76  stm32f4xx_tim.o(.text)
    TIM_SelectInputTrigger                   0x0801b8a3   Thumb Code   148  stm32f4xx_tim.o(.text)
    TIM_ITRxExternalClockConfig              0x0801b937   Thumb Code   110  stm32f4xx_tim.o(.text)
    TIM_TIxExternalClockConfig               0x0801b9a5   Thumb Code   184  stm32f4xx_tim.o(.text)
    TIM_ETRConfig                            0x0801ba5d   Thumb Code   164  stm32f4xx_tim.o(.text)
    TIM_ETRClockMode1Config                  0x0801bb01   Thumb Code   228  stm32f4xx_tim.o(.text)
    TIM_ETRClockMode2Config                  0x0801bbe5   Thumb Code   152  stm32f4xx_tim.o(.text)
    TIM_SelectOutputTrigger                  0x0801bc7d   Thumb Code   126  stm32f4xx_tim.o(.text)
    TIM_SelectSlaveMode                      0x0801bcfb   Thumb Code   112  stm32f4xx_tim.o(.text)
    TIM_SelectMasterSlaveMode                0x0801bd6b   Thumb Code   102  stm32f4xx_tim.o(.text)
    TIM_EncoderInterfaceConfig               0x0801bdd1   Thumb Code   226  stm32f4xx_tim.o(.text)
    TIM_SelectHallSensor                     0x0801beb3   Thumb Code   108  stm32f4xx_tim.o(.text)
    TIM_RemapConfig                          0x0801bf1f   Thumb Code   138  stm32f4xx_tim.o(.text)
    USART_DeInit                             0x0801bfa9   Thumb Code   276  stm32f4xx_usart.o(.text)
    USART_Init                               0x0801c0bd   Thumb Code   492  stm32f4xx_usart.o(.text)
    USART_StructInit                         0x0801c2a9   Thumb Code    24  stm32f4xx_usart.o(.text)
    USART_ClockInit                          0x0801c2c1   Thumb Code   166  stm32f4xx_usart.o(.text)
    USART_ClockStructInit                    0x0801c367   Thumb Code    12  stm32f4xx_usart.o(.text)
    USART_Cmd                                0x0801c373   Thumb Code   214  stm32f4xx_usart.o(.text)
    USART_SetPrescaler                       0x0801c449   Thumb Code    96  stm32f4xx_usart.o(.text)
    USART_OverSampling8Cmd                   0x0801c4a9   Thumb Code   122  stm32f4xx_usart.o(.text)
    USART_OneBitMethodCmd                    0x0801c523   Thumb Code   124  stm32f4xx_usart.o(.text)
    USART_SendData                           0x0801c59f   Thumb Code   108  stm32f4xx_usart.o(.text)
    USART_ReceiveData                        0x0801c60b   Thumb Code    86  stm32f4xx_usart.o(.text)
    USART_SetAddress                         0x0801c661   Thumb Code   116  stm32f4xx_usart.o(.text)
    USART_ReceiverWakeUpCmd                  0x0801c6d5   Thumb Code   124  stm32f4xx_usart.o(.text)
    USART_WakeUpConfig                       0x0801c751   Thumb Code   120  stm32f4xx_usart.o(.text)
    USART_LINBreakDetectLengthConfig         0x0801c7c9   Thumb Code   160  stm32f4xx_usart.o(.text)
    USART_LINCmd                             0x0801c869   Thumb Code   124  stm32f4xx_usart.o(.text)
    USART_SendBreak                          0x0801c8e5   Thumb Code    88  stm32f4xx_usart.o(.text)
    USART_HalfDuplexCmd                      0x0801c93d   Thumb Code   124  stm32f4xx_usart.o(.text)
    USART_SetGuardTime                       0x0801c9b9   Thumb Code    60  stm32f4xx_usart.o(.text)
    USART_SmartCardCmd                       0x0801c9f5   Thumb Code    88  stm32f4xx_usart.o(.text)
    USART_SmartCardNACKCmd                   0x0801ca4d   Thumb Code    88  stm32f4xx_usart.o(.text)
    USART_IrDAConfig                         0x0801caa5   Thumb Code   118  stm32f4xx_usart.o(.text)
    USART_IrDACmd                            0x0801cb1b   Thumb Code   124  stm32f4xx_usart.o(.text)
    USART_DMACmd                             0x0801cb97   Thumb Code   184  stm32f4xx_usart.o(.text)
    USART_ITConfig                           0x0801cc4f   Thumb Code   290  stm32f4xx_usart.o(.text)
    USART_GetFlagStatus                      0x0801cd71   Thumb Code   200  stm32f4xx_usart.o(.text)
    USART_ClearFlag                          0x0801ce39   Thumb Code   158  stm32f4xx_usart.o(.text)
    USART_GetITStatus                        0x0801ced7   Thumb Code   306  stm32f4xx_usart.o(.text)
    USART_ClearITPendingBit                  0x0801d009   Thumb Code   234  stm32f4xx_usart.o(.text)
    FPGA_Init                                0x0801d105   Thumb Code   674  fpga.o(.text)
    FPGA_WriteBuffer                         0x0801d3a7   Thumb Code    24  fpga.o(.text)
    FPGA_ResetHardware                       0x0801d3bf   Thumb Code   104  fpga.o(.text)
    FPGA_ReadBuffer                          0x0801d427   Thumb Code    22  fpga.o(.text)
    FPGA_DATA_WriteBuffer                    0x0801d43d   Thumb Code    24  fpga.o(.text)
    FPGA_DATA_ReadBuffer                     0x0801d455   Thumb Code    22  fpga.o(.text)
    SysTick_Handler                          0x0801d47d   Thumb Code    38  scope_it.o(.text)
    TIM2_IRQHandler                          0x0801d4a3   Thumb Code   380  scope_it.o(.text)
    USART1_IRQHandler                        0x0801d61f   Thumb Code    14  scope_it.o(.text)
    USART3_IRQHandler                        0x0801d62d   Thumb Code    14  scope_it.o(.text)
    IT_SYS_DlyMs                             0x0801d63b   Thumb Code    30  scope_it.o(.text)
    IT_SYS_GetTicks                          0x0801d659   Thumb Code     6  scope_it.o(.text)
    IT_SYS_SetTicks                          0x0801d65f   Thumb Code    10  scope_it.o(.text)
    IT_SYS_SetDlyMs                          0x0801d669   Thumb Code    16  scope_it.o(.text)
    IT_SYS_CheckDlyFin                       0x0801d679   Thumb Code    20  scope_it.o(.text)
    IT_LIST_GetTicks                         0x0801d68d   Thumb Code     6  scope_it.o(.text)
    IT_LIST_SetTicks                         0x0801d693   Thumb Code    10  scope_it.o(.text)
    IT_ADC_GetTicks                          0x0801d69d   Thumb Code     6  scope_it.o(.text)
    IT_ADC_SetTicks                          0x0801d6a3   Thumb Code    10  scope_it.o(.text)
    assert_failed                            0x0801d711   Thumb Code    18  scope_eval.o(.text)
    fputc                                    0x0801d723   Thumb Code    16  scope_eval.o(.text)
    PF_InitTimer2                            0x0801d733   Thumb Code   122  scope_eval.o(.text)
    EVAL_Init                                0x0801d8d5   Thumb Code   250  scope_eval.o(.text)
    EVAL_OutputSet                           0x0801d9cf   Thumb Code    16  scope_eval.o(.text)
    EVAL_OutputClr                           0x0801d9df   Thumb Code    16  scope_eval.o(.text)
    EVAL_OutputToggle                        0x0801d9ef   Thumb Code    26  scope_eval.o(.text)
    EVAL_InputGetState                       0x0801daa5   Thumb Code    22  scope_eval.o(.text)
    MV_InitPara                              0x0801dbb5   Thumb Code   190  scope_move.o(.text)
    MV_Move                                  0x0801dc73   Thumb Code   434  scope_move.o(.text)
    MV_Stop                                  0x0801de25   Thumb Code    98  scope_move.o(.text)
    MV_Wait                                  0x0801de87   Thumb Code    84  scope_move.o(.text)
    MV_GetStepsExecuted                      0x0801dedb   Thumb Code    56  scope_move.o(.text)
    MV_IsFinished                            0x0801df13   Thumb Code    20  scope_move.o(.text)
    MV_IsrMoveHandling                       0x0801df27   Thumb Code   104  scope_move.o(.text)
    BUF_Send_Init                            0x0801dfa1   Thumb Code    14  buffercircle.o(.text)
    BUF_Send_PutChar                         0x0801dfaf   Thumb Code    54  buffercircle.o(.text)
    BUF_Send_GetChar                         0x0801dfe5   Thumb Code    74  buffercircle.o(.text)
    BUF_Send_PutNChar                        0x0801e0b9   Thumb Code    94  buffercircle.o(.text)
    BUF_Send_GetNChar                        0x0801e117   Thumb Code    94  buffercircle.o(.text)
    BUF_Recv_Init                            0x0801e175   Thumb Code    14  buffercircle.o(.text)
    BUF_Recv_PutChar                         0x0801e183   Thumb Code    54  buffercircle.o(.text)
    BUF_Recv_GetChar                         0x0801e1b9   Thumb Code    74  buffercircle.o(.text)
    BUF_Recv_PutNChar                        0x0801e28d   Thumb Code    94  buffercircle.o(.text)
    BUF_Recv_GetNChar                        0x0801e2eb   Thumb Code    94  buffercircle.o(.text)
    NET_BUF_Send_Init                        0x0801e359   Thumb Code    14  netbuffercircle.o(.text)
    NET_BUF_Send_PutChar                     0x0801e367   Thumb Code    54  netbuffercircle.o(.text)
    NET_BUF_Send_GetChar                     0x0801e39d   Thumb Code    74  netbuffercircle.o(.text)
    NET_BUF_Send_GetLenConsume               0x0801e3e7   Thumb Code   112  netbuffercircle.o(.text)
    NET_BUF_Send_GetLenRemain                0x0801e457   Thumb Code    26  netbuffercircle.o(.text)
    NET_BUF_Send_PutNChar                    0x0801e471   Thumb Code    94  netbuffercircle.o(.text)
    NET_BUF_Send_GetNChar                    0x0801e4cf   Thumb Code    94  netbuffercircle.o(.text)
    NET_BUF_Recv_Init                        0x0801e52d   Thumb Code    14  netbuffercircle.o(.text)
    NET_BUF_Recv_PutChar                     0x0801e53b   Thumb Code    54  netbuffercircle.o(.text)
    NET_BUF_Recv_GetChar                     0x0801e571   Thumb Code    74  netbuffercircle.o(.text)
    NET_BUF_Recv_GetLenConsume               0x0801e5bb   Thumb Code   112  netbuffercircle.o(.text)
    NET_BUF_Recv_GetLenRemain                0x0801e62b   Thumb Code    26  netbuffercircle.o(.text)
    NET_BUF_Recv_PutNChar                    0x0801e645   Thumb Code    94  netbuffercircle.o(.text)
    NET_BUF_Recv_GetNChar                    0x0801e6a3   Thumb Code    94  netbuffercircle.o(.text)
    SPG_Send_Init                            0x0801e711   Thumb Code    14  samplebuffercircle.o(.text)
    SPG_Send_PutChar                         0x0801e71f   Thumb Code    52  samplebuffercircle.o(.text)
    SPG_Send_GetChar                         0x0801e753   Thumb Code    68  samplebuffercircle.o(.text)
    SPG_Send_PutNChar                        0x0801e817   Thumb Code    92  samplebuffercircle.o(.text)
    SPG_Send_GetNChar                        0x0801e873   Thumb Code    92  samplebuffercircle.o(.text)
    SPG_Recv_Init                            0x0801e8cf   Thumb Code    14  samplebuffercircle.o(.text)
    SPG_Recv_PutChar                         0x0801e8dd   Thumb Code    52  samplebuffercircle.o(.text)
    SPG_Recv_GetChar                         0x0801e911   Thumb Code    68  samplebuffercircle.o(.text)
    SPG_Recv_PutNChar                        0x0801e9d5   Thumb Code    92  samplebuffercircle.o(.text)
    SPG_Recv_GetNChar                        0x0801ea31   Thumb Code    92  samplebuffercircle.o(.text)
    Delay_US                                 0x0801ea9d   Thumb Code    54  driver.o(.text)
    ADC1_DMA_Config                          0x0801ead3   Thumb Code   174  driver.o(.text)
    ADC1_Init                                0x0801eb81   Thumb Code   192  driver.o(.text)
    DMA2_Stream0_IRQHandler                  0x0801ec41   Thumb Code    72  driver.o(.text)
    DMA2_Stream3_IRQHandler                  0x0801ec89   Thumb Code    80  driver.o(.text)
    ADC2_DMA_Config                          0x0801ecd9   Thumb Code   194  driver.o(.text)
    ADC2_Init                                0x0801ed9b   Thumb Code   174  driver.o(.text)
    ADC3_GPIO_Init                           0x0801ee49   Thumb Code   358  driver.o(.text)
    ADC3_Init                                0x0801efaf   Thumb Code    84  driver.o(.text)
    Get_ADC3_Channel_Value                   0x0801f003   Thumb Code    90  driver.o(.text)
    Get_Press_ADC                            0x0801f05d   Thumb Code     4  driver.o(.text)
    Get_XK_ADC                               0x0801f061   Thumb Code    18  driver.o(.text)
    Get_12V_N_ADC                            0x0801f073   Thumb Code    18  driver.o(.text)
    Get_12V_P_ADC                            0x0801f085   Thumb Code    18  driver.o(.text)
    Get_56V_Cur_ADC                          0x0801f097   Thumb Code    18  driver.o(.text)
    Get_LED_Cur_ADC                          0x0801f0a9   Thumb Code    18  driver.o(.text)
    Get_Temp_ADC                             0x0801f0bb   Thumb Code    18  driver.o(.text)
    HW_Get_ADC_HGB                           0x0801f0cd   Thumb Code    18  driver.o(.text)
    HW_Get_ADC_CRP                           0x0801f0df   Thumb Code    18  driver.o(.text)
    Get_HGB_Value                            0x0801f0f1   Thumb Code    38  driver.o(.text)
    Get_CRP_Value                            0x0801f117   Thumb Code    26  driver.o(.text)
    Press_I2C_Init                           0x0801f131   Thumb Code    96  driver.o(.text)
    Press_Init                               0x0801f191   Thumb Code     8  driver.o(.text)
    Press_I2C_Start                          0x0801f199   Thumb Code    68  driver.o(.text)
    Press_I2C_Stop                           0x0801f1dd   Thumb Code    60  driver.o(.text)
    Press_I2C_Wait_Ack                       0x0801f219   Thumb Code    78  driver.o(.text)
    Press_I2C_Ack                            0x0801f267   Thumb Code    72  driver.o(.text)
    Press_I2C_NAck                           0x0801f2af   Thumb Code   136  driver.o(.text)
    Press_I2C_Send_Byte                      0x0801f337   Thumb Code   102  driver.o(.text)
    Press_I2C_Read_Byte                      0x0801f39d   Thumb Code    98  driver.o(.text)
    Get_Press_I2C                            0x0801f3ff   Thumb Code   202  driver.o(.text)
    Reset_Elec_Status                        0x0801f4c9   Thumb Code    14  driver.o(.text)
    Set_Elec_Status                          0x0801f4d7   Thumb Code    14  driver.o(.text)
    Get_Elec_Status                          0x0801f4e5   Thumb Code    14  driver.o(.text)
    Elec_Init                                0x0801f4f3   Thumb Code    44  driver.o(.text)
    Get_Elec_ADC                             0x0801f51f   Thumb Code    86  driver.o(.text)
    Beep_Init                                0x0801f575   Thumb Code    46  driver.o(.text)
    Beep                                     0x0801f5a3   Thumb Code    34  driver.o(.text)
    Pump_PWM_Init                            0x0801f5c5   Thumb Code   176  driver.o(.text)
    Pump_init                                0x0801f675   Thumb Code    22  driver.o(.text)
    Pump_AntiClockWise                       0x0801f68b   Thumb Code     2  driver.o(.text)
    Pump_ClockWise                           0x0801f68d   Thumb Code     2  driver.o(.text)
    Pump_Speed_Set                           0x0801f68f   Thumb Code    32  driver.o(.text)
    Pump_Exec                                0x0801f6af   Thumb Code    40  driver.o(.text)
    Mixing_Motor_Init                        0x0801f6d7   Thumb Code    98  driver.o(.text)
    Mixing_Motor_Run                         0x0801f739   Thumb Code    12  driver.o(.text)
    Mixing_Motor_Stop                        0x0801f745   Thumb Code    12  driver.o(.text)
    Valve_Init                               0x0801f751   Thumb Code   100  driver.o(.text)
    Valve_Air_Exec                           0x0801f7b5   Thumb Code    32  driver.o(.text)
    Valve_Liquid_Exec                        0x0801f7d5   Thumb Code    30  driver.o(.text)
    Valve_Exec                               0x0801f7f3   Thumb Code    28  driver.o(.text)
    Turn_Motor_Init                          0x0801f80f   Thumb Code   252  driver.o(.text)
    Turn_Motor_Power                         0x0801f90b   Thumb Code    32  driver.o(.text)
    Get_Turn_Reset_OC_Status                 0x0801f92b   Thumb Code    12  driver.o(.text)
    Turn_Motor_Reset                         0x0801f937   Thumb Code   126  driver.o(.text)
    Get_Turn_Select_OC_Status                0x0801f9b5   Thumb Code    12  driver.o(.text)
    Turn_Motor_Goto_Postion                  0x0801f9c1   Thumb Code   128  driver.o(.text)
    Turn_Motor_Select_LED                    0x0801fa41   Thumb Code   108  driver.o(.text)
    EXTI9_5_IRQHandler                       0x0801faad   Thumb Code    50  driver.o(.text)
    Micro_OC_Init                            0x0801fadf   Thumb Code   192  driver.o(.text)
    OC_Init                                  0x0801fb9f   Thumb Code   170  driver.o(.text)
    Get_Micro_OC_Status                      0x0801fc49   Thumb Code    12  driver.o(.text)
    Get_Out_OC_Status                        0x0801fc55   Thumb Code    12  driver.o(.text)
    Get_In_OC_Status                         0x0801fc61   Thumb Code    12  driver.o(.text)
    LED_Cur_DAC_Init                         0x0801fc6d   Thumb Code    84  driver.o(.text)
    LED_Init                                 0x0801fcc1   Thumb Code   572  driver.o(.text)
    LED_Cur_DAC_Set                          0x0801fefd   Thumb Code    14  driver.o(.text)
    LED_Cur_Switch                           0x0801ff0b   Thumb Code    32  driver.o(.text)
    LED_Cur_Auto_Adjust                      0x0801ff2b   Thumb Code    98  driver.o(.text)
    LEC_Cur_ADC_Check_Channel                0x0801ff8d   Thumb Code    44  driver.o(.text)
    LED_Exec                                 0x0801ffb9   Thumb Code   246  driver.o(.text)
    DRegister_SPI_Init                       0x080200af   Thumb Code   252  driver.o(.text)
    DResistor_Init                           0x080201ab   Thumb Code     8  driver.o(.text)
    DRegister_Write                          0x080201b3   Thumb Code    28  driver.o(.text)
    DResistor_Set                            0x080201cf   Thumb Code    24  driver.o(.text)
    Driver_Debug                             0x080201e7   Thumb Code  1592  driver.o(.text)
    ADC24Bit_SPI_Init                        0x08020979   Thumb Code   286  ad7799.o(.text)
    ADC24Bit_GPIO_Init                       0x08020a97   Thumb Code   196  ad7799.o(.text)
    SPI_Write                                0x08020b5b   Thumb Code   172  ad7799.o(.text)
    AD7799_SetRegisterValue                  0x08020c07   Thumb Code    90  ad7799.o(.text)
    AD7799_Init                              0x08020c61   Thumb Code    78  ad7799.o(.text)
    ADC24Bit_Init                            0x08020caf   Thumb Code    12  ad7799.o(.text)
    ADC24Bit_SPI_GetByte                     0x08020cbb   Thumb Code    24  ad7799.o(.text)
    ADC24Bit_SPI_SendByte                    0x08020cd3   Thumb Code    28  ad7799.o(.text)
    SPI_Read                                 0x08020cef   Thumb Code   194  ad7799.o(.text)
    AD7799_GetRegisterValue                  0x08020db1   Thumb Code   102  ad7799.o(.text)
    AD7799_Reset                             0x08020e17   Thumb Code    40  ad7799.o(.text)
    AD7799_Calibrate                         0x08020e3f   Thumb Code   266  ad7799.o(.text)
    AD7799_SetChannel                        0x08020f49   Thumb Code    36  ad7799.o(.text)
    AD7799_SetMode                           0x08020f6d   Thumb Code    48  ad7799.o(.text)
    AD7799_SetGain                           0x08020f9d   Thumb Code    38  ad7799.o(.text)
    AD7799_SetBurnoutCurren                  0x08020fc3   Thumb Code    36  ad7799.o(.text)
    AD7799_SetBufMode                        0x08020fe7   Thumb Code    36  ad7799.o(.text)
    AD7799_Get_ADC_Value                     0x0802100b   Thumb Code    12  ad7799.o(.text)
    AD7799_Get_Value                         0x08021017   Thumb Code    56  ad7799.o(.text)
    ethernetif_input                         0x08021281   Thumb Code    42  ethernetif.o(.text)
    ethernetif_init                          0x080212ab   Thumb Code    38  ethernetif.o(.text)
    etharp_tmr                               0x0802132f   Thumb Code   136  etharp.o(.text)
    etharp_cleanup_netif                     0x080215fd   Thumb Code    52  etharp.o(.text)
    etharp_find_addr                         0x08021631   Thumb Code    82  etharp.o(.text)
    etharp_request                           0x08021845   Thumb Code    36  etharp.o(.text)
    etharp_query                             0x080218d1   Thumb Code   338  etharp.o(.text)
    etharp_output                            0x08021a23   Thumb Code   314  etharp.o(.text)
    ethernet_input                           0x08021b5d   Thumb Code   178  etharp.o(.text)
    icmp_input                               0x08021c21   Thumb Code   340  icmp.o(.text)
    icmp_dest_unreach                        0x08021de5   Thumb Code    18  icmp.o(.text)
    icmp_time_exceeded                       0x08021df7   Thumb Code    18  icmp.o(.text)
    inet_chksum_pseudo                       0x08021e6f   Thumb Code   162  inet_chksum.o(.text)
    inet_chksum_pseudo_partial               0x08021f11   Thumb Code   184  inet_chksum.o(.text)
    inet_chksum                              0x08021fc9   Thumb Code    20  inet_chksum.o(.text)
    inet_chksum_pbuf                         0x08021fdd   Thumb Code    86  inet_chksum.o(.text)
    ip_route                                 0x08022035   Thumb Code    76  ip.o(.text)
    ip_input                                 0x08022081   Thumb Code   422  ip.o(.text)
    ip_output_if                             0x08022227   Thumb Code   192  ip.o(.text)
    ip_output                                0x080222e7   Thumb Code    56  ip.o(.text)
    ip4_addr_isbroadcast                     0x0802233d   Thumb Code    78  ip_addr.o(.text)
    ip4_addr_netmask_valid                   0x0802238b   Thumb Code    52  ip_addr.o(.text)
    ipaddr_aton                              0x080223bf   Thumb Code   348  ip_addr.o(.text)
    ipaddr_addr                              0x0802251b   Thumb Code    24  ip_addr.o(.text)
    ipaddr_ntoa_r                            0x08022533   Thumb Code   168  ip_addr.o(.text)
    ipaddr_ntoa                              0x080225db   Thumb Code    16  ip_addr.o(.text)
    ip_reass_tmr                             0x080226b5   Thumb Code    48  ip_frag.o(.text)
    ip_reass                                 0x0802290b   Thumb Code   396  ip_frag.o(.text)
    ip_frag                                  0x08022ad3   Thumb Code   424  ip_frag.o(.text)
    lwip_htons                               0x08022c85   Thumb Code    12  def.o(.text)
    lwip_ntohs                               0x08022c91   Thumb Code    12  def.o(.text)
    lwip_htonl                               0x08022c9d   Thumb Code    26  def.o(.text)
    lwip_ntohl                               0x08022cb7   Thumb Code    12  def.o(.text)
    dhcp_renew                               0x08023155   Thumb Code   160  dhcp.o(.text)
    dhcp_coarse_tmr                          0x080232b9   Thumb Code    62  dhcp.o(.text)
    dhcp_release                             0x0802339b   Thumb Code   162  dhcp.o(.text)
    dhcp_fine_tmr                            0x080235c5   Thumb Code    64  dhcp.o(.text)
    dhcp_set_struct                          0x0802368b   Thumb Code    30  dhcp.o(.text)
    dhcp_cleanup                             0x080236a9   Thumb Code    24  dhcp.o(.text)
    dhcp_stop                                0x080236c1   Thumb Code    58  dhcp.o(.text)
    dhcp_start                               0x08023b07   Thumb Code   206  dhcp.o(.text)
    dhcp_inform                              0x08023bd5   Thumb Code   170  dhcp.o(.text)
    dhcp_network_changed                     0x08023c7f   Thumb Code    80  dhcp.o(.text)
    dhcp_arp_reply                           0x08023d4d   Thumb Code    46  dhcp.o(.text)
    mem_init                                 0x08023e0d   Thumb Code    74  mem.o(.text)
    mem_free                                 0x08023e57   Thumb Code    68  mem.o(.text)
    mem_trim                                 0x08023e9b   Thumb Code   288  mem.o(.text)
    mem_malloc                               0x08023fbb   Thumb Code   222  mem.o(.text)
    mem_calloc                               0x08024099   Thumb Code    34  mem.o(.text)
    memp_init                                0x080240cd   Thumb Code    82  memp.o(.text)
    memp_malloc                              0x0802411f   Thumb Code    40  memp.o(.text)
    memp_free                                0x08024147   Thumb Code    28  memp.o(.text)
    netif_init                               0x08024175   Thumb Code     2  netif.o(.text)
    netif_set_gw                             0x08024177   Thumb Code    12  netif.o(.text)
    netif_set_netmask                        0x08024183   Thumb Code    12  netif.o(.text)
    netif_set_ipaddr                         0x0802418f   Thumb Code   110  netif.o(.text)
    netif_set_addr                           0x080241fd   Thumb Code    40  netif.o(.text)
    netif_add                                0x08024225   Thumb Code   104  netif.o(.text)
    netif_set_default                        0x0802428d   Thumb Code     6  netif.o(.text)
    netif_set_down                           0x08024293   Thumb Code    42  netif.o(.text)
    netif_remove                             0x080242bd   Thumb Code    90  netif.o(.text)
    netif_find                               0x08024317   Thumb Code    64  netif.o(.text)
    netif_set_up                             0x08024357   Thumb Code    54  netif.o(.text)
    netif_set_link_up                        0x0802438d   Thumb Code    80  netif.o(.text)
    netif_set_link_down                      0x080243dd   Thumb Code    42  netif.o(.text)
    netif_set_link_callback                  0x08024407   Thumb Code     6  netif.o(.text)
    pbuf_free                                0x08024421   Thumb Code   134  pbuf.o(.text)
    pbuf_alloc                               0x080244a7   Thumb Code   408  pbuf.o(.text)
    pbuf_alloced_custom                      0x0802463f   Thumb Code   108  pbuf.o(.text)
    pbuf_realloc                             0x080246ab   Thumb Code   120  pbuf.o(.text)
    pbuf_header                              0x08024723   Thumb Code   126  pbuf.o(.text)
    pbuf_clen                                0x080247a1   Thumb Code    18  pbuf.o(.text)
    pbuf_ref                                 0x080247b3   Thumb Code    10  pbuf.o(.text)
    pbuf_cat                                 0x080247bd   Thumb Code    56  pbuf.o(.text)
    pbuf_chain                               0x080247f5   Thumb Code    22  pbuf.o(.text)
    pbuf_dechain                             0x0802480b   Thumb Code    56  pbuf.o(.text)
    pbuf_copy                                0x08024843   Thumb Code   192  pbuf.o(.text)
    pbuf_copy_partial                        0x08024903   Thumb Code   146  pbuf.o(.text)
    pbuf_take                                0x08024995   Thumb Code   116  pbuf.o(.text)
    pbuf_coalesce                            0x08024a09   Thumb Code    60  pbuf.o(.text)
    pbuf_get_at                              0x08024a45   Thumb Code    46  pbuf.o(.text)
    pbuf_memcmp                              0x08024a73   Thumb Code    96  pbuf.o(.text)
    pbuf_memfind                             0x08024ad3   Thumb Code    76  pbuf.o(.text)
    pbuf_strstr                              0x08024b1f   Thumb Code    60  pbuf.o(.text)
    raw_input                                0x08024b5d   Thumb Code   102  raw.o(.text)
    raw_bind                                 0x08024bc3   Thumb Code    16  raw.o(.text)
    raw_connect                              0x08024bd3   Thumb Code    16  raw.o(.text)
    raw_recv                                 0x08024be3   Thumb Code     6  raw.o(.text)
    raw_sendto                               0x08024be9   Thumb Code   158  raw.o(.text)
    raw_send                                 0x08024c87   Thumb Code    18  raw.o(.text)
    raw_remove                               0x08024c99   Thumb Code    60  raw.o(.text)
    raw_new                                  0x08024cd5   Thumb Code    42  raw.o(.text)
    tcp_init                                 0x08024d0d   Thumb Code     2  tcp.o(.text)
    tcp_seg_free                             0x08024d0f   Thumb Code    26  tcp.o(.text)
    tcp_segs_free                            0x08024d29   Thumb Code    24  tcp.o(.text)
    tcp_pcb_purge                            0x08024d41   Thumb Code    64  tcp.o(.text)
    tcp_slowtmr                              0x08024d81   Thumb Code   802  tcp.o(.text)
    tcp_pcb_remove                           0x080250a3   Thumb Code   140  tcp.o(.text)
    tcp_close                                0x08025307   Thumb Code    28  tcp.o(.text)
    tcp_update_rcv_ann_wnd                   0x08025323   Thumb Code    78  tcp.o(.text)
    tcp_recved                               0x08025371   Thumb Code    70  tcp.o(.text)
    tcp_recv_null                            0x080253b7   Thumb Code    46  tcp.o(.text)
    tcp_process_refused_data                 0x080253e5   Thumb Code   140  tcp.o(.text)
    tcp_fasttmr                              0x08025471   Thumb Code   110  tcp.o(.text)
    tcp_tmr                                  0x080254df   Thumb Code    30  tcp.o(.text)
    tcp_shutdown                             0x080254fd   Thumb Code    98  tcp.o(.text)
    tcp_abandon                              0x0802555f   Thumb Code   170  tcp.o(.text)
    tcp_abort                                0x08025609   Thumb Code    14  tcp.o(.text)
    tcp_bind                                 0x08025677   Thumb Code   142  tcp.o(.text)
    tcp_listen_with_backlog                  0x0802570d   Thumb Code   198  tcp.o(.text)
    tcp_eff_send_mss                         0x080257d3   Thumb Code    46  tcp.o(.text)
    tcp_next_iss                             0x08025801   Thumb Code    20  tcp.o(.text)
    tcp_connect                              0x08025815   Thumb Code   328  tcp.o(.text)
    tcp_setprio                              0x0802595d   Thumb Code     4  tcp.o(.text)
    tcp_alloc                                0x080259df   Thumb Code   242  tcp.o(.text)
    tcp_new                                  0x08025ad1   Thumb Code    10  tcp.o(.text)
    tcp_arg                                  0x08025adb   Thumb Code     4  tcp.o(.text)
    tcp_recv                                 0x08025adf   Thumb Code     8  tcp.o(.text)
    tcp_sent                                 0x08025ae7   Thumb Code     8  tcp.o(.text)
    tcp_err                                  0x08025aef   Thumb Code    10  tcp.o(.text)
    tcp_accept                               0x08025af9   Thumb Code     4  tcp.o(.text)
    tcp_poll                                 0x08025afd   Thumb Code    14  tcp.o(.text)
    tcp_debug_state_str                      0x08025b0b   Thumb Code    10  tcp.o(.text)
    tcp_input                                0x08026939   Thumb Code  1134  tcp_in.o(.text)
    tcp_enqueue_flags                        0x08026ef5   Thumb Code   272  tcp_out.o(.text)
    tcp_send_fin                             0x08027005   Thumb Code    74  tcp_out.o(.text)
    tcp_write                                0x08027137   Thumb Code   902  tcp_out.o(.text)
    tcp_send_empty_ack                       0x080274bd   Thumb Code    78  tcp_out.o(.text)
    tcp_output                               0x080275d3   Thumb Code   444  tcp_out.o(.text)
    tcp_rst                                  0x0802778f   Thumb Code   124  tcp_out.o(.text)
    tcp_rexmit_rto                           0x0802780b   Thumb Code    58  tcp_out.o(.text)
    tcp_rexmit                               0x08027845   Thumb Code    90  tcp_out.o(.text)
    tcp_rexmit_fast                          0x0802789f   Thumb Code   112  tcp_out.o(.text)
    tcp_keepalive                            0x0802790f   Thumb Code    68  tcp_out.o(.text)
    tcp_zero_window_probe                    0x08027953   Thumb Code   172  tcp_out.o(.text)
    tcp_timer_needed                         0x080279ff   Thumb Code     2  timers.o(.text)
    udp_init                                 0x08027a01   Thumb Code     2  udp.o(.text)
    udp_input                                0x08027a53   Thumb Code   450  udp.o(.text)
    udp_bind                                 0x08027c15   Thumb Code   122  udp.o(.text)
    udp_sendto_if                            0x08027c8f   Thumb Code   206  udp.o(.text)
    udp_sendto                               0x08027d5d   Thumb Code    46  udp.o(.text)
    udp_send                                 0x08027d8b   Thumb Code    20  udp.o(.text)
    udp_connect                              0x08027d9f   Thumb Code   110  udp.o(.text)
    udp_disconnect                           0x08027e0d   Thumb Code    16  udp.o(.text)
    udp_recv                                 0x08027e1d   Thumb Code     6  udp.o(.text)
    udp_remove                               0x08027e23   Thumb Code    60  udp.o(.text)
    udp_new                                  0x08027e5f   Thumb Code    28  udp.o(.text)
    LwIP_Init                                0x08027e81   Thumb Code   164  netconf.o(.text)
    LwIP_Pkt_Handle                          0x08027f25   Thumb Code    10  netconf.o(.text)
    LwIP_Periodic_Handle                     0x08027f2f   Thumb Code    52  netconf.o(.text)
    ETH_BSP_Config                           0x0802814b   Thumb Code    38  stm32f4x7_eth_bsp.o(.text)
    Eth_Link_PHYITConfig                     0x08028171   Thumb Code    70  stm32f4x7_eth_bsp.o(.text)
    Eth_Link_EXTIConfig                      0x080281b7   Thumb Code   104  stm32f4x7_eth_bsp.o(.text)
    Eth_Link_ITHandler                       0x0802821f   Thumb Code    48  stm32f4x7_eth_bsp.o(.text)
    ETH_link_callback                        0x0802824f   Thumb Code   282  stm32f4x7_eth_bsp.o(.text)
    udp_echoserver_receive_callback          0x08028429   Thumb Code   174  udp_echoserver.o(.text)
    udp_echoserver_init                      0x080284d7   Thumb Code   162  udp_echoserver.o(.text)
    udp_echoserver_senddata                  0x08028579   Thumb Code    52  udp_echoserver.o(.text)
    __aeabi_memcpy                           0x08028685   Thumb Code    36  memcpya.o(.text)
    __aeabi_memcpy4                          0x08028685   Thumb Code     0  memcpya.o(.text)
    __aeabi_memcpy8                          0x08028685   Thumb Code     0  memcpya.o(.text)
    __aeabi_memset                           0x080286a9   Thumb Code    14  memseta.o(.text)
    __aeabi_memset4                          0x080286a9   Thumb Code     0  memseta.o(.text)
    __aeabi_memset8                          0x080286a9   Thumb Code     0  memseta.o(.text)
    __aeabi_memclr                           0x080286b7   Thumb Code     4  memseta.o(.text)
    __aeabi_memclr4                          0x080286b7   Thumb Code     0  memseta.o(.text)
    __aeabi_memclr8                          0x080286b7   Thumb Code     0  memseta.o(.text)
    _memset$wrapper                          0x080286bb   Thumb Code    18  memseta.o(.text)
    strncpy                                  0x080286cd   Thumb Code    24  strncpy.o(.text)
    strlen                                   0x080286e5   Thumb Code    14  strlen.o(.text)
    memcmp                                   0x080286f3   Thumb Code    26  memcmp.o(.text)
    __aeabi_dadd                             0x0802870d   Thumb Code   322  dadd.o(.text)
    __aeabi_dsub                             0x0802884f   Thumb Code     6  dadd.o(.text)
    __aeabi_drsub                            0x08028855   Thumb Code     6  dadd.o(.text)
    __aeabi_dmul                             0x0802885b   Thumb Code   228  dmul.o(.text)
    __aeabi_ui2d                             0x0802893f   Thumb Code    26  dfltui.o(.text)
    __aeabi_d2iz                             0x08028959   Thumb Code    62  dfixi.o(.text)
    __aeabi_d2uiz                            0x08028997   Thumb Code    50  dfixui.o(.text)
    __aeabi_f2d                              0x080289c9   Thumb Code    38  f2d.o(.text)
    __aeabi_cdrcmple                         0x080289f1   Thumb Code    38  cdrcmple.o(.text)
    __aeabi_uidiv                            0x08028a19   Thumb Code     0  uidiv.o(.text)
    __aeabi_uidivmod                         0x08028a19   Thumb Code    44  uidiv.o(.text)
    __aeabi_uldivmod                         0x08028a45   Thumb Code    98  uldiv.o(.text)
    __aeabi_llsl                             0x08028aa7   Thumb Code    30  llshl.o(.text)
    _ll_shift_l                              0x08028aa7   Thumb Code     0  llshl.o(.text)
    __aeabi_llsr                             0x08028ac5   Thumb Code    32  llushr.o(.text)
    _ll_ushift_r                             0x08028ac5   Thumb Code     0  llushr.o(.text)
    __aeabi_lasr                             0x08028ae5   Thumb Code    36  llsshr.o(.text)
    _ll_sshift_r                             0x08028ae5   Thumb Code     0  llsshr.o(.text)
    __I$use$fp                               0x08028b09   Thumb Code     0  iusefp.o(.text)
    _double_round                            0x08028b09   Thumb Code    26  depilogue.o(.text)
    _double_epilogue                         0x08028b23   Thumb Code   164  depilogue.o(.text)
    __aeabi_ddiv                             0x08028bc7   Thumb Code   222  ddiv.o(.text)
    __aeabi_d2ulz                            0x08028ca5   Thumb Code    48  dfixul.o(.text)
    __decompress                             0x08028cd5   Thumb Code     0  __dczerorl2.o(.text)
    __decompress1                            0x08028cd5   Thumb Code    92  __dczerorl2.o(.text)
    __0printf                                0x08028d31   Thumb Code    22  printfa.o(i.__0printf)
    __1printf                                0x08028d31   Thumb Code     0  printfa.o(i.__0printf)
    __2printf                                0x08028d31   Thumb Code     0  printfa.o(i.__0printf)
    __c89printf                              0x08028d31   Thumb Code     0  printfa.o(i.__0printf)
    printf                                   0x08028d31   Thumb Code     0  printfa.o(i.__0printf)
    __0sprintf                               0x08028d51   Thumb Code    34  printfa.o(i.__0sprintf)
    __1sprintf                               0x08028d51   Thumb Code     0  printfa.o(i.__0sprintf)
    __2sprintf                               0x08028d51   Thumb Code     0  printfa.o(i.__0sprintf)
    __c89sprintf                             0x08028d51   Thumb Code     0  printfa.o(i.__0sprintf)
    sprintf                                  0x08028d51   Thumb Code     0  printfa.o(i.__0sprintf)
    softver_edtion                           0x080296e4   Data           6  processscope.o(.constdata)
    FSMC_DefaultTimingStruct                 0x0802a51c   Data          28  stm32f4xx_fsmc.o(.constdata)
    COM_USART                                0x0802a538   Data          12  scope_eval.o(.constdata)
    COM_USART_CLK                            0x0802a544   Data          12  scope_eval.o(.constdata)
    COM_ET_IRQn                              0x0802a550   Data           6  scope_eval.o(.constdata)
    COM_TX_PORT                              0x0802a558   Data          12  scope_eval.o(.constdata)
    COM_TX_PIN                               0x0802a564   Data           6  scope_eval.o(.constdata)
    COM_TX_PORT_CLK                          0x0802a56c   Data          12  scope_eval.o(.constdata)
    COM_RX_PORT                              0x0802a578   Data          12  scope_eval.o(.constdata)
    COM_RX_PIN                               0x0802a584   Data           6  scope_eval.o(.constdata)
    COM_RX_PORT_CLK                          0x0802a58c   Data          12  scope_eval.o(.constdata)
    COM_AF_TX_PINSOURCE                      0x0802a598   Data           3  scope_eval.o(.constdata)
    COM_AF_RX_PINSOURCE                      0x0802a59b   Data           3  scope_eval.o(.constdata)
    COM_AF_UART                              0x0802a59e   Data           3  scope_eval.o(.constdata)
    OUT_PORT                                 0x0802a5a4   Data          28  scope_eval.o(.constdata)
    OUT_PIN                                  0x0802a5c0   Data          14  scope_eval.o(.constdata)
    OUT_CLK                                  0x0802a5d0   Data          28  scope_eval.o(.constdata)
    IN_PORT                                  0x0802a5ec   Data          28  scope_eval.o(.constdata)
    IN_PIN                                   0x0802a608   Data          14  scope_eval.o(.constdata)
    IN_CLK                                   0x0802a618   Data          28  scope_eval.o(.constdata)
    IN_ET_LINE                               0x0802a634   Data          14  scope_eval.o(.constdata)
    IN_ET_PORT                               0x0802a642   Data          14  scope_eval.o(.constdata)
    IN_ET_PIN                                0x0802a650   Data          14  scope_eval.o(.constdata)
    IN_ET_IRQn                               0x0802a65e   Data          14  scope_eval.o(.constdata)
    g_Turn_Motor_Table                       0x0802a67c   Data          16  driver.o(.constdata)
    ethbroadcast                             0x0802a68c   Data           6  etharp.o(.constdata)
    ethzero                                  0x0802a692   Data           6  etharp.o(.constdata)
    ip_addr_any                              0x0802a698   Data           4  ip_addr.o(.constdata)
    ip_addr_broadcast                        0x0802a69c   Data           4  ip_addr.o(.constdata)
    tcp_state_str                            0x0802a6c4   Data          44  tcp.o(.constdata)
    tcp_backoff                              0x0802a6f0   Data          13  tcp.o(.constdata)
    tcp_persist_backoff                      0x0802a6fd   Data           7  tcp.o(.constdata)
    tcp_pcb_lists                            0x0802a704   Data          16  tcp.o(.constdata)
    SystemCoreClock                          0x20000000   Data           4  system_stm32f4xx.o(.data)
    AHBPrescTable                            0x20000004   Data          16  system_stm32f4xx.o(.data)
    g_tOCLevel                               0x2000001e   Data           4  systemscope.o(.data)
    g_tSystemStatus                          0x20000022   Data           3  systemscope.o(.data)
    g_atInterval                             0x20000026   Data           8  systemscope.o(.data)
    g_nError                                 0x20000030   Data           4  systemscope.o(.data)
    g_nFlag                                  0x20000034   Data           4  systemscope.o(.data)
    g_Test_Mode                              0x20000042   Data           1  processscope.o(.data)
    g_Micro_Switch                           0x20000043   Data           1  processscope.o(.data)
    g_Udp_Count                              0x20000048   Data           4  processscope.o(.data)
    g_Frame_Count                            0x2000004c   Data           4  processscope.o(.data)
    g_Send_Fail                              0x20000050   Data           4  processscope.o(.data)
    g_AirLight_Flag                          0x20000054   Data           1  processscope.o(.data)
    g_Debug_Data                             0x2000006e   Data         512  interfacescope.o(.data)
    DMATxDescToSet                           0x20000294   Data           4  stm32f4x7_eth.o(.data)
    DMARxDescToGet                           0x20000298   Data           4  stm32f4x7_eth.o(.data)
    DMA_RX_FRAME_infos                       0x2000029c   Data           4  stm32f4x7_eth.o(.data)
    Frame_Rx_index                           0x200002a0   Data           4  stm32f4x7_eth.o(.data)
    g_Elec_Status                            0x20000314   Data           1  driver.o(.data)
    current_netif                            0x20000318   Data           4  ip.o(.data)
    current_header                           0x2000031c   Data           4  ip.o(.data)
    current_iphdr_src                        0x20000320   Data           4  ip.o(.data)
    current_iphdr_dest                       0x20000324   Data           4  ip.o(.data)
    netif_list                               0x20000344   Data           4  netif.o(.data)
    netif_default                            0x20000348   Data           4  netif.o(.data)
    tcp_ticks                                0x2000035c   Data           4  tcp.o(.data)
    tcp_bound_pcbs                           0x20000360   Data           4  tcp.o(.data)
    tcp_listen_pcbs                          0x20000364   Data           4  tcp.o(.data)
    tcp_active_pcbs                          0x20000368   Data           4  tcp.o(.data)
    tcp_tw_pcbs                              0x2000036c   Data           4  tcp.o(.data)
    tcp_tmp_pcb                              0x20000370   Data           4  tcp.o(.data)
    tcp_active_pcbs_changed                  0x20000374   Data           1  tcp.o(.data)
    tcp_input_pcb                            0x20000394   Data           4  tcp_in.o(.data)
    udp_pcbs                                 0x2000039c   Data           4  udp.o(.data)
    TCPTimer                                 0x200003ac   Data           4  netconf.o(.data)
    ARPTimer                                 0x200003b0   Data           4  netconf.o(.data)
    IPaddress                                0x200003b4   Data           4  netconf.o(.data)
    EthStatus                                0x200003c4   Data           4  stm32f4x7_eth_bsp.o(.data)
    s_tAddr                                  0x200003d4   Data           4  udp_echoserver.o(.data)
    s_nPort                                  0x200003d8   Data           2  udp_echoserver.o(.data)
    s_ptUpcb                                 0x200003dc   Data           4  udp_echoserver.o(.data)
    __stdout                                 0x200003e0   Data           4  stdout.o(.data)
    g_tAxisPosStatus                         0x200003e4   Data          28  systemscope.o(.bss)
    g_tSystemPara                            0x20000400   Data          54  systemscope.o(.bss)
    g_nErrorParaSet                          0x20000436   Data          64  systemscope.o(.bss)
    ADC1_Status                              0x20000478   Data          12  processscope.o(.bss)
    g_ADC1_Buffer                            0x20000484   Data         512  processscope.o(.bss)
    ADC2_Status                              0x20000684   Data          12  processscope.o(.bss)
    g_ADC2_Buffer                            0x20000690   Data         512  processscope.o(.bss)
    g_CRP_Data                               0x20000890   Data        1032  processscope.o(.bss)
    g_NET_achCmdRvBuf                        0x20000c98   Data         256  protocol.o(.bss)
    g_achFbkSdBuf                            0x20000d98   Data        1500  protocol.o(.bss)
    g_achFbkSdLogBuf                         0x20001374   Data        1500  protocol.o(.bss)
    g_SPG_achCmdRvBuf                        0x20002508   Data          80  samplingport.o(.bss)
    g_Record_Param                           0x20002558   Data          28  storagemanagement.o(.bss)
    DMARxDscrTab                             0x20002574   Data         256  stm32f4x7_eth.o(.bss)
    DMATxDscrTab                             0x20002674   Data         256  stm32f4x7_eth.o(.bss)
    Rx_Buff                                  0x20002774   Data       12192  stm32f4x7_eth.o(.bss)
    Tx_Buff                                  0x20005714   Data       12192  stm32f4x7_eth.o(.bss)
    RX_Frame_Descriptor                      0x200086b4   Data          12  stm32f4x7_eth.o(.bss)
    g_atMotorStatus                          0x200086c0   Data          16  scope_move.o(.bss)
    g_atMotorPara                            0x200086d0   Data          32  scope_move.o(.bss)
    dhcp_rx_options_val                      0x20009ed4   Data          40  dhcp.o(.bss)
    dhcp_rx_options_given                    0x20009efc   Data          10  dhcp.o(.bss)
    ram_heap                                 0x20009f06   Data       10260  mem.o(.bss)
    gnetif                                   0x20011334   Data          56  netconf.o(.bss)
    ETH_InitStructure                        0x2001136c   Data         188  stm32f4x7_eth_bsp.o(.bss)
    __initial_sp                             0x20015428   Data           0  startup_stm32f40_41xxx.o(STACK)



==============================================================================

Memory Map of the image

  Image Entry point : 0x08000189

  Load Region LR_IROM1 (Base: 0x08000000, Size: 0x000005e4, Max: 0x00003fff, ABSOLUTE, COMPRESSED[0x000002f0])

    Execution Region ER_IROM1 (Base: 0x08000000, Size: 0x00000200, Max: 0x00003fff, ABSOLUTE)

    Base Addr    Size         Type   Attr      Idx    E Section Name        Object

    0x08000000   0x00000188   Data   RO          293    RESET               startup_stm32f40_41xxx.o
    0x08000188   0x00000000   Code   RO         2132  * .ARM.Collect$$$$00000000  mc_w.l(entry.o)
    0x08000188   0x00000004   Code   RO         2422    .ARM.Collect$$$$00000001  mc_w.l(entry2.o)
    0x0800018c   0x00000004   Code   RO         2425    .ARM.Collect$$$$00000004  mc_w.l(entry5.o)
    0x08000190   0x00000000   Code   RO         2427    .ARM.Collect$$$$00000008  mc_w.l(entry7b.o)
    0x08000190   0x00000000   Code   RO         2429    .ARM.Collect$$$$0000000A  mc_w.l(entry8b.o)
    0x08000190   0x00000008   Code   RO         2430    .ARM.Collect$$$$0000000B  mc_w.l(entry9a.o)
    0x08000198   0x00000000   Code   RO         2432    .ARM.Collect$$$$0000000D  mc_w.l(entry10a.o)
    0x08000198   0x00000000   Code   RO         2434    .ARM.Collect$$$$0000000F  mc_w.l(entry11a.o)
    0x08000198   0x00000004   Code   RO         2423    .ARM.Collect$$$$00002712  mc_w.l(entry2.o)
    0x0800019c   0x00000024   Code   RO         2454    .text               mc_w.l(init.o)
    0x080001c0   0x0000000e   Code   RO         2458    i.__scatterload_copy  mc_w.l(handlers.o)
    0x080001ce   0x00000002   Code   RO         2459    i.__scatterload_null  mc_w.l(handlers.o)
    0x080001d0   0x0000000e   Code   RO         2460    i.__scatterload_zeroinit  mc_w.l(handlers.o)
    0x080001de   0x00000002   PAD
    0x080001e0   0x00000020   Data   RO         2456    Region$$Table       anon$$obj.o


    Execution Region RW_IRAM1 (Base: 0x20000000, Size: 0x00015428, Max: 0x00020000, ABSOLUTE, COMPRESSED[0x000000f0])

    Base Addr    Size         Type   Attr      Idx    E Section Name        Object

    0x20000000   0x00000014   Data   RW          268    .data               system_stm32f4xx.o
    0x20000014   0x00000024   Data   RW          303    .data               systemscope.o
    0x20000038   0x0000001d   Data   RW          331    .data               processscope.o
    0x20000055   0x0000000c   Data   RW          361    .data               protocol.o
    0x20000061   0x00000003   PAD
    0x20000064   0x0000021a   Data   RW          393    .data               interfacescope.o
    0x2000027e   0x00000014   Data   RW          421    .data               samplingport.o
    0x20000292   0x00000002   PAD
    0x20000294   0x00000010   Data   RW          475    .data               stm32f4x7_eth.o
    0x200002a4   0x00000010   Data   RW         1030    .data               stm32f4xx_rcc.o
    0x200002b4   0x00000020   Data   RW         1237    .data               scope_it.o
    0x200002d4   0x00000012   Data   RW         1316    .data               buffercircle.o
    0x200002e6   0x00000012   Data   RW         1339    .data               netbuffercircle.o
    0x200002f8   0x00000012   Data   RW         1362    .data               samplebuffercircle.o
    0x2000030a   0x0000000b   Data   RW         1412    .data               driver.o
    0x20000315   0x00000001   Data   RW         1528    .data               etharp.o
    0x20000316   0x00000002   PAD
    0x20000318   0x00000012   Data   RW         1643    .data               ip.o
    0x2000032a   0x00000002   PAD
    0x2000032c   0x00000006   Data   RW         1703    .data               ip_frag.o
    0x20000332   0x00000002   PAD
    0x20000334   0x00000004   Data   RW         1733    .data               dhcp.o
    0x20000338   0x0000000c   Data   RW         1791    .data               mem.o
    0x20000344   0x00000009   Data   RW         1833    .data               netif.o
    0x2000034d   0x00000003   PAD
    0x20000350   0x00000004   Data   RW         1867    .data               raw.o
    0x20000354   0x00000023   Data   RW         1895    .data               tcp.o
    0x20000377   0x00000001   PAD
    0x20000378   0x00000020   Data   RW         1918    .data               tcp_in.o
    0x20000398   0x00000008   Data   RW         1964    .data               udp.o
    0x200003a0   0x00000018   Data   RW         2047    .data               netconf.o
    0x200003b8   0x00000010   Data   RW         2072    .data               stm32f4x7_eth_bsp.o
    0x200003c8   0x00000018   Data   RW         2105    .data               udp_echoserver.o
    0x200003e0   0x00000004   Data   RW         2436    .data               mc_w.l(stdout.o)
    0x200003e4   0x00000092   Zero   RW          301    .bss                systemscope.o
    0x20000476   0x00000002   PAD
    0x20000478   0x00000820   Zero   RW          329    .bss                processscope.o
    0x20000c98   0x00000cb8   Zero   RW          360    .bss                protocol.o
    0x20001950   0x00000bb8   Zero   RW          391    .bss                interfacescope.o
    0x20002508   0x00000050   Zero   RW          420    .bss                samplingport.o
    0x20002558   0x0000001c   Zero   RW          447    .bss                storagemanagement.o
    0x20002574   0x0000614c   Zero   RW          474    .bss                stm32f4x7_eth.o
    0x200086c0   0x00000030   Zero   RW         1287    .bss                scope_move.o
    0x200086f0   0x000009c4   Zero   RW         1315    .bss                buffercircle.o
    0x200090b4   0x00000c80   Zero   RW         1338    .bss                netbuffercircle.o
    0x20009d34   0x000000c8   Zero   RW         1361    .bss                samplebuffercircle.o
    0x20009dfc   0x000000c8   Zero   RW         1526    .bss                etharp.o
    0x20009ec4   0x00000010   Zero   RW         1680    .bss                ip_addr.o
    0x20009ed4   0x00000032   Zero   RW         1732    .bss                dhcp.o
    0x20009f06   0x00002814   Zero   RW         1790    .bss                mem.o
    0x2000c71a   0x00000002   PAD
    0x2000c71c   0x00004c07   Zero   RW         1806    .bss                memp.o
    0x20011323   0x00000001   PAD
    0x20011324   0x00000010   Zero   RW         1917    .bss                tcp_in.o
    0x20011334   0x00000038   Zero   RW         2046    .bss                netconf.o
    0x2001136c   0x000000bc   Zero   RW         2071    .bss                stm32f4x7_eth_bsp.o
    0x20011428   0x00004000   Zero   RW          291    STACK               startup_stm32f40_41xxx.o



  Load Region LR_IROM2 (Base: 0x08008000, Size: 0x000227c8, Max: 0x0003ffff, ABSOLUTE)

    Execution Region ER_IROM2 (Base: 0x08008000, Size: 0x000227c8, Max: 0x0003ffff, ABSOLUTE)

    Base Addr    Size         Type   Attr      Idx    E Section Name        Object

    0x08008000   0x00000200   Code   RO            3    .text               scopemain.o
    0x08008200   0x000002cc   Code   RO          267    .text               system_stm32f4xx.o
    0x080084cc   0x00000024   Code   RO          294    .text               startup_stm32f40_41xxx.o
    0x080084f0   0x000001d4   Code   RO          300    .text               systemscope.o
    0x080086c4   0x00005414   Code   RO          328    .text               processscope.o
    0x0800dad8   0x0000049c   Code   RO          359    .text               protocol.o
    0x0800df74   0x000019f4   Code   RO          390    .text               interfacescope.o
    0x0800f968   0x00000364   Code   RO          419    .text               samplingport.o
    0x0800fccc   0x00000190   Code   RO          446    .text               storagemanagement.o
    0x0800fe5c   0x00001e30   Code   RO          473    .text               stm32f4x7_eth.o
    0x08011c8c   0x000001dc   Code   RO          497    .text               misc.o
    0x08011e68   0x00001070   Code   RO          537    .text               stm32f4xx_adc.o
    0x08012ed8   0x000005f8   Code   RO          677    .text               stm32f4xx_dac.o
    0x080134d0   0x000013a4   Code   RO          760    .text               stm32f4xx_dma.o
    0x08014874   0x000002f8   Code   RO          780    .text               stm32f4xx_exti.o
    0x08014b6c   0x00000a94   Code   RO          800    .text               stm32f4xx_flash.o
    0x08015600   0x00000e48   Code   RO          843    .text               stm32f4xx_fsmc.o
    0x08016448   0x00000a10   Code   RO          866    .text               stm32f4xx_gpio.o
    0x08016e58   0x00000f60   Code   RO         1029    .text               stm32f4xx_rcc.o
    0x08017db8   0x00000dd0   Code   RO         1134    .text               stm32f4xx_spi.o
    0x08018b88   0x0000019c   Code   RO         1154    .text               stm32f4xx_syscfg.o
    0x08018d24   0x00003284   Code   RO         1174    .text               stm32f4xx_tim.o
    0x0801bfa8   0x0000115c   Code   RO         1194    .text               stm32f4xx_usart.o
    0x0801d104   0x00000378   Code   RO         1214    .text               fpga.o
    0x0801d47c   0x00000274   Code   RO         1236    .text               scope_it.o
    0x0801d6f0   0x000004c4   Code   RO         1258    .text               scope_eval.o
    0x0801dbb4   0x000003ec   Code   RO         1286    .text               scope_move.o
    0x0801dfa0   0x000003b8   Code   RO         1314    .text               buffercircle.o
    0x0801e358   0x000003b8   Code   RO         1337    .text               netbuffercircle.o
    0x0801e710   0x0000038c   Code   RO         1360    .text               samplebuffercircle.o
    0x0801ea9c   0x00001edc   Code   RO         1409    .text               driver.o
    0x08020978   0x000006ec   Code   RO         1461    .text               ad7799.o
    0x08021064   0x00000290   Code   RO         1483    .text               ethernetif.o
    0x080212f4   0x0000092c   Code   RO         1525    .text               etharp.o
    0x08021c20   0x000001f0   Code   RO         1584    .text               icmp.o
    0x08021e10   0x00000222   Code   RO         1624    .text               inet_chksum.o
    0x08022032   0x00000002   PAD
    0x08022034   0x00000308   Code   RO         1642    .text               ip.o
    0x0802233c   0x000002b4   Code   RO         1679    .text               ip_addr.o
    0x080225f0   0x00000694   Code   RO         1702    .text               ip_frag.o
    0x08022c84   0x0000003e   Code   RO         1719    .text               def.o
    0x08022cc2   0x00000002   PAD
    0x08022cc4   0x000010cc   Code   RO         1731    .text               dhcp.o
    0x08023d90   0x0000033c   Code   RO         1789    .text               mem.o
    0x080240cc   0x000000a8   Code   RO         1805    .text               memp.o
    0x08024174   0x000002ac   Code   RO         1832    .text               netif.o
    0x08024420   0x0000073a   Code   RO         1854    .text               pbuf.o
    0x08024b5a   0x00000002   PAD
    0x08024b5c   0x000001b0   Code   RO         1866    .text               raw.o
    0x08024d0c   0x00000e18   Code   RO         1892    .text               tcp.o
    0x08025b24   0x000012ac   Code   RO         1916    .text               tcp_in.o
    0x08026dd0   0x00000c2e   Code   RO         1939    .text               tcp_out.o
    0x080279fe   0x00000002   Code   RO         1951    .text               timers.o
    0x08027a00   0x00000480   Code   RO         1963    .text               udp.o
    0x08027e80   0x00000170   Code   RO         2045    .text               netconf.o
    0x08027ff0   0x00000438   Code   RO         2070    .text               stm32f4x7_eth_bsp.o
    0x08028428   0x0000025c   Code   RO         2103    .text               udp_echoserver.o
    0x08028684   0x00000024   Code   RO         2135    .text               mc_w.l(memcpya.o)
    0x080286a8   0x00000024   Code   RO         2137    .text               mc_w.l(memseta.o)
    0x080286cc   0x00000018   Code   RO         2139    .text               mc_w.l(strncpy.o)
    0x080286e4   0x0000000e   Code   RO         2141    .text               mc_w.l(strlen.o)
    0x080286f2   0x0000001a   Code   RO         2143    .text               mc_w.l(memcmp.o)
    0x0802870c   0x0000014e   Code   RO         2408    .text               mf_w.l(dadd.o)
    0x0802885a   0x000000e4   Code   RO         2410    .text               mf_w.l(dmul.o)
    0x0802893e   0x0000001a   Code   RO         2412    .text               mf_w.l(dfltui.o)
    0x08028958   0x0000003e   Code   RO         2414    .text               mf_w.l(dfixi.o)
    0x08028996   0x00000032   Code   RO         2416    .text               mf_w.l(dfixui.o)
    0x080289c8   0x00000026   Code   RO         2418    .text               mf_w.l(f2d.o)
    0x080289ee   0x00000002   PAD
    0x080289f0   0x00000028   Code   RO         2420    .text               mf_w.l(cdrcmple.o)
    0x08028a18   0x0000002c   Code   RO         2437    .text               mc_w.l(uidiv.o)
    0x08028a44   0x00000062   Code   RO         2439    .text               mc_w.l(uldiv.o)
    0x08028aa6   0x0000001e   Code   RO         2441    .text               mc_w.l(llshl.o)
    0x08028ac4   0x00000020   Code   RO         2443    .text               mc_w.l(llushr.o)
    0x08028ae4   0x00000024   Code   RO         2445    .text               mc_w.l(llsshr.o)
    0x08028b08   0x00000000   Code   RO         2447    .text               mc_w.l(iusefp.o)
    0x08028b08   0x000000be   Code   RO         2448    .text               mf_w.l(depilogue.o)
    0x08028bc6   0x000000de   Code   RO         2450    .text               mf_w.l(ddiv.o)
    0x08028ca4   0x00000030   Code   RO         2452    .text               mf_w.l(dfixul.o)
    0x08028cd4   0x0000005c   Code   RO         2464    .text               mc_w.l(__dczerorl2.o)
    0x08028d30   0x00000020   Code   RO         2380    i.__0printf         mc_w.l(printfa.o)
    0x08028d50   0x00000028   Code   RO         2382    i.__0sprintf        mc_w.l(printfa.o)
    0x08028d78   0x0000015c   Code   RO         2387    i._fp_digits        mc_w.l(printfa.o)
    0x08028ed4   0x000006f0   Code   RO         2388    i._printf_core      mc_w.l(printfa.o)
    0x080295c4   0x00000026   Code   RO         2389    i._printf_post_padding  mc_w.l(printfa.o)
    0x080295ea   0x00000030   Code   RO         2390    i._printf_pre_padding  mc_w.l(printfa.o)
    0x0802961a   0x0000000a   Code   RO         2392    i._sputc            mc_w.l(printfa.o)
    0x08029624   0x000000c0   Data   RO          302    .constdata          systemscope.o
    0x080296e4   0x00000d9d   Data   RO          330    .constdata          processscope.o
    0x0802a481   0x00000003   PAD
    0x0802a484   0x00000098   Data   RO          392    .constdata          interfacescope.o
    0x0802a51c   0x0000001c   Data   RO          844    .constdata          stm32f4xx_fsmc.o
    0x0802a538   0x00000134   Data   RO         1259    .constdata          scope_eval.o
    0x0802a66c   0x00000010   Data   RO         1288    .constdata          scope_move.o
    0x0802a67c   0x00000010   Data   RO         1411    .constdata          driver.o
    0x0802a68c   0x0000000c   Data   RO         1527    .constdata          etharp.o
    0x0802a698   0x00000008   Data   RO         1681    .constdata          ip_addr.o
    0x0802a6a0   0x00000024   Data   RO         1807    .constdata          memp.o
    0x0802a6c4   0x00000050   Data   RO         1893    .constdata          tcp.o
    0x0802a714   0x0000004b   Data   RO         2104    .constdata          udp_echoserver.o
    0x0802a75f   0x00000068   Data   RO         1894    .conststring        tcp.o


==============================================================================

Image component sizes


      Code (inc. data)   RO Data    RW Data    ZI Data      Debug   Object Name

      1772         44          0          0          0       5245   ad7799.o
       952         16          0         18       2500       4406   buffercircle.o
        62          0          0          0          0       1174   def.o
      4300         80          0          4         50      12570   dhcp.o
      7900        904         16         11          0      26013   driver.o
      2348         22         12          1        200      15877   etharp.o
       656         36          0          0          0       7755   ethernetif.o
       888         18          0          0          0       2691   fpga.o
       496          8          0          0          0       3342   icmp.o
         0          0          0          0          0       3768   inet.o
       546          0          0          0          0       2897   inet_chksum.o
      6644        478        152        538       3000      45505   interfacescope.o
       776         30          0         18          0      15476   ip.o
       692         12          8          0         16       9151   ip_addr.o
      1684         18          0          6          0       6988   ip_frag.o
       828         18          0         12      10260       3822   mem.o
       168         18         36          0      19463       2322   memp.o
       476         56          0          0          0       1889   misc.o
       952         16          0         18       3200       4724   netbuffercircle.o
       368        142          0         24         56       1826   netconf.o
       684         20          0          9          0       6449   netif.o
      1850          0          0          0          0       8809   pbuf.o
     21524       4846       3485         29       2080      31005   processscope.o
      1180         58          0         12       3256       8251   protocol.o
       432         14          0          4          0       3237   raw.o
       908         16          0         18        200       4434   samplebuffercircle.o
       868         32          0         20         80       6209   samplingport.o
      1220        250        308          0          0      31230   scope_eval.o
       628         68          0         32          0       3292   scope_it.o
      1004         18         16          0         48       4431   scope_move.o
       512        246          0          0          0     419121   scopemain.o
        36          8        392          0      16384        796   startup_stm32f40_41xxx.o
      7728        216          0         16      24908      23289   stm32f4x7_eth.o
      1080        192          0         16        188       4669   stm32f4x7_eth_bsp.o
      4208        130          0          0          0      12554   stm32f4xx_adc.o
      1528         48          0          0          0       5381   stm32f4xx_dac.o
      5028        330          0          0          0       8513   stm32f4xx_dma.o
       760         50          0          0          0       2551   stm32f4xx_exti.o
      2708         82          0          0          0       9918   stm32f4xx_flash.o
      3656        130         28          0          0       7038   stm32f4xx_fsmc.o
      2576        178          0          0          0       5213   stm32f4xx_gpio.o
      3936        252          0         16          0      15056   stm32f4xx_rcc.o
      3536        168          0          0          0       8333   stm32f4xx_spi.o
       412         62          0          0          0       1961   stm32f4xx_syscfg.o
     12932        652          0          0          0      29104   stm32f4xx_tim.o
      4444        228          0          0          0       9852   stm32f4xx_usart.o
       400         46          0          0         28       3952   storagemanagement.o
       716         50          0         20          0       1968   system_stm32f4xx.o
       468         46        192         36        146       5689   systemscope.o
      3608        138        184         35          0      21203   tcp.o
      4780        232          0         32         16      14487   tcp_in.o
      3118          8          0          0          0       9307   tcp_out.o
         2          0          0          0          0        435   timers.o
      1152         22          0          8          0      13765   udp.o
       604        216         75         24          0       2237   udp_echoserver.o

    ----------------------------------------------------------------------
    132740      10968       4940        992      86084     921180   Object Totals
         0          0         32          0          0          0   (incl. Generated)
         6          0          4         15          5          0   (incl. Padding)

    ----------------------------------------------------------------------

      Code (inc. data)   RO Data    RW Data    ZI Data      Debug   Library Member Name

        92          0          0          0          0          0   __dczerorl2.o
         0          0          0          0          0          0   entry.o
         0          0          0          0          0          0   entry10a.o
         0          0          0          0          0          0   entry11a.o
         8          4          0          0          0          0   entry2.o
         4          0          0          0          0          0   entry5.o
         0          0          0          0          0          0   entry7b.o
         0          0          0          0          0          0   entry8b.o
         8          4          0          0          0          0   entry9a.o
        30          0          0          0          0          0   handlers.o
        36          8          0          0          0         68   init.o
         0          0          0          0          0          0   iusefp.o
        30          0          0          0          0         68   llshl.o
        36          0          0          0          0         68   llsshr.o
        32          0          0          0          0         68   llushr.o
        26          0          0          0          0         80   memcmp.o
        36          0          0          0          0         68   memcpya.o
        36          0          0          0          0        108   memseta.o
      2292         96          0          0          0        596   printfa.o
         0          0          0          4          0          0   stdout.o
        14          0          0          0          0         68   strlen.o
        24          0          0          0          0         76   strncpy.o
        44          0          0          0          0         80   uidiv.o
        98          0          0          0          0         92   uldiv.o
        40          2          0          0          0         68   cdrcmple.o
       334          0          0          0          0        148   dadd.o
       222          0          0          0          0        100   ddiv.o
       190          0          0          0          0        176   depilogue.o
        62          0          0          0          0         80   dfixi.o
        50          0          0          0          0         76   dfixui.o
        48          0          0          0          0         68   dfixul.o
        26          0          0          0          0         76   dfltui.o
       228          0          0          0          0         96   dmul.o
        38          0          0          0          0         68   f2d.o

    ----------------------------------------------------------------------
      4088        114          0          4          0       2396   Library Totals
         4          0          0          0          0          0   (incl. Padding)

    ----------------------------------------------------------------------

      Code (inc. data)   RO Data    RW Data    ZI Data      Debug   Library Name

      2846        112          0          4          0       1440   mc_w.l
      1238          2          0          0          0        956   mf_w.l

    ----------------------------------------------------------------------
      4088        114          0          4          0       2396   Library Totals

    ----------------------------------------------------------------------

==============================================================================


      Code (inc. data)   RO Data    RW Data    ZI Data      Debug   

    136828      11082       4940        996      86084     909876   Grand Totals
    136828      11082       4940        240      86084     909876   ELF Image Totals (compressed)
    136828      11082       4940        240          0          0   ROM Totals

==============================================================================

    Total RO  Size (Code + RO Data)               141768 ( 138.45kB)
    Total RW  Size (RW Data + ZI Data)             87080 (  85.04kB)
    Total ROM Size (Code + RO Data + RW Data)     142008 ( 138.68kB)

==============================================================================

