ARM Linker, 5.03 [Build 76] [MDK-ARM Professional]

==============================================================================

Section Cross References

    scopemain.o(.text) refers to memseta.o(.text) for __aeabi_memclr4
    scopemain.o(.text) refers to storagemanagement.o(.text) for Flash_Read_Param
    scopemain.o(.text) refers to printfa.o(i.__0printf) for __2printf
    scopemain.o(.text) refers to scope_eval.o(.text) for EVAL_OutputSet
    scopemain.o(.text) refers to scope_it.o(.text) for IT_SYS_DlyMs
    scopemain.o(.text) refers to protocol.o(.text) for PL_InitProtocol
    scopemain.o(.text) refers to samplingport.o(.text) for SPG_InitProtocol
    scopemain.o(.text) refers to stm32f4x7_eth_bsp.o(.text) for ETH_BSP_Config
    scopemain.o(.text) refers to netconf.o(.text) for LwIP_Init
    scopemain.o(.text) refers to udp_echoserver.o(.text) for udp_echoserver_init
    scopemain.o(.text) refers to systemscope.o(.text) for Iint_SysParam
    scopemain.o(.text) refers to interfacescope.o(.text) for HW_LWIP_MainLine
    scopemain.o(.text) refers to storagemanagement.o(.bss) for g_Record_Param
    scopemain.o(.text) refers to stm32f4x7_eth_bsp.o(.data) for EthStatus
    scopemain.o(.text) refers to processscope.o(.constdata) for softver_edtion
    scopemain.o(.text) refers to processscope.o(.data) for g_AirLight_Flag
    system_stm32f4xx.o(.text) refers to stm32f4xx_rcc.o(.text) for RCC_DeInit
    system_stm32f4xx.o(.text) refers to system_stm32f4xx.o(.data) for SystemCoreClock
    startup_stm32f40_41xxx.o(RESET) refers to startup_stm32f40_41xxx.o(STACK) for __initial_sp
    startup_stm32f40_41xxx.o(RESET) refers to startup_stm32f40_41xxx.o(.text) for Reset_Handler
    startup_stm32f40_41xxx.o(RESET) refers to scope_it.o(.text) for SysTick_Handler
    startup_stm32f40_41xxx.o(RESET) refers to driver.o(.text) for EXTI9_5_IRQHandler
    startup_stm32f40_41xxx.o(.text) refers to system_stm32f4xx.o(.text) for SystemInit
    startup_stm32f40_41xxx.o(.text) refers to entry.o(.ARM.Collect$$$$00000000) for __main
    systemscope.o(.text) refers to memseta.o(.text) for __aeabi_memclr4
    systemscope.o(.text) refers to processscope.o(.bss) for g_CRP_Data
    systemscope.o(.text) refers to systemscope.o(.data) for g_nError
    systemscope.o(.text) refers to systemscope.o(.bss) for g_tAxisPosStatus
    systemscope.o(.text) refers to systemscope.o(.constdata) for m_nConstBitsMap
    processscope.o(.text) refers to scope_it.o(.text) for IT_LIST_GetTicks
    processscope.o(.text) refers to protocol.o(.text) for PL_NET_SendResult
    processscope.o(.text) refers to processscope.o(.data) for g_Udp_Count
    processscope.o(.text) refers to printfa.o(i.__0printf) for __2printf
    processscope.o(.text) refers to interfacescope.o(.text) for HW_LWIP_Working_Recv_Handle
    processscope.o(.text) refers to netconf.o(.text) for LwIP_Periodic_Handle
    processscope.o(.text) refers to systemscope.o(.bss) for g_tAxisPosStatus
    processscope.o(.text) refers to processscope.o(.constdata) for .constdata
    processscope.o(.text) refers to storagemanagement.o(.bss) for g_Record_Param
    processscope.o(.text) refers to storagemanagement.o(.text) for Flash_Write_Param
    processscope.o(.text) refers to memseta.o(.text) for __aeabi_memclr4
    processscope.o(.text) refers to processscope.o(.bss) for g_CRP_Data
    processscope.o(.text) refers to driver.o(.text) for Beep
    processscope.o(.text) refers to f2d.o(.text) for __aeabi_f2d
    processscope.o(.text) refers to stm32f4xx_adc.o(.text) for ADC_DMACmd
    processscope.o(.text) refers to stm32f4xx_dma.o(.text) for DMA_Cmd
    processscope.o(.text) refers to printfa.o(i.__0sprintf) for __2sprintf
    processscope.o(.text) refers to udp_echoserver.o(.text) for udp_echoserver_senddata
    processscope.o(.text) refers to protocol.o(.bss) for g_achFbkSdLogBuf
    processscope.o(.text) refers to systemscope.o(.text) for SYS_HasError
    processscope.o(.text) refers to strncpy.o(.text) for strncpy
    protocol.o(.text) refers to buffercircle.o(.text) for BUF_Send_Init
    protocol.o(.text) refers to netbuffercircle.o(.text) for NET_BUF_Send_Init
    protocol.o(.text) refers to stm32f4xx_usart.o(.text) for USART_ITConfig
    protocol.o(.text) refers to udp_echoserver.o(.text) for udp_echoserver_senddata
    protocol.o(.text) refers to memcpya.o(.text) for __aeabi_memcpy
    protocol.o(.text) refers to strlen.o(.text) for strlen
    protocol.o(.text) refers to protocol.o(.data) for m_NET_tRecvBufStatus
    protocol.o(.text) refers to protocol.o(.bss) for g_NET_achCmdRvBuf
    interfacescope.o(.text) refers to scope_move.o(.text) for MV_InitPara
    interfacescope.o(.text) refers to fpga.o(.text) for FPGA_ReadBuffer
    interfacescope.o(.text) refers to processscope.o(.text) for moto_work_stat_2
    interfacescope.o(.text) refers to scope_it.o(.text) for IT_SYS_DlyMs
    interfacescope.o(.text) refers to printfa.o(i.__0printf) for __2printf
[...]
    FLASH_OB_WRP1Config                      0x0801547b   Thumb Code    96  stm32f4xx_flash.o(.text)
    FLASH_OB_PCROPSelectionConfig            0x080154db   Thumb Code    48  stm32f4xx_flash.o(.text)
    FLASH_OB_PCROPConfig                     0x0801550b   Thumb Code    96  stm32f4xx_flash.o(.text)
    FLASH_OB_PCROP1Config                    0x0801556b   Thumb Code   118  stm32f4xx_flash.o(.text)
    FLASH_OB_RDPConfig                       0x080155e1   Thumb Code    44  stm32f4xx_flash.o(.text)
    FLASH_OB_UserConfig                      0x0801560d   Thumb Code   116  stm32f4xx_flash.o(.text)
    FLASH_OB_BootConfig                      0x08015681   Thumb Code    50  stm32f4xx_flash.o(.text)
    FLASH_OB_BORConfig                       0x080156b3   Thumb Code    58  stm32f4xx_flash.o(.text)
    FLASH_OB_Launch                          0x080156ed   Thumb Code    30  stm32f4xx_flash.o(.text)
    FLASH_OB_GetUser                         0x0801570b   Thumb Code    12  stm32f4xx_flash.o(.text)
    FLASH_OB_GetWRP                          0x08015717   Thumb Code     8  stm32f4xx_flash.o(.text)
    FLASH_OB_GetWRP1                         0x0801571f   Thumb Code     8  stm32f4xx_flash.o(.text)
    FLASH_OB_GetPCROP                        0x08015727   Thumb Code     8  stm32f4xx_flash.o(.text)
    FLASH_OB_GetPCROP1                       0x0801572f   Thumb Code     8  stm32f4xx_flash.o(.text)
    FLASH_OB_GetRDP                          0x08015737   Thumb Code    18  stm32f4xx_flash.o(.text)
    FLASH_OB_GetBOR                          0x08015749   Thumb Code    12  stm32f4xx_flash.o(.text)
    FLASH_ITConfig                           0x08015755   Thumb Code    82  stm32f4xx_flash.o(.text)
    FLASH_GetFlagStatus                      0x080157a7   Thumb Code    76  stm32f4xx_flash.o(.text)
    FLASH_ClearFlag                          0x080157f3   Thumb Code    38  stm32f4xx_flash.o(.text)
    FSMC_NORSRAMDeInit                       0x0801581d   Thumb Code    84  stm32f4xx_fsmc.o(.text)
    FSMC_NORSRAMInit                         0x08015871   Thumb Code   870  stm32f4xx_fsmc.o(.text)
    FSMC_NORSRAMStructInit                   0x08015bd7   Thumb Code    48  stm32f4xx_fsmc.o(.text)
    FSMC_NORSRAMCmd                          0x08015c07   Thumb Code   152  stm32f4xx_fsmc.o(.text)
    FSMC_NANDDeInit                          0x08015c9f   Thumb Code    90  stm32f4xx_fsmc.o(.text)
    FSMC_NANDInit                            0x08015cf9   Thumb Code   594  stm32f4xx_fsmc.o(.text)
    FSMC_NANDStructInit                      0x08015f4b   Thumb Code    54  stm32f4xx_fsmc.o(.text)
    FSMC_NANDCmd                             0x08015f81   Thumb Code   136  stm32f4xx_fsmc.o(.text)
    FSMC_NANDECCCmd                          0x08016009   Thumb Code   160  stm32f4xx_fsmc.o(.text)
    FSMC_GetECC                              0x080160a9   Thumb Code    22  stm32f4xx_fsmc.o(.text)
    FSMC_PCCARDDeInit                        0x080160bf   Thumb Code    40  stm32f4xx_fsmc.o(.text)
    FSMC_PCCARDInit                          0x080160e7   Thumb Code   532  stm32f4xx_fsmc.o(.text)
    FSMC_PCCARDStructInit                    0x080162fb   Thumb Code    60  stm32f4xx_fsmc.o(.text)
    FSMC_PCCARDCmd                           0x08016337   Thumb Code    64  stm32f4xx_fsmc.o(.text)
    FSMC_ITConfig                            0x08016377   Thumb Code   206  stm32f4xx_fsmc.o(.text)
    FSMC_GetFlagStatus                       0x08016445   Thumb Code   160  stm32f4xx_fsmc.o(.text)
    FSMC_ClearFlag                           0x080164e5   Thumb Code   120  stm32f4xx_fsmc.o(.text)
    FSMC_GetITStatus                         0x0801655d   Thumb Code   132  stm32f4xx_fsmc.o(.text)
    FSMC_ClearITPendingBit                   0x080165e1   Thumb Code   122  stm32f4xx_fsmc.o(.text)
    GPIO_DeInit                              0x08016665   Thumb Code   344  stm32f4xx_gpio.o(.text)
    GPIO_Init                                0x080167bd   Thumb Code   354  stm32f4xx_gpio.o(.text)
    GPIO_StructInit                          0x0801691f   Thumb Code    18  stm32f4xx_gpio.o(.text)
    GPIO_PinLockConfig                       0x08016931   Thumb Code   134  stm32f4xx_gpio.o(.text)
    GPIO_ReadInputDataBit                    0x080169b7   Thumb Code   282  stm32f4xx_gpio.o(.text)
    GPIO_ReadInputData                       0x08016ad1   Thumb Code    90  stm32f4xx_gpio.o(.text)
    GPIO_ReadOutputDataBit                   0x08016b2b   Thumb Code   198  stm32f4xx_gpio.o(.text)
    GPIO_ReadOutputData                      0x08016bf1   Thumb Code    90  stm32f4xx_gpio.o(.text)
    GPIO_SetBits                             0x08016c4b   Thumb Code   110  stm32f4xx_gpio.o(.text)
    GPIO_ResetBits                           0x08016cb9   Thumb Code   110  stm32f4xx_gpio.o(.text)
    GPIO_WriteBit                            0x08016d27   Thumb Code   212  stm32f4xx_gpio.o(.text)
    GPIO_Write                               0x08016dfb   Thumb Code    90  stm32f4xx_gpio.o(.text)
    GPIO_ToggleBits                          0x08016e55   Thumb Code   140  stm32f4xx_gpio.o(.text)
    GPIO_PinAFConfig                         0x08016ee1   Thumb Code   358  stm32f4xx_gpio.o(.text)
    RCC_DeInit                               0x08017075   Thumb Code    82  stm32f4xx_rcc.o(.text)
    RCC_HSEConfig                            0x080170c7   Thumb Code    40  stm32f4xx_rcc.o(.text)
    RCC_GetFlagStatus                        0x080170ef   Thumb Code   134  stm32f4xx_rcc.o(.text)
    RCC_WaitForHSEStartUp                    0x08017175   Thumb Code    56  stm32f4xx_rcc.o(.text)
    RCC_AdjustHSICalibrationValue            0x080171ad   Thumb Code    38  stm32f4xx_rcc.o(.text)
    RCC_HSICmd                               0x080171d3   Thumb Code    28  stm32f4xx_rcc.o(.text)
    RCC_LSEConfig                            0x080171ef   Thumb Code    72  stm32f4xx_rcc.o(.text)
    RCC_LSICmd                               0x08017237   Thumb Code    28  stm32f4xx_rcc.o(.text)
    RCC_PLLConfig                            0x08017253   Thumb Code   156  stm32f4xx_rcc.o(.text)
    RCC_PLLCmd                               0x080172ef   Thumb Code    28  stm32f4xx_rcc.o(.text)
    RCC_PLLI2SConfig                         0x0801730b   Thumb Code    62  stm32f4xx_rcc.o(.text)
    RCC_PLLI2SCmd                            0x08017349   Thumb Code    28  stm32f4xx_rcc.o(.text)
    RCC_PLLSAIConfig                         0x08017365   Thumb Code    88  stm32f4xx_rcc.o(.text)
    RCC_PLLSAICmd                            0x080173bd   Thumb Code    28  stm32f4xx_rcc.o(.text)
    RCC_ClockSecuritySystemCmd               0x080173d9   Thumb Code    28  stm32f4xx_rcc.o(.text)
    RCC_MCO1Config                           0x080173f5   Thumb Code   168  stm32f4xx_rcc.o(.text)
    RCC_MCO2Config                           0x0801749d   Thumb Code   102  stm32f4xx_rcc.o(.text)
    RCC_SYSCLKConfig                         0x08017503   Thumb Code    44  stm32f4xx_rcc.o(.text)
    RCC_GetSYSCLKSource                      0x0801752f   Thumb Code    10  stm32f4xx_rcc.o(.text)
    RCC_HCLKConfig                           0x08017539   Thumb Code    68  stm32f4xx_rcc.o(.text)
    RCC_PCLK1Config                          0x0801757d   Thumb Code    60  stm32f4xx_rcc.o(.text)
    RCC_PCLK2Config                          0x080175b9   Thumb Code    62  stm32f4xx_rcc.o(.text)
    RCC_GetClocksFreq                        0x080175f7   Thumb Code   214  stm32f4xx_rcc.o(.text)
    RCC_RTCCLKConfig                         0x080176cd   Thumb Code   262  stm32f4xx_rcc.o(.text)
    RCC_RTCCLKCmd                            0x080177d3   Thumb Code    30  stm32f4xx_rcc.o(.text)
    RCC_BackupResetCmd                       0x080177f1   Thumb Code    32  stm32f4xx_rcc.o(.text)
    RCC_I2SCLKConfig                         0x08017811   Thumb Code    30  stm32f4xx_rcc.o(.text)
    RCC_SAIBlockACLKConfig                   0x0801782f   Thumb Code    50  stm32f4xx_rcc.o(.text)
    RCC_SAIBlockBCLKConfig                   0x08017861   Thumb Code    50  stm32f4xx_rcc.o(.text)
    RCC_SAIPLLI2SClkDivConfig                0x08017893   Thumb Code    50  stm32f4xx_rcc.o(.text)
    RCC_SAIPLLSAIClkDivConfig                0x080178c5   Thumb Code   196  stm32f4xx_rcc.o(.text)
    RCC_LTDCCLKDivConfig                     0x08017989   Thumb Code    54  stm32f4xx_rcc.o(.text)
    RCC_TIMCLKPresConfig                     0x080179bf   Thumb Code    30  stm32f4xx_rcc.o(.text)
    RCC_AHB1PeriphClockCmd                   0x080179dd   Thumb Code    82  stm32f4xx_rcc.o(.text)
    RCC_AHB2PeriphClockCmd                   0x08017a2f   Thumb Code    82  stm32f4xx_rcc.o(.text)
    RCC_AHB3PeriphClockCmd                   0x08017a81   Thumb Code    82  stm32f4xx_rcc.o(.text)
    RCC_APB1PeriphClockCmd                   0x08017ad3   Thumb Code    82  stm32f4xx_rcc.o(.text)
    RCC_APB2PeriphClockCmd                   0x08017b25   Thumb Code    82  stm32f4xx_rcc.o(.text)
    RCC_AHB1PeriphResetCmd                   0x08017b77   Thumb Code    82  stm32f4xx_rcc.o(.text)
    RCC_AHB2PeriphResetCmd                   0x08017bc9   Thumb Code    82  stm32f4xx_rcc.o(.text)
    RCC_AHB3PeriphResetCmd                   0x08017c1b   Thumb Code    82  stm32f4xx_rcc.o(.text)
    RCC_APB1PeriphResetCmd                   0x08017c6d   Thumb Code    82  stm32f4xx_rcc.o(.text)
    RCC_APB2PeriphResetCmd                   0x08017cbf   Thumb Code    82  stm32f4xx_rcc.o(.text)
    RCC_AHB1PeriphClockLPModeCmd             0x08017d11   Thumb Code   108  stm32f4xx_rcc.o(.text)
    RCC_AHB2PeriphClockLPModeCmd             0x08017d7d   Thumb Code    82  stm32f4xx_rcc.o(.text)
    RCC_AHB3PeriphClockLPModeCmd             0x08017dcf   Thumb Code    82  stm32f4xx_rcc.o(.text)
    RCC_APB1PeriphClockLPModeCmd             0x08017e21   Thumb Code    82  stm32f4xx_rcc.o(.text)
    RCC_APB2PeriphClockLPModeCmd             0x08017e73   Thumb Code    82  stm32f4xx_rcc.o(.text)
    RCC_LSEModeConfig                        0x08017ec5   Thumb Code    64  stm32f4xx_rcc.o(.text)
    RCC_ITConfig                             0x08017f05   Thumb Code    82  stm32f4xx_rcc.o(.text)
    RCC_ClearFlag                            0x08017f57   Thumb Code    18  stm32f4xx_rcc.o(.text)
    RCC_GetITStatus                          0x08017f69   Thumb Code    72  stm32f4xx_rcc.o(.text)
    RCC_ClearITPendingBit                    0x08017fb1   Thumb Code    28  stm32f4xx_rcc.o(.text)
    SPI_I2S_DeInit                           0x08017fd5   Thumb Code   198  stm32f4xx_spi.o(.text)
    SPI_Init                                 0x0801809b   Thumb Code   366  stm32f4xx_spi.o(.text)
    I2S_Init                                 0x08018209   Thumb Code   624  stm32f4xx_spi.o(.text)
    SPI_StructInit                           0x08018479   Thumb Code    24  stm32f4xx_spi.o(.text)
    I2S_StructInit                           0x08018491   Thumb Code    20  stm32f4xx_spi.o(.text)
    SPI_Cmd                                  0x080184a5   Thumb Code   100  stm32f4xx_spi.o(.text)
    I2S_Cmd                                  0x08018509   Thumb Code    88  stm32f4xx_spi.o(.text)
    SPI_DataSizeConfig                       0x08018561   Thumb Code    96  stm32f4xx_spi.o(.text)
    SPI_BiDirectionalLineConfig              0x080185c1   Thumb Code   112  stm32f4xx_spi.o(.text)
    SPI_NSSInternalSoftwareConfig            0x08018631   Thumb Code   114  stm32f4xx_spi.o(.text)
    SPI_SSOutputCmd                          0x080186a3   Thumb Code   100  stm32f4xx_spi.o(.text)
    SPI_TIModeCmd                            0x08018707   Thumb Code   100  stm32f4xx_spi.o(.text)
    I2S_FullDuplexConfig                     0x0801876b   Thumb Code   258  stm32f4xx_spi.o(.text)
    SPI_I2S_ReceiveData                      0x0801886d   Thumb Code   100  stm32f4xx_spi.o(.text)
    SPI_I2S_SendData                         0x080188d1   Thumb Code    72  stm32f4xx_spi.o(.text)
    SPI_CalculateCRC                         0x08018919   Thumb Code   100  stm32f4xx_spi.o(.text)
    SPI_TransmitCRC                          0x0801897d   Thumb Code    64  stm32f4xx_spi.o(.text)
    SPI_GetCRC                               0x080189bd   Thumb Code    92  stm32f4xx_spi.o(.text)
    SPI_GetCRCPolynomial                     0x08018a19   Thumb Code    58  stm32f4xx_spi.o(.text)
    SPI_I2S_DMACmd                           0x08018a53   Thumb Code   132  stm32f4xx_spi.o(.text)
    SPI_I2S_ITConfig                         0x08018ad7   Thumb Code   156  stm32f4xx_spi.o(.text)
    SPI_I2S_GetFlagStatus                    0x08018b73   Thumb Code   138  stm32f4xx_spi.o(.text)
    SPI_I2S_ClearFlag                        0x08018bfd   Thumb Code    92  stm32f4xx_spi.o(.text)
    SPI_I2S_GetITStatus                      0x08018c59   Thumb Code   200  stm32f4xx_spi.o(.text)
    SPI_I2S_ClearITPendingBit                0x08018d21   Thumb Code   104  stm32f4xx_spi.o(.text)
    SYSCFG_DeInit                            0x08018da5   Thumb Code    22  stm32f4xx_syscfg.o(.text)
    SYSCFG_MemoryRemapConfig                 0x08018dbb   Thumb Code    34  stm32f4xx_syscfg.o(.text)
    SYSCFG_MemorySwappingBank                0x08018ddd   Thumb Code    26  stm32f4xx_syscfg.o(.text)
    SYSCFG_EXTILineConfig                    0x08018df7   Thumb Code   194  stm32f4xx_syscfg.o(.text)
    SYSCFG_ETH_MediaInterfaceConfig          0x08018eb9   Thumb Code    26  stm32f4xx_syscfg.o(.text)
    SYSCFG_CompensationCellCmd               0x08018ed3   Thumb Code    26  stm32f4xx_syscfg.o(.text)
    SYSCFG_GetCompensationCellStatus         0x08018eed   Thumb Code    22  stm32f4xx_syscfg.o(.text)
    TIM_DeInit                               0x08018f41   Thumb Code   440  stm32f4xx_tim.o(.text)
    TIM_TimeBaseInit                         0x080190f9   Thumb Code   278  stm32f4xx_tim.o(.text)
    TIM_TimeBaseStructInit                   0x0801920f   Thumb Code    18  stm32f4xx_tim.o(.text)
    TIM_PrescalerConfig                      0x08019221   Thumb Code   128  stm32f4xx_tim.o(.text)
    TIM_CounterModeConfig                    0x080192a1   Thumb Code   100  stm32f4xx_tim.o(.text)
    TIM_SetCounter                           0x08019305   Thumb Code   202  stm32f4xx_tim.o(.text)
    TIM_SetAutoreload                        0x080193cf   Thumb Code   108  stm32f4xx_tim.o(.text)
    TIM_GetCounter                           0x0801943b   Thumb Code   106  stm32f4xx_tim.o(.text)
    TIM_GetPrescaler                         0x080194a5   Thumb Code   106  stm32f4xx_tim.o(.text)
    TIM_UpdateDisableConfig                  0x0801950f   Thumb Code   148  stm32f4xx_tim.o(.text)
    TIM_UpdateRequestConfig                  0x080195a3   Thumb Code   148  stm32f4xx_tim.o(.text)
    TIM_ARRPreloadConfig                     0x08019637   Thumb Code   148  stm32f4xx_tim.o(.text)
    TIM_SelectOnePulseMode                   0x080196cb   Thumb Code   142  stm32f4xx_tim.o(.text)
    TIM_SetClockDivision                     0x08019759   Thumb Code   192  stm32f4xx_tim.o(.text)
    TIM_Cmd                                  0x08019819   Thumb Code   148  stm32f4xx_tim.o(.text)
    TIM_OC1Init                              0x080198ad   Thumb Code   416  stm32f4xx_tim.o(.text)
    TIM_OC2Init                              0x08019a4d   Thumb Code   486  stm32f4xx_tim.o(.text)
    TIM_OC3Init                              0x08019c33   Thumb Code   416  stm32f4xx_tim.o(.text)
    TIM_OC4Init                              0x08019dd3   Thumb Code   300  stm32f4xx_tim.o(.text)
    TIM_OCStructInit                         0x08019eff   Thumb Code    20  stm32f4xx_tim.o(.text)
    TIM_SelectOCxM                           0x08019f13   Thumb Code   256  stm32f4xx_tim.o(.text)
    TIM_SetCompare1                          0x0801a013   Thumb Code   142  stm32f4xx_tim.o(.text)
    TIM_SetCompare2                          0x0801a0a1   Thumb Code    72  stm32f4xx_tim.o(.text)
    TIM_SetCompare3                          0x0801a0e9   Thumb Code    60  stm32f4xx_tim.o(.text)
    TIM_SetCompare4                          0x0801a125   Thumb Code    60  stm32f4xx_tim.o(.text)
    TIM_ForcedOC1Config                      0x0801a161   Thumb Code   130  stm32f4xx_tim.o(.text)
    TIM_ForcedOC2Config                      0x0801a1e3   Thumb Code   114  stm32f4xx_tim.o(.text)
    TIM_ForcedOC3Config                      0x0801a255   Thumb Code    94  stm32f4xx_tim.o(.text)
    TIM_ForcedOC4Config                      0x0801a2b3   Thumb Code   102  stm32f4xx_tim.o(.text)
    TIM_OC1PreloadConfig                     0x0801a319   Thumb Code   126  stm32f4xx_tim.o(.text)
    TIM_OC2PreloadConfig                     0x0801a397   Thumb Code   108  stm32f4xx_tim.o(.text)
    TIM_OC3PreloadConfig                     0x0801a403   Thumb Code   138  stm32f4xx_tim.o(.text)
    TIM_OC4PreloadConfig                     0x0801a48d   Thumb Code    96  stm32f4xx_tim.o(.text)
    TIM_OC1FastConfig                        0x0801a4ed   Thumb Code   124  stm32f4xx_tim.o(.text)
    TIM_OC2FastConfig                        0x0801a569   Thumb Code   108  stm32f4xx_tim.o(.text)
    TIM_OC3FastConfig                        0x0801a5d5   Thumb Code    88  stm32f4xx_tim.o(.text)
    TIM_OC4FastConfig                        0x0801a62d   Thumb Code    96  stm32f4xx_tim.o(.text)
    TIM_ClearOC1Ref                          0x0801a68d   Thumb Code   124  stm32f4xx_tim.o(.text)
    TIM_ClearOC2Ref                          0x0801a709   Thumb Code   106  stm32f4xx_tim.o(.text)
    TIM_ClearOC3Ref                          0x0801a773   Thumb Code    88  stm32f4xx_tim.o(.text)
    TIM_ClearOC4Ref                          0x0801a7cb   Thumb Code    94  stm32f4xx_tim.o(.text)
    TIM_OC1PolarityConfig                    0x0801a829   Thumb Code   174  stm32f4xx_tim.o(.text)
    TIM_OC1NPolarityConfig                   0x0801a8d7   Thumb Code    64  stm32f4xx_tim.o(.text)
    TIM_OC2PolarityConfig                    0x0801a917   Thumb Code   108  stm32f4xx_tim.o(.text)
    TIM_OC2NPolarityConfig                   0x0801a983   Thumb Code    72  stm32f4xx_tim.o(.text)
    TIM_OC3PolarityConfig                    0x0801a9cb   Thumb Code    96  stm32f4xx_tim.o(.text)
    TIM_OC3NPolarityConfig                   0x0801aa2b   Thumb Code    72  stm32f4xx_tim.o(.text)
    TIM_OC4PolarityConfig                    0x0801aa73   Thumb Code    96  stm32f4xx_tim.o(.text)
    TIM_CCxCmd                               0x0801aad3   Thumb Code   168  stm32f4xx_tim.o(.text)
    TIM_CCxNCmd                              0x0801ab7b   Thumb Code   104  stm32f4xx_tim.o(.text)
    TIM_SetIC4Prescaler                      0x0801abe3   Thumb Code   106  stm32f4xx_tim.o(.text)
    TIM_SetIC3Prescaler                      0x0801accd   Thumb Code    98  stm32f4xx_tim.o(.text)
    TIM_SetIC2Prescaler                      0x0801ad77   Thumb Code   118  stm32f4xx_tim.o(.text)
    TIM_SetIC1Prescaler                      0x0801ae3d   Thumb Code   134  stm32f4xx_tim.o(.text)
    TIM_ICInit                               0x0801aefd   Thumb Code   508  stm32f4xx_tim.o(.text)
    TIM_ICStructInit                         0x0801b0f9   Thumb Code    18  stm32f4xx_tim.o(.text)
    TIM_PWMIConfig                           0x0801b10b   Thumb Code   184  stm32f4xx_tim.o(.text)
    TIM_GetCapture1                          0x0801b1c3   Thumb Code    92  stm32f4xx_tim.o(.text)
    TIM_GetCapture2                          0x0801b21f   Thumb Code    68  stm32f4xx_tim.o(.text)
    TIM_GetCapture3                          0x0801b263   Thumb Code    56  stm32f4xx_tim.o(.text)
    TIM_GetCapture4                          0x0801b29b   Thumb Code    56  stm32f4xx_tim.o(.text)
    TIM_BDTRConfig                           0x0801b2d3   Thumb Code   222  stm32f4xx_tim.o(.text)
    TIM_BDTRStructInit                       0x0801b3b1   Thumb Code    18  stm32f4xx_tim.o(.text)
    TIM_CtrlPWMOutputs                       0x0801b3c3   Thumb Code    78  stm32f4xx_tim.o(.text)
    TIM_SelectCOM                            0x0801b411   Thumb Code    72  stm32f4xx_tim.o(.text)
    TIM_CCPreloadControl                     0x0801b459   Thumb Code    72  stm32f4xx_tim.o(.text)
    TIM_ITConfig                             0x0801b4a1   Thumb Code   218  stm32f4xx_tim.o(.text)
    TIM_GenerateEvent                        0x0801b57b   Thumb Code   126  stm32f4xx_tim.o(.text)
    TIM_GetFlagStatus                        0x0801b5f9   Thumb Code   188  stm32f4xx_tim.o(.text)
    TIM_ClearFlag                            0x0801b6b5   Thumb Code   108  stm32f4xx_tim.o(.text)
    TIM_GetITStatus                          0x0801b721   Thumb Code   186  stm32f4xx_tim.o(.text)
    TIM_ClearITPendingBit                    0x0801b7db   Thumb Code   108  stm32f4xx_tim.o(.text)
    TIM_DMAConfig                            0x0801b847   Thumb Code   334  stm32f4xx_tim.o(.text)
    TIM_DMACmd                               0x0801b995   Thumb Code   126  stm32f4xx_tim.o(.text)
    TIM_SelectCCDMA                          0x0801ba13   Thumb Code    96  stm32f4xx_tim.o(.text)
    TIM_InternalClockConfig                  0x0801ba73   Thumb Code    76  stm32f4xx_tim.o(.text)
    TIM_SelectInputTrigger                   0x0801babf   Thumb Code   148  stm32f4xx_tim.o(.text)
    TIM_ITRxExternalClockConfig              0x0801bb53   Thumb Code   110  stm32f4xx_tim.o(.text)
    TIM_TIxExternalClockConfig               0x0801bbc1   Thumb Code   184  stm32f4xx_tim.o(.text)
    TIM_ETRConfig                            0x0801bc79   Thumb Code   164  stm32f4xx_tim.o(.text)
    TIM_ETRClockMode1Config                  0x0801bd1d   Thumb Code   228  stm32f4xx_tim.o(.text)
    TIM_ETRClockMode2Config                  0x0801be01   Thumb Code   152  stm32f4xx_tim.o(.text)
    TIM_SelectOutputTrigger                  0x0801be99   Thumb Code   126  stm32f4xx_tim.o(.text)
    TIM_SelectSlaveMode                      0x0801bf17   Thumb Code   112  stm32f4xx_tim.o(.text)
    TIM_SelectMasterSlaveMode                0x0801bf87   Thumb Code   102  stm32f4xx_tim.o(.text)
    TIM_EncoderInterfaceConfig               0x0801bfed   Thumb Code   226  stm32f4xx_tim.o(.text)
    TIM_SelectHallSensor                     0x0801c0cf   Thumb Code   108  stm32f4xx_tim.o(.text)
    TIM_RemapConfig                          0x0801c13b   Thumb Code   138  stm32f4xx_tim.o(.text)
    USART_DeInit                             0x0801c1c5   Thumb Code   276  stm32f4xx_usart.o(.text)
    USART_Init                               0x0801c2d9   Thumb Code   492  stm32f4xx_usart.o(.text)
    USART_StructInit                         0x0801c4c5   Thumb Code    24  stm32f4xx_usart.o(.text)
    USART_ClockInit                          0x0801c4dd   Thumb Code   166  stm32f4xx_usart.o(.text)
    USART_ClockStructInit                    0x0801c583   Thumb Code    12  stm32f4xx_usart.o(.text)
    USART_Cmd                                0x0801c58f   Thumb Code   214  stm32f4xx_usart.o(.text)
    USART_SetPrescaler                       0x0801c665   Thumb Code    96  stm32f4xx_usart.o(.text)
    USART_OverSampling8Cmd                   0x0801c6c5   Thumb Code   122  stm32f4xx_usart.o(.text)
    USART_OneBitMethodCmd                    0x0801c73f   Thumb Code   124  stm32f4xx_usart.o(.text)
    USART_SendData                           0x0801c7bb   Thumb Code   108  stm32f4xx_usart.o(.text)
    USART_ReceiveData                        0x0801c827   Thumb Code    86  stm32f4xx_usart.o(.text)
    USART_SetAddress                         0x0801c87d   Thumb Code   116  stm32f4xx_usart.o(.text)
    USART_ReceiverWakeUpCmd                  0x0801c8f1   Thumb Code   124  stm32f4xx_usart.o(.text)
    USART_WakeUpConfig                       0x0801c96d   Thumb Code   120  stm32f4xx_usart.o(.text)
    USART_LINBreakDetectLengthConfig         0x0801c9e5   Thumb Code   160  stm32f4xx_usart.o(.text)
    USART_LINCmd                             0x0801ca85   Thumb Code   124  stm32f4xx_usart.o(.text)
    USART_SendBreak                          0x0801cb01   Thumb Code    88  stm32f4xx_usart.o(.text)
    USART_HalfDuplexCmd                      0x0801cb59   Thumb Code   124  stm32f4xx_usart.o(.text)
    USART_SetGuardTime                       0x0801cbd5   Thumb Code    60  stm32f4xx_usart.o(.text)
    USART_SmartCardCmd                       0x0801cc11   Thumb Code    88  stm32f4xx_usart.o(.text)
    USART_SmartCardNACKCmd                   0x0801cc69   Thumb Code    88  stm32f4xx_usart.o(.text)
    USART_IrDAConfig                         0x0801ccc1   Thumb Code   118  stm32f4xx_usart.o(.text)
    USART_IrDACmd                            0x0801cd37   Thumb Code   124  stm32f4xx_usart.o(.text)
    USART_DMACmd                             0x0801cdb3   Thumb Code   184  stm32f4xx_usart.o(.text)
    USART_ITConfig                           0x0801ce6b   Thumb Code   290  stm32f4xx_usart.o(.text)
    USART_GetFlagStatus                      0x0801cf8d   Thumb Code   200  stm32f4xx_usart.o(.text)
    USART_ClearFlag                          0x0801d055   Thumb Code   158  stm32f4xx_usart.o(.text)
    USART_GetITStatus                        0x0801d0f3   Thumb Code   306  stm32f4xx_usart.o(.text)
    USART_ClearITPendingBit                  0x0801d225   Thumb Code   234  stm32f4xx_usart.o(.text)
    FPGA_Init                                0x0801d321   Thumb Code   674  fpga.o(.text)
    FPGA_WriteBuffer                         0x0801d5c3   Thumb Code    24  fpga.o(.text)
    FPGA_ResetHardware                       0x0801d5db   Thumb Code   104  fpga.o(.text)
    FPGA_ReadBuffer                          0x0801d643   Thumb Code    22  fpga.o(.text)
    FPGA_DATA_WriteBuffer                    0x0801d659   Thumb Code    24  fpga.o(.text)
    FPGA_DATA_ReadBuffer                     0x0801d671   Thumb Code    22  fpga.o(.text)
    SysTick_Handler                          0x0801d699   Thumb Code    38  scope_it.o(.text)
    TIM2_IRQHandler                          0x0801d6bf   Thumb Code   494  scope_it.o(.text)
    USART1_IRQHandler                        0x0801d8ad   Thumb Code    14  scope_it.o(.text)
    USART3_IRQHandler                        0x0801d8bb   Thumb Code    14  scope_it.o(.text)
    IT_SYS_DlyMs                             0x0801d8c9   Thumb Code    30  scope_it.o(.text)
    IT_SYS_GetTicks                          0x0801d8e7   Thumb Code     6  scope_it.o(.text)
    IT_SYS_SetTicks                          0x0801d8ed   Thumb Code    10  scope_it.o(.text)
    IT_SYS_SetDlyMs                          0x0801d8f7   Thumb Code    16  scope_it.o(.text)
    IT_SYS_CheckDlyFin                       0x0801d907   Thumb Code    20  scope_it.o(.text)
    IT_LIST_GetTicks                         0x0801d91b   Thumb Code     6  scope_it.o(.text)
    IT_LIST_SetTicks                         0x0801d921   Thumb Code    10  scope_it.o(.text)
    IT_ADC_GetTicks                          0x0801d92b   Thumb Code     6  scope_it.o(.text)
    IT_ADC_SetTicks                          0x0801d931   Thumb Code    10  scope_it.o(.text)
    assert_failed                            0x0801d9a9   Thumb Code    18  scope_eval.o(.text)
    fputc                                    0x0801d9bb   Thumb Code    16  scope_eval.o(.text)
    PF_InitTimer2                            0x0801d9cb   Thumb Code   122  scope_eval.o(.text)
    EVAL_Init                                0x0801db6d   Thumb Code   224  scope_eval.o(.text)
    EVAL_OutputSet                           0x0801dc4d   Thumb Code    16  scope_eval.o(.text)
    EVAL_OutputClr                           0x0801dc5d   Thumb Code    16  scope_eval.o(.text)
    EVAL_OutputToggle                        0x0801dc6d   Thumb Code    26  scope_eval.o(.text)
    EVAL_InputGetState                       0x0801dd23   Thumb Code    22  scope_eval.o(.text)
    MV_InitPara                              0x0801dde9   Thumb Code   190  scope_move.o(.text)
    MV_Move                                  0x0801dea7   Thumb Code   434  scope_move.o(.text)
    MV_Stop                                  0x0801e059   Thumb Code    98  scope_move.o(.text)
    MV_Wait                                  0x0801e0bb   Thumb Code    84  scope_move.o(.text)
    MV_GetStepsExecuted                      0x0801e10f   Thumb Code    56  scope_move.o(.text)
    MV_IsFinished                            0x0801e147   Thumb Code    20  scope_move.o(.text)
    MV_IsrMoveHandling                       0x0801e15b   Thumb Code   104  scope_move.o(.text)
    BUF_Send_Init                            0x0801e1d5   Thumb Code    14  buffercircle.o(.text)
    BUF_Send_PutChar                         0x0801e1e3   Thumb Code    54  buffercircle.o(.text)
    BUF_Send_GetChar                         0x0801e219   Thumb Code    74  buffercircle.o(.text)
    BUF_Send_PutNChar                        0x0801e2ed   Thumb Code    94  buffercircle.o(.text)
    BUF_Send_GetNChar                        0x0801e34b   Thumb Code    94  buffercircle.o(.text)
    BUF_Recv_Init                            0x0801e3a9   Thumb Code    14  buffercircle.o(.text)
    BUF_Recv_PutChar                         0x0801e3b7   Thumb Code    54  buffercircle.o(.text)
    BUF_Recv_GetChar                         0x0801e3ed   Thumb Code    74  buffercircle.o(.text)
    BUF_Recv_PutNChar                        0x0801e4c1   Thumb Code    94  buffercircle.o(.text)
    BUF_Recv_GetNChar                        0x0801e51f   Thumb Code    94  buffercircle.o(.text)
    NET_BUF_Send_Init                        0x0801e58d   Thumb Code    14  netbuffercircle.o(.text)
    NET_BUF_Send_PutChar                     0x0801e59b   Thumb Code    54  netbuffercircle.o(.text)
    NET_BUF_Send_GetChar                     0x0801e5d1   Thumb Code    74  netbuffercircle.o(.text)
    NET_BUF_Send_GetLenConsume               0x0801e61b   Thumb Code   112  netbuffercircle.o(.text)
    NET_BUF_Send_GetLenRemain                0x0801e68b   Thumb Code    26  netbuffercircle.o(.text)
    NET_BUF_Send_PutNChar                    0x0801e6a5   Thumb Code    94  netbuffercircle.o(.text)
    NET_BUF_Send_GetNChar                    0x0801e703   Thumb Code    94  netbuffercircle.o(.text)
    NET_BUF_Recv_Init                        0x0801e761   Thumb Code    14  netbuffercircle.o(.text)
    NET_BUF_Recv_PutChar                     0x0801e76f   Thumb Code    54  netbuffercircle.o(.text)
    NET_BUF_Recv_GetChar                     0x0801e7a5   Thumb Code    74  netbuffercircle.o(.text)
    NET_BUF_Recv_GetLenConsume               0x0801e7ef   Thumb Code   112  netbuffercircle.o(.text)
    NET_BUF_Recv_GetLenRemain                0x0801e85f   Thumb Code    26  netbuffercircle.o(.text)
    NET_BUF_Recv_PutNChar                    0x0801e879   Thumb Code    94  netbuffercircle.o(.text)
    NET_BUF_Recv_GetNChar                    0x0801e8d7   Thumb Code    94  netbuffercircle.o(.text)
    SPG_Send_Init                            0x0801e945   Thumb Code    14  samplebuffercircle.o(.text)
    SPG_Send_PutChar                         0x0801e953   Thumb Code    52  samplebuffercircle.o(.text)
    SPG_Send_GetChar                         0x0801e987   Thumb Code    68  samplebuffercircle.o(.text)
    SPG_Send_PutNChar                        0x0801ea4b   Thumb Code    92  samplebuffercircle.o(.text)
    SPG_Send_GetNChar                        0x0801eaa7   Thumb Code    92  samplebuffercircle.o(.text)
    SPG_Recv_Init                            0x0801eb03   Thumb Code    14  samplebuffercircle.o(.text)
    SPG_Recv_PutChar                         0x0801eb11   Thumb Code    52  samplebuffercircle.o(.text)
    SPG_Recv_GetChar                         0x0801eb45   Thumb Code    68  samplebuffercircle.o(.text)
    SPG_Recv_PutNChar                        0x0801ec09   Thumb Code    92  samplebuffercircle.o(.text)
    SPG_Recv_GetNChar                        0x0801ec65   Thumb Code    92  samplebuffercircle.o(.text)
    Delay_US                                 0x0801ecd1   Thumb Code    54  driver.o(.text)
    ADC1_DMA_Config                          0x0801ed07   Thumb Code   174  driver.o(.text)
    ADC1_Init                                0x0801edb5   Thumb Code   192  driver.o(.text)
    DMA2_Stream0_IRQHandler                  0x0801ee75   Thumb Code    72  driver.o(.text)
    DMA2_Stream3_IRQHandler                  0x0801eebd   Thumb Code    80  driver.o(.text)
    ADC2_DMA_Config                          0x0801ef0d   Thumb Code   194  driver.o(.text)
    ADC2_Init                                0x0801efcf   Thumb Code   174  driver.o(.text)
    ADC3_GPIO_Init                           0x0801f07d   Thumb Code   358  driver.o(.text)
    ADC3_Init                                0x0801f1e3   Thumb Code    84  driver.o(.text)
    Get_ADC3_Channel_Value                   0x0801f237   Thumb Code    90  driver.o(.text)
    Get_Press_ADC                            0x0801f291   Thumb Code     4  driver.o(.text)
    Get_XK_ADC                               0x0801f295   Thumb Code    18  driver.o(.text)
    Get_12V_N_ADC                            0x0801f2a7   Thumb Code    18  driver.o(.text)
    Get_12V_P_ADC                            0x0801f2b9   Thumb Code    18  driver.o(.text)
    Get_56V_Cur_ADC                          0x0801f2cb   Thumb Code    18  driver.o(.text)
    Get_LED_Cur_ADC                          0x0801f2dd   Thumb Code    18  driver.o(.text)
    Get_Temp_ADC                             0x0801f2ef   Thumb Code    18  driver.o(.text)
    HW_Get_ADC_HGB                           0x0801f301   Thumb Code    20  driver.o(.text)
    HW_Get_ADC_CRP                           0x0801f315   Thumb Code    20  driver.o(.text)
    Get_HGB_Value                            0x0801f329   Thumb Code    38  driver.o(.text)
    Get_CRP_Value                            0x0801f34f   Thumb Code    26  driver.o(.text)
    Press_I2C_Init                           0x0801f369   Thumb Code    96  driver.o(.text)
    Press_Init                               0x0801f3c9   Thumb Code     8  driver.o(.text)
    Press_I2C_Start                          0x0801f3d1   Thumb Code    68  driver.o(.text)
    Press_I2C_Stop                           0x0801f415   Thumb Code    60  driver.o(.text)
    Press_I2C_Wait_Ack                       0x0801f451   Thumb Code    78  driver.o(.text)
    Press_I2C_Ack                            0x0801f49f   Thumb Code    72  driver.o(.text)
    Press_I2C_NAck                           0x0801f4e7   Thumb Code   134  driver.o(.text)
    Press_I2C_Send_Byte                      0x0801f56d   Thumb Code   102  driver.o(.text)
    Press_I2C_Read_Byte                      0x0801f5d3   Thumb Code    98  driver.o(.text)
    Get_Press_I2C                            0x0801f635   Thumb Code   202  driver.o(.text)
    Reset_Elec_Status                        0x0801f6ff   Thumb Code    14  driver.o(.text)
    Set_Elec_Status                          0x0801f70d   Thumb Code    14  driver.o(.text)
    Get_Elec_Status                          0x0801f71b   Thumb Code    14  driver.o(.text)
    Elec_Init                                0x0801f729   Thumb Code    44  driver.o(.text)
    Get_Elec_ADC                             0x0801f755   Thumb Code    86  driver.o(.text)
    Beep_Init                                0x0801f7ab   Thumb Code    46  driver.o(.text)
    Beep                                     0x0801f7d9   Thumb Code    86  driver.o(.text)
    Pump_PWM_Init                            0x0801f82f   Thumb Code   176  driver.o(.text)
    Pump_init                                0x0801f8df   Thumb Code    22  driver.o(.text)
    Pump_AntiClockWise                       0x0801f8f5   Thumb Code     2  driver.o(.text)
    Pump_ClockWise                           0x0801f8f7   Thumb Code     2  driver.o(.text)
    Pump_Speed_Set                           0x0801f8f9   Thumb Code    32  driver.o(.text)
    Pump_Exec                                0x0801f919   Thumb Code    80  driver.o(.text)
    Mixing_Motor_Init                        0x0801f969   Thumb Code    56  driver.o(.text)
    Mixing_Motor_Run                         0x0801f9a1   Thumb Code    12  driver.o(.text)
    Mixing_Motor_Stop                        0x0801f9ad   Thumb Code    12  driver.o(.text)
    Valve_Init                               0x0801f9b9   Thumb Code   100  driver.o(.text)
    Valve_Air_Exec                           0x0801fa1d   Thumb Code    32  driver.o(.text)
    Valve_Liquid_Exec                        0x0801fa3d   Thumb Code    30  driver.o(.text)
    Valve_Exec                               0x0801fa5b   Thumb Code    28  driver.o(.text)
    Turn_Motor_Init                          0x0801fa77   Thumb Code   252  driver.o(.text)
    Turn_Motor_Power                         0x0801fb73   Thumb Code    32  driver.o(.text)
    Turn_Motor_Break                         0x0801fb93   Thumb Code    18  driver.o(.text)
    Turn_Motor_Free                          0x0801fba5   Thumb Code    18  driver.o(.text)
    Get_Turn_Reset_OC_Status                 0x0801fbb7   Thumb Code    12  driver.o(.text)
    Turn_Motor_Reset                         0x0801fbc3   Thumb Code   144  driver.o(.text)
    Get_Turn_Select_OC_Status                0x0801fc53   Thumb Code    12  driver.o(.text)
    Turn_Motor_Anti_ClockWise                0x0801fc5f   Thumb Code   188  driver.o(.text)
    Turn_Motor_ClockWise                     0x0801fd1b   Thumb Code   286  driver.o(.text)
    Turn_Motor_Goto_Postion                  0x0801fe39   Thumb Code    28  driver.o(.text)
    Turn_Motor_Select_LED                    0x0801fe55   Thumb Code   228  driver.o(.text)
    Get_Micro_OC_Status                      0x0801ff39   Thumb Code    12  driver.o(.text)
    EXTI9_5_IRQHandler                       0x0801ff45   Thumb Code    96  driver.o(.text)
    Micro_OC_Init                            0x0801ffa5   Thumb Code   128  driver.o(.text)
    OC_Init                                  0x08020025   Thumb Code   174  driver.o(.text)
    Get_Out_OC_Status                        0x080200d3   Thumb Code    12  driver.o(.text)
    Get_In_OC_Status                         0x080200df   Thumb Code    14  driver.o(.text)
    LED_Cur_DAC_Init                         0x080200ed   Thumb Code    84  driver.o(.text)
    LED_Init                                 0x08020141   Thumb Code   826  driver.o(.text)
    LED_Cur_DAC_Set                          0x0802047b   Thumb Code    14  driver.o(.text)
    LED_Cur_Auto_Adjust                      0x08020489   Thumb Code   122  driver.o(.text)
    LED_Cur_Switch                           0x08020503   Thumb Code    32  driver.o(.text)
    LED_Cur_ADC_Check_Channel                0x08020523   Thumb Code   280  driver.o(.text)
    LED_Exec                                 0x0802063b   Thumb Code   260  driver.o(.text)
    LED_All_Reset                            0x0802073f   Thumb Code    24  driver.o(.text)
    DRegister_SPI_Init                       0x08020757   Thumb Code   252  driver.o(.text)
    DResistor_Init                           0x08020853   Thumb Code     8  driver.o(.text)
    DRegister_Write                          0x0802085b   Thumb Code    28  driver.o(.text)
    DResistor_Set                            0x08020877   Thumb Code    24  driver.o(.text)
    Driver_Debug                             0x0802088f   Thumb Code  2370  driver.o(.text)
    ADC24Bit_SPI_ReadWriteByte               0x08021205   Thumb Code    80  ad7799.o(.text)
    ADC24Bit_SPI_Init                        0x08021255   Thumb Code   324  ad7799.o(.text)
    ADC24Bit_GPIO_Init                       0x08021399   Thumb Code   194  ad7799.o(.text)
    SPI_Write                                0x0802145b   Thumb Code   144  ad7799.o(.text)
    AD7799_Reset                             0x080214eb   Thumb Code    36  ad7799.o(.text)
    SPI_Read                                 0x0802150f   Thumb Code   144  ad7799.o(.text)
    AD7799_GetRegisterValue                  0x0802159f   Thumb Code   152  ad7799.o(.text)
    AD7799_SetRegisterValue                  0x08021637   Thumb Code   106  ad7799.o(.text)
    AD7799_Init                              0x080216a1   Thumb Code   254  ad7799.o(.text)
    ADC24Bit_Init                            0x0802179f   Thumb Code    12  ad7799.o(.text)
    AD7799_Calibrate                         0x080217ab   Thumb Code   256  ad7799.o(.text)
    AD7799_SetChannel                        0x080218ab   Thumb Code    36  ad7799.o(.text)
    AD7799_SetMode                           0x080218cf   Thumb Code    48  ad7799.o(.text)
    AD7799_SetGain                           0x080218ff   Thumb Code    38  ad7799.o(.text)
    AD7799_SetBurnoutCurren                  0x08021925   Thumb Code    36  ad7799.o(.text)
    AD7799_SetBufMode                        0x08021949   Thumb Code    36  ad7799.o(.text)
    AD7799_Get_Out_Data                      0x0802196d   Thumb Code    12  ad7799.o(.text)
    AD7799_Get_ADC_Value                     0x08021979   Thumb Code    14  ad7799.o(.text)
    AD7799_Get_Value                         0x08021987   Thumb Code    56  ad7799.o(.text)
    ethernetif_input                         0x08021c5d   Thumb Code    42  ethernetif.o(.text)
    ethernetif_init                          0x08021c87   Thumb Code    38  ethernetif.o(.text)
    etharp_tmr                               0x08021d0b   Thumb Code   136  etharp.o(.text)
    etharp_cleanup_netif                     0x08021fd9   Thumb Code    52  etharp.o(.text)
    etharp_find_addr                         0x0802200d   Thumb Code    82  etharp.o(.text)
    etharp_request                           0x08022221   Thumb Code    36  etharp.o(.text)
    etharp_query                             0x080222ad   Thumb Code   338  etharp.o(.text)
    etharp_output                            0x080223ff   Thumb Code   314  etharp.o(.text)
    ethernet_input                           0x08022539   Thumb Code   178  etharp.o(.text)
    icmp_input                               0x080225fd   Thumb Code   340  icmp.o(.text)
    icmp_dest_unreach                        0x080227c1   Thumb Code    18  icmp.o(.text)
    icmp_time_exceeded                       0x080227d3   Thumb Code    18  icmp.o(.text)
    inet_chksum_pseudo                       0x0802284b   Thumb Code   162  inet_chksum.o(.text)
    inet_chksum_pseudo_partial               0x080228ed   Thumb Code   184  inet_chksum.o(.text)
    inet_chksum                              0x080229a5   Thumb Code    20  inet_chksum.o(.text)
    inet_chksum_pbuf                         0x080229b9   Thumb Code    86  inet_chksum.o(.text)
    ip_route                                 0x08022a11   Thumb Code    76  ip.o(.text)
    ip_input                                 0x08022a5d   Thumb Code   422  ip.o(.text)
    ip_output_if                             0x08022c03   Thumb Code   192  ip.o(.text)
    ip_output                                0x08022cc3   Thumb Code    56  ip.o(.text)
    ip4_addr_isbroadcast                     0x08022d19   Thumb Code    78  ip_addr.o(.text)
    ip4_addr_netmask_valid                   0x08022d67   Thumb Code    52  ip_addr.o(.text)
    ipaddr_aton                              0x08022d9b   Thumb Code   348  ip_addr.o(.text)
    ipaddr_addr                              0x08022ef7   Thumb Code    24  ip_addr.o(.text)
    ipaddr_ntoa_r                            0x08022f0f   Thumb Code   168  ip_addr.o(.text)
    ipaddr_ntoa                              0x08022fb7   Thumb Code    16  ip_addr.o(.text)
    ip_reass_tmr                             0x08023091   Thumb Code    48  ip_frag.o(.text)
    ip_reass                                 0x080232e7   Thumb Code   396  ip_frag.o(.text)
    ip_frag                                  0x080234af   Thumb Code   424  ip_frag.o(.text)
    lwip_htons                               0x08023661   Thumb Code    12  def.o(.text)
    lwip_ntohs                               0x0802366d   Thumb Code    12  def.o(.text)
    lwip_htonl                               0x08023679   Thumb Code    26  def.o(.text)
    lwip_ntohl                               0x08023693   Thumb Code    12  def.o(.text)
    dhcp_renew                               0x08023b31   Thumb Code   160  dhcp.o(.text)
    dhcp_coarse_tmr                          0x08023c95   Thumb Code    62  dhcp.o(.text)
    dhcp_release                             0x08023d77   Thumb Code   162  dhcp.o(.text)
    dhcp_fine_tmr                            0x08023fa1   Thumb Code    64  dhcp.o(.text)
    dhcp_set_struct                          0x08024067   Thumb Code    30  dhcp.o(.text)
    dhcp_cleanup                             0x08024085   Thumb Code    24  dhcp.o(.text)
    dhcp_stop                                0x0802409d   Thumb Code    58  dhcp.o(.text)
    dhcp_start                               0x080244e3   Thumb Code   206  dhcp.o(.text)
    dhcp_inform                              0x080245b1   Thumb Code   170  dhcp.o(.text)
    dhcp_network_changed                     0x0802465b   Thumb Code    80  dhcp.o(.text)
    dhcp_arp_reply                           0x08024729   Thumb Code    46  dhcp.o(.text)
    mem_init                                 0x080247e9   Thumb Code    74  mem.o(.text)
    mem_free                                 0x08024833   Thumb Code    68  mem.o(.text)
    mem_trim                                 0x08024877   Thumb Code   288  mem.o(.text)
    mem_malloc                               0x08024997   Thumb Code   222  mem.o(.text)
    mem_calloc                               0x08024a75   Thumb Code    34  mem.o(.text)
    memp_init                                0x08024aa9   Thumb Code    82  memp.o(.text)
    memp_malloc                              0x08024afb   Thumb Code    40  memp.o(.text)
    memp_free                                0x08024b23   Thumb Code    28  memp.o(.text)
    netif_init                               0x08024b51   Thumb Code     2  netif.o(.text)
    netif_set_gw                             0x08024b53   Thumb Code    12  netif.o(.text)
    netif_set_netmask                        0x08024b5f   Thumb Code    12  netif.o(.text)
    netif_set_ipaddr                         0x08024b6b   Thumb Code   110  netif.o(.text)
    netif_set_addr                           0x08024bd9   Thumb Code    40  netif.o(.text)
    netif_add                                0x08024c01   Thumb Code   104  netif.o(.text)
    netif_set_default                        0x08024c69   Thumb Code     6  netif.o(.text)
    netif_set_down                           0x08024c6f   Thumb Code    42  netif.o(.text)
    netif_remove                             0x08024c99   Thumb Code    90  netif.o(.text)
    netif_find                               0x08024cf3   Thumb Code    64  netif.o(.text)
    netif_set_up                             0x08024d33   Thumb Code    54  netif.o(.text)
    netif_set_link_up                        0x08024d69   Thumb Code    80  netif.o(.text)
    netif_set_link_down                      0x08024db9   Thumb Code    42  netif.o(.text)
    netif_set_link_callback                  0x08024de3   Thumb Code     6  netif.o(.text)
    pbuf_free                                0x08024dfd   Thumb Code   134  pbuf.o(.text)
    pbuf_alloc                               0x08024e83   Thumb Code   408  pbuf.o(.text)
    pbuf_alloced_custom                      0x0802501b   Thumb Code   108  pbuf.o(.text)
    pbuf_realloc                             0x08025087   Thumb Code   120  pbuf.o(.text)
    pbuf_header                              0x080250ff   Thumb Code   126  pbuf.o(.text)
    pbuf_clen                                0x0802517d   Thumb Code    18  pbuf.o(.text)
    pbuf_ref                                 0x0802518f   Thumb Code    10  pbuf.o(.text)
    pbuf_cat                                 0x08025199   Thumb Code    56  pbuf.o(.text)
    pbuf_chain                               0x080251d1   Thumb Code    22  pbuf.o(.text)
    pbuf_dechain                             0x080251e7   Thumb Code    56  pbuf.o(.text)
    pbuf_copy                                0x0802521f   Thumb Code   192  pbuf.o(.text)
    pbuf_copy_partial                        0x080252df   Thumb Code   146  pbuf.o(.text)
    pbuf_take                                0x08025371   Thumb Code   116  pbuf.o(.text)
    pbuf_coalesce                            0x080253e5   Thumb Code    60  pbuf.o(.text)
    pbuf_get_at                              0x08025421   Thumb Code    46  pbuf.o(.text)
    pbuf_memcmp                              0x0802544f   Thumb Code    96  pbuf.o(.text)
    pbuf_memfind                             0x080254af   Thumb Code    76  pbuf.o(.text)
    pbuf_strstr                              0x080254fb   Thumb Code    60  pbuf.o(.text)
    raw_input                                0x08025539   Thumb Code   102  raw.o(.text)
    raw_bind                                 0x0802559f   Thumb Code    16  raw.o(.text)
    raw_connect                              0x080255af   Thumb Code    16  raw.o(.text)
    raw_recv                                 0x080255bf   Thumb Code     6  raw.o(.text)
    raw_sendto                               0x080255c5   Thumb Code   158  raw.o(.text)
    raw_send                                 0x08025663   Thumb Code    18  raw.o(.text)
    raw_remove                               0x08025675   Thumb Code    60  raw.o(.text)
    raw_new                                  0x080256b1   Thumb Code    42  raw.o(.text)
    tcp_init                                 0x080256e9   Thumb Code     2  tcp.o(.text)
    tcp_seg_free                             0x080256eb   Thumb Code    26  tcp.o(.text)
    tcp_segs_free                            0x08025705   Thumb Code    24  tcp.o(.text)
    tcp_pcb_purge                            0x0802571d   Thumb Code    64  tcp.o(.text)
    tcp_slowtmr                              0x0802575d   Thumb Code   802  tcp.o(.text)
    tcp_pcb_remove                           0x08025a7f   Thumb Code   140  tcp.o(.text)
    tcp_close                                0x08025ce3   Thumb Code    28  tcp.o(.text)
    tcp_update_rcv_ann_wnd                   0x08025cff   Thumb Code    78  tcp.o(.text)
    tcp_recved                               0x08025d4d   Thumb Code    70  tcp.o(.text)
    tcp_recv_null                            0x08025d93   Thumb Code    46  tcp.o(.text)
    tcp_process_refused_data                 0x08025dc1   Thumb Code   140  tcp.o(.text)
    tcp_fasttmr                              0x08025e4d   Thumb Code   110  tcp.o(.text)
    tcp_tmr                                  0x08025ebb   Thumb Code    30  tcp.o(.text)
    tcp_shutdown                             0x08025ed9   Thumb Code    98  tcp.o(.text)
    tcp_abandon                              0x08025f3b   Thumb Code   170  tcp.o(.text)
    tcp_abort                                0x08025fe5   Thumb Code    14  tcp.o(.text)
    tcp_bind                                 0x08026053   Thumb Code   142  tcp.o(.text)
    tcp_listen_with_backlog                  0x080260e9   Thumb Code   198  tcp.o(.text)
    tcp_eff_send_mss                         0x080261af   Thumb Code    46  tcp.o(.text)
    tcp_next_iss                             0x080261dd   Thumb Code    20  tcp.o(.text)
    tcp_connect                              0x080261f1   Thumb Code   328  tcp.o(.text)
    tcp_setprio                              0x08026339   Thumb Code     4  tcp.o(.text)
    tcp_alloc                                0x080263bb   Thumb Code   242  tcp.o(.text)
    tcp_new                                  0x080264ad   Thumb Code    10  tcp.o(.text)
    tcp_arg                                  0x080264b7   Thumb Code     4  tcp.o(.text)
    tcp_recv                                 0x080264bb   Thumb Code     8  tcp.o(.text)
    tcp_sent                                 0x080264c3   Thumb Code     8  tcp.o(.text)
    tcp_err                                  0x080264cb   Thumb Code    10  tcp.o(.text)
    tcp_accept                               0x080264d5   Thumb Code     4  tcp.o(.text)
    tcp_poll                                 0x080264d9   Thumb Code    14  tcp.o(.text)
    tcp_debug_state_str                      0x080264e7   Thumb Code    10  tcp.o(.text)
    tcp_input                                0x08027315   Thumb Code  1134  tcp_in.o(.text)
    tcp_enqueue_flags                        0x080278d1   Thumb Code   272  tcp_out.o(.text)
    tcp_send_fin                             0x080279e1   Thumb Code    74  tcp_out.o(.text)
    tcp_write                                0x08027b13   Thumb Code   902  tcp_out.o(.text)
    tcp_send_empty_ack                       0x08027e99   Thumb Code    78  tcp_out.o(.text)
    tcp_output                               0x08027faf   Thumb Code   444  tcp_out.o(.text)
    tcp_rst                                  0x0802816b   Thumb Code   124  tcp_out.o(.text)
    tcp_rexmit_rto                           0x080281e7   Thumb Code    58  tcp_out.o(.text)
    tcp_rexmit                               0x08028221   Thumb Code    90  tcp_out.o(.text)
    tcp_rexmit_fast                          0x0802827b   Thumb Code   112  tcp_out.o(.text)
    tcp_keepalive                            0x080282eb   Thumb Code    68  tcp_out.o(.text)
    tcp_zero_window_probe                    0x0802832f   Thumb Code   172  tcp_out.o(.text)
    tcp_timer_needed                         0x080283db   Thumb Code     2  timers.o(.text)
    udp_init                                 0x080283dd   Thumb Code     2  udp.o(.text)
    udp_input                                0x0802842f   Thumb Code   450  udp.o(.text)
    udp_bind                                 0x080285f1   Thumb Code   122  udp.o(.text)
    udp_sendto_if                            0x0802866b   Thumb Code   206  udp.o(.text)
    udp_sendto                               0x08028739   Thumb Code    46  udp.o(.text)
    udp_send                                 0x08028767   Thumb Code    20  udp.o(.text)
    udp_connect                              0x0802877b   Thumb Code   110  udp.o(.text)
    udp_disconnect                           0x080287e9   Thumb Code    16  udp.o(.text)
    udp_recv                                 0x080287f9   Thumb Code     6  udp.o(.text)
    udp_remove                               0x080287ff   Thumb Code    60  udp.o(.text)
    udp_new                                  0x0802883b   Thumb Code    28  udp.o(.text)
    LwIP_Init                                0x0802885d   Thumb Code   164  netconf.o(.text)
    LwIP_Pkt_Handle                          0x08028901   Thumb Code    10  netconf.o(.text)
    LwIP_Periodic_Handle                     0x0802890b   Thumb Code    52  netconf.o(.text)
    ETH_BSP_Config                           0x08028b27   Thumb Code    38  stm32f4x7_eth_bsp.o(.text)
    Eth_Link_PHYITConfig                     0x08028b4d   Thumb Code    70  stm32f4x7_eth_bsp.o(.text)
    Eth_Link_EXTIConfig                      0x08028b93   Thumb Code   104  stm32f4x7_eth_bsp.o(.text)
    Eth_Link_ITHandler                       0x08028bfb   Thumb Code    48  stm32f4x7_eth_bsp.o(.text)
    ETH_link_callback                        0x08028c2b   Thumb Code   282  stm32f4x7_eth_bsp.o(.text)
    udp_echoserver_receive_callback          0x08028e05   Thumb Code   174  udp_echoserver.o(.text)
    udp_echoserver_init                      0x08028eb3   Thumb Code   162  udp_echoserver.o(.text)
    udp_echoserver_senddata                  0x08028f55   Thumb Code    52  udp_echoserver.o(.text)
    __aeabi_memcpy                           0x08029061   Thumb Code    36  memcpya.o(.text)
    __aeabi_memcpy4                          0x08029061   Thumb Code     0  memcpya.o(.text)
    __aeabi_memcpy8                          0x08029061   Thumb Code     0  memcpya.o(.text)
    __aeabi_memset                           0x08029085   Thumb Code    14  memseta.o(.text)
    __aeabi_memset4                          0x08029085   Thumb Code     0  memseta.o(.text)
    __aeabi_memset8                          0x08029085   Thumb Code     0  memseta.o(.text)
    __aeabi_memclr                           0x08029093   Thumb Code     4  memseta.o(.text)
    __aeabi_memclr4                          0x08029093   Thumb Code     0  memseta.o(.text)
    __aeabi_memclr8                          0x08029093   Thumb Code     0  memseta.o(.text)
    _memset$wrapper                          0x08029097   Thumb Code    18  memseta.o(.text)
    strncpy                                  0x080290a9   Thumb Code    24  strncpy.o(.text)
    strlen                                   0x080290c1   Thumb Code    14  strlen.o(.text)
    memcmp                                   0x080290cf   Thumb Code    26  memcmp.o(.text)
    __aeabi_dadd                             0x080290e9   Thumb Code   322  dadd.o(.text)
    __aeabi_dsub                             0x0802922b   Thumb Code     6  dadd.o(.text)
    __aeabi_drsub                            0x08029231   Thumb Code     6  dadd.o(.text)
    __aeabi_dmul                             0x08029237   Thumb Code   228  dmul.o(.text)
    __aeabi_ui2d                             0x0802931b   Thumb Code    26  dfltui.o(.text)
    __aeabi_d2iz                             0x08029335   Thumb Code    62  dfixi.o(.text)
    __aeabi_d2uiz                            0x08029373   Thumb Code    50  dfixui.o(.text)
    __aeabi_f2d                              0x080293a5   Thumb Code    38  f2d.o(.text)
    __aeabi_cdrcmple                         0x080293cd   Thumb Code    38  cdrcmple.o(.text)
    __aeabi_uidiv                            0x080293f5   Thumb Code     0  uidiv.o(.text)
    __aeabi_uidivmod                         0x080293f5   Thumb Code    44  uidiv.o(.text)
    __aeabi_uldivmod                         0x08029421   Thumb Code    98  uldiv.o(.text)
    __aeabi_llsl                             0x08029483   Thumb Code    30  llshl.o(.text)
    _ll_shift_l                              0x08029483   Thumb Code     0  llshl.o(.text)
    __aeabi_llsr                             0x080294a1   Thumb Code    32  llushr.o(.text)
    _ll_ushift_r                             0x080294a1   Thumb Code     0  llushr.o(.text)
    __aeabi_lasr                             0x080294c1   Thumb Code    36  llsshr.o(.text)
    _ll_sshift_r                             0x080294c1   Thumb Code     0  llsshr.o(.text)
    __I$use$fp                               0x080294e5   Thumb Code     0  iusefp.o(.text)
    _double_round                            0x080294e5   Thumb Code    26  depilogue.o(.text)
    _double_epilogue                         0x080294ff   Thumb Code   164  depilogue.o(.text)
    __aeabi_ddiv                             0x080295a3   Thumb Code   222  ddiv.o(.text)
    __aeabi_d2ulz                            0x08029681   Thumb Code    48  dfixul.o(.text)
    __decompress                             0x080296b1   Thumb Code     0  __dclz77c.o(.text)
    __decompress2                            0x080296b1   Thumb Code    96  __dclz77c.o(.text)
    __0printf                                0x08029711   Thumb Code    22  printfa.o(i.__0printf)
    __1printf                                0x08029711   Thumb Code     0  printfa.o(i.__0printf)
    __2printf                                0x08029711   Thumb Code     0  printfa.o(i.__0printf)
    __c89printf                              0x08029711   Thumb Code     0  printfa.o(i.__0printf)
    printf                                   0x08029711   Thumb Code     0  printfa.o(i.__0printf)
    __0sprintf                               0x08029731   Thumb Code    34  printfa.o(i.__0sprintf)
    __1sprintf                               0x08029731   Thumb Code     0  printfa.o(i.__0sprintf)
    __2sprintf                               0x08029731   Thumb Code     0  printfa.o(i.__0sprintf)
    __c89sprintf                             0x08029731   Thumb Code     0  printfa.o(i.__0sprintf)
    sprintf                                  0x08029731   Thumb Code     0  printfa.o(i.__0sprintf)
    softver_edtion                           0x0802a0c4   Data           6  processscope.o(.constdata)
    FSMC_DefaultTimingStruct                 0x0802aefc   Data          28  stm32f4xx_fsmc.o(.constdata)
    COM_USART                                0x0802af18   Data          12  scope_eval.o(.constdata)
    COM_USART_CLK                            0x0802af24   Data          12  scope_eval.o(.constdata)
    COM_ET_IRQn                              0x0802af30   Data           6  scope_eval.o(.constdata)
    COM_TX_PORT                              0x0802af38   Data          12  scope_eval.o(.constdata)
    COM_TX_PIN                               0x0802af44   Data           6  scope_eval.o(.constdata)
    COM_TX_PORT_CLK                          0x0802af4c   Data          12  scope_eval.o(.constdata)
    COM_RX_PORT                              0x0802af58   Data          12  scope_eval.o(.constdata)
    COM_RX_PIN                               0x0802af64   Data           6  scope_eval.o(.constdata)
    COM_RX_PORT_CLK                          0x0802af6c   Data          12  scope_eval.o(.constdata)
    COM_AF_TX_PINSOURCE                      0x0802af78   Data           3  scope_eval.o(.constdata)
    COM_AF_RX_PINSOURCE                      0x0802af7b   Data           3  scope_eval.o(.constdata)
    COM_AF_UART                              0x0802af7e   Data           3  scope_eval.o(.constdata)
    OUT_PORT                                 0x0802af84   Data          28  scope_eval.o(.constdata)
    OUT_PIN                                  0x0802afa0   Data          14  scope_eval.o(.constdata)
    OUT_CLK                                  0x0802afb0   Data          28  scope_eval.o(.constdata)
    IN_PORT                                  0x0802afcc   Data          28  scope_eval.o(.constdata)
    IN_PIN                                   0x0802afe8   Data          14  scope_eval.o(.constdata)
    IN_CLK                                   0x0802aff8   Data          28  scope_eval.o(.constdata)
    IN_ET_LINE                               0x0802b014   Data          14  scope_eval.o(.constdata)
    IN_ET_PORT                               0x0802b022   Data          14  scope_eval.o(.constdata)
    IN_ET_PIN                                0x0802b030   Data          14  scope_eval.o(.constdata)
    IN_ET_IRQn                               0x0802b03e   Data          14  scope_eval.o(.constdata)
    g_Turn_Motor_Table                       0x0802b05c   Data          16  driver.o(.constdata)
    ethbroadcast                             0x0802b06c   Data           6  etharp.o(.constdata)
    ethzero                                  0x0802b072   Data           6  etharp.o(.constdata)
    ip_addr_any                              0x0802b078   Data           4  ip_addr.o(.constdata)
    ip_addr_broadcast                        0x0802b07c   Data           4  ip_addr.o(.constdata)
    tcp_state_str                            0x0802b0a4   Data          44  tcp.o(.constdata)
    tcp_backoff                              0x0802b0d0   Data          13  tcp.o(.constdata)
    tcp_persist_backoff                      0x0802b0dd   Data           7  tcp.o(.constdata)
    tcp_pcb_lists                            0x0802b0e4   Data          16  tcp.o(.constdata)
    SystemCoreClock                          0x20000000   Data           4  system_stm32f4xx.o(.data)
    AHBPrescTable                            0x20000004   Data          16  system_stm32f4xx.o(.data)
    g_tOCLevel                               0x2000001e   Data           4  systemscope.o(.data)
    g_tSystemStatus                          0x20000022   Data           3  systemscope.o(.data)
    g_atInterval                             0x20000026   Data           8  systemscope.o(.data)
    g_nError                                 0x20000030   Data           4  systemscope.o(.data)
    g_nFlag                                  0x20000034   Data           4  systemscope.o(.data)
    g_Test_Mode                              0x20000042   Data           1  processscope.o(.data)
    g_Micro_Switch                           0x20000043   Data           1  processscope.o(.data)
    g_Udp_Count                              0x20000048   Data           4  processscope.o(.data)
    g_Frame_Count                            0x2000004c   Data           4  processscope.o(.data)
    g_Send_Fail                              0x20000050   Data           4  processscope.o(.data)
    g_AirLight_Flag                          0x20000054   Data           1  processscope.o(.data)
    g_Debug_Data                             0x2000006e   Data         512  interfacescope.o(.data)
    DMATxDescToSet                           0x20000294   Data           4  stm32f4x7_eth.o(.data)
    DMARxDescToGet                           0x20000298   Data           4  stm32f4x7_eth.o(.data)
    DMA_RX_FRAME_infos                       0x2000029c   Data           4  stm32f4x7_eth.o(.data)
    Frame_Rx_index                           0x200002a0   Data           4  stm32f4x7_eth.o(.data)
    g_Elec_Status                            0x20000314   Data           1  driver.o(.data)
    g_Turn_Position                          0x20000315   Data           1  driver.o(.data)
    current_netif                            0x20000318   Data           4  ip.o(.data)
    current_header                           0x2000031c   Data           4  ip.o(.data)
    current_iphdr_src                        0x20000320   Data           4  ip.o(.data)
    current_iphdr_dest                       0x20000324   Data           4  ip.o(.data)
    netif_list                               0x20000344   Data           4  netif.o(.data)
    netif_default                            0x20000348   Data           4  netif.o(.data)
    tcp_ticks                                0x2000035c   Data           4  tcp.o(.data)
    tcp_bound_pcbs                           0x20000360   Data           4  tcp.o(.data)
    tcp_listen_pcbs                          0x20000364   Data           4  tcp.o(.data)
    tcp_active_pcbs                          0x20000368   Data           4  tcp.o(.data)
    tcp_tw_pcbs                              0x2000036c   Data           4  tcp.o(.data)
    tcp_tmp_pcb                              0x20000370   Data           4  tcp.o(.data)
    tcp_active_pcbs_changed                  0x20000374   Data           1  tcp.o(.data)
    tcp_input_pcb                            0x20000394   Data           4  tcp_in.o(.data)
    udp_pcbs                                 0x2000039c   Data           4  udp.o(.data)
    TCPTimer                                 0x200003ac   Data           4  netconf.o(.data)
    ARPTimer                                 0x200003b0   Data           4  netconf.o(.data)
    IPaddress                                0x200003b4   Data           4  netconf.o(.data)
    EthStatus                                0x200003c4   Data           4  stm32f4x7_eth_bsp.o(.data)
    s_tAddr                                  0x200003d4   Data           4  udp_echoserver.o(.data)
    s_nPort                                  0x200003d8   Data           2  udp_echoserver.o(.data)
    s_ptUpcb                                 0x200003dc   Data           4  udp_echoserver.o(.data)
    __stdout                                 0x200003e0   Data           4  stdout.o(.data)
    g_tAxisPosStatus                         0x200003e4   Data          28  systemscope.o(.bss)
    g_tSystemPara                            0x20000400   Data          54  systemscope.o(.bss)
    g_nErrorParaSet                          0x20000436   Data          64  systemscope.o(.bss)
    ADC1_Status                              0x20000478   Data          12  processscope.o(.bss)
    g_ADC1_Buffer                            0x20000484   Data         512  processscope.o(.bss)
    ADC2_Status                              0x20000684   Data          12  processscope.o(.bss)
    g_ADC2_Buffer                            0x20000690   Data         512  processscope.o(.bss)
    g_CRP_Data                               0x20000890   Data        1032  processscope.o(.bss)
    g_NET_achCmdRvBuf                        0x20000c98   Data         256  protocol.o(.bss)
    g_achFbkSdBuf                            0x20000d98   Data        1500  protocol.o(.bss)
    g_achFbkSdLogBuf                         0x20001374   Data        1500  protocol.o(.bss)
    g_SPG_achCmdRvBuf                        0x20002508   Data          80  samplingport.o(.bss)
    g_Record_Param                           0x20002558   Data          28  storagemanagement.o(.bss)
    DMARxDscrTab                             0x20002574   Data         256  stm32f4x7_eth.o(.bss)
    DMATxDscrTab                             0x20002674   Data         256  stm32f4x7_eth.o(.bss)
    Rx_Buff                                  0x20002774   Data       12192  stm32f4x7_eth.o(.bss)
    Tx_Buff                                  0x20005714   Data       12192  stm32f4x7_eth.o(.bss)
    RX_Frame_Descriptor                      0x200086b4   Data          12  stm32f4x7_eth.o(.bss)
    g_atMotorStatus                          0x200086c0   Data          16  scope_move.o(.bss)
    g_atMotorPara                            0x200086d0   Data          32  scope_move.o(.bss)
    dhcp_rx_options_val                      0x20009ed4   Data          40  dhcp.o(.bss)
    dhcp_rx_options_given                    0x20009efc   Data          10  dhcp.o(.bss)
    ram_heap                                 0x20009f06   Data       10260  mem.o(.bss)
    gnetif                                   0x20011334   Data          56  netconf.o(.bss)
    ETH_InitStructure                        0x2001136c   Data         188  stm32f4x7_eth_bsp.o(.bss)
    __initial_sp                             0x20015428   Data           0  startup_stm32f40_41xxx.o(STACK)



==============================================================================

Memory Map of the image

  Image Entry point : 0x08000189

  Load Region LR_IROM1 (Base: 0x08000000, Size: 0x000005e4, Max: 0x00003fff, ABSOLUTE, COMPRESSED[0x000002f0])

    Execution Region ER_IROM1 (Base: 0x08000000, Size: 0x00000200, Max: 0x00003fff, ABSOLUTE)

    Base Addr    Size         Type   Attr      Idx    E Section Name        Object

    0x08000000   0x00000188   Data   RO          294    RESET               startup_stm32f40_41xxx.o
    0x08000188   0x00000000   Code   RO         2133  * .ARM.Collect$$$$00000000  mc_w.l(entry.o)
    0x08000188   0x00000004   Code   RO         2423    .ARM.Collect$$$$00000001  mc_w.l(entry2.o)
    0x0800018c   0x00000004   Code   RO         2426    .ARM.Collect$$$$00000004  mc_w.l(entry5.o)
    0x08000190   0x00000000   Code   RO         2428    .ARM.Collect$$$$00000008  mc_w.l(entry7b.o)
    0x08000190   0x00000000   Code   RO         2430    .ARM.Collect$$$$0000000A  mc_w.l(entry8b.o)
    0x08000190   0x00000008   Code   RO         2431    .ARM.Collect$$$$0000000B  mc_w.l(entry9a.o)
    0x08000198   0x00000000   Code   RO         2433    .ARM.Collect$$$$0000000D  mc_w.l(entry10a.o)
    0x08000198   0x00000000   Code   RO         2435    .ARM.Collect$$$$0000000F  mc_w.l(entry11a.o)
    0x08000198   0x00000004   Code   RO         2424    .ARM.Collect$$$$00002712  mc_w.l(entry2.o)
    0x0800019c   0x00000024   Code   RO         2455    .text               mc_w.l(init.o)
    0x080001c0   0x0000000e   Code   RO         2459    i.__scatterload_copy  mc_w.l(handlers.o)
    0x080001ce   0x00000002   Code   RO         2460    i.__scatterload_null  mc_w.l(handlers.o)
    0x080001d0   0x0000000e   Code   RO         2461    i.__scatterload_zeroinit  mc_w.l(handlers.o)
    0x080001de   0x00000002   PAD
    0x080001e0   0x00000020   Data   RO         2457    Region$$Table       anon$$obj.o


    Execution Region RW_IRAM1 (Base: 0x20000000, Size: 0x00015428, Max: 0x00020000, ABSOLUTE, COMPRESSED[0x000000f0])

    Base Addr    Size         Type   Attr      Idx    E Section Name        Object

    0x20000000   0x00000014   Data   RW          269    .data               system_stm32f4xx.o
    0x20000014   0x00000024   Data   RW          304    .data               systemscope.o
    0x20000038   0x0000001d   Data   RW          332    .data               processscope.o
    0x20000055   0x0000000c   Data   RW          362    .data               protocol.o
    0x20000061   0x00000003   PAD
    0x20000064   0x0000021a   Data   RW          394    .data               interfacescope.o
    0x2000027e   0x00000014   Data   RW          422    .data               samplingport.o
    0x20000292   0x00000002   PAD
    0x20000294   0x00000010   Data   RW          476    .data               stm32f4x7_eth.o
    0x200002a4   0x00000010   Data   RW         1031    .data               stm32f4xx_rcc.o
    0x200002b4   0x00000020   Data   RW         1238    .data               scope_it.o
    0x200002d4   0x00000012   Data   RW         1317    .data               buffercircle.o
    0x200002e6   0x00000012   Data   RW         1340    .data               netbuffercircle.o
    0x200002f8   0x00000012   Data   RW         1363    .data               samplebuffercircle.o
    0x2000030a   0x0000000c   Data   RW         1413    .data               driver.o
    0x20000316   0x00000001   Data   RW         1529    .data               etharp.o
    0x20000317   0x00000001   PAD
    0x20000318   0x00000012   Data   RW         1644    .data               ip.o
    0x2000032a   0x00000002   PAD
    0x2000032c   0x00000006   Data   RW         1704    .data               ip_frag.o
    0x20000332   0x00000002   PAD
    0x20000334   0x00000004   Data   RW         1734    .data               dhcp.o
    0x20000338   0x0000000c   Data   RW         1792    .data               mem.o
    0x20000344   0x00000009   Data   RW         1834    .data               netif.o
    0x2000034d   0x00000003   PAD
    0x20000350   0x00000004   Data   RW         1868    .data               raw.o
    0x20000354   0x00000023   Data   RW         1896    .data               tcp.o
    0x20000377   0x00000001   PAD
    0x20000378   0x00000020   Data   RW         1919    .data               tcp_in.o
    0x20000398   0x00000008   Data   RW         1965    .data               udp.o
    0x200003a0   0x00000018   Data   RW         2048    .data               netconf.o
    0x200003b8   0x00000010   Data   RW         2073    .data               stm32f4x7_eth_bsp.o
    0x200003c8   0x00000018   Data   RW         2106    .data               udp_echoserver.o
    0x200003e0   0x00000004   Data   RW         2437    .data               mc_w.l(stdout.o)
    0x200003e4   0x00000092   Zero   RW          302    .bss                systemscope.o
    0x20000476   0x00000002   PAD
    0x20000478   0x00000820   Zero   RW          330    .bss                processscope.o
    0x20000c98   0x00000cb8   Zero   RW          361    .bss                protocol.o
    0x20001950   0x00000bb8   Zero   RW          392    .bss                interfacescope.o
    0x20002508   0x00000050   Zero   RW          421    .bss                samplingport.o
    0x20002558   0x0000001c   Zero   RW          448    .bss                storagemanagement.o
    0x20002574   0x0000614c   Zero   RW          475    .bss                stm32f4x7_eth.o
    0x200086c0   0x00000030   Zero   RW         1288    .bss                scope_move.o
    0x200086f0   0x000009c4   Zero   RW         1316    .bss                buffercircle.o
    0x200090b4   0x00000c80   Zero   RW         1339    .bss                netbuffercircle.o
    0x20009d34   0x000000c8   Zero   RW         1362    .bss                samplebuffercircle.o
    0x20009dfc   0x000000c8   Zero   RW         1527    .bss                etharp.o
    0x20009ec4   0x00000010   Zero   RW         1681    .bss                ip_addr.o
    0x20009ed4   0x00000032   Zero   RW         1733    .bss                dhcp.o
    0x20009f06   0x00002814   Zero   RW         1791    .bss                mem.o
    0x2000c71a   0x00000002   PAD
    0x2000c71c   0x00004c07   Zero   RW         1807    .bss                memp.o
    0x20011323   0x00000001   PAD
    0x20011324   0x00000010   Zero   RW         1918    .bss                tcp_in.o
    0x20011334   0x00000038   Zero   RW         2047    .bss                netconf.o
    0x2001136c   0x000000bc   Zero   RW         2072    .bss                stm32f4x7_eth_bsp.o
    0x20011428   0x00004000   Zero   RW          292    STACK               startup_stm32f40_41xxx.o



  Load Region LR_IROM2 (Base: 0x08008000, Size: 0x000231a8, Max: 0x0003ffff, ABSOLUTE)

    Execution Region ER_IROM2 (Base: 0x08008000, Size: 0x000231a8, Max: 0x0003ffff, ABSOLUTE)

    Base Addr    Size         Type   Attr      Idx    E Section Name        Object

    0x08008000   0x0000022c   Code   RO            3    .text               scopemain.o
    0x0800822c   0x000002cc   Code   RO          268    .text               system_stm32f4xx.o
    0x080084f8   0x00000024   Code   RO          295    .text               startup_stm32f40_41xxx.o
    0x0800851c   0x000001d4   Code   RO          301    .text               systemscope.o
    0x080086f0   0x00005600   Code   RO          329    .text               processscope.o
    0x0800dcf0   0x0000049c   Code   RO          360    .text               protocol.o
    0x0800e18c   0x000019f8   Code   RO          391    .text               interfacescope.o
    0x0800fb84   0x00000364   Code   RO          420    .text               samplingport.o
    0x0800fee8   0x00000190   Code   RO          447    .text               storagemanagement.o
    0x08010078   0x00001e30   Code   RO          474    .text               stm32f4x7_eth.o
    0x08011ea8   0x000001dc   Code   RO          498    .text               misc.o
    0x08012084   0x00001070   Code   RO          538    .text               stm32f4xx_adc.o
    0x080130f4   0x000005f8   Code   RO          678    .text               stm32f4xx_dac.o
    0x080136ec   0x000013a4   Code   RO          761    .text               stm32f4xx_dma.o
    0x08014a90   0x000002f8   Code   RO          781    .text               stm32f4xx_exti.o
    0x08014d88   0x00000a94   Code   RO          801    .text               stm32f4xx_flash.o
    0x0801581c   0x00000e48   Code   RO          844    .text               stm32f4xx_fsmc.o
    0x08016664   0x00000a10   Code   RO          867    .text               stm32f4xx_gpio.o
    0x08017074   0x00000f60   Code   RO         1030    .text               stm32f4xx_rcc.o
    0x08017fd4   0x00000dd0   Code   RO         1135    .text               stm32f4xx_spi.o
    0x08018da4   0x0000019c   Code   RO         1155    .text               stm32f4xx_syscfg.o
    0x08018f40   0x00003284   Code   RO         1175    .text               stm32f4xx_tim.o
    0x0801c1c4   0x0000115c   Code   RO         1195    .text               stm32f4xx_usart.o
    0x0801d320   0x00000378   Code   RO         1215    .text               fpga.o
    0x0801d698   0x000002f0   Code   RO         1237    .text               scope_it.o
    0x0801d988   0x00000460   Code   RO         1259    .text               scope_eval.o
    0x0801dde8   0x000003ec   Code   RO         1287    .text               scope_move.o
    0x0801e1d4   0x000003b8   Code   RO         1315    .text               buffercircle.o
    0x0801e58c   0x000003b8   Code   RO         1338    .text               netbuffercircle.o
    0x0801e944   0x0000038c   Code   RO         1361    .text               samplebuffercircle.o
    0x0801ecd0   0x00002534   Code   RO         1410    .text               driver.o
    0x08021204   0x0000083c   Code   RO         1462    .text               ad7799.o
    0x08021a40   0x00000290   Code   RO         1484    .text               ethernetif.o
    0x08021cd0   0x0000092c   Code   RO         1526    .text               etharp.o
    0x080225fc   0x000001f0   Code   RO         1585    .text               icmp.o
    0x080227ec   0x00000222   Code   RO         1625    .text               inet_chksum.o
    0x08022a0e   0x00000002   PAD
    0x08022a10   0x00000308   Code   RO         1643    .text               ip.o
    0x08022d18   0x000002b4   Code   RO         1680    .text               ip_addr.o
    0x08022fcc   0x00000694   Code   RO         1703    .text               ip_frag.o
    0x08023660   0x0000003e   Code   RO         1720    .text               def.o
    0x0802369e   0x00000002   PAD
    0x080236a0   0x000010cc   Code   RO         1732    .text               dhcp.o
    0x0802476c   0x0000033c   Code   RO         1790    .text               mem.o
    0x08024aa8   0x000000a8   Code   RO         1806    .text               memp.o
    0x08024b50   0x000002ac   Code   RO         1833    .text               netif.o
    0x08024dfc   0x0000073a   Code   RO         1855    .text               pbuf.o
    0x08025536   0x00000002   PAD
    0x08025538   0x000001b0   Code   RO         1867    .text               raw.o
    0x080256e8   0x00000e18   Code   RO         1893    .text               tcp.o
    0x08026500   0x000012ac   Code   RO         1917    .text               tcp_in.o
    0x080277ac   0x00000c2e   Code   RO         1940    .text               tcp_out.o
    0x080283da   0x00000002   Code   RO         1952    .text               timers.o
    0x080283dc   0x00000480   Code   RO         1964    .text               udp.o
    0x0802885c   0x00000170   Code   RO         2046    .text               netconf.o
    0x080289cc   0x00000438   Code   RO         2071    .text               stm32f4x7_eth_bsp.o
    0x08028e04   0x0000025c   Code   RO         2104    .text               udp_echoserver.o
    0x08029060   0x00000024   Code   RO         2136    .text               mc_w.l(memcpya.o)
    0x08029084   0x00000024   Code   RO         2138    .text               mc_w.l(memseta.o)
    0x080290a8   0x00000018   Code   RO         2140    .text               mc_w.l(strncpy.o)
    0x080290c0   0x0000000e   Code   RO         2142    .text               mc_w.l(strlen.o)
    0x080290ce   0x0000001a   Code   RO         2144    .text               mc_w.l(memcmp.o)
    0x080290e8   0x0000014e   Code   RO         2409    .text               mf_w.l(dadd.o)
    0x08029236   0x000000e4   Code   RO         2411    .text               mf_w.l(dmul.o)
    0x0802931a   0x0000001a   Code   RO         2413    .text               mf_w.l(dfltui.o)
    0x08029334   0x0000003e   Code   RO         2415    .text               mf_w.l(dfixi.o)
    0x08029372   0x00000032   Code   RO         2417    .text               mf_w.l(dfixui.o)
    0x080293a4   0x00000026   Code   RO         2419    .text               mf_w.l(f2d.o)
    0x080293ca   0x00000002   PAD
    0x080293cc   0x00000028   Code   RO         2421    .text               mf_w.l(cdrcmple.o)
    0x080293f4   0x0000002c   Code   RO         2438    .text               mc_w.l(uidiv.o)
    0x08029420   0x00000062   Code   RO         2440    .text               mc_w.l(uldiv.o)
    0x08029482   0x0000001e   Code   RO         2442    .text               mc_w.l(llshl.o)
    0x080294a0   0x00000020   Code   RO         2444    .text               mc_w.l(llushr.o)
    0x080294c0   0x00000024   Code   RO         2446    .text               mc_w.l(llsshr.o)
    0x080294e4   0x00000000   Code   RO         2448    .text               mc_w.l(iusefp.o)
    0x080294e4   0x000000be   Code   RO         2449    .text               mf_w.l(depilogue.o)
    0x080295a2   0x000000de   Code   RO         2451    .text               mf_w.l(ddiv.o)
    0x08029680   0x00000030   Code   RO         2453    .text               mf_w.l(dfixul.o)
    0x080296b0   0x00000060   Code   RO         2465    .text               mc_w.l(__dclz77c.o)
    0x08029710   0x00000020   Code   RO         2381    i.__0printf         mc_w.l(printfa.o)
    0x08029730   0x00000028   Code   RO         2383    i.__0sprintf        mc_w.l(printfa.o)
    0x08029758   0x0000015c   Code   RO         2388    i._fp_digits        mc_w.l(printfa.o)
    0x080298b4   0x000006f0   Code   RO         2389    i._printf_core      mc_w.l(printfa.o)
    0x08029fa4   0x00000026   Code   RO         2390    i._printf_post_padding  mc_w.l(printfa.o)
    0x08029fca   0x00000030   Code   RO         2391    i._printf_pre_padding  mc_w.l(printfa.o)
    0x08029ffa   0x0000000a   Code   RO         2393    i._sputc            mc_w.l(printfa.o)
    0x0802a004   0x000000c0   Data   RO          303    .constdata          systemscope.o
    0x0802a0c4   0x00000d9d   Data   RO          331    .constdata          processscope.o
    0x0802ae61   0x00000003   PAD
    0x0802ae64   0x00000098   Data   RO          393    .constdata          interfacescope.o
    0x0802aefc   0x0000001c   Data   RO          845    .constdata          stm32f4xx_fsmc.o
    0x0802af18   0x00000134   Data   RO         1260    .constdata          scope_eval.o
    0x0802b04c   0x00000010   Data   RO         1289    .constdata          scope_move.o
    0x0802b05c   0x00000010   Data   RO         1412    .constdata          driver.o
    0x0802b06c   0x0000000c   Data   RO         1528    .constdata          etharp.o
    0x0802b078   0x00000008   Data   RO         1682    .constdata          ip_addr.o
    0x0802b080   0x00000024   Data   RO         1808    .constdata          memp.o
    0x0802b0a4   0x00000050   Data   RO         1894    .constdata          tcp.o
    0x0802b0f4   0x0000004b   Data   RO         2105    .constdata          udp_echoserver.o
    0x0802b13f   0x00000068   Data   RO         1895    .conststring        tcp.o


==============================================================================

Image component sizes


      Code (inc. data)   RO Data    RW Data    ZI Data      Debug   Object Name

      2108        154          0          0          0       5733   ad7799.o
       952         16          0         18       2500       4406   buffercircle.o
        62          0          0          0          0       1174   def.o
      4300         80          0          4         50      12570   dhcp.o
      9524       1294         16         12          0      28255   driver.o
      2348         22         12          1        200      15877   etharp.o
       656         36          0          0          0       7755   ethernetif.o
       888         18          0          0          0       2691   fpga.o
       496          8          0          0          0       3342   icmp.o
         0          0          0          0          0       3768   inet.o
       546          0          0          0          0       2897   inet_chksum.o
      6648        478        152        538       3000      45509   interfacescope.o
       776         30          0         18          0      15476   ip.o
       692         12          8          0         16       9151   ip_addr.o
      1684         18          0          6          0       6988   ip_frag.o
       828         18          0         12      10260       3822   mem.o
       168         18         36          0      19463       2322   memp.o
       476         56          0          0          0       1889   misc.o
       952         16          0         18       3200       4724   netbuffercircle.o
       368        142          0         24         56       1826   netconf.o
       684         20          0          9          0       6449   netif.o
      1850          0          0          0          0       8809   pbuf.o
     22016       4910       3485         29       2080      31913   processscope.o
      1180         58          0         12       3256       8251   protocol.o
       432         14          0          4          0       3237   raw.o
       908         16          0         18        200       4434   samplebuffercircle.o
       868         32          0         20         80       6209   samplingport.o
      1120        176        308          0          0      31214   scope_eval.o
       752         78          0         32          0       3380   scope_it.o
      1004         18         16          0         48       4431   scope_move.o
       556        278          0          0          0     419593   scopemain.o
        36          8        392          0      16384        796   startup_stm32f40_41xxx.o
      7728        216          0         16      24908      23289   stm32f4x7_eth.o
      1080        192          0         16        188       4669   stm32f4x7_eth_bsp.o
      4208        130          0          0          0      12554   stm32f4xx_adc.o
      1528         48          0          0          0       5381   stm32f4xx_dac.o
      5028        330          0          0          0       8513   stm32f4xx_dma.o
       760         50          0          0          0       2551   stm32f4xx_exti.o
      2708         82          0          0          0       9918   stm32f4xx_flash.o
      3656        130         28          0          0       7038   stm32f4xx_fsmc.o
      2576        178          0          0          0       5213   stm32f4xx_gpio.o
      3936        252          0         16          0      15056   stm32f4xx_rcc.o
      3536        168          0          0          0       8333   stm32f4xx_spi.o
       412         62          0          0          0       1961   stm32f4xx_syscfg.o
     12932        652          0          0          0      29104   stm32f4xx_tim.o
      4444        228          0          0          0       9852   stm32f4xx_usart.o
       400         46          0          0         28       3952   storagemanagement.o
       716         50          0         20          0       1968   system_stm32f4xx.o
       468         46        192         36        146       5689   systemscope.o
      3608        138        184         35          0      21203   tcp.o
      4780        232          0         32         16      14487   tcp_in.o
      3118          8          0          0          0       9307   tcp_out.o
         2          0          0          0          0        435   timers.o
      1152         22          0          8          0      13765   udp.o
       604        216         75         24          0       2237   udp_echoserver.o

    ----------------------------------------------------------------------
    135264      11500       4940        992      86084     925366   Object Totals
         0          0         32          0          0          0   (incl. Generated)
         6          0          4         14          5          0   (incl. Padding)

    ----------------------------------------------------------------------

      Code (inc. data)   RO Data    RW Data    ZI Data      Debug   Library Member Name

        96          0          0          0          0          0   __dclz77c.o
         0          0          0          0          0          0   entry.o
         0          0          0          0          0          0   entry10a.o
         0          0          0          0          0          0   entry11a.o
         8          4          0          0          0          0   entry2.o
         4          0          0          0          0          0   entry5.o
         0          0          0          0          0          0   entry7b.o
         0          0          0          0          0          0   entry8b.o
         8          4          0          0          0          0   entry9a.o
        30          0          0          0          0          0   handlers.o
        36          8          0          0          0         68   init.o
         0          0          0          0          0          0   iusefp.o
        30          0          0          0          0         68   llshl.o
        36          0          0          0          0         68   llsshr.o
        32          0          0          0          0         68   llushr.o
        26          0          0          0          0         80   memcmp.o
        36          0          0          0          0         68   memcpya.o
        36          0          0          0          0        108   memseta.o
      2292         96          0          0          0        596   printfa.o
         0          0          0          4          0          0   stdout.o
        14          0          0          0          0         68   strlen.o
        24          0          0          0          0         76   strncpy.o
        44          0          0          0          0         80   uidiv.o
        98          0          0          0          0         92   uldiv.o
        40          2          0          0          0         68   cdrcmple.o
       334          0          0          0          0        148   dadd.o
       222          0          0          0          0        100   ddiv.o
       190          0          0          0          0        176   depilogue.o
        62          0          0          0          0         80   dfixi.o
        50          0          0          0          0         76   dfixui.o
        48          0          0          0          0         68   dfixul.o
        26          0          0          0          0         76   dfltui.o
       228          0          0          0          0         96   dmul.o
        38          0          0          0          0         68   f2d.o

    ----------------------------------------------------------------------
      4092        114          0          4          0       2396   Library Totals
         4          0          0          0          0          0   (incl. Padding)

    ----------------------------------------------------------------------

      Code (inc. data)   RO Data    RW Data    ZI Data      Debug   Library Name

      2850        112          0          4          0       1440   mc_w.l
      1238          2          0          0          0        956   mf_w.l

    ----------------------------------------------------------------------
      4092        114          0          4          0       2396   Library Totals

    ----------------------------------------------------------------------

==============================================================================


      Code (inc. data)   RO Data    RW Data    ZI Data      Debug   

    139356      11614       4940        996      86084     913962   Grand Totals
    139356      11614       4940        240      86084     913962   ELF Image Totals (compressed)
    139356      11614       4940        240          0          0   ROM Totals

==============================================================================

    Total RO  Size (Code + RO Data)               144296 ( 140.91kB)
    Total RW  Size (RW Data + ZI Data)             87080 (  85.04kB)
    Total ROM Size (Code + RO Data + RW Data)     144536 ( 141.15kB)

==============================================================================

