ARM Linker, 5.03 [Build 76] [MDK-ARM Professional]

==============================================================================

Section Cross References

    scopemain.o(.text) refers to memseta.o(.text) for __aeabi_memclr4
    scopemain.o(.text) refers to storagemanagement.o(.text) for Flash_Read_Param
    scopemain.o(.text) refers to printf8.o(i.__0printf$8) for __2printf
    scopemain.o(.text) refers to scope_eval.o(.text) for EVAL_OutputSet
    scopemain.o(.text) refers to scope_it.o(.text) for IT_SYS_DlyMs
    scopemain.o(.text) refers to protocol.o(.text) for PL_InitProtocol
    scopemain.o(.text) refers to samplingport.o(.text) for SPG_InitProtocol
    scopemain.o(.text) refers to stm32f4x7_eth_bsp.o(.text) for ETH_BSP_Config
    scopemain.o(.text) refers to netconf.o(.text) for LwIP_Init
    scopemain.o(.text) refers to udp_echoserver.o(.text) for udp_echoserver_init
    scopemain.o(.text) refers to systemscope.o(.text) for Iint_SysParam
    scopemain.o(.text) refers to interfacescope.o(.text) for HW_LWIP_MainLine
    scopemain.o(.text) refers to storagemanagement.o(.bss) for g_Record_Param
    scopemain.o(.text) refers to processscope.o(.data) for g_AirLight_Flag
    system_stm32f4xx.o(.text) refers to stm32f4xx_rcc.o(.text) for RCC_DeInit
    system_stm32f4xx.o(.text) refers to system_stm32f4xx.o(.data) for SystemCoreClock
    startup_stm32f40_41xxx.o(RESET) refers to startup_stm32f40_41xxx.o(STACK) for __initial_sp
    startup_stm32f40_41xxx.o(RESET) refers to startup_stm32f40_41xxx.o(.text) for Reset_Handler
    startup_stm32f40_41xxx.o(RESET) refers to scope_it.o(.text) for SysTick_Handler
    startup_stm32f40_41xxx.o(RESET) refers to driver.o(.text) for DMA2_Stream0_IRQHandler
    startup_stm32f40_41xxx.o(.text) refers to system_stm32f4xx.o(.text) for SystemInit
    startup_stm32f40_41xxx.o(.text) refers to entry.o(.ARM.Collect$$$$00000000) for __main
    systemscope.o(.text) refers to memseta.o(.text) for __aeabi_memclr4
    systemscope.o(.text) refers to processscope.o(.bss) for g_CRP_Data
    systemscope.o(.text) refers to systemscope.o(.data) for g_nError
    systemscope.o(.text) refers to systemscope.o(.bss) for g_tAxisPosStatus
    systemscope.o(.text) refers to systemscope.o(.constdata) for m_nConstBitsMap
    processscope.o(.text) refers to scope_it.o(.text) for IT_LIST_GetTicks
    processscope.o(.text) refers to protocol.o(.text) for PL_NET_SendResult
    processscope.o(.text) refers to processscope.o(.data) for g_Udp_Count
    processscope.o(.text) refers to printf8.o(i.__0printf$8) for __2printf
    processscope.o(.text) refers to interfacescope.o(.text) for HW_LWIP_Working_Recv_Handle
    processscope.o(.text) refers to netconf.o(.text) for LwIP_Periodic_Handle
    processscope.o(.text) refers to systemscope.o(.bss) for g_tAxisPosStatus
    processscope.o(.text) refers to processscope.o(.constdata) for .constdata
    processscope.o(.text) refers to storagemanagement.o(.bss) for g_Record_Param
    processscope.o(.text) refers to storagemanagement.o(.text) for Flash_Write_Param
    processscope.o(.text) refers to memseta.o(.text) for __aeabi_memclr4
    processscope.o(.text) refers to driver.o(.text) for Get_Micro_OC_Status
    processscope.o(.text) refers to processscope.o(.bss) for g_CRP_Data
    processscope.o(.text) refers to stm32f4xx_adc.o(.text) for ADC_DMACmd
    processscope.o(.text) refers to stm32f4xx_dma.o(.text) for DMA_Cmd
    processscope.o(.text) refers to printf8.o(i.__0sprintf$8) for __2sprintf
    processscope.o(.text) refers to udp_echoserver.o(.text) for udp_echoserver_senddata
    processscope.o(.text) refers to protocol.o(.bss) for g_achFbkSdLogBuf
    processscope.o(.text) refers to systemscope.o(.text) for SYS_HasError
    processscope.o(.text) refers to strncpy.o(.text) for strncpy
    protocol.o(.text) refers to buffercircle.o(.text) for BUF_Send_Init
    protocol.o(.text) refers to netbuffercircle.o(.text) for NET_BUF_Send_Init
    protocol.o(.text) refers to stm32f4xx_usart.o(.text) for USART_ITConfig
    protocol.o(.text) refers to udp_echoserver.o(.text) for udp_echoserver_senddata
    protocol.o(.text) refers to memcpya.o(.text) for __aeabi_memcpy
    protocol.o(.text) refers to strlen.o(.text) for strlen
    protocol.o(.text) refers to protocol.o(.data) for m_NET_tRecvBufStatus
    protocol.o(.text) refers to protocol.o(.bss) for g_NET_achCmdRvBuf
    interfacescope.o(.text) refers to scope_move.o(.text) for MV_InitPara
    interfacescope.o(.text) refers to fpga.o(.text) for FPGA_ReadBuffer
    interfacescope.o(.text) refers to processscope.o(.text) for moto_work_stat_2
    interfacescope.o(.text) refers to scope_it.o(.text) for IT_SYS_DlyMs
    interfacescope.o(.text) refers to printf8.o(i.__0printf$8) for __2printf
    interfacescope.o(.text) refers to systemscope.o(.bss) for g_tAxisPosStatus
    interfacescope.o(.text) refers to scope_move.o(.bss) for g_atMotorPara
[...]
    DMA_ClearFlag                            0x080144bd   Thumb Code   220  stm32f4xx_dma.o(.text)
    DMA_ITConfig                             0x08014599   Thumb Code   244  stm32f4xx_dma.o(.text)
    DMA_GetITStatus                          0x0801468d   Thumb Code   590  stm32f4xx_dma.o(.text)
    DMA_ClearITPendingBit                    0x080148db   Thumb Code   220  stm32f4xx_dma.o(.text)
    EXTI_DeInit                              0x08014a59   Thumb Code    28  stm32f4xx_exti.o(.text)
    EXTI_Init                                0x08014a75   Thumb Code   236  stm32f4xx_exti.o(.text)
    EXTI_StructInit                          0x08014b61   Thumb Code    16  stm32f4xx_exti.o(.text)
    EXTI_GenerateSWInterrupt                 0x08014b71   Thumb Code    38  stm32f4xx_exti.o(.text)
    EXTI_GetFlagStatus                       0x08014b97   Thumb Code   164  stm32f4xx_exti.o(.text)
    EXTI_ClearFlag                           0x08014c3b   Thumb Code    30  stm32f4xx_exti.o(.text)
    EXTI_GetITStatus                         0x08014c59   Thumb Code   166  stm32f4xx_exti.o(.text)
    EXTI_ClearITPendingBit                   0x08014cff   Thumb Code    32  stm32f4xx_exti.o(.text)
    FLASH_SetLatency                         0x08014d51   Thumb Code    84  stm32f4xx_flash.o(.text)
    FLASH_PrefetchBufferCmd                  0x08014da5   Thumb Code    52  stm32f4xx_flash.o(.text)
    FLASH_InstructionCacheCmd                0x08014dd9   Thumb Code    52  stm32f4xx_flash.o(.text)
    FLASH_DataCacheCmd                       0x08014e0d   Thumb Code    52  stm32f4xx_flash.o(.text)
    FLASH_InstructionCacheReset              0x08014e41   Thumb Code    14  stm32f4xx_flash.o(.text)
    FLASH_DataCacheReset                     0x08014e4f   Thumb Code    14  stm32f4xx_flash.o(.text)
    FLASH_Unlock                             0x08014e5d   Thumb Code    26  stm32f4xx_flash.o(.text)
    FLASH_Lock                               0x08014e77   Thumb Code    18  stm32f4xx_flash.o(.text)
    FLASH_GetStatus                          0x08014e89   Thumb Code    90  stm32f4xx_flash.o(.text)
    FLASH_WaitForLastOperation               0x08014ee3   Thumb Code    34  stm32f4xx_flash.o(.text)
    FLASH_EraseSector                        0x08014f05   Thumb Code   278  stm32f4xx_flash.o(.text)
    FLASH_EraseAllSectors                    0x0801501b   Thumb Code   140  stm32f4xx_flash.o(.text)
    FLASH_EraseAllBank1Sectors               0x080150a7   Thumb Code   140  stm32f4xx_flash.o(.text)
    FLASH_EraseAllBank2Sectors               0x08015133   Thumb Code   190  stm32f4xx_flash.o(.text)
    FLASH_ProgramDoubleWord                  0x080151f1   Thumb Code   122  stm32f4xx_flash.o(.text)
    FLASH_ProgramWord                        0x0801526b   Thumb Code   112  stm32f4xx_flash.o(.text)
    FLASH_ProgramHalfWord                    0x080152db   Thumb Code   112  stm32f4xx_flash.o(.text)
    FLASH_ProgramByte                        0x0801534b   Thumb Code   108  stm32f4xx_flash.o(.text)
    FLASH_OB_Unlock                          0x080153b7   Thumb Code    26  stm32f4xx_flash.o(.text)
    FLASH_OB_Lock                            0x080153d1   Thumb Code    18  stm32f4xx_flash.o(.text)
    FLASH_OB_WRPConfig                       0x080153e3   Thumb Code    96  stm32f4xx_flash.o(.text)
    FLASH_OB_WRP1Config                      0x08015443   Thumb Code    96  stm32f4xx_flash.o(.text)
    FLASH_OB_PCROPSelectionConfig            0x080154a3   Thumb Code    48  stm32f4xx_flash.o(.text)
    FLASH_OB_PCROPConfig                     0x080154d3   Thumb Code    96  stm32f4xx_flash.o(.text)
    FLASH_OB_PCROP1Config                    0x08015533   Thumb Code   118  stm32f4xx_flash.o(.text)
    FLASH_OB_RDPConfig                       0x080155a9   Thumb Code    44  stm32f4xx_flash.o(.text)
    FLASH_OB_UserConfig                      0x080155d5   Thumb Code   116  stm32f4xx_flash.o(.text)
    FLASH_OB_BootConfig                      0x08015649   Thumb Code    50  stm32f4xx_flash.o(.text)
    FLASH_OB_BORConfig                       0x0801567b   Thumb Code    58  stm32f4xx_flash.o(.text)
    FLASH_OB_Launch                          0x080156b5   Thumb Code    30  stm32f4xx_flash.o(.text)
    FLASH_OB_GetUser                         0x080156d3   Thumb Code    12  stm32f4xx_flash.o(.text)
    FLASH_OB_GetWRP                          0x080156df   Thumb Code     8  stm32f4xx_flash.o(.text)
    FLASH_OB_GetWRP1                         0x080156e7   Thumb Code     8  stm32f4xx_flash.o(.text)
    FLASH_OB_GetPCROP                        0x080156ef   Thumb Code     8  stm32f4xx_flash.o(.text)
    FLASH_OB_GetPCROP1                       0x080156f7   Thumb Code     8  stm32f4xx_flash.o(.text)
    FLASH_OB_GetRDP                          0x080156ff   Thumb Code    18  stm32f4xx_flash.o(.text)
    FLASH_OB_GetBOR                          0x08015711   Thumb Code    12  stm32f4xx_flash.o(.text)
    FLASH_ITConfig                           0x0801571d   Thumb Code    82  stm32f4xx_flash.o(.text)
    FLASH_GetFlagStatus                      0x0801576f   Thumb Code    76  stm32f4xx_flash.o(.text)
    FLASH_ClearFlag                          0x080157bb   Thumb Code    38  stm32f4xx_flash.o(.text)
    FSMC_NORSRAMDeInit                       0x080157e5   Thumb Code    84  stm32f4xx_fsmc.o(.text)
    FSMC_NORSRAMInit                         0x08015839   Thumb Code   870  stm32f4xx_fsmc.o(.text)
    FSMC_NORSRAMStructInit                   0x08015b9f   Thumb Code    48  stm32f4xx_fsmc.o(.text)
    FSMC_NORSRAMCmd                          0x08015bcf   Thumb Code   152  stm32f4xx_fsmc.o(.text)
    FSMC_NANDDeInit                          0x08015c67   Thumb Code    90  stm32f4xx_fsmc.o(.text)
    FSMC_NANDInit                            0x08015cc1   Thumb Code   594  stm32f4xx_fsmc.o(.text)
    FSMC_NANDStructInit                      0x08015f13   Thumb Code    54  stm32f4xx_fsmc.o(.text)
    FSMC_NANDCmd                             0x08015f49   Thumb Code   136  stm32f4xx_fsmc.o(.text)
    FSMC_NANDECCCmd                          0x08015fd1   Thumb Code   160  stm32f4xx_fsmc.o(.text)
    FSMC_GetECC                              0x08016071   Thumb Code    22  stm32f4xx_fsmc.o(.text)
    FSMC_PCCARDDeInit                        0x08016087   Thumb Code    40  stm32f4xx_fsmc.o(.text)
    FSMC_PCCARDInit                          0x080160af   Thumb Code   532  stm32f4xx_fsmc.o(.text)
    FSMC_PCCARDStructInit                    0x080162c3   Thumb Code    60  stm32f4xx_fsmc.o(.text)
    FSMC_PCCARDCmd                           0x080162ff   Thumb Code    64  stm32f4xx_fsmc.o(.text)
    FSMC_ITConfig                            0x0801633f   Thumb Code   206  stm32f4xx_fsmc.o(.text)
    FSMC_GetFlagStatus                       0x0801640d   Thumb Code   160  stm32f4xx_fsmc.o(.text)
    FSMC_ClearFlag                           0x080164ad   Thumb Code   120  stm32f4xx_fsmc.o(.text)
    FSMC_GetITStatus                         0x08016525   Thumb Code   132  stm32f4xx_fsmc.o(.text)
    FSMC_ClearITPendingBit                   0x080165a9   Thumb Code   122  stm32f4xx_fsmc.o(.text)
    GPIO_DeInit                              0x0801662d   Thumb Code   344  stm32f4xx_gpio.o(.text)
    GPIO_Init                                0x08016785   Thumb Code   354  stm32f4xx_gpio.o(.text)
    GPIO_StructInit                          0x080168e7   Thumb Code    18  stm32f4xx_gpio.o(.text)
    GPIO_PinLockConfig                       0x080168f9   Thumb Code   134  stm32f4xx_gpio.o(.text)
    GPIO_ReadInputDataBit                    0x0801697f   Thumb Code   282  stm32f4xx_gpio.o(.text)
    GPIO_ReadInputData                       0x08016a99   Thumb Code    90  stm32f4xx_gpio.o(.text)
    GPIO_ReadOutputDataBit                   0x08016af3   Thumb Code   198  stm32f4xx_gpio.o(.text)
    GPIO_ReadOutputData                      0x08016bb9   Thumb Code    90  stm32f4xx_gpio.o(.text)
    GPIO_SetBits                             0x08016c13   Thumb Code   110  stm32f4xx_gpio.o(.text)
    GPIO_ResetBits                           0x08016c81   Thumb Code   110  stm32f4xx_gpio.o(.text)
    GPIO_WriteBit                            0x08016cef   Thumb Code   212  stm32f4xx_gpio.o(.text)
    GPIO_Write                               0x08016dc3   Thumb Code    90  stm32f4xx_gpio.o(.text)
    GPIO_ToggleBits                          0x08016e1d   Thumb Code   140  stm32f4xx_gpio.o(.text)
    GPIO_PinAFConfig                         0x08016ea9   Thumb Code   358  stm32f4xx_gpio.o(.text)
    RCC_DeInit                               0x0801703d   Thumb Code    82  stm32f4xx_rcc.o(.text)
    RCC_HSEConfig                            0x0801708f   Thumb Code    40  stm32f4xx_rcc.o(.text)
    RCC_GetFlagStatus                        0x080170b7   Thumb Code   134  stm32f4xx_rcc.o(.text)
    RCC_WaitForHSEStartUp                    0x0801713d   Thumb Code    56  stm32f4xx_rcc.o(.text)
    RCC_AdjustHSICalibrationValue            0x08017175   Thumb Code    38  stm32f4xx_rcc.o(.text)
    RCC_HSICmd                               0x0801719b   Thumb Code    28  stm32f4xx_rcc.o(.text)
    RCC_LSEConfig                            0x080171b7   Thumb Code    72  stm32f4xx_rcc.o(.text)
    RCC_LSICmd                               0x080171ff   Thumb Code    28  stm32f4xx_rcc.o(.text)
    RCC_PLLConfig                            0x0801721b   Thumb Code   156  stm32f4xx_rcc.o(.text)
    RCC_PLLCmd                               0x080172b7   Thumb Code    28  stm32f4xx_rcc.o(.text)
    RCC_PLLI2SConfig                         0x080172d3   Thumb Code    62  stm32f4xx_rcc.o(.text)
    RCC_PLLI2SCmd                            0x08017311   Thumb Code    28  stm32f4xx_rcc.o(.text)
    RCC_PLLSAIConfig                         0x0801732d   Thumb Code    88  stm32f4xx_rcc.o(.text)
    RCC_PLLSAICmd                            0x08017385   Thumb Code    28  stm32f4xx_rcc.o(.text)
    RCC_ClockSecuritySystemCmd               0x080173a1   Thumb Code    28  stm32f4xx_rcc.o(.text)
    RCC_MCO1Config                           0x080173bd   Thumb Code   168  stm32f4xx_rcc.o(.text)
    RCC_MCO2Config                           0x08017465   Thumb Code   102  stm32f4xx_rcc.o(.text)
    RCC_SYSCLKConfig                         0x080174cb   Thumb Code    44  stm32f4xx_rcc.o(.text)
    RCC_GetSYSCLKSource                      0x080174f7   Thumb Code    10  stm32f4xx_rcc.o(.text)
    RCC_HCLKConfig                           0x08017501   Thumb Code    68  stm32f4xx_rcc.o(.text)
    RCC_PCLK1Config                          0x08017545   Thumb Code    60  stm32f4xx_rcc.o(.text)
    RCC_PCLK2Config                          0x08017581   Thumb Code    62  stm32f4xx_rcc.o(.text)
    RCC_GetClocksFreq                        0x080175bf   Thumb Code   214  stm32f4xx_rcc.o(.text)
    RCC_RTCCLKConfig                         0x08017695   Thumb Code   262  stm32f4xx_rcc.o(.text)
    RCC_RTCCLKCmd                            0x0801779b   Thumb Code    30  stm32f4xx_rcc.o(.text)
    RCC_BackupResetCmd                       0x080177b9   Thumb Code    32  stm32f4xx_rcc.o(.text)
    RCC_I2SCLKConfig                         0x080177d9   Thumb Code    30  stm32f4xx_rcc.o(.text)
    RCC_SAIBlockACLKConfig                   0x080177f7   Thumb Code    50  stm32f4xx_rcc.o(.text)
    RCC_SAIBlockBCLKConfig                   0x08017829   Thumb Code    50  stm32f4xx_rcc.o(.text)
    RCC_SAIPLLI2SClkDivConfig                0x0801785b   Thumb Code    50  stm32f4xx_rcc.o(.text)
    RCC_SAIPLLSAIClkDivConfig                0x0801788d   Thumb Code   196  stm32f4xx_rcc.o(.text)
    RCC_LTDCCLKDivConfig                     0x08017951   Thumb Code    54  stm32f4xx_rcc.o(.text)
    RCC_TIMCLKPresConfig                     0x08017987   Thumb Code    30  stm32f4xx_rcc.o(.text)
    RCC_AHB1PeriphClockCmd                   0x080179a5   Thumb Code    82  stm32f4xx_rcc.o(.text)
    RCC_AHB2PeriphClockCmd                   0x080179f7   Thumb Code    82  stm32f4xx_rcc.o(.text)
    RCC_AHB3PeriphClockCmd                   0x08017a49   Thumb Code    82  stm32f4xx_rcc.o(.text)
    RCC_APB1PeriphClockCmd                   0x08017a9b   Thumb Code    82  stm32f4xx_rcc.o(.text)
    RCC_APB2PeriphClockCmd                   0x08017aed   Thumb Code    82  stm32f4xx_rcc.o(.text)
    RCC_AHB1PeriphResetCmd                   0x08017b3f   Thumb Code    82  stm32f4xx_rcc.o(.text)
    RCC_AHB2PeriphResetCmd                   0x08017b91   Thumb Code    82  stm32f4xx_rcc.o(.text)
    RCC_AHB3PeriphResetCmd                   0x08017be3   Thumb Code    82  stm32f4xx_rcc.o(.text)
    RCC_APB1PeriphResetCmd                   0x08017c35   Thumb Code    82  stm32f4xx_rcc.o(.text)
    RCC_APB2PeriphResetCmd                   0x08017c87   Thumb Code    82  stm32f4xx_rcc.o(.text)
    RCC_AHB1PeriphClockLPModeCmd             0x08017cd9   Thumb Code   108  stm32f4xx_rcc.o(.text)
    RCC_AHB2PeriphClockLPModeCmd             0x08017d45   Thumb Code    82  stm32f4xx_rcc.o(.text)
    RCC_AHB3PeriphClockLPModeCmd             0x08017d97   Thumb Code    82  stm32f4xx_rcc.o(.text)
    RCC_APB1PeriphClockLPModeCmd             0x08017de9   Thumb Code    82  stm32f4xx_rcc.o(.text)
    RCC_APB2PeriphClockLPModeCmd             0x08017e3b   Thumb Code    82  stm32f4xx_rcc.o(.text)
    RCC_LSEModeConfig                        0x08017e8d   Thumb Code    64  stm32f4xx_rcc.o(.text)
    RCC_ITConfig                             0x08017ecd   Thumb Code    82  stm32f4xx_rcc.o(.text)
    RCC_ClearFlag                            0x08017f1f   Thumb Code    18  stm32f4xx_rcc.o(.text)
    RCC_GetITStatus                          0x08017f31   Thumb Code    72  stm32f4xx_rcc.o(.text)
    RCC_ClearITPendingBit                    0x08017f79   Thumb Code    28  stm32f4xx_rcc.o(.text)
    SPI_I2S_DeInit                           0x08017f9d   Thumb Code   198  stm32f4xx_spi.o(.text)
    SPI_Init                                 0x08018063   Thumb Code   366  stm32f4xx_spi.o(.text)
    I2S_Init                                 0x080181d1   Thumb Code   624  stm32f4xx_spi.o(.text)
    SPI_StructInit                           0x08018441   Thumb Code    24  stm32f4xx_spi.o(.text)
    I2S_StructInit                           0x08018459   Thumb Code    20  stm32f4xx_spi.o(.text)
    SPI_Cmd                                  0x0801846d   Thumb Code   100  stm32f4xx_spi.o(.text)
    I2S_Cmd                                  0x080184d1   Thumb Code    88  stm32f4xx_spi.o(.text)
    SPI_DataSizeConfig                       0x08018529   Thumb Code    96  stm32f4xx_spi.o(.text)
    SPI_BiDirectionalLineConfig              0x08018589   Thumb Code   112  stm32f4xx_spi.o(.text)
    SPI_NSSInternalSoftwareConfig            0x080185f9   Thumb Code   114  stm32f4xx_spi.o(.text)
    SPI_SSOutputCmd                          0x0801866b   Thumb Code   100  stm32f4xx_spi.o(.text)
    SPI_TIModeCmd                            0x080186cf   Thumb Code   100  stm32f4xx_spi.o(.text)
    I2S_FullDuplexConfig                     0x08018733   Thumb Code   258  stm32f4xx_spi.o(.text)
    SPI_I2S_ReceiveData                      0x08018835   Thumb Code   100  stm32f4xx_spi.o(.text)
    SPI_I2S_SendData                         0x08018899   Thumb Code    72  stm32f4xx_spi.o(.text)
    SPI_CalculateCRC                         0x080188e1   Thumb Code   100  stm32f4xx_spi.o(.text)
    SPI_TransmitCRC                          0x08018945   Thumb Code    64  stm32f4xx_spi.o(.text)
    SPI_GetCRC                               0x08018985   Thumb Code    92  stm32f4xx_spi.o(.text)
    SPI_GetCRCPolynomial                     0x080189e1   Thumb Code    58  stm32f4xx_spi.o(.text)
    SPI_I2S_DMACmd                           0x08018a1b   Thumb Code   132  stm32f4xx_spi.o(.text)
    SPI_I2S_ITConfig                         0x08018a9f   Thumb Code   156  stm32f4xx_spi.o(.text)
    SPI_I2S_GetFlagStatus                    0x08018b3b   Thumb Code   138  stm32f4xx_spi.o(.text)
    SPI_I2S_ClearFlag                        0x08018bc5   Thumb Code    92  stm32f4xx_spi.o(.text)
    SPI_I2S_GetITStatus                      0x08018c21   Thumb Code   200  stm32f4xx_spi.o(.text)
    SPI_I2S_ClearITPendingBit                0x08018ce9   Thumb Code   104  stm32f4xx_spi.o(.text)
    SYSCFG_DeInit                            0x08018d6d   Thumb Code    22  stm32f4xx_syscfg.o(.text)
    SYSCFG_MemoryRemapConfig                 0x08018d83   Thumb Code    34  stm32f4xx_syscfg.o(.text)
    SYSCFG_MemorySwappingBank                0x08018da5   Thumb Code    26  stm32f4xx_syscfg.o(.text)
    SYSCFG_EXTILineConfig                    0x08018dbf   Thumb Code   194  stm32f4xx_syscfg.o(.text)
    SYSCFG_ETH_MediaInterfaceConfig          0x08018e81   Thumb Code    26  stm32f4xx_syscfg.o(.text)
    SYSCFG_CompensationCellCmd               0x08018e9b   Thumb Code    26  stm32f4xx_syscfg.o(.text)
    SYSCFG_GetCompensationCellStatus         0x08018eb5   Thumb Code    22  stm32f4xx_syscfg.o(.text)
    TIM_DeInit                               0x08018f09   Thumb Code   440  stm32f4xx_tim.o(.text)
    TIM_TimeBaseInit                         0x080190c1   Thumb Code   278  stm32f4xx_tim.o(.text)
    TIM_TimeBaseStructInit                   0x080191d7   Thumb Code    18  stm32f4xx_tim.o(.text)
    TIM_PrescalerConfig                      0x080191e9   Thumb Code   128  stm32f4xx_tim.o(.text)
    TIM_CounterModeConfig                    0x08019269   Thumb Code   100  stm32f4xx_tim.o(.text)
    TIM_SetCounter                           0x080192cd   Thumb Code   202  stm32f4xx_tim.o(.text)
    TIM_SetAutoreload                        0x08019397   Thumb Code   108  stm32f4xx_tim.o(.text)
    TIM_GetCounter                           0x08019403   Thumb Code   106  stm32f4xx_tim.o(.text)
    TIM_GetPrescaler                         0x0801946d   Thumb Code   106  stm32f4xx_tim.o(.text)
    TIM_UpdateDisableConfig                  0x080194d7   Thumb Code   148  stm32f4xx_tim.o(.text)
    TIM_UpdateRequestConfig                  0x0801956b   Thumb Code   148  stm32f4xx_tim.o(.text)
    TIM_ARRPreloadConfig                     0x080195ff   Thumb Code   148  stm32f4xx_tim.o(.text)
    TIM_SelectOnePulseMode                   0x08019693   Thumb Code   142  stm32f4xx_tim.o(.text)
    TIM_SetClockDivision                     0x08019721   Thumb Code   192  stm32f4xx_tim.o(.text)
    TIM_Cmd                                  0x080197e1   Thumb Code   148  stm32f4xx_tim.o(.text)
    TIM_OC1Init                              0x08019875   Thumb Code   416  stm32f4xx_tim.o(.text)
    TIM_OC2Init                              0x08019a15   Thumb Code   486  stm32f4xx_tim.o(.text)
    TIM_OC3Init                              0x08019bfb   Thumb Code   416  stm32f4xx_tim.o(.text)
    TIM_OC4Init                              0x08019d9b   Thumb Code   300  stm32f4xx_tim.o(.text)
    TIM_OCStructInit                         0x08019ec7   Thumb Code    20  stm32f4xx_tim.o(.text)
    TIM_SelectOCxM                           0x08019edb   Thumb Code   256  stm32f4xx_tim.o(.text)
    TIM_SetCompare1                          0x08019fdb   Thumb Code   142  stm32f4xx_tim.o(.text)
    TIM_SetCompare2                          0x0801a069   Thumb Code    72  stm32f4xx_tim.o(.text)
    TIM_SetCompare3                          0x0801a0b1   Thumb Code    60  stm32f4xx_tim.o(.text)
    TIM_SetCompare4                          0x0801a0ed   Thumb Code    60  stm32f4xx_tim.o(.text)
    TIM_ForcedOC1Config                      0x0801a129   Thumb Code   130  stm32f4xx_tim.o(.text)
    TIM_ForcedOC2Config                      0x0801a1ab   Thumb Code   114  stm32f4xx_tim.o(.text)
    TIM_ForcedOC3Config                      0x0801a21d   Thumb Code    94  stm32f4xx_tim.o(.text)
    TIM_ForcedOC4Config                      0x0801a27b   Thumb Code   102  stm32f4xx_tim.o(.text)
    TIM_OC1PreloadConfig                     0x0801a2e1   Thumb Code   126  stm32f4xx_tim.o(.text)
    TIM_OC2PreloadConfig                     0x0801a35f   Thumb Code   108  stm32f4xx_tim.o(.text)
    TIM_OC3PreloadConfig                     0x0801a3cb   Thumb Code   138  stm32f4xx_tim.o(.text)
    TIM_OC4PreloadConfig                     0x0801a455   Thumb Code    96  stm32f4xx_tim.o(.text)
    TIM_OC1FastConfig                        0x0801a4b5   Thumb Code   124  stm32f4xx_tim.o(.text)
    TIM_OC2FastConfig                        0x0801a531   Thumb Code   108  stm32f4xx_tim.o(.text)
    TIM_OC3FastConfig                        0x0801a59d   Thumb Code    88  stm32f4xx_tim.o(.text)
    TIM_OC4FastConfig                        0x0801a5f5   Thumb Code    96  stm32f4xx_tim.o(.text)
    TIM_ClearOC1Ref                          0x0801a655   Thumb Code   124  stm32f4xx_tim.o(.text)
    TIM_ClearOC2Ref                          0x0801a6d1   Thumb Code   106  stm32f4xx_tim.o(.text)
    TIM_ClearOC3Ref                          0x0801a73b   Thumb Code    88  stm32f4xx_tim.o(.text)
    TIM_ClearOC4Ref                          0x0801a793   Thumb Code    94  stm32f4xx_tim.o(.text)
    TIM_OC1PolarityConfig                    0x0801a7f1   Thumb Code   174  stm32f4xx_tim.o(.text)
    TIM_OC1NPolarityConfig                   0x0801a89f   Thumb Code    64  stm32f4xx_tim.o(.text)
    TIM_OC2PolarityConfig                    0x0801a8df   Thumb Code   108  stm32f4xx_tim.o(.text)
    TIM_OC2NPolarityConfig                   0x0801a94b   Thumb Code    72  stm32f4xx_tim.o(.text)
    TIM_OC3PolarityConfig                    0x0801a993   Thumb Code    96  stm32f4xx_tim.o(.text)
    TIM_OC3NPolarityConfig                   0x0801a9f3   Thumb Code    72  stm32f4xx_tim.o(.text)
    TIM_OC4PolarityConfig                    0x0801aa3b   Thumb Code    96  stm32f4xx_tim.o(.text)
    TIM_CCxCmd                               0x0801aa9b   Thumb Code   168  stm32f4xx_tim.o(.text)
    TIM_CCxNCmd                              0x0801ab43   Thumb Code   104  stm32f4xx_tim.o(.text)
    TIM_SetIC4Prescaler                      0x0801abab   Thumb Code   106  stm32f4xx_tim.o(.text)
    TIM_SetIC3Prescaler                      0x0801ac95   Thumb Code    98  stm32f4xx_tim.o(.text)
    TIM_SetIC2Prescaler                      0x0801ad3f   Thumb Code   118  stm32f4xx_tim.o(.text)
    TIM_SetIC1Prescaler                      0x0801ae05   Thumb Code   134  stm32f4xx_tim.o(.text)
    TIM_ICInit                               0x0801aec5   Thumb Code   508  stm32f4xx_tim.o(.text)
    TIM_ICStructInit                         0x0801b0c1   Thumb Code    18  stm32f4xx_tim.o(.text)
    TIM_PWMIConfig                           0x0801b0d3   Thumb Code   184  stm32f4xx_tim.o(.text)
    TIM_GetCapture1                          0x0801b18b   Thumb Code    92  stm32f4xx_tim.o(.text)
    TIM_GetCapture2                          0x0801b1e7   Thumb Code    68  stm32f4xx_tim.o(.text)
    TIM_GetCapture3                          0x0801b22b   Thumb Code    56  stm32f4xx_tim.o(.text)
    TIM_GetCapture4                          0x0801b263   Thumb Code    56  stm32f4xx_tim.o(.text)
    TIM_BDTRConfig                           0x0801b29b   Thumb Code   222  stm32f4xx_tim.o(.text)
    TIM_BDTRStructInit                       0x0801b379   Thumb Code    18  stm32f4xx_tim.o(.text)
    TIM_CtrlPWMOutputs                       0x0801b38b   Thumb Code    78  stm32f4xx_tim.o(.text)
    TIM_SelectCOM                            0x0801b3d9   Thumb Code    72  stm32f4xx_tim.o(.text)
    TIM_CCPreloadControl                     0x0801b421   Thumb Code    72  stm32f4xx_tim.o(.text)
    TIM_ITConfig                             0x0801b469   Thumb Code   218  stm32f4xx_tim.o(.text)
    TIM_GenerateEvent                        0x0801b543   Thumb Code   126  stm32f4xx_tim.o(.text)
    TIM_GetFlagStatus                        0x0801b5c1   Thumb Code   188  stm32f4xx_tim.o(.text)
    TIM_ClearFlag                            0x0801b67d   Thumb Code   108  stm32f4xx_tim.o(.text)
    TIM_GetITStatus                          0x0801b6e9   Thumb Code   186  stm32f4xx_tim.o(.text)
    TIM_ClearITPendingBit                    0x0801b7a3   Thumb Code   108  stm32f4xx_tim.o(.text)
    TIM_DMAConfig                            0x0801b80f   Thumb Code   334  stm32f4xx_tim.o(.text)
    TIM_DMACmd                               0x0801b95d   Thumb Code   126  stm32f4xx_tim.o(.text)
    TIM_SelectCCDMA                          0x0801b9db   Thumb Code    96  stm32f4xx_tim.o(.text)
    TIM_InternalClockConfig                  0x0801ba3b   Thumb Code    76  stm32f4xx_tim.o(.text)
    TIM_SelectInputTrigger                   0x0801ba87   Thumb Code   148  stm32f4xx_tim.o(.text)
    TIM_ITRxExternalClockConfig              0x0801bb1b   Thumb Code   110  stm32f4xx_tim.o(.text)
    TIM_TIxExternalClockConfig               0x0801bb89   Thumb Code   184  stm32f4xx_tim.o(.text)
    TIM_ETRConfig                            0x0801bc41   Thumb Code   164  stm32f4xx_tim.o(.text)
    TIM_ETRClockMode1Config                  0x0801bce5   Thumb Code   228  stm32f4xx_tim.o(.text)
    TIM_ETRClockMode2Config                  0x0801bdc9   Thumb Code   152  stm32f4xx_tim.o(.text)
    TIM_SelectOutputTrigger                  0x0801be61   Thumb Code   126  stm32f4xx_tim.o(.text)
    TIM_SelectSlaveMode                      0x0801bedf   Thumb Code   112  stm32f4xx_tim.o(.text)
    TIM_SelectMasterSlaveMode                0x0801bf4f   Thumb Code   102  stm32f4xx_tim.o(.text)
    TIM_EncoderInterfaceConfig               0x0801bfb5   Thumb Code   226  stm32f4xx_tim.o(.text)
    TIM_SelectHallSensor                     0x0801c097   Thumb Code   108  stm32f4xx_tim.o(.text)
    TIM_RemapConfig                          0x0801c103   Thumb Code   138  stm32f4xx_tim.o(.text)
    USART_DeInit                             0x0801c18d   Thumb Code   276  stm32f4xx_usart.o(.text)
    USART_Init                               0x0801c2a1   Thumb Code   492  stm32f4xx_usart.o(.text)
    USART_StructInit                         0x0801c48d   Thumb Code    24  stm32f4xx_usart.o(.text)
    USART_ClockInit                          0x0801c4a5   Thumb Code   166  stm32f4xx_usart.o(.text)
    USART_ClockStructInit                    0x0801c54b   Thumb Code    12  stm32f4xx_usart.o(.text)
    USART_Cmd                                0x0801c557   Thumb Code   214  stm32f4xx_usart.o(.text)
    USART_SetPrescaler                       0x0801c62d   Thumb Code    96  stm32f4xx_usart.o(.text)
    USART_OverSampling8Cmd                   0x0801c68d   Thumb Code   122  stm32f4xx_usart.o(.text)
    USART_OneBitMethodCmd                    0x0801c707   Thumb Code   124  stm32f4xx_usart.o(.text)
    USART_SendData                           0x0801c783   Thumb Code   108  stm32f4xx_usart.o(.text)
    USART_ReceiveData                        0x0801c7ef   Thumb Code    86  stm32f4xx_usart.o(.text)
    USART_SetAddress                         0x0801c845   Thumb Code   116  stm32f4xx_usart.o(.text)
    USART_ReceiverWakeUpCmd                  0x0801c8b9   Thumb Code   124  stm32f4xx_usart.o(.text)
    USART_WakeUpConfig                       0x0801c935   Thumb Code   120  stm32f4xx_usart.o(.text)
    USART_LINBreakDetectLengthConfig         0x0801c9ad   Thumb Code   160  stm32f4xx_usart.o(.text)
    USART_LINCmd                             0x0801ca4d   Thumb Code   124  stm32f4xx_usart.o(.text)
    USART_SendBreak                          0x0801cac9   Thumb Code    88  stm32f4xx_usart.o(.text)
    USART_HalfDuplexCmd                      0x0801cb21   Thumb Code   124  stm32f4xx_usart.o(.text)
    USART_SetGuardTime                       0x0801cb9d   Thumb Code    60  stm32f4xx_usart.o(.text)
    USART_SmartCardCmd                       0x0801cbd9   Thumb Code    88  stm32f4xx_usart.o(.text)
    USART_SmartCardNACKCmd                   0x0801cc31   Thumb Code    88  stm32f4xx_usart.o(.text)
    USART_IrDAConfig                         0x0801cc89   Thumb Code   118  stm32f4xx_usart.o(.text)
    USART_IrDACmd                            0x0801ccff   Thumb Code   124  stm32f4xx_usart.o(.text)
    USART_DMACmd                             0x0801cd7b   Thumb Code   184  stm32f4xx_usart.o(.text)
    USART_ITConfig                           0x0801ce33   Thumb Code   290  stm32f4xx_usart.o(.text)
    USART_GetFlagStatus                      0x0801cf55   Thumb Code   200  stm32f4xx_usart.o(.text)
    USART_ClearFlag                          0x0801d01d   Thumb Code   158  stm32f4xx_usart.o(.text)
    USART_GetITStatus                        0x0801d0bb   Thumb Code   306  stm32f4xx_usart.o(.text)
    USART_ClearITPendingBit                  0x0801d1ed   Thumb Code   234  stm32f4xx_usart.o(.text)
    FPGA_Init                                0x0801d2e9   Thumb Code   674  fpga.o(.text)
    FPGA_WriteBuffer                         0x0801d58b   Thumb Code    24  fpga.o(.text)
    FPGA_ResetHardware                       0x0801d5a3   Thumb Code   104  fpga.o(.text)
    FPGA_ReadBuffer                          0x0801d60b   Thumb Code    22  fpga.o(.text)
    FPGA_DATA_WriteBuffer                    0x0801d621   Thumb Code    24  fpga.o(.text)
    FPGA_DATA_ReadBuffer                     0x0801d639   Thumb Code    22  fpga.o(.text)
    SysTick_Handler                          0x0801d661   Thumb Code    38  scope_it.o(.text)
    TIM2_IRQHandler                          0x0801d687   Thumb Code   380  scope_it.o(.text)
    USART1_IRQHandler                        0x0801d803   Thumb Code    14  scope_it.o(.text)
    USART3_IRQHandler                        0x0801d811   Thumb Code    14  scope_it.o(.text)
    IT_SYS_DlyMs                             0x0801d81f   Thumb Code    30  scope_it.o(.text)
    IT_SYS_GetTicks                          0x0801d83d   Thumb Code     6  scope_it.o(.text)
    IT_SYS_SetTicks                          0x0801d843   Thumb Code    10  scope_it.o(.text)
    IT_SYS_SetDlyMs                          0x0801d84d   Thumb Code    16  scope_it.o(.text)
    IT_SYS_CheckDlyFin                       0x0801d85d   Thumb Code    20  scope_it.o(.text)
    IT_LIST_GetTicks                         0x0801d871   Thumb Code     6  scope_it.o(.text)
    IT_LIST_SetTicks                         0x0801d877   Thumb Code    10  scope_it.o(.text)
    IT_ADC_GetTicks                          0x0801d881   Thumb Code     6  scope_it.o(.text)
    IT_ADC_SetTicks                          0x0801d887   Thumb Code    10  scope_it.o(.text)
    assert_failed                            0x0801d8f5   Thumb Code    18  scope_eval.o(.text)
    fputc                                    0x0801d907   Thumb Code    16  scope_eval.o(.text)
    PF_InitTimer2                            0x0801d917   Thumb Code   122  scope_eval.o(.text)
    EVAL_Init                                0x0801dab9   Thumb Code   234  scope_eval.o(.text)
    EVAL_OutputSet                           0x0801dba3   Thumb Code    16  scope_eval.o(.text)
    EVAL_OutputClr                           0x0801dbb3   Thumb Code    16  scope_eval.o(.text)
    EVAL_OutputToggle                        0x0801dbc3   Thumb Code    26  scope_eval.o(.text)
    EVAL_InputGetState                       0x0801dc79   Thumb Code    22  scope_eval.o(.text)
    MV_InitPara                              0x0801dd89   Thumb Code   190  scope_move.o(.text)
    MV_Move                                  0x0801de47   Thumb Code   434  scope_move.o(.text)
    MV_Stop                                  0x0801dff9   Thumb Code    98  scope_move.o(.text)
    MV_Wait                                  0x0801e05b   Thumb Code    84  scope_move.o(.text)
    MV_GetStepsExecuted                      0x0801e0af   Thumb Code    56  scope_move.o(.text)
    MV_IsFinished                            0x0801e0e7   Thumb Code    20  scope_move.o(.text)
    MV_IsrMoveHandling                       0x0801e0fb   Thumb Code   104  scope_move.o(.text)
    BUF_Send_Init                            0x0801e175   Thumb Code    14  buffercircle.o(.text)
    BUF_Send_PutChar                         0x0801e183   Thumb Code    54  buffercircle.o(.text)
    BUF_Send_GetChar                         0x0801e1b9   Thumb Code    74  buffercircle.o(.text)
    BUF_Send_PutNChar                        0x0801e28d   Thumb Code    94  buffercircle.o(.text)
    BUF_Send_GetNChar                        0x0801e2eb   Thumb Code    94  buffercircle.o(.text)
    BUF_Recv_Init                            0x0801e349   Thumb Code    14  buffercircle.o(.text)
    BUF_Recv_PutChar                         0x0801e357   Thumb Code    54  buffercircle.o(.text)
    BUF_Recv_GetChar                         0x0801e38d   Thumb Code    74  buffercircle.o(.text)
    BUF_Recv_PutNChar                        0x0801e461   Thumb Code    94  buffercircle.o(.text)
    BUF_Recv_GetNChar                        0x0801e4bf   Thumb Code    94  buffercircle.o(.text)
    NET_BUF_Send_Init                        0x0801e52d   Thumb Code    14  netbuffercircle.o(.text)
    NET_BUF_Send_PutChar                     0x0801e53b   Thumb Code    54  netbuffercircle.o(.text)
    NET_BUF_Send_GetChar                     0x0801e571   Thumb Code    74  netbuffercircle.o(.text)
    NET_BUF_Send_GetLenConsume               0x0801e5bb   Thumb Code   112  netbuffercircle.o(.text)
    NET_BUF_Send_GetLenRemain                0x0801e62b   Thumb Code    26  netbuffercircle.o(.text)
    NET_BUF_Send_PutNChar                    0x0801e645   Thumb Code    94  netbuffercircle.o(.text)
    NET_BUF_Send_GetNChar                    0x0801e6a3   Thumb Code    94  netbuffercircle.o(.text)
    NET_BUF_Recv_Init                        0x0801e701   Thumb Code    14  netbuffercircle.o(.text)
    NET_BUF_Recv_PutChar                     0x0801e70f   Thumb Code    54  netbuffercircle.o(.text)
    NET_BUF_Recv_GetChar                     0x0801e745   Thumb Code    74  netbuffercircle.o(.text)
    NET_BUF_Recv_GetLenConsume               0x0801e78f   Thumb Code   112  netbuffercircle.o(.text)
    NET_BUF_Recv_GetLenRemain                0x0801e7ff   Thumb Code    26  netbuffercircle.o(.text)
    NET_BUF_Recv_PutNChar                    0x0801e819   Thumb Code    94  netbuffercircle.o(.text)
    NET_BUF_Recv_GetNChar                    0x0801e877   Thumb Code    94  netbuffercircle.o(.text)
    SPG_Send_Init                            0x0801e8e5   Thumb Code    14  samplebuffercircle.o(.text)
    SPG_Send_PutChar                         0x0801e8f3   Thumb Code    52  samplebuffercircle.o(.text)
    SPG_Send_GetChar                         0x0801e927   Thumb Code    68  samplebuffercircle.o(.text)
    SPG_Send_PutNChar                        0x0801e9eb   Thumb Code    92  samplebuffercircle.o(.text)
    SPG_Send_GetNChar                        0x0801ea47   Thumb Code    92  samplebuffercircle.o(.text)
    SPG_Recv_Init                            0x0801eaa3   Thumb Code    14  samplebuffercircle.o(.text)
    SPG_Recv_PutChar                         0x0801eab1   Thumb Code    52  samplebuffercircle.o(.text)
    SPG_Recv_GetChar                         0x0801eae5   Thumb Code    68  samplebuffercircle.o(.text)
    SPG_Recv_PutNChar                        0x0801eba9   Thumb Code    92  samplebuffercircle.o(.text)
    SPG_Recv_GetNChar                        0x0801ec05   Thumb Code    92  samplebuffercircle.o(.text)
    Delay_US                                 0x0801ec71   Thumb Code    54  driver.o(.text)
    ADC1_DMA_Config                          0x0801eca7   Thumb Code   174  driver.o(.text)
    ADC1_Init                                0x0801ed55   Thumb Code   192  driver.o(.text)
    DMA2_Stream0_IRQHandler                  0x0801ee15   Thumb Code    72  driver.o(.text)
    DMA2_Stream3_IRQHandler                  0x0801ee5d   Thumb Code    80  driver.o(.text)
    ADC2_DMA_Config                          0x0801eead   Thumb Code   194  driver.o(.text)
    ADC2_Init                                0x0801ef6f   Thumb Code   174  driver.o(.text)
    Get_Adc                                  0x0801f01d   Thumb Code   144  driver.o(.text)
    ADC3_GPIO_Init                           0x0801f0ad   Thumb Code   226  driver.o(.text)
    ADC3_Init                                0x0801f18f   Thumb Code    84  driver.o(.text)
    Press_I2C_Init                           0x0801f1e3   Thumb Code    96  driver.o(.text)
    Press_Init                               0x0801f243   Thumb Code     8  driver.o(.text)
    Press_I2C_Start                          0x0801f24b   Thumb Code    68  driver.o(.text)
    Press_I2C_Stop                           0x0801f28f   Thumb Code    60  driver.o(.text)
    Press_I2C_Wait_Ack                       0x0801f2cb   Thumb Code    78  driver.o(.text)
    Press_I2C_Ack                            0x0801f319   Thumb Code    72  driver.o(.text)
    Press_I2C_NAck                           0x0801f361   Thumb Code    72  driver.o(.text)
    Press_I2C_Send_Byte                      0x0801f3a9   Thumb Code    96  driver.o(.text)
    Press_I2C_Read_Byte                      0x0801f409   Thumb Code    94  driver.o(.text)
    Get_Press_I2C                            0x0801f467   Thumb Code   242  driver.o(.text)
    Get_Press_ADC                            0x0801f559   Thumb Code     4  driver.o(.text)
    Get_XK_ADC                               0x0801f55d   Thumb Code    86  driver.o(.text)
    Get_56V_Cur_ADC                          0x0801f5b3   Thumb Code    86  driver.o(.text)
    Get_LED_Cur_ADC                          0x0801f609   Thumb Code    86  driver.o(.text)
    HW_Get_ADC_HGB                           0x0801f65f   Thumb Code    82  driver.o(.text)
    HW_Get_ADC_CRP                           0x0801f6b1   Thumb Code    82  driver.o(.text)
    Get_HGB_Value                            0x0801f703   Thumb Code    38  driver.o(.text)
    Get_CRP_Value                            0x0801f729   Thumb Code    26  driver.o(.text)
    Reset_Elec_Status                        0x0801f743   Thumb Code    14  driver.o(.text)
    Set_Elec_Status                          0x0801f751   Thumb Code    14  driver.o(.text)
    Get_Elec_Status                          0x0801f75f   Thumb Code    14  driver.o(.text)
    Elec_Init                                0x0801f76d   Thumb Code    44  driver.o(.text)
    Get_Elec_ADC                             0x0801f799   Thumb Code    86  driver.o(.text)
    Beep_Init                                0x0801f7ef   Thumb Code    46  driver.o(.text)
    Beep                                     0x0801f81d   Thumb Code    34  driver.o(.text)
    Pump_PWM_Init                            0x0801f83f   Thumb Code   176  driver.o(.text)
    Pump_init                                0x0801f8ef   Thumb Code    22  driver.o(.text)
    Pump_AntiClockWise                       0x0801f905   Thumb Code     2  driver.o(.text)
    Pump_ClockWise                           0x0801f907   Thumb Code     2  driver.o(.text)
    Pump_Speed_Set                           0x0801f909   Thumb Code    32  driver.o(.text)
    Pump_Exec                                0x0801f929   Thumb Code    82  driver.o(.text)
    Mixing_Motor_Init                        0x0801f97b   Thumb Code    58  driver.o(.text)
    Mixing_Motor_Run                         0x0801f9b5   Thumb Code    14  driver.o(.text)
    Mixing_Motor_Stop                        0x0801f9c3   Thumb Code    14  driver.o(.text)
    Valve_Init                               0x0801f9d1   Thumb Code   100  driver.o(.text)
    Valve_Air_Exec                           0x0801fa35   Thumb Code    32  driver.o(.text)
    Valve_Liquid_Exec                        0x0801fa55   Thumb Code    30  driver.o(.text)
    Valve_Exec                               0x0801fa73   Thumb Code    28  driver.o(.text)
    Turn_Motor_Init                          0x0801fa8f   Thumb Code   196  driver.o(.text)
    Get_Fix_OC_Status                        0x0801fb53   Thumb Code    12  driver.o(.text)
    Turn_Motor_Reset                         0x0801fb5f   Thumb Code    82  driver.o(.text)
    Turn_Motor_Goto_Postion                  0x0801fbb1   Thumb Code    68  driver.o(.text)
    Turn_Motor_Select_LED                    0x0801fbf5   Thumb Code   112  driver.o(.text)
    MICRO_OC_EXIT_FUNC                       0x0801fc65   Thumb Code    32  driver.o(.text)
    Micro_OC_Init                            0x0801fc85   Thumb Code   126  driver.o(.text)
    OC_Init                                  0x0801fd03   Thumb Code   178  driver.o(.text)
    Get_Micro_OC_Status                      0x0801fdb5   Thumb Code    12  driver.o(.text)
    Get_Out_OC_Status                        0x0801fdc1   Thumb Code    12  driver.o(.text)
    Get_In_OC_Status                         0x0801fdcd   Thumb Code    12  driver.o(.text)
    LED_Cur_DAC_Init                         0x0801fdd9   Thumb Code    84  driver.o(.text)
    LED_Init                                 0x0801fe2d   Thumb Code   298  driver.o(.text)
    LED_Cur_DAC_Set                          0x0801ff57   Thumb Code    14  driver.o(.text)
    LED_Cur_Switch                           0x0801ff65   Thumb Code    32  driver.o(.text)
    LED_Cur_Auto_Adjust                      0x0801ff85   Thumb Code    78  driver.o(.text)
    LED_Exec                                 0x0801ffd3   Thumb Code   248  driver.o(.text)
    DRegister_SPI_Init                       0x080200cb   Thumb Code   270  driver.o(.text)
    DResistor_Init                           0x080201d9   Thumb Code     8  driver.o(.text)
    DRegister_Write                          0x080201e1   Thumb Code    28  driver.o(.text)
    DResistor_Set                            0x080201fd   Thumb Code    24  driver.o(.text)
    Driver_Debug                             0x08020215   Thumb Code  1468  driver.o(.text)
    ADC24Bit_SPI_Init                        0x080207d1   Thumb Code   282  ad7799.o(.text)
    ADC24Bit_GPIO_Init                       0x080208eb   Thumb Code   136  ad7799.o(.text)
    ADC24Bit_SPI_SendByte                    0x08020973   Thumb Code    28  ad7799.o(.text)
    SPI_Write                                0x0802098f   Thumb Code    32  ad7799.o(.text)
    AD7799_SetRegisterValue                  0x080209af   Thumb Code   110  ad7799.o(.text)
    ADC24Bit_SPI_GetByte                     0x08020a1d   Thumb Code    24  ad7799.o(.text)
    SPI_Read                                 0x08020a35   Thumb Code    32  ad7799.o(.text)
    AD7799_GetRegisterValue                  0x08020a55   Thumb Code   120  ad7799.o(.text)
    AD7799_Init                              0x08020acd   Thumb Code    56  ad7799.o(.text)
    ADC24Bit_Init                            0x08020b05   Thumb Code    12  ad7799.o(.text)
    AD7799_Reset                             0x08020b11   Thumb Code    40  ad7799.o(.text)
    AD7799_SetReference                      0x08020b39   Thumb Code    40  ad7799.o(.text)
    AD7799_Calibrate                         0x08020b61   Thumb Code   330  ad7799.o(.text)
    AD7799_Get_ADC_Value                     0x08020cab   Thumb Code    12  ad7799.o(.text)
    ethernetif_input                         0x08020ed5   Thumb Code    42  ethernetif.o(.text)
    ethernetif_init                          0x08020eff   Thumb Code    38  ethernetif.o(.text)
    etharp_tmr                               0x08020f83   Thumb Code   136  etharp.o(.text)
    etharp_cleanup_netif                     0x08021251   Thumb Code    52  etharp.o(.text)
    etharp_find_addr                         0x08021285   Thumb Code    82  etharp.o(.text)
    etharp_request                           0x08021499   Thumb Code    36  etharp.o(.text)
    etharp_query                             0x08021525   Thumb Code   338  etharp.o(.text)
    etharp_output                            0x08021677   Thumb Code   314  etharp.o(.text)
    ethernet_input                           0x080217b1   Thumb Code   178  etharp.o(.text)
    icmp_input                               0x08021875   Thumb Code   340  icmp.o(.text)
    icmp_dest_unreach                        0x08021a39   Thumb Code    18  icmp.o(.text)
    icmp_time_exceeded                       0x08021a4b   Thumb Code    18  icmp.o(.text)
    inet_chksum_pseudo                       0x08021ac3   Thumb Code   162  inet_chksum.o(.text)
    inet_chksum_pseudo_partial               0x08021b65   Thumb Code   184  inet_chksum.o(.text)
    inet_chksum                              0x08021c1d   Thumb Code    20  inet_chksum.o(.text)
    inet_chksum_pbuf                         0x08021c31   Thumb Code    86  inet_chksum.o(.text)
    ip_route                                 0x08021c89   Thumb Code    76  ip.o(.text)
    ip_input                                 0x08021cd5   Thumb Code   422  ip.o(.text)
    ip_output_if                             0x08021e7b   Thumb Code   192  ip.o(.text)
    ip_output                                0x08021f3b   Thumb Code    56  ip.o(.text)
    ip4_addr_isbroadcast                     0x08021f91   Thumb Code    78  ip_addr.o(.text)
    ip4_addr_netmask_valid                   0x08021fdf   Thumb Code    52  ip_addr.o(.text)
    ipaddr_aton                              0x08022013   Thumb Code   348  ip_addr.o(.text)
    ipaddr_addr                              0x0802216f   Thumb Code    24  ip_addr.o(.text)
    ipaddr_ntoa_r                            0x08022187   Thumb Code   168  ip_addr.o(.text)
    ipaddr_ntoa                              0x0802222f   Thumb Code    16  ip_addr.o(.text)
    ip_reass_tmr                             0x08022309   Thumb Code    48  ip_frag.o(.text)
    ip_reass                                 0x0802255f   Thumb Code   396  ip_frag.o(.text)
    ip_frag                                  0x08022727   Thumb Code   424  ip_frag.o(.text)
    lwip_htons                               0x080228d9   Thumb Code    12  def.o(.text)
    lwip_ntohs                               0x080228e5   Thumb Code    12  def.o(.text)
    lwip_htonl                               0x080228f1   Thumb Code    26  def.o(.text)
    lwip_ntohl                               0x0802290b   Thumb Code    12  def.o(.text)
    dhcp_renew                               0x08022da9   Thumb Code   160  dhcp.o(.text)
    dhcp_coarse_tmr                          0x08022f0d   Thumb Code    62  dhcp.o(.text)
    dhcp_release                             0x08022fef   Thumb Code   162  dhcp.o(.text)
    dhcp_fine_tmr                            0x08023219   Thumb Code    64  dhcp.o(.text)
    dhcp_set_struct                          0x080232df   Thumb Code    30  dhcp.o(.text)
    dhcp_cleanup                             0x080232fd   Thumb Code    24  dhcp.o(.text)
    dhcp_stop                                0x08023315   Thumb Code    58  dhcp.o(.text)
    dhcp_start                               0x0802375b   Thumb Code   206  dhcp.o(.text)
    dhcp_inform                              0x08023829   Thumb Code   170  dhcp.o(.text)
    dhcp_network_changed                     0x080238d3   Thumb Code    80  dhcp.o(.text)
    dhcp_arp_reply                           0x080239a1   Thumb Code    46  dhcp.o(.text)
    mem_init                                 0x08023a61   Thumb Code    74  mem.o(.text)
    mem_free                                 0x08023aab   Thumb Code    68  mem.o(.text)
    mem_trim                                 0x08023aef   Thumb Code   288  mem.o(.text)
    mem_malloc                               0x08023c0f   Thumb Code   222  mem.o(.text)
    mem_calloc                               0x08023ced   Thumb Code    34  mem.o(.text)
    memp_init                                0x08023d21   Thumb Code    82  memp.o(.text)
    memp_malloc                              0x08023d73   Thumb Code    40  memp.o(.text)
    memp_free                                0x08023d9b   Thumb Code    28  memp.o(.text)
    netif_init                               0x08023dc9   Thumb Code     2  netif.o(.text)
    netif_set_gw                             0x08023dcb   Thumb Code    12  netif.o(.text)
    netif_set_netmask                        0x08023dd7   Thumb Code    12  netif.o(.text)
    netif_set_ipaddr                         0x08023de3   Thumb Code   110  netif.o(.text)
    netif_set_addr                           0x08023e51   Thumb Code    40  netif.o(.text)
    netif_add                                0x08023e79   Thumb Code   104  netif.o(.text)
    netif_set_default                        0x08023ee1   Thumb Code     6  netif.o(.text)
    netif_set_down                           0x08023ee7   Thumb Code    42  netif.o(.text)
    netif_remove                             0x08023f11   Thumb Code    90  netif.o(.text)
    netif_find                               0x08023f6b   Thumb Code    64  netif.o(.text)
    netif_set_up                             0x08023fab   Thumb Code    54  netif.o(.text)
    netif_set_link_up                        0x08023fe1   Thumb Code    80  netif.o(.text)
    netif_set_link_down                      0x08024031   Thumb Code    42  netif.o(.text)
    netif_set_link_callback                  0x0802405b   Thumb Code     6  netif.o(.text)
    pbuf_free                                0x08024075   Thumb Code   134  pbuf.o(.text)
    pbuf_alloc                               0x080240fb   Thumb Code   408  pbuf.o(.text)
    pbuf_alloced_custom                      0x08024293   Thumb Code   108  pbuf.o(.text)
    pbuf_realloc                             0x080242ff   Thumb Code   120  pbuf.o(.text)
    pbuf_header                              0x08024377   Thumb Code   126  pbuf.o(.text)
    pbuf_clen                                0x080243f5   Thumb Code    18  pbuf.o(.text)
    pbuf_ref                                 0x08024407   Thumb Code    10  pbuf.o(.text)
    pbuf_cat                                 0x08024411   Thumb Code    56  pbuf.o(.text)
    pbuf_chain                               0x08024449   Thumb Code    22  pbuf.o(.text)
    pbuf_dechain                             0x0802445f   Thumb Code    56  pbuf.o(.text)
    pbuf_copy                                0x08024497   Thumb Code   192  pbuf.o(.text)
    pbuf_copy_partial                        0x08024557   Thumb Code   146  pbuf.o(.text)
    pbuf_take                                0x080245e9   Thumb Code   116  pbuf.o(.text)
    pbuf_coalesce                            0x0802465d   Thumb Code    60  pbuf.o(.text)
    pbuf_get_at                              0x08024699   Thumb Code    46  pbuf.o(.text)
    pbuf_memcmp                              0x080246c7   Thumb Code    96  pbuf.o(.text)
    pbuf_memfind                             0x08024727   Thumb Code    76  pbuf.o(.text)
    pbuf_strstr                              0x08024773   Thumb Code    60  pbuf.o(.text)
    raw_input                                0x080247b1   Thumb Code   102  raw.o(.text)
    raw_bind                                 0x08024817   Thumb Code    16  raw.o(.text)
    raw_connect                              0x08024827   Thumb Code    16  raw.o(.text)
    raw_recv                                 0x08024837   Thumb Code     6  raw.o(.text)
    raw_sendto                               0x0802483d   Thumb Code   158  raw.o(.text)
    raw_send                                 0x080248db   Thumb Code    18  raw.o(.text)
    raw_remove                               0x080248ed   Thumb Code    60  raw.o(.text)
    raw_new                                  0x08024929   Thumb Code    42  raw.o(.text)
    tcp_init                                 0x08024961   Thumb Code     2  tcp.o(.text)
    tcp_seg_free                             0x08024963   Thumb Code    26  tcp.o(.text)
    tcp_segs_free                            0x0802497d   Thumb Code    24  tcp.o(.text)
    tcp_pcb_purge                            0x08024995   Thumb Code    64  tcp.o(.text)
    tcp_slowtmr                              0x080249d5   Thumb Code   802  tcp.o(.text)
    tcp_pcb_remove                           0x08024cf7   Thumb Code   140  tcp.o(.text)
    tcp_close                                0x08024f5b   Thumb Code    28  tcp.o(.text)
    tcp_update_rcv_ann_wnd                   0x08024f77   Thumb Code    78  tcp.o(.text)
    tcp_recved                               0x08024fc5   Thumb Code    70  tcp.o(.text)
    tcp_recv_null                            0x0802500b   Thumb Code    46  tcp.o(.text)
    tcp_process_refused_data                 0x08025039   Thumb Code   140  tcp.o(.text)
    tcp_fasttmr                              0x080250c5   Thumb Code   110  tcp.o(.text)
    tcp_tmr                                  0x08025133   Thumb Code    30  tcp.o(.text)
    tcp_shutdown                             0x08025151   Thumb Code    98  tcp.o(.text)
    tcp_abandon                              0x080251b3   Thumb Code   170  tcp.o(.text)
    tcp_abort                                0x0802525d   Thumb Code    14  tcp.o(.text)
    tcp_bind                                 0x080252cb   Thumb Code   142  tcp.o(.text)
    tcp_listen_with_backlog                  0x08025361   Thumb Code   198  tcp.o(.text)
    tcp_eff_send_mss                         0x08025427   Thumb Code    46  tcp.o(.text)
    tcp_next_iss                             0x08025455   Thumb Code    20  tcp.o(.text)
    tcp_connect                              0x08025469   Thumb Code   328  tcp.o(.text)
    tcp_setprio                              0x080255b1   Thumb Code     4  tcp.o(.text)
    tcp_alloc                                0x08025633   Thumb Code   242  tcp.o(.text)
    tcp_new                                  0x08025725   Thumb Code    10  tcp.o(.text)
    tcp_arg                                  0x0802572f   Thumb Code     4  tcp.o(.text)
    tcp_recv                                 0x08025733   Thumb Code     8  tcp.o(.text)
    tcp_sent                                 0x0802573b   Thumb Code     8  tcp.o(.text)
    tcp_err                                  0x08025743   Thumb Code    10  tcp.o(.text)
    tcp_accept                               0x0802574d   Thumb Code     4  tcp.o(.text)
    tcp_poll                                 0x08025751   Thumb Code    14  tcp.o(.text)
    tcp_debug_state_str                      0x0802575f   Thumb Code    10  tcp.o(.text)
    tcp_input                                0x0802658d   Thumb Code  1134  tcp_in.o(.text)
    tcp_enqueue_flags                        0x08026b49   Thumb Code   272  tcp_out.o(.text)
    tcp_send_fin                             0x08026c59   Thumb Code    74  tcp_out.o(.text)
    tcp_write                                0x08026d8b   Thumb Code   902  tcp_out.o(.text)
    tcp_send_empty_ack                       0x08027111   Thumb Code    78  tcp_out.o(.text)
    tcp_output                               0x08027227   Thumb Code   444  tcp_out.o(.text)
    tcp_rst                                  0x080273e3   Thumb Code   124  tcp_out.o(.text)
    tcp_rexmit_rto                           0x0802745f   Thumb Code    58  tcp_out.o(.text)
    tcp_rexmit                               0x08027499   Thumb Code    90  tcp_out.o(.text)
    tcp_rexmit_fast                          0x080274f3   Thumb Code   112  tcp_out.o(.text)
    tcp_keepalive                            0x08027563   Thumb Code    68  tcp_out.o(.text)
    tcp_zero_window_probe                    0x080275a7   Thumb Code   172  tcp_out.o(.text)
    tcp_timer_needed                         0x08027653   Thumb Code     2  timers.o(.text)
    udp_init                                 0x08027655   Thumb Code     2  udp.o(.text)
    udp_input                                0x080276a7   Thumb Code   450  udp.o(.text)
    udp_bind                                 0x08027869   Thumb Code   122  udp.o(.text)
    udp_sendto_if                            0x080278e3   Thumb Code   206  udp.o(.text)
    udp_sendto                               0x080279b1   Thumb Code    46  udp.o(.text)
    udp_send                                 0x080279df   Thumb Code    20  udp.o(.text)
    udp_connect                              0x080279f3   Thumb Code   110  udp.o(.text)
    udp_disconnect                           0x08027a61   Thumb Code    16  udp.o(.text)
    udp_recv                                 0x08027a71   Thumb Code     6  udp.o(.text)
    udp_remove                               0x08027a77   Thumb Code    60  udp.o(.text)
    udp_new                                  0x08027ab3   Thumb Code    28  udp.o(.text)
    LwIP_Init                                0x08027ad5   Thumb Code   164  netconf.o(.text)
    LwIP_Pkt_Handle                          0x08027b79   Thumb Code    10  netconf.o(.text)
    LwIP_Periodic_Handle                     0x08027b83   Thumb Code    52  netconf.o(.text)
    ETH_BSP_Config                           0x08027d9f   Thumb Code    38  stm32f4x7_eth_bsp.o(.text)
    Eth_Link_PHYITConfig                     0x08027dc5   Thumb Code    70  stm32f4x7_eth_bsp.o(.text)
    Eth_Link_EXTIConfig                      0x08027e0b   Thumb Code   104  stm32f4x7_eth_bsp.o(.text)
    Eth_Link_ITHandler                       0x08027e73   Thumb Code    48  stm32f4x7_eth_bsp.o(.text)
    ETH_link_callback                        0x08027ea3   Thumb Code   282  stm32f4x7_eth_bsp.o(.text)
    udp_echoserver_receive_callback          0x0802807d   Thumb Code   174  udp_echoserver.o(.text)
    udp_echoserver_init                      0x0802812b   Thumb Code   162  udp_echoserver.o(.text)
    udp_echoserver_senddata                  0x080281cd   Thumb Code    52  udp_echoserver.o(.text)
    __aeabi_memcpy                           0x080282d9   Thumb Code    36  memcpya.o(.text)
    __aeabi_memcpy4                          0x080282d9   Thumb Code     0  memcpya.o(.text)
    __aeabi_memcpy8                          0x080282d9   Thumb Code     0  memcpya.o(.text)
    __aeabi_memset                           0x080282fd   Thumb Code    14  memseta.o(.text)
    __aeabi_memset4                          0x080282fd   Thumb Code     0  memseta.o(.text)
    __aeabi_memset8                          0x080282fd   Thumb Code     0  memseta.o(.text)
    __aeabi_memclr                           0x0802830b   Thumb Code     4  memseta.o(.text)
    __aeabi_memclr4                          0x0802830b   Thumb Code     0  memseta.o(.text)
    __aeabi_memclr8                          0x0802830b   Thumb Code     0  memseta.o(.text)
    _memset$wrapper                          0x0802830f   Thumb Code    18  memseta.o(.text)
    strncpy                                  0x08028321   Thumb Code    24  strncpy.o(.text)
    strlen                                   0x08028339   Thumb Code    14  strlen.o(.text)
    memcmp                                   0x08028347   Thumb Code    26  memcmp.o(.text)
    __aeabi_dadd                             0x08028361   Thumb Code   322  dadd.o(.text)
    __aeabi_dsub                             0x080284a3   Thumb Code     6  dadd.o(.text)
    __aeabi_drsub                            0x080284a9   Thumb Code     6  dadd.o(.text)
    __aeabi_dmul                             0x080284af   Thumb Code   228  dmul.o(.text)
    __aeabi_ui2d                             0x08028593   Thumb Code    26  dfltui.o(.text)
    __aeabi_d2iz                             0x080285ad   Thumb Code    62  dfixi.o(.text)
    __aeabi_d2uiz                            0x080285eb   Thumb Code    50  dfixui.o(.text)
    __aeabi_cdrcmple                         0x0802861d   Thumb Code    38  cdrcmple.o(.text)
    __aeabi_uldivmod                         0x08028645   Thumb Code    98  uldiv.o(.text)
    __aeabi_llsl                             0x080286a7   Thumb Code    30  llshl.o(.text)
    _ll_shift_l                              0x080286a7   Thumb Code     0  llshl.o(.text)
    __aeabi_llsr                             0x080286c5   Thumb Code    32  llushr.o(.text)
    _ll_ushift_r                             0x080286c5   Thumb Code     0  llushr.o(.text)
    __aeabi_lasr                             0x080286e5   Thumb Code    36  llsshr.o(.text)
    _ll_sshift_r                             0x080286e5   Thumb Code     0  llsshr.o(.text)
    __I$use$fp                               0x08028709   Thumb Code     0  iusefp.o(.text)
    _double_round                            0x08028709   Thumb Code    26  depilogue.o(.text)
    _double_epilogue                         0x08028723   Thumb Code   164  depilogue.o(.text)
    __decompress                             0x080287c7   Thumb Code     0  __dczerorl2.o(.text)
    __decompress1                            0x080287c7   Thumb Code    92  __dczerorl2.o(.text)
    __0printf$8                              0x08028825   Thumb Code    22  printf8.o(i.__0printf$8)
    __1printf$8                              0x08028825   Thumb Code     0  printf8.o(i.__0printf$8)
    __2printf                                0x08028825   Thumb Code     0  printf8.o(i.__0printf$8)
    __0sprintf$8                             0x08028845   Thumb Code    34  printf8.o(i.__0sprintf$8)
    __1sprintf$8                             0x08028845   Thumb Code     0  printf8.o(i.__0sprintf$8)
    __2sprintf                               0x08028845   Thumb Code     0  printf8.o(i.__0sprintf$8)
    softver_edtion                           0x08028d94   Data           6  processscope.o(.constdata)
    FSMC_DefaultTimingStruct                 0x08029c3c   Data          28  stm32f4xx_fsmc.o(.constdata)
    COM_USART                                0x08029c58   Data          12  scope_eval.o(.constdata)
    COM_USART_CLK                            0x08029c64   Data          12  scope_eval.o(.constdata)
    COM_ET_IRQn                              0x08029c70   Data           6  scope_eval.o(.constdata)
    COM_TX_PORT                              0x08029c78   Data          12  scope_eval.o(.constdata)
    COM_TX_PIN                               0x08029c84   Data           6  scope_eval.o(.constdata)
    COM_TX_PORT_CLK                          0x08029c8c   Data          12  scope_eval.o(.constdata)
    COM_RX_PORT                              0x08029c98   Data          12  scope_eval.o(.constdata)
    COM_RX_PIN                               0x08029ca4   Data           6  scope_eval.o(.constdata)
    COM_RX_PORT_CLK                          0x08029cac   Data          12  scope_eval.o(.constdata)
    COM_AF_TX_PINSOURCE                      0x08029cb8   Data           3  scope_eval.o(.constdata)
    COM_AF_RX_PINSOURCE                      0x08029cbb   Data           3  scope_eval.o(.constdata)
    COM_AF_UART                              0x08029cbe   Data           3  scope_eval.o(.constdata)
    OUT_PORT                                 0x08029cc4   Data          28  scope_eval.o(.constdata)
    OUT_PIN                                  0x08029ce0   Data          14  scope_eval.o(.constdata)
    OUT_CLK                                  0x08029cf0   Data          28  scope_eval.o(.constdata)
    IN_PORT                                  0x08029d0c   Data          28  scope_eval.o(.constdata)
    IN_PIN                                   0x08029d28   Data          14  scope_eval.o(.constdata)
    IN_CLK                                   0x08029d38   Data          28  scope_eval.o(.constdata)
    IN_ET_LINE                               0x08029d54   Data          14  scope_eval.o(.constdata)
    IN_ET_PORT                               0x08029d62   Data          14  scope_eval.o(.constdata)
    IN_ET_PIN                                0x08029d70   Data          14  scope_eval.o(.constdata)
    IN_ET_IRQn                               0x08029d7e   Data          14  scope_eval.o(.constdata)
    g_Turn_Motor_Table                       0x08029d9c   Data          16  driver.o(.constdata)
    ethbroadcast                             0x08029dac   Data           6  etharp.o(.constdata)
    ethzero                                  0x08029db2   Data           6  etharp.o(.constdata)
    ip_addr_any                              0x08029db8   Data           4  ip_addr.o(.constdata)
    ip_addr_broadcast                        0x08029dbc   Data           4  ip_addr.o(.constdata)
    tcp_state_str                            0x08029de4   Data          44  tcp.o(.constdata)
    tcp_backoff                              0x08029e10   Data          13  tcp.o(.constdata)
    tcp_persist_backoff                      0x08029e1d   Data           7  tcp.o(.constdata)
    tcp_pcb_lists                            0x08029e24   Data          16  tcp.o(.constdata)
    SystemCoreClock                          0x20000000   Data           4  system_stm32f4xx.o(.data)
    AHBPrescTable                            0x20000004   Data          16  system_stm32f4xx.o(.data)
    g_tOCLevel                               0x20000014   Data           4  systemscope.o(.data)
    g_tSystemStatus                          0x20000018   Data           3  systemscope.o(.data)
    g_atInterval                             0x2000001c   Data           8  systemscope.o(.data)
    g_nError                                 0x20000024   Data           4  systemscope.o(.data)
    g_nFlag                                  0x20000028   Data           4  systemscope.o(.data)
    g_Test_Mode                              0x2000002c   Data           1  processscope.o(.data)
    g_Micro_Switch                           0x2000002d   Data           1  processscope.o(.data)
    g_Udp_Count                              0x20000034   Data           4  processscope.o(.data)
    g_Frame_Count                            0x20000038   Data           4  processscope.o(.data)
    g_Send_Fail                              0x2000003c   Data           4  processscope.o(.data)
    g_AirLight_Flag                          0x20000040   Data           1  processscope.o(.data)
    g_Debug_Data                             0x20000044   Data         512  interfacescope.o(.data)
    DMATxDescToSet                           0x20000260   Data           4  stm32f4x7_eth.o(.data)
    DMARxDescToGet                           0x20000264   Data           4  stm32f4x7_eth.o(.data)
    DMA_RX_FRAME_infos                       0x20000268   Data           4  stm32f4x7_eth.o(.data)
    Frame_Rx_index                           0x2000026c   Data           4  stm32f4x7_eth.o(.data)
    current_netif                            0x200002b0   Data           4  ip.o(.data)
    current_header                           0x200002b4   Data           4  ip.o(.data)
    current_iphdr_src                        0x200002b8   Data           4  ip.o(.data)
    current_iphdr_dest                       0x200002bc   Data           4  ip.o(.data)
    netif_list                               0x200002dc   Data           4  netif.o(.data)
    netif_default                            0x200002e0   Data           4  netif.o(.data)
    tcp_ticks                                0x200002f4   Data           4  tcp.o(.data)
    tcp_bound_pcbs                           0x200002f8   Data           4  tcp.o(.data)
    tcp_listen_pcbs                          0x200002fc   Data           4  tcp.o(.data)
    tcp_active_pcbs                          0x20000300   Data           4  tcp.o(.data)
    tcp_tw_pcbs                              0x20000304   Data           4  tcp.o(.data)
    tcp_tmp_pcb                              0x20000308   Data           4  tcp.o(.data)
    tcp_active_pcbs_changed                  0x2000030c   Data           1  tcp.o(.data)
    tcp_input_pcb                            0x2000032c   Data           4  tcp_in.o(.data)
    udp_pcbs                                 0x20000334   Data           4  udp.o(.data)
    TCPTimer                                 0x20000338   Data           4  netconf.o(.data)
    ARPTimer                                 0x2000033c   Data           4  netconf.o(.data)
    IPaddress                                0x20000340   Data           4  netconf.o(.data)
    EthStatus                                0x20000344   Data           4  stm32f4x7_eth_bsp.o(.data)
    s_tAddr                                  0x20000348   Data           4  udp_echoserver.o(.data)
    s_nPort                                  0x2000034c   Data           2  udp_echoserver.o(.data)
    s_ptUpcb                                 0x20000350   Data           4  udp_echoserver.o(.data)
    __stdout                                 0x20000354   Data           4  stdout.o(.data)
    g_tAxisPosStatus                         0x20000358   Data          28  systemscope.o(.bss)
    g_tSystemPara                            0x20000374   Data          54  systemscope.o(.bss)
    g_nErrorParaSet                          0x200003aa   Data          64  systemscope.o(.bss)
    ADC1_Status                              0x200003ec   Data          12  processscope.o(.bss)
    g_ADC1_Buffer                            0x200003f8   Data         512  processscope.o(.bss)
    ADC2_Status                              0x200005f8   Data          12  processscope.o(.bss)
    g_ADC2_Buffer                            0x20000604   Data         512  processscope.o(.bss)
    g_CRP_Data                               0x20000804   Data        1032  processscope.o(.bss)
    g_NET_achCmdRvBuf                        0x20000c0c   Data         256  protocol.o(.bss)
    g_achFbkSdBuf                            0x20000d0c   Data        1500  protocol.o(.bss)
    g_achFbkSdLogBuf                         0x200012e8   Data        1500  protocol.o(.bss)
    g_SPG_achCmdRvBuf                        0x2000247c   Data          80  samplingport.o(.bss)
    g_Record_Param                           0x200024cc   Data          28  storagemanagement.o(.bss)
    DMARxDscrTab                             0x200024e8   Data         256  stm32f4x7_eth.o(.bss)
    DMATxDscrTab                             0x200025e8   Data         256  stm32f4x7_eth.o(.bss)
    Rx_Buff                                  0x200026e8   Data       12192  stm32f4x7_eth.o(.bss)
    Tx_Buff                                  0x20005688   Data       12192  stm32f4x7_eth.o(.bss)
    RX_Frame_Descriptor                      0x20008628   Data          12  stm32f4x7_eth.o(.bss)
    g_atMotorStatus                          0x20008634   Data          16  scope_move.o(.bss)
    g_atMotorPara                            0x20008644   Data          32  scope_move.o(.bss)
    dhcp_rx_options_val                      0x20009e48   Data          40  dhcp.o(.bss)
    dhcp_rx_options_given                    0x20009e70   Data          10  dhcp.o(.bss)
    ram_heap                                 0x20009e7a   Data       10260  mem.o(.bss)
    gnetif                                   0x200112a8   Data          56  netconf.o(.bss)
    ETH_InitStructure                        0x200112e0   Data         188  stm32f4x7_eth_bsp.o(.bss)
    __initial_sp                             0x200153a0   Data           0  startup_stm32f40_41xxx.o(STACK)



==============================================================================

Memory Map of the image

  Image Entry point : 0x08000189

  Load Region LR_IROM1 (Base: 0x08000000, Size: 0x00000558, Max: 0x00003fff, ABSOLUTE, COMPRESSED[0x000002c8])

    Execution Region ER_IROM1 (Base: 0x08000000, Size: 0x00000200, Max: 0x00003fff, ABSOLUTE)

    Base Addr    Size         Type   Attr      Idx    E Section Name        Object

    0x08000000   0x00000188   Data   RO          291    RESET               startup_stm32f40_41xxx.o
    0x08000188   0x00000000   Code   RO         2121  * .ARM.Collect$$$$00000000  mc_w.l(entry.o)
    0x08000188   0x00000004   Code   RO         2409    .ARM.Collect$$$$00000001  mc_w.l(entry2.o)
    0x0800018c   0x00000004   Code   RO         2412    .ARM.Collect$$$$00000004  mc_w.l(entry5.o)
    0x08000190   0x00000000   Code   RO         2414    .ARM.Collect$$$$00000008  mc_w.l(entry7b.o)
    0x08000190   0x00000000   Code   RO         2416    .ARM.Collect$$$$0000000A  mc_w.l(entry8b.o)
    0x08000190   0x00000008   Code   RO         2417    .ARM.Collect$$$$0000000B  mc_w.l(entry9a.o)
    0x08000198   0x00000000   Code   RO         2419    .ARM.Collect$$$$0000000D  mc_w.l(entry10a.o)
    0x08000198   0x00000000   Code   RO         2421    .ARM.Collect$$$$0000000F  mc_w.l(entry11a.o)
    0x08000198   0x00000004   Code   RO         2410    .ARM.Collect$$$$00002712  mc_w.l(entry2.o)
    0x0800019c   0x00000024   Code   RO         2441    .text               mc_w.l(init.o)
    0x080001c0   0x0000000e   Code   RO         2445    i.__scatterload_copy  mc_w.l(handlers.o)
    0x080001ce   0x00000002   Code   RO         2446    i.__scatterload_null  mc_w.l(handlers.o)
    0x080001d0   0x0000000e   Code   RO         2447    i.__scatterload_zeroinit  mc_w.l(handlers.o)
    0x080001de   0x00000002   PAD
    0x080001e0   0x00000020   Data   RO         2443    Region$$Table       anon$$obj.o


    Execution Region RW_IRAM1 (Base: 0x20000000, Size: 0x000153a0, Max: 0x00020000, ABSOLUTE, COMPRESSED[0x000000c8])

    Base Addr    Size         Type   Attr      Idx    E Section Name        Object

    0x20000000   0x00000014   Data   RW          266    .data               system_stm32f4xx.o
    0x20000014   0x00000018   Data   RW          301    .data               systemscope.o
    0x2000002c   0x00000015   Data   RW          329    .data               processscope.o
    0x20000041   0x00000002   Data   RW          359    .data               protocol.o
    0x20000043   0x00000001   PAD
    0x20000044   0x00000212   Data   RW          391    .data               interfacescope.o
    0x20000256   0x0000000a   Data   RW          419    .data               samplingport.o
    0x20000260   0x00000010   Data   RW          472    .data               stm32f4x7_eth.o
    0x20000270   0x00000010   Data   RW         1027    .data               stm32f4xx_rcc.o
    0x20000280   0x00000014   Data   RW         1232    .data               scope_it.o
    0x20000294   0x00000008   Data   RW         1309    .data               buffercircle.o
    0x2000029c   0x00000008   Data   RW         1332    .data               netbuffercircle.o
    0x200002a4   0x00000008   Data   RW         1355    .data               samplebuffercircle.o
    0x200002ac   0x00000001   Data   RW         1517    .data               etharp.o
    0x200002ad   0x00000003   PAD
    0x200002b0   0x00000012   Data   RW         1632    .data               ip.o
    0x200002c2   0x00000002   PAD
    0x200002c4   0x00000006   Data   RW         1692    .data               ip_frag.o
    0x200002ca   0x00000002   PAD
    0x200002cc   0x00000004   Data   RW         1722    .data               dhcp.o
    0x200002d0   0x0000000c   Data   RW         1780    .data               mem.o
    0x200002dc   0x00000009   Data   RW         1822    .data               netif.o
    0x200002e5   0x00000003   PAD
    0x200002e8   0x00000004   Data   RW         1856    .data               raw.o
    0x200002ec   0x00000023   Data   RW         1884    .data               tcp.o
    0x2000030f   0x00000001   PAD
    0x20000310   0x00000020   Data   RW         1907    .data               tcp_in.o
    0x20000330   0x00000008   Data   RW         1953    .data               udp.o
    0x20000338   0x0000000c   Data   RW         2036    .data               netconf.o
    0x20000344   0x00000004   Data   RW         2061    .data               stm32f4x7_eth_bsp.o
    0x20000348   0x0000000c   Data   RW         2094    .data               udp_echoserver.o
    0x20000354   0x00000004   Data   RW         2423    .data               mc_w.l(stdout.o)
    0x20000358   0x00000092   Zero   RW          299    .bss                systemscope.o
    0x200003ea   0x00000002   PAD
    0x200003ec   0x00000820   Zero   RW          327    .bss                processscope.o
    0x20000c0c   0x00000cb8   Zero   RW          358    .bss                protocol.o
    0x200018c4   0x00000bb8   Zero   RW          389    .bss                interfacescope.o
    0x2000247c   0x00000050   Zero   RW          418    .bss                samplingport.o
    0x200024cc   0x0000001c   Zero   RW          445    .bss                storagemanagement.o
    0x200024e8   0x0000614c   Zero   RW          471    .bss                stm32f4x7_eth.o
    0x20008634   0x00000030   Zero   RW         1281    .bss                scope_move.o
    0x20008664   0x000009c4   Zero   RW         1308    .bss                buffercircle.o
    0x20009028   0x00000c80   Zero   RW         1331    .bss                netbuffercircle.o
    0x20009ca8   0x000000c8   Zero   RW         1354    .bss                samplebuffercircle.o
    0x20009d70   0x000000c8   Zero   RW         1515    .bss                etharp.o
    0x20009e38   0x00000010   Zero   RW         1669    .bss                ip_addr.o
    0x20009e48   0x00000032   Zero   RW         1721    .bss                dhcp.o
    0x20009e7a   0x00002814   Zero   RW         1779    .bss                mem.o
    0x2000c68e   0x00000002   PAD
    0x2000c690   0x00004c07   Zero   RW         1795    .bss                memp.o
    0x20011297   0x00000001   PAD
    0x20011298   0x00000010   Zero   RW         1906    .bss                tcp_in.o
    0x200112a8   0x00000038   Zero   RW         2035    .bss                netconf.o
    0x200112e0   0x000000bc   Zero   RW         2060    .bss                stm32f4x7_eth_bsp.o
    0x2001139c   0x00000004   PAD
    0x200113a0   0x00004000   Zero   RW          289    STACK               startup_stm32f40_41xxx.o



  Load Region LR_IROM2 (Base: 0x08008000, Size: 0x00021ee8, Max: 0x0003ffff, ABSOLUTE)

    Execution Region ER_IROM2 (Base: 0x08008000, Size: 0x00021ee8, Max: 0x0003ffff, ABSOLUTE)

    Base Addr    Size         Type   Attr      Idx    E Section Name        Object

    0x08008000   0x000001f4   Code   RO            3    .text               scopemain.o
    0x080081f4   0x000002cc   Code   RO          265    .text               system_stm32f4xx.o
    0x080084c0   0x00000024   Code   RO          292    .text               startup_stm32f40_41xxx.o
    0x080084e4   0x000001d4   Code   RO          298    .text               systemscope.o
    0x080086b8   0x00005480   Code   RO          326    .text               processscope.o
    0x0800db38   0x0000049c   Code   RO          357    .text               protocol.o
    0x0800dfd4   0x00001b78   Code   RO          388    .text               interfacescope.o
    0x0800fb4c   0x00000364   Code   RO          417    .text               samplingport.o
    0x0800feb0   0x00000190   Code   RO          444    .text               storagemanagement.o
    0x08010040   0x00001e30   Code   RO          470    .text               stm32f4x7_eth.o
    0x08011e70   0x000001dc   Code   RO          494    .text               misc.o
    0x0801204c   0x00001070   Code   RO          534    .text               stm32f4xx_adc.o
    0x080130bc   0x000005f8   Code   RO          674    .text               stm32f4xx_dac.o
    0x080136b4   0x000013a4   Code   RO          757    .text               stm32f4xx_dma.o
    0x08014a58   0x000002f8   Code   RO          777    .text               stm32f4xx_exti.o
    0x08014d50   0x00000a94   Code   RO          797    .text               stm32f4xx_flash.o
    0x080157e4   0x00000e48   Code   RO          840    .text               stm32f4xx_fsmc.o
    0x0801662c   0x00000a10   Code   RO          863    .text               stm32f4xx_gpio.o
    0x0801703c   0x00000f60   Code   RO         1026    .text               stm32f4xx_rcc.o
    0x08017f9c   0x00000dd0   Code   RO         1131    .text               stm32f4xx_spi.o
    0x08018d6c   0x0000019c   Code   RO         1151    .text               stm32f4xx_syscfg.o
    0x08018f08   0x00003284   Code   RO         1171    .text               stm32f4xx_tim.o
    0x0801c18c   0x0000115c   Code   RO         1191    .text               stm32f4xx_usart.o
    0x0801d2e8   0x00000378   Code   RO         1211    .text               fpga.o
    0x0801d660   0x00000274   Code   RO         1231    .text               scope_it.o
    0x0801d8d4   0x000004b4   Code   RO         1253    .text               scope_eval.o
    0x0801dd88   0x000003ec   Code   RO         1280    .text               scope_move.o
    0x0801e174   0x000003b8   Code   RO         1307    .text               buffercircle.o
    0x0801e52c   0x000003b8   Code   RO         1330    .text               netbuffercircle.o
    0x0801e8e4   0x0000038c   Code   RO         1353    .text               samplebuffercircle.o
    0x0801ec70   0x00001b60   Code   RO         1402    .text               driver.o
    0x080207d0   0x000004e6   Code   RO         1454    .text               ad7799.o
    0x08020cb6   0x00000002   PAD
    0x08020cb8   0x00000290   Code   RO         1474    .text               ethernetif.o
    0x08020f48   0x0000092c   Code   RO         1514    .text               etharp.o
    0x08021874   0x000001f0   Code   RO         1573    .text               icmp.o
    0x08021a64   0x00000222   Code   RO         1613    .text               inet_chksum.o
    0x08021c86   0x00000002   PAD
    0x08021c88   0x00000308   Code   RO         1631    .text               ip.o
    0x08021f90   0x000002b4   Code   RO         1668    .text               ip_addr.o
    0x08022244   0x00000694   Code   RO         1691    .text               ip_frag.o
    0x080228d8   0x0000003e   Code   RO         1708    .text               def.o
    0x08022916   0x00000002   PAD
    0x08022918   0x000010cc   Code   RO         1720    .text               dhcp.o
    0x080239e4   0x0000033c   Code   RO         1778    .text               mem.o
    0x08023d20   0x000000a8   Code   RO         1794    .text               memp.o
    0x08023dc8   0x000002ac   Code   RO         1821    .text               netif.o
    0x08024074   0x0000073a   Code   RO         1843    .text               pbuf.o
    0x080247ae   0x00000002   PAD
    0x080247b0   0x000001b0   Code   RO         1855    .text               raw.o
    0x08024960   0x00000e18   Code   RO         1881    .text               tcp.o
    0x08025778   0x000012ac   Code   RO         1905    .text               tcp_in.o
    0x08026a24   0x00000c2e   Code   RO         1928    .text               tcp_out.o
    0x08027652   0x00000002   Code   RO         1940    .text               timers.o
    0x08027654   0x00000480   Code   RO         1952    .text               udp.o
    0x08027ad4   0x00000170   Code   RO         2034    .text               netconf.o
    0x08027c44   0x00000438   Code   RO         2059    .text               stm32f4x7_eth_bsp.o
    0x0802807c   0x0000025c   Code   RO         2092    .text               udp_echoserver.o
    0x080282d8   0x00000024   Code   RO         2124    .text               mc_w.l(memcpya.o)
    0x080282fc   0x00000024   Code   RO         2126    .text               mc_w.l(memseta.o)
    0x08028320   0x00000018   Code   RO         2128    .text               mc_w.l(strncpy.o)
    0x08028338   0x0000000e   Code   RO         2130    .text               mc_w.l(strlen.o)
    0x08028346   0x0000001a   Code   RO         2132    .text               mc_w.l(memcmp.o)
    0x08028360   0x0000014e   Code   RO         2397    .text               mf_w.l(dadd.o)
    0x080284ae   0x000000e4   Code   RO         2399    .text               mf_w.l(dmul.o)
    0x08028592   0x0000001a   Code   RO         2401    .text               mf_w.l(dfltui.o)
    0x080285ac   0x0000003e   Code   RO         2403    .text               mf_w.l(dfixi.o)
    0x080285ea   0x00000032   Code   RO         2405    .text               mf_w.l(dfixui.o)
    0x0802861c   0x00000028   Code   RO         2407    .text               mf_w.l(cdrcmple.o)
    0x08028644   0x00000062   Code   RO         2426    .text               mc_w.l(uldiv.o)
    0x080286a6   0x0000001e   Code   RO         2428    .text               mc_w.l(llshl.o)
    0x080286c4   0x00000020   Code   RO         2430    .text               mc_w.l(llushr.o)
    0x080286e4   0x00000024   Code   RO         2432    .text               mc_w.l(llsshr.o)
    0x08028708   0x00000000   Code   RO         2434    .text               mc_w.l(iusefp.o)
    0x08028708   0x000000be   Code   RO         2435    .text               mf_w.l(depilogue.o)
    0x080287c6   0x0000005c   Code   RO         2451    .text               mc_w.l(__dczerorl2.o)
    0x08028822   0x00000002   PAD
    0x08028824   0x00000020   Code   RO         2343    i.__0printf$8       mc_w.l(printf8.o)
    0x08028844   0x00000028   Code   RO         2345    i.__0sprintf$8      mc_w.l(printf8.o)
    0x0802886c   0x00000408   Code   RO         2350    i._printf_core      mc_w.l(printf8.o)
    0x08028c74   0x00000026   Code   RO         2351    i._printf_post_padding  mc_w.l(printf8.o)
    0x08028c9a   0x00000030   Code   RO         2352    i._printf_pre_padding  mc_w.l(printf8.o)
    0x08028cca   0x0000000a   Code   RO         2354    i._sputc            mc_w.l(printf8.o)
    0x08028cd4   0x000000c0   Data   RO          300    .constdata          systemscope.o
    0x08028d94   0x00000e10   Data   RO          328    .constdata          processscope.o
    0x08029ba4   0x00000098   Data   RO          390    .constdata          interfacescope.o
    0x08029c3c   0x0000001c   Data   RO          841    .constdata          stm32f4xx_fsmc.o
    0x08029c58   0x00000134   Data   RO         1254    .constdata          scope_eval.o
    0x08029d8c   0x00000010   Data   RO         1282    .constdata          scope_move.o
    0x08029d9c   0x00000010   Data   RO         1404    .constdata          driver.o
    0x08029dac   0x0000000c   Data   RO         1516    .constdata          etharp.o
    0x08029db8   0x00000008   Data   RO         1670    .constdata          ip_addr.o
    0x08029dc0   0x00000024   Data   RO         1796    .constdata          memp.o
    0x08029de4   0x00000050   Data   RO         1882    .constdata          tcp.o
    0x08029e34   0x0000004b   Data   RO         2093    .constdata          udp_echoserver.o
    0x08029e7f   0x00000068   Data   RO         1883    .conststring        tcp.o


==============================================================================

Image component sizes


      Code (inc. data)   RO Data    RW Data    ZI Data      Debug   Object Name

      1254         62          0          0          0       3858   ad7799.o
       952         16          0          8       2500       4382   buffercircle.o
        62          0          0          0          0       1174   def.o
      4300         80          0          4         50      12570   dhcp.o
      7008        772         16          0          0      17193   driver.o
      2348         22         12          1        200      15877   etharp.o
       656         36          0          0          0       7755   ethernetif.o
       888         18          0          0          0       2691   fpga.o
       496          8          0          0          0       3342   icmp.o
         0          0          0          0          0       3768   inet.o
       546          0          0          0          0       2897   inet_chksum.o
      7032        524        152        530       3000      46545   interfacescope.o
       776         30          0         18          0      15476   ip.o
       692         12          8          0         16       9151   ip_addr.o
      1684         18          0          6          0       6988   ip_frag.o
       828         18          0         12      10260       3822   mem.o
       168         18         36          0      19463       2322   memp.o
       476         56          0          0          0       1889   misc.o
       952         16          0          8       3200       4704   netbuffercircle.o
       368        142          0         12         56       1806   netconf.o
       684         20          0          9          0       6449   netif.o
      1850          0          0          0          0       8809   pbuf.o
     21632       4782       3600         21       2080      30734   processscope.o
      1180         58          0          2       3256       8231   protocol.o
       432         14          0          4          0       3237   raw.o
       908         16          0          8        200       4414   samplebuffercircle.o
       868         32          0         10         80       6189   samplingport.o
      1204        250        308          0          0      31194   scope_eval.o
       628         68          0         20          0       3268   scope_it.o
      1004         18         16          0         48       4407   scope_move.o
       500        236          0          0          0     412669   scopemain.o
        36          8        392          0      16384        796   startup_stm32f40_41xxx.o
      7728        216          0         16      24908      23289   stm32f4x7_eth.o
      1080        192          0          4        188       4649   stm32f4x7_eth_bsp.o
      4208        130          0          0          0      12554   stm32f4xx_adc.o
      1528         48          0          0          0       5381   stm32f4xx_dac.o
      5028        330          0          0          0       8513   stm32f4xx_dma.o
       760         50          0          0          0       2551   stm32f4xx_exti.o
      2708         82          0          0          0       9918   stm32f4xx_flash.o
      3656        130         28          0          0       7038   stm32f4xx_fsmc.o
      2576        178          0          0          0       5213   stm32f4xx_gpio.o
      3936        252          0         16          0      15056   stm32f4xx_rcc.o
      3536        168          0          0          0       8333   stm32f4xx_spi.o
       412         62          0          0          0       1961   stm32f4xx_syscfg.o
     12932        652          0          0          0      29104   stm32f4xx_tim.o
      4444        228          0          0          0       9852   stm32f4xx_usart.o
       400         46          0          0         28       3932   storagemanagement.o
       716         50          0         20          0       1968   system_stm32f4xx.o
       468         46        192         24        146       5669   systemscope.o
      3608        138        184         35          0      21203   tcp.o
      4780        232          0         32         16      14487   tcp_in.o
      3118          8          0          0          0       9307   tcp_out.o
         2          0          0          0          0        435   timers.o
      1152         22          0          8          0      13765   udp.o
       604        216         75         12          0       2217   udp_echoserver.o

    ----------------------------------------------------------------------
    131800      10826       5052        852      86088     905002   Object Totals
         0          0         32          0          0          0   (incl. Generated)
         8          0          1         12          9          0   (incl. Padding)

    ----------------------------------------------------------------------

      Code (inc. data)   RO Data    RW Data    ZI Data      Debug   Library Member Name

        92          0          0          0          0          0   __dczerorl2.o
         0          0          0          0          0          0   entry.o
         0          0          0          0          0          0   entry10a.o
         0          0          0          0          0          0   entry11a.o
         8          4          0          0          0          0   entry2.o
         4          0          0          0          0          0   entry5.o
         0          0          0          0          0          0   entry7b.o
         0          0          0          0          0          0   entry8b.o
         8          4          0          0          0          0   entry9a.o
        30          0          0          0          0          0   handlers.o
        36          8          0          0          0         68   init.o
         0          0          0          0          0          0   iusefp.o
        30          0          0          0          0         68   llshl.o
        36          0          0          0          0         68   llsshr.o
        32          0          0          0          0         68   llushr.o
        26          0          0          0          0         80   memcmp.o
        36          0          0          0          0         68   memcpya.o
        36          0          0          0          0        108   memseta.o
      1200         60          0          0          0        504   printf8.o
         0          0          0          4          0          0   stdout.o
        14          0          0          0          0         68   strlen.o
        24          0          0          0          0         76   strncpy.o
        98          0          0          0          0         92   uldiv.o
        40          2          0          0          0         68   cdrcmple.o
       334          0          0          0          0        148   dadd.o
       190          0          0          0          0        176   depilogue.o
        62          0          0          0          0         80   dfixi.o
        50          0          0          0          0         76   dfixui.o
        26          0          0          0          0         76   dfltui.o
       228          0          0          0          0         96   dmul.o

    ----------------------------------------------------------------------
      2644         78          0          4          0       1988   Library Totals
         4          0          0          0          0          0   (incl. Padding)

    ----------------------------------------------------------------------

      Code (inc. data)   RO Data    RW Data    ZI Data      Debug   Library Name

      1710         76          0          4          0       1268   mc_w.l
       930          2          0          0          0        720   mf_w.l

    ----------------------------------------------------------------------
      2644         78          0          4          0       1988   Library Totals

    ----------------------------------------------------------------------

==============================================================================


      Code (inc. data)   RO Data    RW Data    ZI Data      Debug   

    134444      10904       5052        856      86088     893550   Grand Totals
    134444      10904       5052        200      86088     893550   ELF Image Totals (compressed)
    134444      10904       5052        200          0          0   ROM Totals

==============================================================================

    Total RO  Size (Code + RO Data)               139496 ( 136.23kB)
    Total RW  Size (RW Data + ZI Data)             86944 (  84.91kB)
    Total ROM Size (Code + RO Data + RW Data)     139696 ( 136.42kB)

==============================================================================

