ARM Linker, 5.03 [Build 76] [MDK-ARM Professional]

==============================================================================

Section Cross References

    scopemain.o(.text) refers to memseta.o(.text) for __aeabi_memclr4
    scopemain.o(.text) refers to storagemanagement.o(.text) for Flash_Read_Param
    scopemain.o(.text) refers to printfa.o(i.__0printf) for __2printf
    scopemain.o(.text) refers to scope_eval.o(.text) for EVAL_OutputSet
    scopemain.o(.text) refers to scope_it.o(.text) for IT_SYS_DlyMs
    scopemain.o(.text) refers to protocol.o(.text) for PL_InitProtocol
    scopemain.o(.text) refers to samplingport.o(.text) for SPG_InitProtocol
    scopemain.o(.text) refers to stm32f4x7_eth_bsp.o(.text) for ETH_BSP_Config
    scopemain.o(.text) refers to netconf.o(.text) for LwIP_Init
    scopemain.o(.text) refers to udp_echoserver.o(.text) for udp_echoserver_init
    scopemain.o(.text) refers to systemscope.o(.text) for Iint_SysParam
    scopemain.o(.text) refers to interfacescope.o(.text) for HW_LWIP_MainLine
    scopemain.o(.text) refers to storagemanagement.o(.bss) for g_Record_Param
    scopemain.o(.text) refers to stm32f4x7_eth_bsp.o(.data) for EthStatus
    scopemain.o(.text) refers to processscope.o(.constdata) for softver_edtion
    scopemain.o(.text) refers to processscope.o(.data) for g_AirLight_Flag
    system_stm32f4xx.o(.text) refers to stm32f4xx_rcc.o(.text) for RCC_DeInit
    system_stm32f4xx.o(.text) refers to system_stm32f4xx.o(.data) for SystemCoreClock
    startup_stm32f40_41xxx.o(RESET) refers to startup_stm32f40_41xxx.o(STACK) for __initial_sp
    startup_stm32f40_41xxx.o(RESET) refers to startup_stm32f40_41xxx.o(.text) for Reset_Handler
    startup_stm32f40_41xxx.o(RESET) refers to scope_it.o(.text) for SysTick_Handler
    startup_stm32f40_41xxx.o(RESET) refers to driver.o(.text) for EXTI9_5_IRQHandler
    startup_stm32f40_41xxx.o(.text) refers to system_stm32f4xx.o(.text) for SystemInit
    startup_stm32f40_41xxx.o(.text) refers to entry.o(.ARM.Collect$$$$00000000) for __main
    systemscope.o(.text) refers to memseta.o(.text) for __aeabi_memclr4
    systemscope.o(.text) refers to processscope.o(.bss) for g_CRP_Data
    systemscope.o(.text) refers to systemscope.o(.data) for g_nError
    systemscope.o(.text) refers to systemscope.o(.bss) for g_tAxisPosStatus
    systemscope.o(.text) refers to systemscope.o(.constdata) for m_nConstBitsMap
    processscope.o(.text) refers to scope_it.o(.text) for IT_LIST_GetTicks
    processscope.o(.text) refers to protocol.o(.text) for PL_NET_SendResult
    processscope.o(.text) refers to processscope.o(.data) for g_Udp_Count
    processscope.o(.text) refers to printfa.o(i.__0printf) for __2printf
    processscope.o(.text) refers to interfacescope.o(.text) for HW_LWIP_Working_Recv_Handle
    processscope.o(.text) refers to netconf.o(.text) for LwIP_Periodic_Handle
    processscope.o(.text) refers to systemscope.o(.bss) for g_tAxisPosStatus
    processscope.o(.text) refers to processscope.o(.constdata) for .constdata
    processscope.o(.text) refers to storagemanagement.o(.bss) for g_Record_Param
    processscope.o(.text) refers to storagemanagement.o(.text) for Flash_Write_Param
    processscope.o(.text) refers to memseta.o(.text) for __aeabi_memclr4
    processscope.o(.text) refers to processscope.o(.bss) for g_CRP_Data
    processscope.o(.text) refers to driver.o(.text) for Beep
    processscope.o(.text) refers to f2d.o(.text) for __aeabi_f2d
    processscope.o(.text) refers to stm32f4xx_adc.o(.text) for ADC_DMACmd
    processscope.o(.text) refers to stm32f4xx_dma.o(.text) for DMA_Cmd
    processscope.o(.text) refers to printfa.o(i.__0sprintf) for __2sprintf
    processscope.o(.text) refers to udp_echoserver.o(.text) for udp_echoserver_senddata
    processscope.o(.text) refers to protocol.o(.bss) for g_achFbkSdLogBuf
    processscope.o(.text) refers to systemscope.o(.text) for SYS_HasError
    processscope.o(.text) refers to strncpy.o(.text) for strncpy
    protocol.o(.text) refers to buffercircle.o(.text) for BUF_Send_Init
    protocol.o(.text) refers to netbuffercircle.o(.text) for NET_BUF_Send_Init
    protocol.o(.text) refers to stm32f4xx_usart.o(.text) for USART_ITConfig
    protocol.o(.text) refers to udp_echoserver.o(.text) for udp_echoserver_senddata
    protocol.o(.text) refers to memcpya.o(.text) for __aeabi_memcpy
    protocol.o(.text) refers to strlen.o(.text) for strlen
    protocol.o(.text) refers to protocol.o(.data) for m_NET_tRecvBufStatus
    protocol.o(.text) refers to protocol.o(.bss) for g_NET_achCmdRvBuf
    interfacescope.o(.text) refers to scope_move.o(.text) for MV_InitPara
    interfacescope.o(.text) refers to fpga.o(.text) for FPGA_ReadBuffer
    interfacescope.o(.text) refers to processscope.o(.text) for moto_work_stat_2
    interfacescope.o(.text) refers to scope_it.o(.text) for IT_SYS_DlyMs
    interfacescope.o(.text) refers to printfa.o(i.__0printf) for __2printf
[...]
    FLASH_OB_WRP1Config                      0x08015467   Thumb Code    96  stm32f4xx_flash.o(.text)
    FLASH_OB_PCROPSelectionConfig            0x080154c7   Thumb Code    48  stm32f4xx_flash.o(.text)
    FLASH_OB_PCROPConfig                     0x080154f7   Thumb Code    96  stm32f4xx_flash.o(.text)
    FLASH_OB_PCROP1Config                    0x08015557   Thumb Code   118  stm32f4xx_flash.o(.text)
    FLASH_OB_RDPConfig                       0x080155cd   Thumb Code    44  stm32f4xx_flash.o(.text)
    FLASH_OB_UserConfig                      0x080155f9   Thumb Code   116  stm32f4xx_flash.o(.text)
    FLASH_OB_BootConfig                      0x0801566d   Thumb Code    50  stm32f4xx_flash.o(.text)
    FLASH_OB_BORConfig                       0x0801569f   Thumb Code    58  stm32f4xx_flash.o(.text)
    FLASH_OB_Launch                          0x080156d9   Thumb Code    30  stm32f4xx_flash.o(.text)
    FLASH_OB_GetUser                         0x080156f7   Thumb Code    12  stm32f4xx_flash.o(.text)
    FLASH_OB_GetWRP                          0x08015703   Thumb Code     8  stm32f4xx_flash.o(.text)
    FLASH_OB_GetWRP1                         0x0801570b   Thumb Code     8  stm32f4xx_flash.o(.text)
    FLASH_OB_GetPCROP                        0x08015713   Thumb Code     8  stm32f4xx_flash.o(.text)
    FLASH_OB_GetPCROP1                       0x0801571b   Thumb Code     8  stm32f4xx_flash.o(.text)
    FLASH_OB_GetRDP                          0x08015723   Thumb Code    18  stm32f4xx_flash.o(.text)
    FLASH_OB_GetBOR                          0x08015735   Thumb Code    12  stm32f4xx_flash.o(.text)
    FLASH_ITConfig                           0x08015741   Thumb Code    82  stm32f4xx_flash.o(.text)
    FLASH_GetFlagStatus                      0x08015793   Thumb Code    76  stm32f4xx_flash.o(.text)
    FLASH_ClearFlag                          0x080157df   Thumb Code    38  stm32f4xx_flash.o(.text)
    FSMC_NORSRAMDeInit                       0x08015809   Thumb Code    84  stm32f4xx_fsmc.o(.text)
    FSMC_NORSRAMInit                         0x0801585d   Thumb Code   870  stm32f4xx_fsmc.o(.text)
    FSMC_NORSRAMStructInit                   0x08015bc3   Thumb Code    48  stm32f4xx_fsmc.o(.text)
    FSMC_NORSRAMCmd                          0x08015bf3   Thumb Code   152  stm32f4xx_fsmc.o(.text)
    FSMC_NANDDeInit                          0x08015c8b   Thumb Code    90  stm32f4xx_fsmc.o(.text)
    FSMC_NANDInit                            0x08015ce5   Thumb Code   594  stm32f4xx_fsmc.o(.text)
    FSMC_NANDStructInit                      0x08015f37   Thumb Code    54  stm32f4xx_fsmc.o(.text)
    FSMC_NANDCmd                             0x08015f6d   Thumb Code   136  stm32f4xx_fsmc.o(.text)
    FSMC_NANDECCCmd                          0x08015ff5   Thumb Code   160  stm32f4xx_fsmc.o(.text)
    FSMC_GetECC                              0x08016095   Thumb Code    22  stm32f4xx_fsmc.o(.text)
    FSMC_PCCARDDeInit                        0x080160ab   Thumb Code    40  stm32f4xx_fsmc.o(.text)
    FSMC_PCCARDInit                          0x080160d3   Thumb Code   532  stm32f4xx_fsmc.o(.text)
    FSMC_PCCARDStructInit                    0x080162e7   Thumb Code    60  stm32f4xx_fsmc.o(.text)
    FSMC_PCCARDCmd                           0x08016323   Thumb Code    64  stm32f4xx_fsmc.o(.text)
    FSMC_ITConfig                            0x08016363   Thumb Code   206  stm32f4xx_fsmc.o(.text)
    FSMC_GetFlagStatus                       0x08016431   Thumb Code   160  stm32f4xx_fsmc.o(.text)
    FSMC_ClearFlag                           0x080164d1   Thumb Code   120  stm32f4xx_fsmc.o(.text)
    FSMC_GetITStatus                         0x08016549   Thumb Code   132  stm32f4xx_fsmc.o(.text)
    FSMC_ClearITPendingBit                   0x080165cd   Thumb Code   122  stm32f4xx_fsmc.o(.text)
    GPIO_DeInit                              0x08016651   Thumb Code   344  stm32f4xx_gpio.o(.text)
    GPIO_Init                                0x080167a9   Thumb Code   354  stm32f4xx_gpio.o(.text)
    GPIO_StructInit                          0x0801690b   Thumb Code    18  stm32f4xx_gpio.o(.text)
    GPIO_PinLockConfig                       0x0801691d   Thumb Code   134  stm32f4xx_gpio.o(.text)
    GPIO_ReadInputDataBit                    0x080169a3   Thumb Code   282  stm32f4xx_gpio.o(.text)
    GPIO_ReadInputData                       0x08016abd   Thumb Code    90  stm32f4xx_gpio.o(.text)
    GPIO_ReadOutputDataBit                   0x08016b17   Thumb Code   198  stm32f4xx_gpio.o(.text)
    GPIO_ReadOutputData                      0x08016bdd   Thumb Code    90  stm32f4xx_gpio.o(.text)
    GPIO_SetBits                             0x08016c37   Thumb Code   110  stm32f4xx_gpio.o(.text)
    GPIO_ResetBits                           0x08016ca5   Thumb Code   110  stm32f4xx_gpio.o(.text)
    GPIO_WriteBit                            0x08016d13   Thumb Code   212  stm32f4xx_gpio.o(.text)
    GPIO_Write                               0x08016de7   Thumb Code    90  stm32f4xx_gpio.o(.text)
    GPIO_ToggleBits                          0x08016e41   Thumb Code   140  stm32f4xx_gpio.o(.text)
    GPIO_PinAFConfig                         0x08016ecd   Thumb Code   358  stm32f4xx_gpio.o(.text)
    RCC_DeInit                               0x08017061   Thumb Code    82  stm32f4xx_rcc.o(.text)
    RCC_HSEConfig                            0x080170b3   Thumb Code    40  stm32f4xx_rcc.o(.text)
    RCC_GetFlagStatus                        0x080170db   Thumb Code   134  stm32f4xx_rcc.o(.text)
    RCC_WaitForHSEStartUp                    0x08017161   Thumb Code    56  stm32f4xx_rcc.o(.text)
    RCC_AdjustHSICalibrationValue            0x08017199   Thumb Code    38  stm32f4xx_rcc.o(.text)
    RCC_HSICmd                               0x080171bf   Thumb Code    28  stm32f4xx_rcc.o(.text)
    RCC_LSEConfig                            0x080171db   Thumb Code    72  stm32f4xx_rcc.o(.text)
    RCC_LSICmd                               0x08017223   Thumb Code    28  stm32f4xx_rcc.o(.text)
    RCC_PLLConfig                            0x0801723f   Thumb Code   156  stm32f4xx_rcc.o(.text)
    RCC_PLLCmd                               0x080172db   Thumb Code    28  stm32f4xx_rcc.o(.text)
    RCC_PLLI2SConfig                         0x080172f7   Thumb Code    62  stm32f4xx_rcc.o(.text)
    RCC_PLLI2SCmd                            0x08017335   Thumb Code    28  stm32f4xx_rcc.o(.text)
    RCC_PLLSAIConfig                         0x08017351   Thumb Code    88  stm32f4xx_rcc.o(.text)
    RCC_PLLSAICmd                            0x080173a9   Thumb Code    28  stm32f4xx_rcc.o(.text)
    RCC_ClockSecuritySystemCmd               0x080173c5   Thumb Code    28  stm32f4xx_rcc.o(.text)
    RCC_MCO1Config                           0x080173e1   Thumb Code   168  stm32f4xx_rcc.o(.text)
    RCC_MCO2Config                           0x08017489   Thumb Code   102  stm32f4xx_rcc.o(.text)
    RCC_SYSCLKConfig                         0x080174ef   Thumb Code    44  stm32f4xx_rcc.o(.text)
    RCC_GetSYSCLKSource                      0x0801751b   Thumb Code    10  stm32f4xx_rcc.o(.text)
    RCC_HCLKConfig                           0x08017525   Thumb Code    68  stm32f4xx_rcc.o(.text)
    RCC_PCLK1Config                          0x08017569   Thumb Code    60  stm32f4xx_rcc.o(.text)
    RCC_PCLK2Config                          0x080175a5   Thumb Code    62  stm32f4xx_rcc.o(.text)
    RCC_GetClocksFreq                        0x080175e3   Thumb Code   214  stm32f4xx_rcc.o(.text)
    RCC_RTCCLKConfig                         0x080176b9   Thumb Code   262  stm32f4xx_rcc.o(.text)
    RCC_RTCCLKCmd                            0x080177bf   Thumb Code    30  stm32f4xx_rcc.o(.text)
    RCC_BackupResetCmd                       0x080177dd   Thumb Code    32  stm32f4xx_rcc.o(.text)
    RCC_I2SCLKConfig                         0x080177fd   Thumb Code    30  stm32f4xx_rcc.o(.text)
    RCC_SAIBlockACLKConfig                   0x0801781b   Thumb Code    50  stm32f4xx_rcc.o(.text)
    RCC_SAIBlockBCLKConfig                   0x0801784d   Thumb Code    50  stm32f4xx_rcc.o(.text)
    RCC_SAIPLLI2SClkDivConfig                0x0801787f   Thumb Code    50  stm32f4xx_rcc.o(.text)
    RCC_SAIPLLSAIClkDivConfig                0x080178b1   Thumb Code   196  stm32f4xx_rcc.o(.text)
    RCC_LTDCCLKDivConfig                     0x08017975   Thumb Code    54  stm32f4xx_rcc.o(.text)
    RCC_TIMCLKPresConfig                     0x080179ab   Thumb Code    30  stm32f4xx_rcc.o(.text)
    RCC_AHB1PeriphClockCmd                   0x080179c9   Thumb Code    82  stm32f4xx_rcc.o(.text)
    RCC_AHB2PeriphClockCmd                   0x08017a1b   Thumb Code    82  stm32f4xx_rcc.o(.text)
    RCC_AHB3PeriphClockCmd                   0x08017a6d   Thumb Code    82  stm32f4xx_rcc.o(.text)
    RCC_APB1PeriphClockCmd                   0x08017abf   Thumb Code    82  stm32f4xx_rcc.o(.text)
    RCC_APB2PeriphClockCmd                   0x08017b11   Thumb Code    82  stm32f4xx_rcc.o(.text)
    RCC_AHB1PeriphResetCmd                   0x08017b63   Thumb Code    82  stm32f4xx_rcc.o(.text)
    RCC_AHB2PeriphResetCmd                   0x08017bb5   Thumb Code    82  stm32f4xx_rcc.o(.text)
    RCC_AHB3PeriphResetCmd                   0x08017c07   Thumb Code    82  stm32f4xx_rcc.o(.text)
    RCC_APB1PeriphResetCmd                   0x08017c59   Thumb Code    82  stm32f4xx_rcc.o(.text)
    RCC_APB2PeriphResetCmd                   0x08017cab   Thumb Code    82  stm32f4xx_rcc.o(.text)
    RCC_AHB1PeriphClockLPModeCmd             0x08017cfd   Thumb Code   108  stm32f4xx_rcc.o(.text)
    RCC_AHB2PeriphClockLPModeCmd             0x08017d69   Thumb Code    82  stm32f4xx_rcc.o(.text)
    RCC_AHB3PeriphClockLPModeCmd             0x08017dbb   Thumb Code    82  stm32f4xx_rcc.o(.text)
    RCC_APB1PeriphClockLPModeCmd             0x08017e0d   Thumb Code    82  stm32f4xx_rcc.o(.text)
    RCC_APB2PeriphClockLPModeCmd             0x08017e5f   Thumb Code    82  stm32f4xx_rcc.o(.text)
    RCC_LSEModeConfig                        0x08017eb1   Thumb Code    64  stm32f4xx_rcc.o(.text)
    RCC_ITConfig                             0x08017ef1   Thumb Code    82  stm32f4xx_rcc.o(.text)
    RCC_ClearFlag                            0x08017f43   Thumb Code    18  stm32f4xx_rcc.o(.text)
    RCC_GetITStatus                          0x08017f55   Thumb Code    72  stm32f4xx_rcc.o(.text)
    RCC_ClearITPendingBit                    0x08017f9d   Thumb Code    28  stm32f4xx_rcc.o(.text)
    SPI_I2S_DeInit                           0x08017fc1   Thumb Code   198  stm32f4xx_spi.o(.text)
    SPI_Init                                 0x08018087   Thumb Code   366  stm32f4xx_spi.o(.text)
    I2S_Init                                 0x080181f5   Thumb Code   624  stm32f4xx_spi.o(.text)
    SPI_StructInit                           0x08018465   Thumb Code    24  stm32f4xx_spi.o(.text)
    I2S_StructInit                           0x0801847d   Thumb Code    20  stm32f4xx_spi.o(.text)
    SPI_Cmd                                  0x08018491   Thumb Code   100  stm32f4xx_spi.o(.text)
    I2S_Cmd                                  0x080184f5   Thumb Code    88  stm32f4xx_spi.o(.text)
    SPI_DataSizeConfig                       0x0801854d   Thumb Code    96  stm32f4xx_spi.o(.text)
    SPI_BiDirectionalLineConfig              0x080185ad   Thumb Code   112  stm32f4xx_spi.o(.text)
    SPI_NSSInternalSoftwareConfig            0x0801861d   Thumb Code   114  stm32f4xx_spi.o(.text)
    SPI_SSOutputCmd                          0x0801868f   Thumb Code   100  stm32f4xx_spi.o(.text)
    SPI_TIModeCmd                            0x080186f3   Thumb Code   100  stm32f4xx_spi.o(.text)
    I2S_FullDuplexConfig                     0x08018757   Thumb Code   258  stm32f4xx_spi.o(.text)
    SPI_I2S_ReceiveData                      0x08018859   Thumb Code   100  stm32f4xx_spi.o(.text)
    SPI_I2S_SendData                         0x080188bd   Thumb Code    72  stm32f4xx_spi.o(.text)
    SPI_CalculateCRC                         0x08018905   Thumb Code   100  stm32f4xx_spi.o(.text)
    SPI_TransmitCRC                          0x08018969   Thumb Code    64  stm32f4xx_spi.o(.text)
    SPI_GetCRC                               0x080189a9   Thumb Code    92  stm32f4xx_spi.o(.text)
    SPI_GetCRCPolynomial                     0x08018a05   Thumb Code    58  stm32f4xx_spi.o(.text)
    SPI_I2S_DMACmd                           0x08018a3f   Thumb Code   132  stm32f4xx_spi.o(.text)
    SPI_I2S_ITConfig                         0x08018ac3   Thumb Code   156  stm32f4xx_spi.o(.text)
    SPI_I2S_GetFlagStatus                    0x08018b5f   Thumb Code   138  stm32f4xx_spi.o(.text)
    SPI_I2S_ClearFlag                        0x08018be9   Thumb Code    92  stm32f4xx_spi.o(.text)
    SPI_I2S_GetITStatus                      0x08018c45   Thumb Code   200  stm32f4xx_spi.o(.text)
    SPI_I2S_ClearITPendingBit                0x08018d0d   Thumb Code   104  stm32f4xx_spi.o(.text)
    SYSCFG_DeInit                            0x08018d91   Thumb Code    22  stm32f4xx_syscfg.o(.text)
    SYSCFG_MemoryRemapConfig                 0x08018da7   Thumb Code    34  stm32f4xx_syscfg.o(.text)
    SYSCFG_MemorySwappingBank                0x08018dc9   Thumb Code    26  stm32f4xx_syscfg.o(.text)
    SYSCFG_EXTILineConfig                    0x08018de3   Thumb Code   194  stm32f4xx_syscfg.o(.text)
    SYSCFG_ETH_MediaInterfaceConfig          0x08018ea5   Thumb Code    26  stm32f4xx_syscfg.o(.text)
    SYSCFG_CompensationCellCmd               0x08018ebf   Thumb Code    26  stm32f4xx_syscfg.o(.text)
    SYSCFG_GetCompensationCellStatus         0x08018ed9   Thumb Code    22  stm32f4xx_syscfg.o(.text)
    TIM_DeInit                               0x08018f2d   Thumb Code   440  stm32f4xx_tim.o(.text)
    TIM_TimeBaseInit                         0x080190e5   Thumb Code   278  stm32f4xx_tim.o(.text)
    TIM_TimeBaseStructInit                   0x080191fb   Thumb Code    18  stm32f4xx_tim.o(.text)
    TIM_PrescalerConfig                      0x0801920d   Thumb Code   128  stm32f4xx_tim.o(.text)
    TIM_CounterModeConfig                    0x0801928d   Thumb Code   100  stm32f4xx_tim.o(.text)
    TIM_SetCounter                           0x080192f1   Thumb Code   202  stm32f4xx_tim.o(.text)
    TIM_SetAutoreload                        0x080193bb   Thumb Code   108  stm32f4xx_tim.o(.text)
    TIM_GetCounter                           0x08019427   Thumb Code   106  stm32f4xx_tim.o(.text)
    TIM_GetPrescaler                         0x08019491   Thumb Code   106  stm32f4xx_tim.o(.text)
    TIM_UpdateDisableConfig                  0x080194fb   Thumb Code   148  stm32f4xx_tim.o(.text)
    TIM_UpdateRequestConfig                  0x0801958f   Thumb Code   148  stm32f4xx_tim.o(.text)
    TIM_ARRPreloadConfig                     0x08019623   Thumb Code   148  stm32f4xx_tim.o(.text)
    TIM_SelectOnePulseMode                   0x080196b7   Thumb Code   142  stm32f4xx_tim.o(.text)
    TIM_SetClockDivision                     0x08019745   Thumb Code   192  stm32f4xx_tim.o(.text)
    TIM_Cmd                                  0x08019805   Thumb Code   148  stm32f4xx_tim.o(.text)
    TIM_OC1Init                              0x08019899   Thumb Code   416  stm32f4xx_tim.o(.text)
    TIM_OC2Init                              0x08019a39   Thumb Code   486  stm32f4xx_tim.o(.text)
    TIM_OC3Init                              0x08019c1f   Thumb Code   416  stm32f4xx_tim.o(.text)
    TIM_OC4Init                              0x08019dbf   Thumb Code   300  stm32f4xx_tim.o(.text)
    TIM_OCStructInit                         0x08019eeb   Thumb Code    20  stm32f4xx_tim.o(.text)
    TIM_SelectOCxM                           0x08019eff   Thumb Code   256  stm32f4xx_tim.o(.text)
    TIM_SetCompare1                          0x08019fff   Thumb Code   142  stm32f4xx_tim.o(.text)
    TIM_SetCompare2                          0x0801a08d   Thumb Code    72  stm32f4xx_tim.o(.text)
    TIM_SetCompare3                          0x0801a0d5   Thumb Code    60  stm32f4xx_tim.o(.text)
    TIM_SetCompare4                          0x0801a111   Thumb Code    60  stm32f4xx_tim.o(.text)
    TIM_ForcedOC1Config                      0x0801a14d   Thumb Code   130  stm32f4xx_tim.o(.text)
    TIM_ForcedOC2Config                      0x0801a1cf   Thumb Code   114  stm32f4xx_tim.o(.text)
    TIM_ForcedOC3Config                      0x0801a241   Thumb Code    94  stm32f4xx_tim.o(.text)
    TIM_ForcedOC4Config                      0x0801a29f   Thumb Code   102  stm32f4xx_tim.o(.text)
    TIM_OC1PreloadConfig                     0x0801a305   Thumb Code   126  stm32f4xx_tim.o(.text)
    TIM_OC2PreloadConfig                     0x0801a383   Thumb Code   108  stm32f4xx_tim.o(.text)
    TIM_OC3PreloadConfig                     0x0801a3ef   Thumb Code   138  stm32f4xx_tim.o(.text)
    TIM_OC4PreloadConfig                     0x0801a479   Thumb Code    96  stm32f4xx_tim.o(.text)
    TIM_OC1FastConfig                        0x0801a4d9   Thumb Code   124  stm32f4xx_tim.o(.text)
    TIM_OC2FastConfig                        0x0801a555   Thumb Code   108  stm32f4xx_tim.o(.text)
    TIM_OC3FastConfig                        0x0801a5c1   Thumb Code    88  stm32f4xx_tim.o(.text)
    TIM_OC4FastConfig                        0x0801a619   Thumb Code    96  stm32f4xx_tim.o(.text)
    TIM_ClearOC1Ref                          0x0801a679   Thumb Code   124  stm32f4xx_tim.o(.text)
    TIM_ClearOC2Ref                          0x0801a6f5   Thumb Code   106  stm32f4xx_tim.o(.text)
    TIM_ClearOC3Ref                          0x0801a75f   Thumb Code    88  stm32f4xx_tim.o(.text)
    TIM_ClearOC4Ref                          0x0801a7b7   Thumb Code    94  stm32f4xx_tim.o(.text)
    TIM_OC1PolarityConfig                    0x0801a815   Thumb Code   174  stm32f4xx_tim.o(.text)
    TIM_OC1NPolarityConfig                   0x0801a8c3   Thumb Code    64  stm32f4xx_tim.o(.text)
    TIM_OC2PolarityConfig                    0x0801a903   Thumb Code   108  stm32f4xx_tim.o(.text)
    TIM_OC2NPolarityConfig                   0x0801a96f   Thumb Code    72  stm32f4xx_tim.o(.text)
    TIM_OC3PolarityConfig                    0x0801a9b7   Thumb Code    96  stm32f4xx_tim.o(.text)
    TIM_OC3NPolarityConfig                   0x0801aa17   Thumb Code    72  stm32f4xx_tim.o(.text)
    TIM_OC4PolarityConfig                    0x0801aa5f   Thumb Code    96  stm32f4xx_tim.o(.text)
    TIM_CCxCmd                               0x0801aabf   Thumb Code   168  stm32f4xx_tim.o(.text)
    TIM_CCxNCmd                              0x0801ab67   Thumb Code   104  stm32f4xx_tim.o(.text)
    TIM_SetIC4Prescaler                      0x0801abcf   Thumb Code   106  stm32f4xx_tim.o(.text)
    TIM_SetIC3Prescaler                      0x0801acb9   Thumb Code    98  stm32f4xx_tim.o(.text)
    TIM_SetIC2Prescaler                      0x0801ad63   Thumb Code   118  stm32f4xx_tim.o(.text)
    TIM_SetIC1Prescaler                      0x0801ae29   Thumb Code   134  stm32f4xx_tim.o(.text)
    TIM_ICInit                               0x0801aee9   Thumb Code   508  stm32f4xx_tim.o(.text)
    TIM_ICStructInit                         0x0801b0e5   Thumb Code    18  stm32f4xx_tim.o(.text)
    TIM_PWMIConfig                           0x0801b0f7   Thumb Code   184  stm32f4xx_tim.o(.text)
    TIM_GetCapture1                          0x0801b1af   Thumb Code    92  stm32f4xx_tim.o(.text)
    TIM_GetCapture2                          0x0801b20b   Thumb Code    68  stm32f4xx_tim.o(.text)
    TIM_GetCapture3                          0x0801b24f   Thumb Code    56  stm32f4xx_tim.o(.text)
    TIM_GetCapture4                          0x0801b287   Thumb Code    56  stm32f4xx_tim.o(.text)
    TIM_BDTRConfig                           0x0801b2bf   Thumb Code   222  stm32f4xx_tim.o(.text)
    TIM_BDTRStructInit                       0x0801b39d   Thumb Code    18  stm32f4xx_tim.o(.text)
    TIM_CtrlPWMOutputs                       0x0801b3af   Thumb Code    78  stm32f4xx_tim.o(.text)
    TIM_SelectCOM                            0x0801b3fd   Thumb Code    72  stm32f4xx_tim.o(.text)
    TIM_CCPreloadControl                     0x0801b445   Thumb Code    72  stm32f4xx_tim.o(.text)
    TIM_ITConfig                             0x0801b48d   Thumb Code   218  stm32f4xx_tim.o(.text)
    TIM_GenerateEvent                        0x0801b567   Thumb Code   126  stm32f4xx_tim.o(.text)
    TIM_GetFlagStatus                        0x0801b5e5   Thumb Code   188  stm32f4xx_tim.o(.text)
    TIM_ClearFlag                            0x0801b6a1   Thumb Code   108  stm32f4xx_tim.o(.text)
    TIM_GetITStatus                          0x0801b70d   Thumb Code   186  stm32f4xx_tim.o(.text)
    TIM_ClearITPendingBit                    0x0801b7c7   Thumb Code   108  stm32f4xx_tim.o(.text)
    TIM_DMAConfig                            0x0801b833   Thumb Code   334  stm32f4xx_tim.o(.text)
    TIM_DMACmd                               0x0801b981   Thumb Code   126  stm32f4xx_tim.o(.text)
    TIM_SelectCCDMA                          0x0801b9ff   Thumb Code    96  stm32f4xx_tim.o(.text)
    TIM_InternalClockConfig                  0x0801ba5f   Thumb Code    76  stm32f4xx_tim.o(.text)
    TIM_SelectInputTrigger                   0x0801baab   Thumb Code   148  stm32f4xx_tim.o(.text)
    TIM_ITRxExternalClockConfig              0x0801bb3f   Thumb Code   110  stm32f4xx_tim.o(.text)
    TIM_TIxExternalClockConfig               0x0801bbad   Thumb Code   184  stm32f4xx_tim.o(.text)
    TIM_ETRConfig                            0x0801bc65   Thumb Code   164  stm32f4xx_tim.o(.text)
    TIM_ETRClockMode1Config                  0x0801bd09   Thumb Code   228  stm32f4xx_tim.o(.text)
    TIM_ETRClockMode2Config                  0x0801bded   Thumb Code   152  stm32f4xx_tim.o(.text)
    TIM_SelectOutputTrigger                  0x0801be85   Thumb Code   126  stm32f4xx_tim.o(.text)
    TIM_SelectSlaveMode                      0x0801bf03   Thumb Code   112  stm32f4xx_tim.o(.text)
    TIM_SelectMasterSlaveMode                0x0801bf73   Thumb Code   102  stm32f4xx_tim.o(.text)
    TIM_EncoderInterfaceConfig               0x0801bfd9   Thumb Code   226  stm32f4xx_tim.o(.text)
    TIM_SelectHallSensor                     0x0801c0bb   Thumb Code   108  stm32f4xx_tim.o(.text)
    TIM_RemapConfig                          0x0801c127   Thumb Code   138  stm32f4xx_tim.o(.text)
    USART_DeInit                             0x0801c1b1   Thumb Code   276  stm32f4xx_usart.o(.text)
    USART_Init                               0x0801c2c5   Thumb Code   492  stm32f4xx_usart.o(.text)
    USART_StructInit                         0x0801c4b1   Thumb Code    24  stm32f4xx_usart.o(.text)
    USART_ClockInit                          0x0801c4c9   Thumb Code   166  stm32f4xx_usart.o(.text)
    USART_ClockStructInit                    0x0801c56f   Thumb Code    12  stm32f4xx_usart.o(.text)
    USART_Cmd                                0x0801c57b   Thumb Code   214  stm32f4xx_usart.o(.text)
    USART_SetPrescaler                       0x0801c651   Thumb Code    96  stm32f4xx_usart.o(.text)
    USART_OverSampling8Cmd                   0x0801c6b1   Thumb Code   122  stm32f4xx_usart.o(.text)
    USART_OneBitMethodCmd                    0x0801c72b   Thumb Code   124  stm32f4xx_usart.o(.text)
    USART_SendData                           0x0801c7a7   Thumb Code   108  stm32f4xx_usart.o(.text)
    USART_ReceiveData                        0x0801c813   Thumb Code    86  stm32f4xx_usart.o(.text)
    USART_SetAddress                         0x0801c869   Thumb Code   116  stm32f4xx_usart.o(.text)
    USART_ReceiverWakeUpCmd                  0x0801c8dd   Thumb Code   124  stm32f4xx_usart.o(.text)
    USART_WakeUpConfig                       0x0801c959   Thumb Code   120  stm32f4xx_usart.o(.text)
    USART_LINBreakDetectLengthConfig         0x0801c9d1   Thumb Code   160  stm32f4xx_usart.o(.text)
    USART_LINCmd                             0x0801ca71   Thumb Code   124  stm32f4xx_usart.o(.text)
    USART_SendBreak                          0x0801caed   Thumb Code    88  stm32f4xx_usart.o(.text)
    USART_HalfDuplexCmd                      0x0801cb45   Thumb Code   124  stm32f4xx_usart.o(.text)
    USART_SetGuardTime                       0x0801cbc1   Thumb Code    60  stm32f4xx_usart.o(.text)
    USART_SmartCardCmd                       0x0801cbfd   Thumb Code    88  stm32f4xx_usart.o(.text)
    USART_SmartCardNACKCmd                   0x0801cc55   Thumb Code    88  stm32f4xx_usart.o(.text)
    USART_IrDAConfig                         0x0801ccad   Thumb Code   118  stm32f4xx_usart.o(.text)
    USART_IrDACmd                            0x0801cd23   Thumb Code   124  stm32f4xx_usart.o(.text)
    USART_DMACmd                             0x0801cd9f   Thumb Code   184  stm32f4xx_usart.o(.text)
    USART_ITConfig                           0x0801ce57   Thumb Code   290  stm32f4xx_usart.o(.text)
    USART_GetFlagStatus                      0x0801cf79   Thumb Code   200  stm32f4xx_usart.o(.text)
    USART_ClearFlag                          0x0801d041   Thumb Code   158  stm32f4xx_usart.o(.text)
    USART_GetITStatus                        0x0801d0df   Thumb Code   306  stm32f4xx_usart.o(.text)
    USART_ClearITPendingBit                  0x0801d211   Thumb Code   234  stm32f4xx_usart.o(.text)
    FPGA_Init                                0x0801d30d   Thumb Code   674  fpga.o(.text)
    FPGA_WriteBuffer                         0x0801d5af   Thumb Code    24  fpga.o(.text)
    FPGA_ResetHardware                       0x0801d5c7   Thumb Code   104  fpga.o(.text)
    FPGA_ReadBuffer                          0x0801d62f   Thumb Code    22  fpga.o(.text)
    FPGA_DATA_WriteBuffer                    0x0801d645   Thumb Code    24  fpga.o(.text)
    FPGA_DATA_ReadBuffer                     0x0801d65d   Thumb Code    22  fpga.o(.text)
    SysTick_Handler                          0x0801d685   Thumb Code    38  scope_it.o(.text)
    TIM2_IRQHandler                          0x0801d6ab   Thumb Code   494  scope_it.o(.text)
    USART1_IRQHandler                        0x0801d899   Thumb Code    14  scope_it.o(.text)
    USART3_IRQHandler                        0x0801d8a7   Thumb Code    14  scope_it.o(.text)
    IT_SYS_DlyMs                             0x0801d8b5   Thumb Code    30  scope_it.o(.text)
    IT_SYS_GetTicks                          0x0801d8d3   Thumb Code     6  scope_it.o(.text)
    IT_SYS_SetTicks                          0x0801d8d9   Thumb Code    10  scope_it.o(.text)
    IT_SYS_SetDlyMs                          0x0801d8e3   Thumb Code    16  scope_it.o(.text)
    IT_SYS_CheckDlyFin                       0x0801d8f3   Thumb Code    20  scope_it.o(.text)
    IT_LIST_GetTicks                         0x0801d907   Thumb Code     6  scope_it.o(.text)
    IT_LIST_SetTicks                         0x0801d90d   Thumb Code    10  scope_it.o(.text)
    IT_ADC_GetTicks                          0x0801d917   Thumb Code     6  scope_it.o(.text)
    IT_ADC_SetTicks                          0x0801d91d   Thumb Code    10  scope_it.o(.text)
    assert_failed                            0x0801d995   Thumb Code    18  scope_eval.o(.text)
    fputc                                    0x0801d9a7   Thumb Code    16  scope_eval.o(.text)
    PF_InitTimer2                            0x0801d9b7   Thumb Code   122  scope_eval.o(.text)
    EVAL_Init                                0x0801db59   Thumb Code   224  scope_eval.o(.text)
    EVAL_OutputSet                           0x0801dc39   Thumb Code    16  scope_eval.o(.text)
    EVAL_OutputClr                           0x0801dc49   Thumb Code    16  scope_eval.o(.text)
    EVAL_OutputToggle                        0x0801dc59   Thumb Code    26  scope_eval.o(.text)
    EVAL_InputGetState                       0x0801dd0f   Thumb Code    22  scope_eval.o(.text)
    MV_InitPara                              0x0801ddd5   Thumb Code   190  scope_move.o(.text)
    MV_Move                                  0x0801de93   Thumb Code   434  scope_move.o(.text)
    MV_Stop                                  0x0801e045   Thumb Code    98  scope_move.o(.text)
    MV_Wait                                  0x0801e0a7   Thumb Code    84  scope_move.o(.text)
    MV_GetStepsExecuted                      0x0801e0fb   Thumb Code    56  scope_move.o(.text)
    MV_IsFinished                            0x0801e133   Thumb Code    20  scope_move.o(.text)
    MV_IsrMoveHandling                       0x0801e147   Thumb Code   104  scope_move.o(.text)
    BUF_Send_Init                            0x0801e1c1   Thumb Code    14  buffercircle.o(.text)
    BUF_Send_PutChar                         0x0801e1cf   Thumb Code    54  buffercircle.o(.text)
    BUF_Send_GetChar                         0x0801e205   Thumb Code    74  buffercircle.o(.text)
    BUF_Send_PutNChar                        0x0801e2d9   Thumb Code    94  buffercircle.o(.text)
    BUF_Send_GetNChar                        0x0801e337   Thumb Code    94  buffercircle.o(.text)
    BUF_Recv_Init                            0x0801e395   Thumb Code    14  buffercircle.o(.text)
    BUF_Recv_PutChar                         0x0801e3a3   Thumb Code    54  buffercircle.o(.text)
    BUF_Recv_GetChar                         0x0801e3d9   Thumb Code    74  buffercircle.o(.text)
    BUF_Recv_PutNChar                        0x0801e4ad   Thumb Code    94  buffercircle.o(.text)
    BUF_Recv_GetNChar                        0x0801e50b   Thumb Code    94  buffercircle.o(.text)
    NET_BUF_Send_Init                        0x0801e579   Thumb Code    14  netbuffercircle.o(.text)
    NET_BUF_Send_PutChar                     0x0801e587   Thumb Code    54  netbuffercircle.o(.text)
    NET_BUF_Send_GetChar                     0x0801e5bd   Thumb Code    74  netbuffercircle.o(.text)
    NET_BUF_Send_GetLenConsume               0x0801e607   Thumb Code   112  netbuffercircle.o(.text)
    NET_BUF_Send_GetLenRemain                0x0801e677   Thumb Code    26  netbuffercircle.o(.text)
    NET_BUF_Send_PutNChar                    0x0801e691   Thumb Code    94  netbuffercircle.o(.text)
    NET_BUF_Send_GetNChar                    0x0801e6ef   Thumb Code    94  netbuffercircle.o(.text)
    NET_BUF_Recv_Init                        0x0801e74d   Thumb Code    14  netbuffercircle.o(.text)
    NET_BUF_Recv_PutChar                     0x0801e75b   Thumb Code    54  netbuffercircle.o(.text)
    NET_BUF_Recv_GetChar                     0x0801e791   Thumb Code    74  netbuffercircle.o(.text)
    NET_BUF_Recv_GetLenConsume               0x0801e7db   Thumb Code   112  netbuffercircle.o(.text)
    NET_BUF_Recv_GetLenRemain                0x0801e84b   Thumb Code    26  netbuffercircle.o(.text)
    NET_BUF_Recv_PutNChar                    0x0801e865   Thumb Code    94  netbuffercircle.o(.text)
    NET_BUF_Recv_GetNChar                    0x0801e8c3   Thumb Code    94  netbuffercircle.o(.text)
    SPG_Send_Init                            0x0801e931   Thumb Code    14  samplebuffercircle.o(.text)
    SPG_Send_PutChar                         0x0801e93f   Thumb Code    52  samplebuffercircle.o(.text)
    SPG_Send_GetChar                         0x0801e973   Thumb Code    68  samplebuffercircle.o(.text)
    SPG_Send_PutNChar                        0x0801ea37   Thumb Code    92  samplebuffercircle.o(.text)
    SPG_Send_GetNChar                        0x0801ea93   Thumb Code    92  samplebuffercircle.o(.text)
    SPG_Recv_Init                            0x0801eaef   Thumb Code    14  samplebuffercircle.o(.text)
    SPG_Recv_PutChar                         0x0801eafd   Thumb Code    52  samplebuffercircle.o(.text)
    SPG_Recv_GetChar                         0x0801eb31   Thumb Code    68  samplebuffercircle.o(.text)
    SPG_Recv_PutNChar                        0x0801ebf5   Thumb Code    92  samplebuffercircle.o(.text)
    SPG_Recv_GetNChar                        0x0801ec51   Thumb Code    92  samplebuffercircle.o(.text)
    Delay_US                                 0x0801ecbd   Thumb Code    54  driver.o(.text)
    ADC1_DMA_Config                          0x0801ecf3   Thumb Code   174  driver.o(.text)
    ADC1_Init                                0x0801eda1   Thumb Code   192  driver.o(.text)
    DMA2_Stream0_IRQHandler                  0x0801ee61   Thumb Code    72  driver.o(.text)
    DMA2_Stream3_IRQHandler                  0x0801eea9   Thumb Code    80  driver.o(.text)
    ADC2_DMA_Config                          0x0801eef9   Thumb Code   194  driver.o(.text)
    ADC2_Init                                0x0801efbb   Thumb Code   174  driver.o(.text)
    ADC3_GPIO_Init                           0x0801f069   Thumb Code   358  driver.o(.text)
    ADC3_Init                                0x0801f1cf   Thumb Code    84  driver.o(.text)
    Get_ADC3_Channel_Value                   0x0801f223   Thumb Code    90  driver.o(.text)
    Get_Press_ADC                            0x0801f27d   Thumb Code     4  driver.o(.text)
    Get_XK_ADC                               0x0801f281   Thumb Code    18  driver.o(.text)
    Get_12V_N_ADC                            0x0801f293   Thumb Code    18  driver.o(.text)
    Get_12V_P_ADC                            0x0801f2a5   Thumb Code    18  driver.o(.text)
    Get_56V_Cur_ADC                          0x0801f2b7   Thumb Code    18  driver.o(.text)
    Get_LED_Cur_ADC                          0x0801f2c9   Thumb Code    18  driver.o(.text)
    Get_Temp_ADC                             0x0801f2db   Thumb Code    18  driver.o(.text)
    HW_Get_ADC_HGB                           0x0801f2ed   Thumb Code    20  driver.o(.text)
    HW_Get_ADC_CRP                           0x0801f301   Thumb Code    20  driver.o(.text)
    Get_HGB_Value                            0x0801f315   Thumb Code    38  driver.o(.text)
    Get_CRP_Value                            0x0801f33b   Thumb Code    26  driver.o(.text)
    Press_I2C_Init                           0x0801f355   Thumb Code    96  driver.o(.text)
    Press_Init                               0x0801f3b5   Thumb Code     8  driver.o(.text)
    Press_I2C_Start                          0x0801f3bd   Thumb Code    68  driver.o(.text)
    Press_I2C_Stop                           0x0801f401   Thumb Code    60  driver.o(.text)
    Press_I2C_Wait_Ack                       0x0801f43d   Thumb Code    78  driver.o(.text)
    Press_I2C_Ack                            0x0801f48b   Thumb Code    72  driver.o(.text)
    Press_I2C_NAck                           0x0801f4d3   Thumb Code   134  driver.o(.text)
    Press_I2C_Send_Byte                      0x0801f559   Thumb Code   102  driver.o(.text)
    Press_I2C_Read_Byte                      0x0801f5bf   Thumb Code    98  driver.o(.text)
    Get_Press_I2C                            0x0801f621   Thumb Code   202  driver.o(.text)
    Reset_Elec_Status                        0x0801f6eb   Thumb Code    14  driver.o(.text)
    Set_Elec_Status                          0x0801f6f9   Thumb Code    14  driver.o(.text)
    Get_Elec_Status                          0x0801f707   Thumb Code    14  driver.o(.text)
    Elec_Init                                0x0801f715   Thumb Code    44  driver.o(.text)
    Get_Elec_ADC                             0x0801f741   Thumb Code    86  driver.o(.text)
    Beep_Init                                0x0801f797   Thumb Code    46  driver.o(.text)
    Beep                                     0x0801f7c5   Thumb Code    86  driver.o(.text)
    Pump_PWM_Init                            0x0801f81b   Thumb Code   176  driver.o(.text)
    Pump_init                                0x0801f8cb   Thumb Code    22  driver.o(.text)
    Pump_AntiClockWise                       0x0801f8e1   Thumb Code     2  driver.o(.text)
    Pump_ClockWise                           0x0801f8e3   Thumb Code     2  driver.o(.text)
    Pump_Speed_Set                           0x0801f8e5   Thumb Code    32  driver.o(.text)
    Pump_Exec                                0x0801f905   Thumb Code    80  driver.o(.text)
    Mixing_Motor_Init                        0x0801f955   Thumb Code    56  driver.o(.text)
    Mixing_Motor_Run                         0x0801f98d   Thumb Code    12  driver.o(.text)
    Mixing_Motor_Stop                        0x0801f999   Thumb Code    12  driver.o(.text)
    Valve_Init                               0x0801f9a5   Thumb Code   100  driver.o(.text)
    Valve_Air_Exec                           0x0801fa09   Thumb Code    32  driver.o(.text)
    Valve_Liquid_Exec                        0x0801fa29   Thumb Code    30  driver.o(.text)
    Valve_Exec                               0x0801fa47   Thumb Code    28  driver.o(.text)
    Turn_Motor_Init                          0x0801fa63   Thumb Code   252  driver.o(.text)
    Turn_Motor_Power                         0x0801fb5f   Thumb Code    32  driver.o(.text)
    Turn_Motor_Break                         0x0801fb7f   Thumb Code    18  driver.o(.text)
    Turn_Motor_Free                          0x0801fb91   Thumb Code    18  driver.o(.text)
    Get_Turn_Reset_OC_Status                 0x0801fba3   Thumb Code    12  driver.o(.text)
    Turn_Motor_Reset                         0x0801fbaf   Thumb Code   144  driver.o(.text)
    Get_Turn_Select_OC_Status                0x0801fc3f   Thumb Code    12  driver.o(.text)
    Turn_Motor_Anti_ClockWise                0x0801fc4b   Thumb Code   190  driver.o(.text)
    Turn_Motor_ClockWise                     0x0801fd09   Thumb Code   260  driver.o(.text)
    Turn_Motor_Goto_Postion                  0x0801fe0d   Thumb Code    28  driver.o(.text)
    Turn_Motor_Select_LED                    0x0801fe29   Thumb Code   164  driver.o(.text)
    Get_Micro_OC_Status                      0x0801fecd   Thumb Code    12  driver.o(.text)
    EXTI9_5_IRQHandler                       0x0801fed9   Thumb Code    96  driver.o(.text)
    Micro_OC_Init                            0x0801ff39   Thumb Code   128  driver.o(.text)
    OC_Init                                  0x0801ffb9   Thumb Code   174  driver.o(.text)
    Get_Out_OC_Status                        0x08020067   Thumb Code    12  driver.o(.text)
    Get_In_OC_Status                         0x08020073   Thumb Code    14  driver.o(.text)
    LED_Cur_DAC_Init                         0x08020081   Thumb Code    84  driver.o(.text)
    LED_Init                                 0x080200d5   Thumb Code   634  driver.o(.text)
    LED_Cur_DAC_Set                          0x0802034f   Thumb Code    14  driver.o(.text)
    LED_Cur_Switch                           0x0802035d   Thumb Code    32  driver.o(.text)
    LED_Cur_Auto_Adjust                      0x0802037d   Thumb Code    96  driver.o(.text)
    LED_Cur_ADC_Check_Channel                0x080203dd   Thumb Code   280  driver.o(.text)
    LED_Exec                                 0x080204f5   Thumb Code   258  driver.o(.text)
    LED_All_Reset                            0x080205f7   Thumb Code    24  driver.o(.text)
    DRegister_SPI_Init                       0x0802060f   Thumb Code   252  driver.o(.text)
    DResistor_Init                           0x0802070b   Thumb Code     8  driver.o(.text)
    DRegister_Write                          0x08020713   Thumb Code    28  driver.o(.text)
    DResistor_Set                            0x0802072f   Thumb Code    24  driver.o(.text)
    Driver_Debug                             0x08020747   Thumb Code  2366  driver.o(.text)
    ADC24Bit_SPI_ReadWriteByte               0x080210b9   Thumb Code    80  ad7799.o(.text)
    ADC24Bit_SPI_Init                        0x08021109   Thumb Code   324  ad7799.o(.text)
    ADC24Bit_GPIO_Init                       0x0802124d   Thumb Code   194  ad7799.o(.text)
    SPI_Write                                0x0802130f   Thumb Code   144  ad7799.o(.text)
    AD7799_Reset                             0x0802139f   Thumb Code    36  ad7799.o(.text)
    SPI_Read                                 0x080213c3   Thumb Code   144  ad7799.o(.text)
    AD7799_GetRegisterValue                  0x08021453   Thumb Code   152  ad7799.o(.text)
    AD7799_SetRegisterValue                  0x080214eb   Thumb Code   106  ad7799.o(.text)
    AD7799_Init                              0x08021555   Thumb Code   254  ad7799.o(.text)
    ADC24Bit_Init                            0x08021653   Thumb Code    12  ad7799.o(.text)
    AD7799_Calibrate                         0x0802165f   Thumb Code   256  ad7799.o(.text)
    AD7799_SetChannel                        0x0802175f   Thumb Code    36  ad7799.o(.text)
    AD7799_SetMode                           0x08021783   Thumb Code    48  ad7799.o(.text)
    AD7799_SetGain                           0x080217b3   Thumb Code    38  ad7799.o(.text)
    AD7799_SetBurnoutCurren                  0x080217d9   Thumb Code    36  ad7799.o(.text)
    AD7799_SetBufMode                        0x080217fd   Thumb Code    36  ad7799.o(.text)
    AD7799_Get_Out_Data                      0x08021821   Thumb Code    12  ad7799.o(.text)
    AD7799_Get_ADC_Value                     0x0802182d   Thumb Code    14  ad7799.o(.text)
    AD7799_Get_Value                         0x0802183b   Thumb Code    56  ad7799.o(.text)
    ethernetif_input                         0x08021b11   Thumb Code    42  ethernetif.o(.text)
    ethernetif_init                          0x08021b3b   Thumb Code    38  ethernetif.o(.text)
    etharp_tmr                               0x08021bbf   Thumb Code   136  etharp.o(.text)
    etharp_cleanup_netif                     0x08021e8d   Thumb Code    52  etharp.o(.text)
    etharp_find_addr                         0x08021ec1   Thumb Code    82  etharp.o(.text)
    etharp_request                           0x080220d5   Thumb Code    36  etharp.o(.text)
    etharp_query                             0x08022161   Thumb Code   338  etharp.o(.text)
    etharp_output                            0x080222b3   Thumb Code   314  etharp.o(.text)
    ethernet_input                           0x080223ed   Thumb Code   178  etharp.o(.text)
    icmp_input                               0x080224b1   Thumb Code   340  icmp.o(.text)
    icmp_dest_unreach                        0x08022675   Thumb Code    18  icmp.o(.text)
    icmp_time_exceeded                       0x08022687   Thumb Code    18  icmp.o(.text)
    inet_chksum_pseudo                       0x080226ff   Thumb Code   162  inet_chksum.o(.text)
    inet_chksum_pseudo_partial               0x080227a1   Thumb Code   184  inet_chksum.o(.text)
    inet_chksum                              0x08022859   Thumb Code    20  inet_chksum.o(.text)
    inet_chksum_pbuf                         0x0802286d   Thumb Code    86  inet_chksum.o(.text)
    ip_route                                 0x080228c5   Thumb Code    76  ip.o(.text)
    ip_input                                 0x08022911   Thumb Code   422  ip.o(.text)
    ip_output_if                             0x08022ab7   Thumb Code   192  ip.o(.text)
    ip_output                                0x08022b77   Thumb Code    56  ip.o(.text)
    ip4_addr_isbroadcast                     0x08022bcd   Thumb Code    78  ip_addr.o(.text)
    ip4_addr_netmask_valid                   0x08022c1b   Thumb Code    52  ip_addr.o(.text)
    ipaddr_aton                              0x08022c4f   Thumb Code   348  ip_addr.o(.text)
    ipaddr_addr                              0x08022dab   Thumb Code    24  ip_addr.o(.text)
    ipaddr_ntoa_r                            0x08022dc3   Thumb Code   168  ip_addr.o(.text)
    ipaddr_ntoa                              0x08022e6b   Thumb Code    16  ip_addr.o(.text)
    ip_reass_tmr                             0x08022f45   Thumb Code    48  ip_frag.o(.text)
    ip_reass                                 0x0802319b   Thumb Code   396  ip_frag.o(.text)
    ip_frag                                  0x08023363   Thumb Code   424  ip_frag.o(.text)
    lwip_htons                               0x08023515   Thumb Code    12  def.o(.text)
    lwip_ntohs                               0x08023521   Thumb Code    12  def.o(.text)
    lwip_htonl                               0x0802352d   Thumb Code    26  def.o(.text)
    lwip_ntohl                               0x08023547   Thumb Code    12  def.o(.text)
    dhcp_renew                               0x080239e5   Thumb Code   160  dhcp.o(.text)
    dhcp_coarse_tmr                          0x08023b49   Thumb Code    62  dhcp.o(.text)
    dhcp_release                             0x08023c2b   Thumb Code   162  dhcp.o(.text)
    dhcp_fine_tmr                            0x08023e55   Thumb Code    64  dhcp.o(.text)
    dhcp_set_struct                          0x08023f1b   Thumb Code    30  dhcp.o(.text)
    dhcp_cleanup                             0x08023f39   Thumb Code    24  dhcp.o(.text)
    dhcp_stop                                0x08023f51   Thumb Code    58  dhcp.o(.text)
    dhcp_start                               0x08024397   Thumb Code   206  dhcp.o(.text)
    dhcp_inform                              0x08024465   Thumb Code   170  dhcp.o(.text)
    dhcp_network_changed                     0x0802450f   Thumb Code    80  dhcp.o(.text)
    dhcp_arp_reply                           0x080245dd   Thumb Code    46  dhcp.o(.text)
    mem_init                                 0x0802469d   Thumb Code    74  mem.o(.text)
    mem_free                                 0x080246e7   Thumb Code    68  mem.o(.text)
    mem_trim                                 0x0802472b   Thumb Code   288  mem.o(.text)
    mem_malloc                               0x0802484b   Thumb Code   222  mem.o(.text)
    mem_calloc                               0x08024929   Thumb Code    34  mem.o(.text)
    memp_init                                0x0802495d   Thumb Code    82  memp.o(.text)
    memp_malloc                              0x080249af   Thumb Code    40  memp.o(.text)
    memp_free                                0x080249d7   Thumb Code    28  memp.o(.text)
    netif_init                               0x08024a05   Thumb Code     2  netif.o(.text)
    netif_set_gw                             0x08024a07   Thumb Code    12  netif.o(.text)
    netif_set_netmask                        0x08024a13   Thumb Code    12  netif.o(.text)
    netif_set_ipaddr                         0x08024a1f   Thumb Code   110  netif.o(.text)
    netif_set_addr                           0x08024a8d   Thumb Code    40  netif.o(.text)
    netif_add                                0x08024ab5   Thumb Code   104  netif.o(.text)
    netif_set_default                        0x08024b1d   Thumb Code     6  netif.o(.text)
    netif_set_down                           0x08024b23   Thumb Code    42  netif.o(.text)
    netif_remove                             0x08024b4d   Thumb Code    90  netif.o(.text)
    netif_find                               0x08024ba7   Thumb Code    64  netif.o(.text)
    netif_set_up                             0x08024be7   Thumb Code    54  netif.o(.text)
    netif_set_link_up                        0x08024c1d   Thumb Code    80  netif.o(.text)
    netif_set_link_down                      0x08024c6d   Thumb Code    42  netif.o(.text)
    netif_set_link_callback                  0x08024c97   Thumb Code     6  netif.o(.text)
    pbuf_free                                0x08024cb1   Thumb Code   134  pbuf.o(.text)
    pbuf_alloc                               0x08024d37   Thumb Code   408  pbuf.o(.text)
    pbuf_alloced_custom                      0x08024ecf   Thumb Code   108  pbuf.o(.text)
    pbuf_realloc                             0x08024f3b   Thumb Code   120  pbuf.o(.text)
    pbuf_header                              0x08024fb3   Thumb Code   126  pbuf.o(.text)
    pbuf_clen                                0x08025031   Thumb Code    18  pbuf.o(.text)
    pbuf_ref                                 0x08025043   Thumb Code    10  pbuf.o(.text)
    pbuf_cat                                 0x0802504d   Thumb Code    56  pbuf.o(.text)
    pbuf_chain                               0x08025085   Thumb Code    22  pbuf.o(.text)
    pbuf_dechain                             0x0802509b   Thumb Code    56  pbuf.o(.text)
    pbuf_copy                                0x080250d3   Thumb Code   192  pbuf.o(.text)
    pbuf_copy_partial                        0x08025193   Thumb Code   146  pbuf.o(.text)
    pbuf_take                                0x08025225   Thumb Code   116  pbuf.o(.text)
    pbuf_coalesce                            0x08025299   Thumb Code    60  pbuf.o(.text)
    pbuf_get_at                              0x080252d5   Thumb Code    46  pbuf.o(.text)
    pbuf_memcmp                              0x08025303   Thumb Code    96  pbuf.o(.text)
    pbuf_memfind                             0x08025363   Thumb Code    76  pbuf.o(.text)
    pbuf_strstr                              0x080253af   Thumb Code    60  pbuf.o(.text)
    raw_input                                0x080253ed   Thumb Code   102  raw.o(.text)
    raw_bind                                 0x08025453   Thumb Code    16  raw.o(.text)
    raw_connect                              0x08025463   Thumb Code    16  raw.o(.text)
    raw_recv                                 0x08025473   Thumb Code     6  raw.o(.text)
    raw_sendto                               0x08025479   Thumb Code   158  raw.o(.text)
    raw_send                                 0x08025517   Thumb Code    18  raw.o(.text)
    raw_remove                               0x08025529   Thumb Code    60  raw.o(.text)
    raw_new                                  0x08025565   Thumb Code    42  raw.o(.text)
    tcp_init                                 0x0802559d   Thumb Code     2  tcp.o(.text)
    tcp_seg_free                             0x0802559f   Thumb Code    26  tcp.o(.text)
    tcp_segs_free                            0x080255b9   Thumb Code    24  tcp.o(.text)
    tcp_pcb_purge                            0x080255d1   Thumb Code    64  tcp.o(.text)
    tcp_slowtmr                              0x08025611   Thumb Code   802  tcp.o(.text)
    tcp_pcb_remove                           0x08025933   Thumb Code   140  tcp.o(.text)
    tcp_close                                0x08025b97   Thumb Code    28  tcp.o(.text)
    tcp_update_rcv_ann_wnd                   0x08025bb3   Thumb Code    78  tcp.o(.text)
    tcp_recved                               0x08025c01   Thumb Code    70  tcp.o(.text)
    tcp_recv_null                            0x08025c47   Thumb Code    46  tcp.o(.text)
    tcp_process_refused_data                 0x08025c75   Thumb Code   140  tcp.o(.text)
    tcp_fasttmr                              0x08025d01   Thumb Code   110  tcp.o(.text)
    tcp_tmr                                  0x08025d6f   Thumb Code    30  tcp.o(.text)
    tcp_shutdown                             0x08025d8d   Thumb Code    98  tcp.o(.text)
    tcp_abandon                              0x08025def   Thumb Code   170  tcp.o(.text)
    tcp_abort                                0x08025e99   Thumb Code    14  tcp.o(.text)
    tcp_bind                                 0x08025f07   Thumb Code   142  tcp.o(.text)
    tcp_listen_with_backlog                  0x08025f9d   Thumb Code   198  tcp.o(.text)
    tcp_eff_send_mss                         0x08026063   Thumb Code    46  tcp.o(.text)
    tcp_next_iss                             0x08026091   Thumb Code    20  tcp.o(.text)
    tcp_connect                              0x080260a5   Thumb Code   328  tcp.o(.text)
    tcp_setprio                              0x080261ed   Thumb Code     4  tcp.o(.text)
    tcp_alloc                                0x0802626f   Thumb Code   242  tcp.o(.text)
    tcp_new                                  0x08026361   Thumb Code    10  tcp.o(.text)
    tcp_arg                                  0x0802636b   Thumb Code     4  tcp.o(.text)
    tcp_recv                                 0x0802636f   Thumb Code     8  tcp.o(.text)
    tcp_sent                                 0x08026377   Thumb Code     8  tcp.o(.text)
    tcp_err                                  0x0802637f   Thumb Code    10  tcp.o(.text)
    tcp_accept                               0x08026389   Thumb Code     4  tcp.o(.text)
    tcp_poll                                 0x0802638d   Thumb Code    14  tcp.o(.text)
    tcp_debug_state_str                      0x0802639b   Thumb Code    10  tcp.o(.text)
    tcp_input                                0x080271c9   Thumb Code  1134  tcp_in.o(.text)
    tcp_enqueue_flags                        0x08027785   Thumb Code   272  tcp_out.o(.text)
    tcp_send_fin                             0x08027895   Thumb Code    74  tcp_out.o(.text)
    tcp_write                                0x080279c7   Thumb Code   902  tcp_out.o(.text)
    tcp_send_empty_ack                       0x08027d4d   Thumb Code    78  tcp_out.o(.text)
    tcp_output                               0x08027e63   Thumb Code   444  tcp_out.o(.text)
    tcp_rst                                  0x0802801f   Thumb Code   124  tcp_out.o(.text)
    tcp_rexmit_rto                           0x0802809b   Thumb Code    58  tcp_out.o(.text)
    tcp_rexmit                               0x080280d5   Thumb Code    90  tcp_out.o(.text)
    tcp_rexmit_fast                          0x0802812f   Thumb Code   112  tcp_out.o(.text)
    tcp_keepalive                            0x0802819f   Thumb Code    68  tcp_out.o(.text)
    tcp_zero_window_probe                    0x080281e3   Thumb Code   172  tcp_out.o(.text)
    tcp_timer_needed                         0x0802828f   Thumb Code     2  timers.o(.text)
    udp_init                                 0x08028291   Thumb Code     2  udp.o(.text)
    udp_input                                0x080282e3   Thumb Code   450  udp.o(.text)
    udp_bind                                 0x080284a5   Thumb Code   122  udp.o(.text)
    udp_sendto_if                            0x0802851f   Thumb Code   206  udp.o(.text)
    udp_sendto                               0x080285ed   Thumb Code    46  udp.o(.text)
    udp_send                                 0x0802861b   Thumb Code    20  udp.o(.text)
    udp_connect                              0x0802862f   Thumb Code   110  udp.o(.text)
    udp_disconnect                           0x0802869d   Thumb Code    16  udp.o(.text)
    udp_recv                                 0x080286ad   Thumb Code     6  udp.o(.text)
    udp_remove                               0x080286b3   Thumb Code    60  udp.o(.text)
    udp_new                                  0x080286ef   Thumb Code    28  udp.o(.text)
    LwIP_Init                                0x08028711   Thumb Code   164  netconf.o(.text)
    LwIP_Pkt_Handle                          0x080287b5   Thumb Code    10  netconf.o(.text)
    LwIP_Periodic_Handle                     0x080287bf   Thumb Code    52  netconf.o(.text)
    ETH_BSP_Config                           0x080289db   Thumb Code    38  stm32f4x7_eth_bsp.o(.text)
    Eth_Link_PHYITConfig                     0x08028a01   Thumb Code    70  stm32f4x7_eth_bsp.o(.text)
    Eth_Link_EXTIConfig                      0x08028a47   Thumb Code   104  stm32f4x7_eth_bsp.o(.text)
    Eth_Link_ITHandler                       0x08028aaf   Thumb Code    48  stm32f4x7_eth_bsp.o(.text)
    ETH_link_callback                        0x08028adf   Thumb Code   282  stm32f4x7_eth_bsp.o(.text)
    udp_echoserver_receive_callback          0x08028cb9   Thumb Code   174  udp_echoserver.o(.text)
    udp_echoserver_init                      0x08028d67   Thumb Code   162  udp_echoserver.o(.text)
    udp_echoserver_senddata                  0x08028e09   Thumb Code    52  udp_echoserver.o(.text)
    __aeabi_memcpy                           0x08028f15   Thumb Code    36  memcpya.o(.text)
    __aeabi_memcpy4                          0x08028f15   Thumb Code     0  memcpya.o(.text)
    __aeabi_memcpy8                          0x08028f15   Thumb Code     0  memcpya.o(.text)
    __aeabi_memset                           0x08028f39   Thumb Code    14  memseta.o(.text)
    __aeabi_memset4                          0x08028f39   Thumb Code     0  memseta.o(.text)
    __aeabi_memset8                          0x08028f39   Thumb Code     0  memseta.o(.text)
    __aeabi_memclr                           0x08028f47   Thumb Code     4  memseta.o(.text)
    __aeabi_memclr4                          0x08028f47   Thumb Code     0  memseta.o(.text)
    __aeabi_memclr8                          0x08028f47   Thumb Code     0  memseta.o(.text)
    _memset$wrapper                          0x08028f4b   Thumb Code    18  memseta.o(.text)
    strncpy                                  0x08028f5d   Thumb Code    24  strncpy.o(.text)
    strlen                                   0x08028f75   Thumb Code    14  strlen.o(.text)
    memcmp                                   0x08028f83   Thumb Code    26  memcmp.o(.text)
    __aeabi_dadd                             0x08028f9d   Thumb Code   322  dadd.o(.text)
    __aeabi_dsub                             0x080290df   Thumb Code     6  dadd.o(.text)
    __aeabi_drsub                            0x080290e5   Thumb Code     6  dadd.o(.text)
    __aeabi_dmul                             0x080290eb   Thumb Code   228  dmul.o(.text)
    __aeabi_ui2d                             0x080291cf   Thumb Code    26  dfltui.o(.text)
    __aeabi_d2iz                             0x080291e9   Thumb Code    62  dfixi.o(.text)
    __aeabi_d2uiz                            0x08029227   Thumb Code    50  dfixui.o(.text)
    __aeabi_f2d                              0x08029259   Thumb Code    38  f2d.o(.text)
    __aeabi_cdrcmple                         0x08029281   Thumb Code    38  cdrcmple.o(.text)
    __aeabi_uidiv                            0x080292a9   Thumb Code     0  uidiv.o(.text)
    __aeabi_uidivmod                         0x080292a9   Thumb Code    44  uidiv.o(.text)
    __aeabi_uldivmod                         0x080292d5   Thumb Code    98  uldiv.o(.text)
    __aeabi_llsl                             0x08029337   Thumb Code    30  llshl.o(.text)
    _ll_shift_l                              0x08029337   Thumb Code     0  llshl.o(.text)
    __aeabi_llsr                             0x08029355   Thumb Code    32  llushr.o(.text)
    _ll_ushift_r                             0x08029355   Thumb Code     0  llushr.o(.text)
    __aeabi_lasr                             0x08029375   Thumb Code    36  llsshr.o(.text)
    _ll_sshift_r                             0x08029375   Thumb Code     0  llsshr.o(.text)
    __I$use$fp                               0x08029399   Thumb Code     0  iusefp.o(.text)
    _double_round                            0x08029399   Thumb Code    26  depilogue.o(.text)
    _double_epilogue                         0x080293b3   Thumb Code   164  depilogue.o(.text)
    __aeabi_ddiv                             0x08029457   Thumb Code   222  ddiv.o(.text)
    __aeabi_d2ulz                            0x08029535   Thumb Code    48  dfixul.o(.text)
    __decompress                             0x08029565   Thumb Code     0  __dclz77c.o(.text)
    __decompress2                            0x08029565   Thumb Code    96  __dclz77c.o(.text)
    __0printf                                0x080295c5   Thumb Code    22  printfa.o(i.__0printf)
    __1printf                                0x080295c5   Thumb Code     0  printfa.o(i.__0printf)
    __2printf                                0x080295c5   Thumb Code     0  printfa.o(i.__0printf)
    __c89printf                              0x080295c5   Thumb Code     0  printfa.o(i.__0printf)
    printf                                   0x080295c5   Thumb Code     0  printfa.o(i.__0printf)
    __0sprintf                               0x080295e5   Thumb Code    34  printfa.o(i.__0sprintf)
    __1sprintf                               0x080295e5   Thumb Code     0  printfa.o(i.__0sprintf)
    __2sprintf                               0x080295e5   Thumb Code     0  printfa.o(i.__0sprintf)
    __c89sprintf                             0x080295e5   Thumb Code     0  printfa.o(i.__0sprintf)
    sprintf                                  0x080295e5   Thumb Code     0  printfa.o(i.__0sprintf)
    softver_edtion                           0x08029f78   Data           6  processscope.o(.constdata)
    FSMC_DefaultTimingStruct                 0x0802adb0   Data          28  stm32f4xx_fsmc.o(.constdata)
    COM_USART                                0x0802adcc   Data          12  scope_eval.o(.constdata)
    COM_USART_CLK                            0x0802add8   Data          12  scope_eval.o(.constdata)
    COM_ET_IRQn                              0x0802ade4   Data           6  scope_eval.o(.constdata)
    COM_TX_PORT                              0x0802adec   Data          12  scope_eval.o(.constdata)
    COM_TX_PIN                               0x0802adf8   Data           6  scope_eval.o(.constdata)
    COM_TX_PORT_CLK                          0x0802ae00   Data          12  scope_eval.o(.constdata)
    COM_RX_PORT                              0x0802ae0c   Data          12  scope_eval.o(.constdata)
    COM_RX_PIN                               0x0802ae18   Data           6  scope_eval.o(.constdata)
    COM_RX_PORT_CLK                          0x0802ae20   Data          12  scope_eval.o(.constdata)
    COM_AF_TX_PINSOURCE                      0x0802ae2c   Data           3  scope_eval.o(.constdata)
    COM_AF_RX_PINSOURCE                      0x0802ae2f   Data           3  scope_eval.o(.constdata)
    COM_AF_UART                              0x0802ae32   Data           3  scope_eval.o(.constdata)
    OUT_PORT                                 0x0802ae38   Data          28  scope_eval.o(.constdata)
    OUT_PIN                                  0x0802ae54   Data          14  scope_eval.o(.constdata)
    OUT_CLK                                  0x0802ae64   Data          28  scope_eval.o(.constdata)
    IN_PORT                                  0x0802ae80   Data          28  scope_eval.o(.constdata)
    IN_PIN                                   0x0802ae9c   Data          14  scope_eval.o(.constdata)
    IN_CLK                                   0x0802aeac   Data          28  scope_eval.o(.constdata)
    IN_ET_LINE                               0x0802aec8   Data          14  scope_eval.o(.constdata)
    IN_ET_PORT                               0x0802aed6   Data          14  scope_eval.o(.constdata)
    IN_ET_PIN                                0x0802aee4   Data          14  scope_eval.o(.constdata)
    IN_ET_IRQn                               0x0802aef2   Data          14  scope_eval.o(.constdata)
    g_Turn_Motor_Table                       0x0802af10   Data          16  driver.o(.constdata)
    ethbroadcast                             0x0802af20   Data           6  etharp.o(.constdata)
    ethzero                                  0x0802af26   Data           6  etharp.o(.constdata)
    ip_addr_any                              0x0802af2c   Data           4  ip_addr.o(.constdata)
    ip_addr_broadcast                        0x0802af30   Data           4  ip_addr.o(.constdata)
    tcp_state_str                            0x0802af58   Data          44  tcp.o(.constdata)
    tcp_backoff                              0x0802af84   Data          13  tcp.o(.constdata)
    tcp_persist_backoff                      0x0802af91   Data           7  tcp.o(.constdata)
    tcp_pcb_lists                            0x0802af98   Data          16  tcp.o(.constdata)
    SystemCoreClock                          0x20000000   Data           4  system_stm32f4xx.o(.data)
    AHBPrescTable                            0x20000004   Data          16  system_stm32f4xx.o(.data)
    g_tOCLevel                               0x2000001e   Data           4  systemscope.o(.data)
    g_tSystemStatus                          0x20000022   Data           3  systemscope.o(.data)
    g_atInterval                             0x20000026   Data           8  systemscope.o(.data)
    g_nError                                 0x20000030   Data           4  systemscope.o(.data)
    g_nFlag                                  0x20000034   Data           4  systemscope.o(.data)
    g_Test_Mode                              0x20000042   Data           1  processscope.o(.data)
    g_Micro_Switch                           0x20000043   Data           1  processscope.o(.data)
    g_Udp_Count                              0x20000048   Data           4  processscope.o(.data)
    g_Frame_Count                            0x2000004c   Data           4  processscope.o(.data)
    g_Send_Fail                              0x20000050   Data           4  processscope.o(.data)
    g_AirLight_Flag                          0x20000054   Data           1  processscope.o(.data)
    g_Debug_Data                             0x2000006e   Data         512  interfacescope.o(.data)
    DMATxDescToSet                           0x20000294   Data           4  stm32f4x7_eth.o(.data)
    DMARxDescToGet                           0x20000298   Data           4  stm32f4x7_eth.o(.data)
    DMA_RX_FRAME_infos                       0x2000029c   Data           4  stm32f4x7_eth.o(.data)
    Frame_Rx_index                           0x200002a0   Data           4  stm32f4x7_eth.o(.data)
    g_Elec_Status                            0x20000314   Data           1  driver.o(.data)
    g_Turn_Position                          0x20000315   Data           1  driver.o(.data)
    current_netif                            0x20000318   Data           4  ip.o(.data)
    current_header                           0x2000031c   Data           4  ip.o(.data)
    current_iphdr_src                        0x20000320   Data           4  ip.o(.data)
    current_iphdr_dest                       0x20000324   Data           4  ip.o(.data)
    netif_list                               0x20000344   Data           4  netif.o(.data)
    netif_default                            0x20000348   Data           4  netif.o(.data)
    tcp_ticks                                0x2000035c   Data           4  tcp.o(.data)
    tcp_bound_pcbs                           0x20000360   Data           4  tcp.o(.data)
    tcp_listen_pcbs                          0x20000364   Data           4  tcp.o(.data)
    tcp_active_pcbs                          0x20000368   Data           4  tcp.o(.data)
    tcp_tw_pcbs                              0x2000036c   Data           4  tcp.o(.data)
    tcp_tmp_pcb                              0x20000370   Data           4  tcp.o(.data)
    tcp_active_pcbs_changed                  0x20000374   Data           1  tcp.o(.data)
    tcp_input_pcb                            0x20000394   Data           4  tcp_in.o(.data)
    udp_pcbs                                 0x2000039c   Data           4  udp.o(.data)
    TCPTimer                                 0x200003ac   Data           4  netconf.o(.data)
    ARPTimer                                 0x200003b0   Data           4  netconf.o(.data)
    IPaddress                                0x200003b4   Data           4  netconf.o(.data)
    EthStatus                                0x200003c4   Data           4  stm32f4x7_eth_bsp.o(.data)
    s_tAddr                                  0x200003d4   Data           4  udp_echoserver.o(.data)
    s_nPort                                  0x200003d8   Data           2  udp_echoserver.o(.data)
    s_ptUpcb                                 0x200003dc   Data           4  udp_echoserver.o(.data)
    __stdout                                 0x200003e0   Data           4  stdout.o(.data)
    g_tAxisPosStatus                         0x200003e4   Data          28  systemscope.o(.bss)
    g_tSystemPara                            0x20000400   Data          54  systemscope.o(.bss)
    g_nErrorParaSet                          0x20000436   Data          64  systemscope.o(.bss)
    ADC1_Status                              0x20000478   Data          12  processscope.o(.bss)
    g_ADC1_Buffer                            0x20000484   Data         512  processscope.o(.bss)
    ADC2_Status                              0x20000684   Data          12  processscope.o(.bss)
    g_ADC2_Buffer                            0x20000690   Data         512  processscope.o(.bss)
    g_CRP_Data                               0x20000890   Data        1032  processscope.o(.bss)
    g_NET_achCmdRvBuf                        0x20000c98   Data         256  protocol.o(.bss)
    g_achFbkSdBuf                            0x20000d98   Data        1500  protocol.o(.bss)
    g_achFbkSdLogBuf                         0x20001374   Data        1500  protocol.o(.bss)
    g_SPG_achCmdRvBuf                        0x20002508   Data          80  samplingport.o(.bss)
    g_Record_Param                           0x20002558   Data          28  storagemanagement.o(.bss)
    DMARxDscrTab                             0x20002574   Data         256  stm32f4x7_eth.o(.bss)
    DMATxDscrTab                             0x20002674   Data         256  stm32f4x7_eth.o(.bss)
    Rx_Buff                                  0x20002774   Data       12192  stm32f4x7_eth.o(.bss)
    Tx_Buff                                  0x20005714   Data       12192  stm32f4x7_eth.o(.bss)
    RX_Frame_Descriptor                      0x200086b4   Data          12  stm32f4x7_eth.o(.bss)
    g_atMotorStatus                          0x200086c0   Data          16  scope_move.o(.bss)
    g_atMotorPara                            0x200086d0   Data          32  scope_move.o(.bss)
    dhcp_rx_options_val                      0x20009ed4   Data          40  dhcp.o(.bss)
    dhcp_rx_options_given                    0x20009efc   Data          10  dhcp.o(.bss)
    ram_heap                                 0x20009f06   Data       10260  mem.o(.bss)
    gnetif                                   0x20011334   Data          56  netconf.o(.bss)
    ETH_InitStructure                        0x2001136c   Data         188  stm32f4x7_eth_bsp.o(.bss)
    __initial_sp                             0x20015428   Data           0  startup_stm32f40_41xxx.o(STACK)



==============================================================================

Memory Map of the image

  Image Entry point : 0x08000189

  Load Region LR_IROM1 (Base: 0x08000000, Size: 0x000005e4, Max: 0x00003fff, ABSOLUTE, COMPRESSED[0x000002f0])

    Execution Region ER_IROM1 (Base: 0x08000000, Size: 0x00000200, Max: 0x00003fff, ABSOLUTE)

    Base Addr    Size         Type   Attr      Idx    E Section Name        Object

    0x08000000   0x00000188   Data   RO          294    RESET               startup_stm32f40_41xxx.o
    0x08000188   0x00000000   Code   RO         2133  * .ARM.Collect$$$$00000000  mc_w.l(entry.o)
    0x08000188   0x00000004   Code   RO         2423    .ARM.Collect$$$$00000001  mc_w.l(entry2.o)
    0x0800018c   0x00000004   Code   RO         2426    .ARM.Collect$$$$00000004  mc_w.l(entry5.o)
    0x08000190   0x00000000   Code   RO         2428    .ARM.Collect$$$$00000008  mc_w.l(entry7b.o)
    0x08000190   0x00000000   Code   RO         2430    .ARM.Collect$$$$0000000A  mc_w.l(entry8b.o)
    0x08000190   0x00000008   Code   RO         2431    .ARM.Collect$$$$0000000B  mc_w.l(entry9a.o)
    0x08000198   0x00000000   Code   RO         2433    .ARM.Collect$$$$0000000D  mc_w.l(entry10a.o)
    0x08000198   0x00000000   Code   RO         2435    .ARM.Collect$$$$0000000F  mc_w.l(entry11a.o)
    0x08000198   0x00000004   Code   RO         2424    .ARM.Collect$$$$00002712  mc_w.l(entry2.o)
    0x0800019c   0x00000024   Code   RO         2455    .text               mc_w.l(init.o)
    0x080001c0   0x0000000e   Code   RO         2459    i.__scatterload_copy  mc_w.l(handlers.o)
    0x080001ce   0x00000002   Code   RO         2460    i.__scatterload_null  mc_w.l(handlers.o)
    0x080001d0   0x0000000e   Code   RO         2461    i.__scatterload_zeroinit  mc_w.l(handlers.o)
    0x080001de   0x00000002   PAD
    0x080001e0   0x00000020   Data   RO         2457    Region$$Table       anon$$obj.o


    Execution Region RW_IRAM1 (Base: 0x20000000, Size: 0x00015428, Max: 0x00020000, ABSOLUTE, COMPRESSED[0x000000f0])

    Base Addr    Size         Type   Attr      Idx    E Section Name        Object

    0x20000000   0x00000014   Data   RW          269    .data               system_stm32f4xx.o
    0x20000014   0x00000024   Data   RW          304    .data               systemscope.o
    0x20000038   0x0000001d   Data   RW          332    .data               processscope.o
    0x20000055   0x0000000c   Data   RW          362    .data               protocol.o
    0x20000061   0x00000003   PAD
    0x20000064   0x0000021a   Data   RW          394    .data               interfacescope.o
    0x2000027e   0x00000014   Data   RW          422    .data               samplingport.o
    0x20000292   0x00000002   PAD
    0x20000294   0x00000010   Data   RW          476    .data               stm32f4x7_eth.o
    0x200002a4   0x00000010   Data   RW         1031    .data               stm32f4xx_rcc.o
    0x200002b4   0x00000020   Data   RW         1238    .data               scope_it.o
    0x200002d4   0x00000012   Data   RW         1317    .data               buffercircle.o
    0x200002e6   0x00000012   Data   RW         1340    .data               netbuffercircle.o
    0x200002f8   0x00000012   Data   RW         1363    .data               samplebuffercircle.o
    0x2000030a   0x0000000c   Data   RW         1413    .data               driver.o
    0x20000316   0x00000001   Data   RW         1529    .data               etharp.o
    0x20000317   0x00000001   PAD
    0x20000318   0x00000012   Data   RW         1644    .data               ip.o
    0x2000032a   0x00000002   PAD
    0x2000032c   0x00000006   Data   RW         1704    .data               ip_frag.o
    0x20000332   0x00000002   PAD
    0x20000334   0x00000004   Data   RW         1734    .data               dhcp.o
    0x20000338   0x0000000c   Data   RW         1792    .data               mem.o
    0x20000344   0x00000009   Data   RW         1834    .data               netif.o
    0x2000034d   0x00000003   PAD
    0x20000350   0x00000004   Data   RW         1868    .data               raw.o
    0x20000354   0x00000023   Data   RW         1896    .data               tcp.o
    0x20000377   0x00000001   PAD
    0x20000378   0x00000020   Data   RW         1919    .data               tcp_in.o
    0x20000398   0x00000008   Data   RW         1965    .data               udp.o
    0x200003a0   0x00000018   Data   RW         2048    .data               netconf.o
    0x200003b8   0x00000010   Data   RW         2073    .data               stm32f4x7_eth_bsp.o
    0x200003c8   0x00000018   Data   RW         2106    .data               udp_echoserver.o
    0x200003e0   0x00000004   Data   RW         2437    .data               mc_w.l(stdout.o)
    0x200003e4   0x00000092   Zero   RW          302    .bss                systemscope.o
    0x20000476   0x00000002   PAD
    0x20000478   0x00000820   Zero   RW          330    .bss                processscope.o
    0x20000c98   0x00000cb8   Zero   RW          361    .bss                protocol.o
    0x20001950   0x00000bb8   Zero   RW          392    .bss                interfacescope.o
    0x20002508   0x00000050   Zero   RW          421    .bss                samplingport.o
    0x20002558   0x0000001c   Zero   RW          448    .bss                storagemanagement.o
    0x20002574   0x0000614c   Zero   RW          475    .bss                stm32f4x7_eth.o
    0x200086c0   0x00000030   Zero   RW         1288    .bss                scope_move.o
    0x200086f0   0x000009c4   Zero   RW         1316    .bss                buffercircle.o
    0x200090b4   0x00000c80   Zero   RW         1339    .bss                netbuffercircle.o
    0x20009d34   0x000000c8   Zero   RW         1362    .bss                samplebuffercircle.o
    0x20009dfc   0x000000c8   Zero   RW         1527    .bss                etharp.o
    0x20009ec4   0x00000010   Zero   RW         1681    .bss                ip_addr.o
    0x20009ed4   0x00000032   Zero   RW         1733    .bss                dhcp.o
    0x20009f06   0x00002814   Zero   RW         1791    .bss                mem.o
    0x2000c71a   0x00000002   PAD
    0x2000c71c   0x00004c07   Zero   RW         1807    .bss                memp.o
    0x20011323   0x00000001   PAD
    0x20011324   0x00000010   Zero   RW         1918    .bss                tcp_in.o
    0x20011334   0x00000038   Zero   RW         2047    .bss                netconf.o
    0x2001136c   0x000000bc   Zero   RW         2072    .bss                stm32f4x7_eth_bsp.o
    0x20011428   0x00004000   Zero   RW          292    STACK               startup_stm32f40_41xxx.o



  Load Region LR_IROM2 (Base: 0x08008000, Size: 0x0002305c, Max: 0x0003ffff, ABSOLUTE)

    Execution Region ER_IROM2 (Base: 0x08008000, Size: 0x0002305c, Max: 0x0003ffff, ABSOLUTE)

    Base Addr    Size         Type   Attr      Idx    E Section Name        Object

    0x08008000   0x0000022c   Code   RO            3    .text               scopemain.o
    0x0800822c   0x000002cc   Code   RO          268    .text               system_stm32f4xx.o
    0x080084f8   0x00000024   Code   RO          295    .text               startup_stm32f40_41xxx.o
    0x0800851c   0x000001d4   Code   RO          301    .text               systemscope.o
    0x080086f0   0x000055ec   Code   RO          329    .text               processscope.o
    0x0800dcdc   0x0000049c   Code   RO          360    .text               protocol.o
    0x0800e178   0x000019f8   Code   RO          391    .text               interfacescope.o
    0x0800fb70   0x00000364   Code   RO          420    .text               samplingport.o
    0x0800fed4   0x00000190   Code   RO          447    .text               storagemanagement.o
    0x08010064   0x00001e30   Code   RO          474    .text               stm32f4x7_eth.o
    0x08011e94   0x000001dc   Code   RO          498    .text               misc.o
    0x08012070   0x00001070   Code   RO          538    .text               stm32f4xx_adc.o
    0x080130e0   0x000005f8   Code   RO          678    .text               stm32f4xx_dac.o
    0x080136d8   0x000013a4   Code   RO          761    .text               stm32f4xx_dma.o
    0x08014a7c   0x000002f8   Code   RO          781    .text               stm32f4xx_exti.o
    0x08014d74   0x00000a94   Code   RO          801    .text               stm32f4xx_flash.o
    0x08015808   0x00000e48   Code   RO          844    .text               stm32f4xx_fsmc.o
    0x08016650   0x00000a10   Code   RO          867    .text               stm32f4xx_gpio.o
    0x08017060   0x00000f60   Code   RO         1030    .text               stm32f4xx_rcc.o
    0x08017fc0   0x00000dd0   Code   RO         1135    .text               stm32f4xx_spi.o
    0x08018d90   0x0000019c   Code   RO         1155    .text               stm32f4xx_syscfg.o
    0x08018f2c   0x00003284   Code   RO         1175    .text               stm32f4xx_tim.o
    0x0801c1b0   0x0000115c   Code   RO         1195    .text               stm32f4xx_usart.o
    0x0801d30c   0x00000378   Code   RO         1215    .text               fpga.o
    0x0801d684   0x000002f0   Code   RO         1237    .text               scope_it.o
    0x0801d974   0x00000460   Code   RO         1259    .text               scope_eval.o
    0x0801ddd4   0x000003ec   Code   RO         1287    .text               scope_move.o
    0x0801e1c0   0x000003b8   Code   RO         1315    .text               buffercircle.o
    0x0801e578   0x000003b8   Code   RO         1338    .text               netbuffercircle.o
    0x0801e930   0x0000038c   Code   RO         1361    .text               samplebuffercircle.o
    0x0801ecbc   0x000023fc   Code   RO         1410    .text               driver.o
    0x080210b8   0x0000083c   Code   RO         1462    .text               ad7799.o
    0x080218f4   0x00000290   Code   RO         1484    .text               ethernetif.o
    0x08021b84   0x0000092c   Code   RO         1526    .text               etharp.o
    0x080224b0   0x000001f0   Code   RO         1585    .text               icmp.o
    0x080226a0   0x00000222   Code   RO         1625    .text               inet_chksum.o
    0x080228c2   0x00000002   PAD
    0x080228c4   0x00000308   Code   RO         1643    .text               ip.o
    0x08022bcc   0x000002b4   Code   RO         1680    .text               ip_addr.o
    0x08022e80   0x00000694   Code   RO         1703    .text               ip_frag.o
    0x08023514   0x0000003e   Code   RO         1720    .text               def.o
    0x08023552   0x00000002   PAD
    0x08023554   0x000010cc   Code   RO         1732    .text               dhcp.o
    0x08024620   0x0000033c   Code   RO         1790    .text               mem.o
    0x0802495c   0x000000a8   Code   RO         1806    .text               memp.o
    0x08024a04   0x000002ac   Code   RO         1833    .text               netif.o
    0x08024cb0   0x0000073a   Code   RO         1855    .text               pbuf.o
    0x080253ea   0x00000002   PAD
    0x080253ec   0x000001b0   Code   RO         1867    .text               raw.o
    0x0802559c   0x00000e18   Code   RO         1893    .text               tcp.o
    0x080263b4   0x000012ac   Code   RO         1917    .text               tcp_in.o
    0x08027660   0x00000c2e   Code   RO         1940    .text               tcp_out.o
    0x0802828e   0x00000002   Code   RO         1952    .text               timers.o
    0x08028290   0x00000480   Code   RO         1964    .text               udp.o
    0x08028710   0x00000170   Code   RO         2046    .text               netconf.o
    0x08028880   0x00000438   Code   RO         2071    .text               stm32f4x7_eth_bsp.o
    0x08028cb8   0x0000025c   Code   RO         2104    .text               udp_echoserver.o
    0x08028f14   0x00000024   Code   RO         2136    .text               mc_w.l(memcpya.o)
    0x08028f38   0x00000024   Code   RO         2138    .text               mc_w.l(memseta.o)
    0x08028f5c   0x00000018   Code   RO         2140    .text               mc_w.l(strncpy.o)
    0x08028f74   0x0000000e   Code   RO         2142    .text               mc_w.l(strlen.o)
    0x08028f82   0x0000001a   Code   RO         2144    .text               mc_w.l(memcmp.o)
    0x08028f9c   0x0000014e   Code   RO         2409    .text               mf_w.l(dadd.o)
    0x080290ea   0x000000e4   Code   RO         2411    .text               mf_w.l(dmul.o)
    0x080291ce   0x0000001a   Code   RO         2413    .text               mf_w.l(dfltui.o)
    0x080291e8   0x0000003e   Code   RO         2415    .text               mf_w.l(dfixi.o)
    0x08029226   0x00000032   Code   RO         2417    .text               mf_w.l(dfixui.o)
    0x08029258   0x00000026   Code   RO         2419    .text               mf_w.l(f2d.o)
    0x0802927e   0x00000002   PAD
    0x08029280   0x00000028   Code   RO         2421    .text               mf_w.l(cdrcmple.o)
    0x080292a8   0x0000002c   Code   RO         2438    .text               mc_w.l(uidiv.o)
    0x080292d4   0x00000062   Code   RO         2440    .text               mc_w.l(uldiv.o)
    0x08029336   0x0000001e   Code   RO         2442    .text               mc_w.l(llshl.o)
    0x08029354   0x00000020   Code   RO         2444    .text               mc_w.l(llushr.o)
    0x08029374   0x00000024   Code   RO         2446    .text               mc_w.l(llsshr.o)
    0x08029398   0x00000000   Code   RO         2448    .text               mc_w.l(iusefp.o)
    0x08029398   0x000000be   Code   RO         2449    .text               mf_w.l(depilogue.o)
    0x08029456   0x000000de   Code   RO         2451    .text               mf_w.l(ddiv.o)
    0x08029534   0x00000030   Code   RO         2453    .text               mf_w.l(dfixul.o)
    0x08029564   0x00000060   Code   RO         2465    .text               mc_w.l(__dclz77c.o)
    0x080295c4   0x00000020   Code   RO         2381    i.__0printf         mc_w.l(printfa.o)
    0x080295e4   0x00000028   Code   RO         2383    i.__0sprintf        mc_w.l(printfa.o)
    0x0802960c   0x0000015c   Code   RO         2388    i._fp_digits        mc_w.l(printfa.o)
    0x08029768   0x000006f0   Code   RO         2389    i._printf_core      mc_w.l(printfa.o)
    0x08029e58   0x00000026   Code   RO         2390    i._printf_post_padding  mc_w.l(printfa.o)
    0x08029e7e   0x00000030   Code   RO         2391    i._printf_pre_padding  mc_w.l(printfa.o)
    0x08029eae   0x0000000a   Code   RO         2393    i._sputc            mc_w.l(printfa.o)
    0x08029eb8   0x000000c0   Data   RO          303    .constdata          systemscope.o
    0x08029f78   0x00000d9d   Data   RO          331    .constdata          processscope.o
    0x0802ad15   0x00000003   PAD
    0x0802ad18   0x00000098   Data   RO          393    .constdata          interfacescope.o
    0x0802adb0   0x0000001c   Data   RO          845    .constdata          stm32f4xx_fsmc.o
    0x0802adcc   0x00000134   Data   RO         1260    .constdata          scope_eval.o
    0x0802af00   0x00000010   Data   RO         1289    .constdata          scope_move.o
    0x0802af10   0x00000010   Data   RO         1412    .constdata          driver.o
    0x0802af20   0x0000000c   Data   RO         1528    .constdata          etharp.o
    0x0802af2c   0x00000008   Data   RO         1682    .constdata          ip_addr.o
    0x0802af34   0x00000024   Data   RO         1808    .constdata          memp.o
    0x0802af58   0x00000050   Data   RO         1894    .constdata          tcp.o
    0x0802afa8   0x0000004b   Data   RO         2105    .constdata          udp_echoserver.o
    0x0802aff3   0x00000068   Data   RO         1895    .conststring        tcp.o


==============================================================================

Image component sizes


      Code (inc. data)   RO Data    RW Data    ZI Data      Debug   Object Name

      2108        154          0          0          0       5733   ad7799.o
       952         16          0         18       2500       4406   buffercircle.o
        62          0          0          0          0       1174   def.o
      4300         80          0          4         50      12570   dhcp.o
      9212       1074         16         12          0      28195   driver.o
      2348         22         12          1        200      15877   etharp.o
       656         36          0          0          0       7755   ethernetif.o
       888         18          0          0          0       2691   fpga.o
       496          8          0          0          0       3342   icmp.o
         0          0          0          0          0       3768   inet.o
       546          0          0          0          0       2897   inet_chksum.o
      6648        478        152        538       3000      45509   interfacescope.o
       776         30          0         18          0      15476   ip.o
       692         12          8          0         16       9151   ip_addr.o
      1684         18          0          6          0       6988   ip_frag.o
       828         18          0         12      10260       3822   mem.o
       168         18         36          0      19463       2322   memp.o
       476         56          0          0          0       1889   misc.o
       952         16          0         18       3200       4724   netbuffercircle.o
       368        142          0         24         56       1826   netconf.o
       684         20          0          9          0       6449   netif.o
      1850          0          0          0          0       8809   pbuf.o
     21996       4916       3485         29       2080      31897   processscope.o
      1180         58          0         12       3256       8251   protocol.o
       432         14          0          4          0       3237   raw.o
       908         16          0         18        200       4434   samplebuffercircle.o
       868         32          0         20         80       6209   samplingport.o
      1120        176        308          0          0      31214   scope_eval.o
       752         78          0         32          0       3380   scope_it.o
      1004         18         16          0         48       4431   scope_move.o
       556        278          0          0          0     419597   scopemain.o
        36          8        392          0      16384        796   startup_stm32f40_41xxx.o
      7728        216          0         16      24908      23289   stm32f4x7_eth.o
      1080        192          0         16        188       4669   stm32f4x7_eth_bsp.o
      4208        130          0          0          0      12554   stm32f4xx_adc.o
      1528         48          0          0          0       5381   stm32f4xx_dac.o
      5028        330          0          0          0       8513   stm32f4xx_dma.o
       760         50          0          0          0       2551   stm32f4xx_exti.o
      2708         82          0          0          0       9918   stm32f4xx_flash.o
      3656        130         28          0          0       7038   stm32f4xx_fsmc.o
      2576        178          0          0          0       5213   stm32f4xx_gpio.o
      3936        252          0         16          0      15056   stm32f4xx_rcc.o
      3536        168          0          0          0       8333   stm32f4xx_spi.o
       412         62          0          0          0       1961   stm32f4xx_syscfg.o
     12932        652          0          0          0      29104   stm32f4xx_tim.o
      4444        228          0          0          0       9852   stm32f4xx_usart.o
       400         46          0          0         28       3952   storagemanagement.o
       716         50          0         20          0       1968   system_stm32f4xx.o
       468         46        192         36        146       5689   systemscope.o
      3608        138        184         35          0      21203   tcp.o
      4780        232          0         32         16      14487   tcp_in.o
      3118          8          0          0          0       9307   tcp_out.o
         2          0          0          0          0        435   timers.o
      1152         22          0          8          0      13765   udp.o
       604        216         75         24          0       2237   udp_echoserver.o

    ----------------------------------------------------------------------
    134932      11286       4940        992      86084     925294   Object Totals
         0          0         32          0          0          0   (incl. Generated)
         6          0          4         14          5          0   (incl. Padding)

    ----------------------------------------------------------------------

      Code (inc. data)   RO Data    RW Data    ZI Data      Debug   Library Member Name

        96          0          0          0          0          0   __dclz77c.o
         0          0          0          0          0          0   entry.o
         0          0          0          0          0          0   entry10a.o
         0          0          0          0          0          0   entry11a.o
         8          4          0          0          0          0   entry2.o
         4          0          0          0          0          0   entry5.o
         0          0          0          0          0          0   entry7b.o
         0          0          0          0          0          0   entry8b.o
         8          4          0          0          0          0   entry9a.o
        30          0          0          0          0          0   handlers.o
        36          8          0          0          0         68   init.o
         0          0          0          0          0          0   iusefp.o
        30          0          0          0          0         68   llshl.o
        36          0          0          0          0         68   llsshr.o
        32          0          0          0          0         68   llushr.o
        26          0          0          0          0         80   memcmp.o
        36          0          0          0          0         68   memcpya.o
        36          0          0          0          0        108   memseta.o
      2292         96          0          0          0        596   printfa.o
         0          0          0          4          0          0   stdout.o
        14          0          0          0          0         68   strlen.o
        24          0          0          0          0         76   strncpy.o
        44          0          0          0          0         80   uidiv.o
        98          0          0          0          0         92   uldiv.o
        40          2          0          0          0         68   cdrcmple.o
       334          0          0          0          0        148   dadd.o
       222          0          0          0          0        100   ddiv.o
       190          0          0          0          0        176   depilogue.o
        62          0          0          0          0         80   dfixi.o
        50          0          0          0          0         76   dfixui.o
        48          0          0          0          0         68   dfixul.o
        26          0          0          0          0         76   dfltui.o
       228          0          0          0          0         96   dmul.o
        38          0          0          0          0         68   f2d.o

    ----------------------------------------------------------------------
      4092        114          0          4          0       2396   Library Totals
         4          0          0          0          0          0   (incl. Padding)

    ----------------------------------------------------------------------

      Code (inc. data)   RO Data    RW Data    ZI Data      Debug   Library Name

      2850        112          0          4          0       1440   mc_w.l
      1238          2          0          0          0        956   mf_w.l

    ----------------------------------------------------------------------
      4092        114          0          4          0       2396   Library Totals

    ----------------------------------------------------------------------

==============================================================================


      Code (inc. data)   RO Data    RW Data    ZI Data      Debug   

    139024      11400       4940        996      86084     913890   Grand Totals
    139024      11400       4940        240      86084     913890   ELF Image Totals (compressed)
    139024      11400       4940        240          0          0   ROM Totals

==============================================================================

    Total RO  Size (Code + RO Data)               143964 ( 140.59kB)
    Total RW  Size (RW Data + ZI Data)             87080 (  85.04kB)
    Total ROM Size (Code + RO Data + RW Data)     144204 ( 140.82kB)

==============================================================================

