ARM Linker, 5.03 [Build 76] [MDK-ARM Professional]

==============================================================================

Section Cross References

    scopemain.o(.text) refers to memseta.o(.text) for __aeabi_memclr4
    scopemain.o(.text) refers to storagemanagement.o(.text) for Flash_Read_Param
    scopemain.o(.text) refers to printfa.o(i.__0printf) for __2printf
    scopemain.o(.text) refers to scope_eval.o(.text) for EVAL_OutputSet
    scopemain.o(.text) refers to scope_it.o(.text) for IT_SYS_DlyMs
    scopemain.o(.text) refers to protocol.o(.text) for PL_InitProtocol
    scopemain.o(.text) refers to samplingport.o(.text) for SPG_InitProtocol
    scopemain.o(.text) refers to stm32f4x7_eth_bsp.o(.text) for ETH_BSP_Config
    scopemain.o(.text) refers to netconf.o(.text) for LwIP_Init
    scopemain.o(.text) refers to udp_echoserver.o(.text) for udp_echoserver_init
    scopemain.o(.text) refers to systemscope.o(.text) for Iint_SysParam
    scopemain.o(.text) refers to interfacescope.o(.text) for HW_LWIP_MainLine
    scopemain.o(.text) refers to storagemanagement.o(.bss) for g_Record_Param
    scopemain.o(.text) refers to stm32f4x7_eth_bsp.o(.data) for EthStatus
    scopemain.o(.text) refers to processscope.o(.data) for g_AirLight_Flag
    system_stm32f4xx.o(.text) refers to stm32f4xx_rcc.o(.text) for RCC_DeInit
    system_stm32f4xx.o(.text) refers to system_stm32f4xx.o(.data) for SystemCoreClock
    startup_stm32f40_41xxx.o(RESET) refers to startup_stm32f40_41xxx.o(STACK) for __initial_sp
    startup_stm32f40_41xxx.o(RESET) refers to startup_stm32f40_41xxx.o(.text) for Reset_Handler
    startup_stm32f40_41xxx.o(RESET) refers to scope_it.o(.text) for SysTick_Handler
    startup_stm32f40_41xxx.o(RESET) refers to driver.o(.text) for EXTI9_5_IRQHandler
    startup_stm32f40_41xxx.o(.text) refers to system_stm32f4xx.o(.text) for SystemInit
    startup_stm32f40_41xxx.o(.text) refers to entry.o(.ARM.Collect$$$$00000000) for __main
    systemscope.o(.text) refers to memseta.o(.text) for __aeabi_memclr4
    systemscope.o(.text) refers to processscope.o(.bss) for g_CRP_Data
    systemscope.o(.text) refers to systemscope.o(.data) for g_nError
    systemscope.o(.text) refers to systemscope.o(.bss) for g_tAxisPosStatus
    systemscope.o(.text) refers to systemscope.o(.constdata) for m_nConstBitsMap
    processscope.o(.text) refers to scope_it.o(.text) for IT_LIST_GetTicks
    processscope.o(.text) refers to protocol.o(.text) for PL_NET_SendResult
    processscope.o(.text) refers to processscope.o(.data) for g_Udp_Count
    processscope.o(.text) refers to printfa.o(i.__0printf) for __2printf
    processscope.o(.text) refers to interfacescope.o(.text) for HW_LWIP_Working_Recv_Handle
    processscope.o(.text) refers to netconf.o(.text) for LwIP_Periodic_Handle
    processscope.o(.text) refers to systemscope.o(.bss) for g_tAxisPosStatus
    processscope.o(.text) refers to processscope.o(.constdata) for .constdata
    processscope.o(.text) refers to storagemanagement.o(.bss) for g_Record_Param
    processscope.o(.text) refers to storagemanagement.o(.text) for Flash_Write_Param
    processscope.o(.text) refers to memseta.o(.text) for __aeabi_memclr4
    processscope.o(.text) refers to ad7799.o(.text) for AD7799_SetChannel
    processscope.o(.text) refers to processscope.o(.bss) for g_CRP_Data
    processscope.o(.text) refers to driver.o(.text) for Beep
    processscope.o(.text) refers to f2d.o(.text) for __aeabi_f2d
    processscope.o(.text) refers to stm32f4xx_adc.o(.text) for ADC_DMACmd
    processscope.o(.text) refers to stm32f4xx_dma.o(.text) for DMA_Cmd
    processscope.o(.text) refers to printfa.o(i.__0sprintf) for __2sprintf
    processscope.o(.text) refers to udp_echoserver.o(.text) for udp_echoserver_senddata
    processscope.o(.text) refers to update.o(.text) for Update_Start_Msg
    processscope.o(.text) refers to protocol.o(.bss) for g_achFbkSdLogBuf
    processscope.o(.text) refers to systemscope.o(.text) for SYS_HasError
    processscope.o(.text) refers to strncpy.o(.text) for strncpy
    protocol.o(.text) refers to buffercircle.o(.text) for BUF_Send_Init
    protocol.o(.text) refers to netbuffercircle.o(.text) for NET_BUF_Send_Init
    protocol.o(.text) refers to stm32f4xx_usart.o(.text) for USART_ITConfig
    protocol.o(.text) refers to udp_echoserver.o(.text) for udp_echoserver_senddata
    protocol.o(.text) refers to memcpya.o(.text) for __aeabi_memcpy
    protocol.o(.text) refers to strlen.o(.text) for strlen
    protocol.o(.text) refers to protocol.o(.data) for m_NET_tRecvBufStatus
    protocol.o(.text) refers to protocol.o(.bss) for g_NET_achCmdRvBuf
    interfacescope.o(.text) refers to scope_move.o(.text) for MV_InitPara
    interfacescope.o(.text) refers to driver.o(.text) for Get_In_OC_Status
    interfacescope.o(.text) refers to processscope.o(.text) for moto_work_stat_2
    interfacescope.o(.text) refers to printfa.o(i.__0printf) for __2printf
[...]
    FSMC_NORSRAMDeInit                       0x0802dde1   Thumb Code    84  stm32f4xx_fsmc.o(.text)
    FSMC_NORSRAMInit                         0x0802de35   Thumb Code   870  stm32f4xx_fsmc.o(.text)
    FSMC_NORSRAMStructInit                   0x0802e19b   Thumb Code    48  stm32f4xx_fsmc.o(.text)
    FSMC_NORSRAMCmd                          0x0802e1cb   Thumb Code   152  stm32f4xx_fsmc.o(.text)
    FSMC_NANDDeInit                          0x0802e263   Thumb Code    90  stm32f4xx_fsmc.o(.text)
    FSMC_NANDInit                            0x0802e2bd   Thumb Code   594  stm32f4xx_fsmc.o(.text)
    FSMC_NANDStructInit                      0x0802e50f   Thumb Code    54  stm32f4xx_fsmc.o(.text)
    FSMC_NANDCmd                             0x0802e545   Thumb Code   136  stm32f4xx_fsmc.o(.text)
    FSMC_NANDECCCmd                          0x0802e5cd   Thumb Code   160  stm32f4xx_fsmc.o(.text)
    FSMC_GetECC                              0x0802e66d   Thumb Code    22  stm32f4xx_fsmc.o(.text)
    FSMC_PCCARDDeInit                        0x0802e683   Thumb Code    40  stm32f4xx_fsmc.o(.text)
    FSMC_PCCARDInit                          0x0802e6ab   Thumb Code   532  stm32f4xx_fsmc.o(.text)
    FSMC_PCCARDStructInit                    0x0802e8bf   Thumb Code    60  stm32f4xx_fsmc.o(.text)
    FSMC_PCCARDCmd                           0x0802e8fb   Thumb Code    64  stm32f4xx_fsmc.o(.text)
    FSMC_ITConfig                            0x0802e93b   Thumb Code   206  stm32f4xx_fsmc.o(.text)
    FSMC_GetFlagStatus                       0x0802ea09   Thumb Code   160  stm32f4xx_fsmc.o(.text)
    FSMC_ClearFlag                           0x0802eaa9   Thumb Code   120  stm32f4xx_fsmc.o(.text)
    FSMC_GetITStatus                         0x0802eb21   Thumb Code   132  stm32f4xx_fsmc.o(.text)
    FSMC_ClearITPendingBit                   0x0802eba5   Thumb Code   122  stm32f4xx_fsmc.o(.text)
    GPIO_DeInit                              0x0802ec29   Thumb Code   344  stm32f4xx_gpio.o(.text)
    GPIO_Init                                0x0802ed81   Thumb Code   354  stm32f4xx_gpio.o(.text)
    GPIO_StructInit                          0x0802eee3   Thumb Code    18  stm32f4xx_gpio.o(.text)
    GPIO_PinLockConfig                       0x0802eef5   Thumb Code   134  stm32f4xx_gpio.o(.text)
    GPIO_ReadInputDataBit                    0x0802ef7b   Thumb Code   282  stm32f4xx_gpio.o(.text)
    GPIO_ReadInputData                       0x0802f095   Thumb Code    90  stm32f4xx_gpio.o(.text)
    GPIO_ReadOutputDataBit                   0x0802f0ef   Thumb Code   198  stm32f4xx_gpio.o(.text)
    GPIO_ReadOutputData                      0x0802f1b5   Thumb Code    90  stm32f4xx_gpio.o(.text)
    GPIO_SetBits                             0x0802f20f   Thumb Code   110  stm32f4xx_gpio.o(.text)
    GPIO_ResetBits                           0x0802f27d   Thumb Code   110  stm32f4xx_gpio.o(.text)
    GPIO_WriteBit                            0x0802f2eb   Thumb Code   212  stm32f4xx_gpio.o(.text)
    GPIO_Write                               0x0802f3bf   Thumb Code    90  stm32f4xx_gpio.o(.text)
    GPIO_ToggleBits                          0x0802f419   Thumb Code   140  stm32f4xx_gpio.o(.text)
    GPIO_PinAFConfig                         0x0802f4a5   Thumb Code   358  stm32f4xx_gpio.o(.text)
    RCC_DeInit                               0x0802f639   Thumb Code    82  stm32f4xx_rcc.o(.text)
    RCC_HSEConfig                            0x0802f68b   Thumb Code    40  stm32f4xx_rcc.o(.text)
    RCC_GetFlagStatus                        0x0802f6b3   Thumb Code   134  stm32f4xx_rcc.o(.text)
    RCC_WaitForHSEStartUp                    0x0802f739   Thumb Code    56  stm32f4xx_rcc.o(.text)
    RCC_AdjustHSICalibrationValue            0x0802f771   Thumb Code    38  stm32f4xx_rcc.o(.text)
    RCC_HSICmd                               0x0802f797   Thumb Code    28  stm32f4xx_rcc.o(.text)
    RCC_LSEConfig                            0x0802f7b3   Thumb Code    72  stm32f4xx_rcc.o(.text)
    RCC_LSICmd                               0x0802f7fb   Thumb Code    28  stm32f4xx_rcc.o(.text)
    RCC_PLLConfig                            0x0802f817   Thumb Code   156  stm32f4xx_rcc.o(.text)
    RCC_PLLCmd                               0x0802f8b3   Thumb Code    28  stm32f4xx_rcc.o(.text)
    RCC_PLLI2SConfig                         0x0802f8cf   Thumb Code    62  stm32f4xx_rcc.o(.text)
    RCC_PLLI2SCmd                            0x0802f90d   Thumb Code    28  stm32f4xx_rcc.o(.text)
    RCC_PLLSAIConfig                         0x0802f929   Thumb Code    88  stm32f4xx_rcc.o(.text)
    RCC_PLLSAICmd                            0x0802f981   Thumb Code    28  stm32f4xx_rcc.o(.text)
    RCC_ClockSecuritySystemCmd               0x0802f99d   Thumb Code    28  stm32f4xx_rcc.o(.text)
    RCC_MCO1Config                           0x0802f9b9   Thumb Code   168  stm32f4xx_rcc.o(.text)
    RCC_MCO2Config                           0x0802fa61   Thumb Code   102  stm32f4xx_rcc.o(.text)
    RCC_SYSCLKConfig                         0x0802fac7   Thumb Code    44  stm32f4xx_rcc.o(.text)
    RCC_GetSYSCLKSource                      0x0802faf3   Thumb Code    10  stm32f4xx_rcc.o(.text)
    RCC_HCLKConfig                           0x0802fafd   Thumb Code    68  stm32f4xx_rcc.o(.text)
    RCC_PCLK1Config                          0x0802fb41   Thumb Code    60  stm32f4xx_rcc.o(.text)
    RCC_PCLK2Config                          0x0802fb7d   Thumb Code    62  stm32f4xx_rcc.o(.text)
    RCC_GetClocksFreq                        0x0802fbbb   Thumb Code   214  stm32f4xx_rcc.o(.text)
    RCC_RTCCLKConfig                         0x0802fc91   Thumb Code   262  stm32f4xx_rcc.o(.text)
    RCC_RTCCLKCmd                            0x0802fd97   Thumb Code    30  stm32f4xx_rcc.o(.text)
    RCC_BackupResetCmd                       0x0802fdb5   Thumb Code    32  stm32f4xx_rcc.o(.text)
    RCC_I2SCLKConfig                         0x0802fdd5   Thumb Code    30  stm32f4xx_rcc.o(.text)
    RCC_SAIBlockACLKConfig                   0x0802fdf3   Thumb Code    50  stm32f4xx_rcc.o(.text)
    RCC_SAIBlockBCLKConfig                   0x0802fe25   Thumb Code    50  stm32f4xx_rcc.o(.text)
    RCC_SAIPLLI2SClkDivConfig                0x0802fe57   Thumb Code    50  stm32f4xx_rcc.o(.text)
    RCC_SAIPLLSAIClkDivConfig                0x0802fe89   Thumb Code   196  stm32f4xx_rcc.o(.text)
    RCC_LTDCCLKDivConfig                     0x0802ff4d   Thumb Code    54  stm32f4xx_rcc.o(.text)
    RCC_TIMCLKPresConfig                     0x0802ff83   Thumb Code    30  stm32f4xx_rcc.o(.text)
    RCC_AHB1PeriphClockCmd                   0x0802ffa1   Thumb Code    82  stm32f4xx_rcc.o(.text)
    RCC_AHB2PeriphClockCmd                   0x0802fff3   Thumb Code    82  stm32f4xx_rcc.o(.text)
    RCC_AHB3PeriphClockCmd                   0x08030045   Thumb Code    82  stm32f4xx_rcc.o(.text)
    RCC_APB1PeriphClockCmd                   0x08030097   Thumb Code    82  stm32f4xx_rcc.o(.text)
    RCC_APB2PeriphClockCmd                   0x080300e9   Thumb Code    82  stm32f4xx_rcc.o(.text)
    RCC_AHB1PeriphResetCmd                   0x0803013b   Thumb Code    82  stm32f4xx_rcc.o(.text)
    RCC_AHB2PeriphResetCmd                   0x0803018d   Thumb Code    82  stm32f4xx_rcc.o(.text)
    RCC_AHB3PeriphResetCmd                   0x080301df   Thumb Code    82  stm32f4xx_rcc.o(.text)
    RCC_APB1PeriphResetCmd                   0x08030231   Thumb Code    82  stm32f4xx_rcc.o(.text)
    RCC_APB2PeriphResetCmd                   0x08030283   Thumb Code    82  stm32f4xx_rcc.o(.text)
    RCC_AHB1PeriphClockLPModeCmd             0x080302d5   Thumb Code   108  stm32f4xx_rcc.o(.text)
    RCC_AHB2PeriphClockLPModeCmd             0x08030341   Thumb Code    82  stm32f4xx_rcc.o(.text)
    RCC_AHB3PeriphClockLPModeCmd             0x08030393   Thumb Code    82  stm32f4xx_rcc.o(.text)
    RCC_APB1PeriphClockLPModeCmd             0x080303e5   Thumb Code    82  stm32f4xx_rcc.o(.text)
    RCC_APB2PeriphClockLPModeCmd             0x08030437   Thumb Code    82  stm32f4xx_rcc.o(.text)
    RCC_LSEModeConfig                        0x08030489   Thumb Code    64  stm32f4xx_rcc.o(.text)
    RCC_ITConfig                             0x080304c9   Thumb Code    82  stm32f4xx_rcc.o(.text)
    RCC_ClearFlag                            0x0803051b   Thumb Code    18  stm32f4xx_rcc.o(.text)
    RCC_GetITStatus                          0x0803052d   Thumb Code    72  stm32f4xx_rcc.o(.text)
    RCC_ClearITPendingBit                    0x08030575   Thumb Code    28  stm32f4xx_rcc.o(.text)
    SPI_I2S_DeInit                           0x08030599   Thumb Code   198  stm32f4xx_spi.o(.text)
    SPI_Init                                 0x0803065f   Thumb Code   366  stm32f4xx_spi.o(.text)
    I2S_Init                                 0x080307cd   Thumb Code   624  stm32f4xx_spi.o(.text)
    SPI_StructInit                           0x08030a3d   Thumb Code    24  stm32f4xx_spi.o(.text)
    I2S_StructInit                           0x08030a55   Thumb Code    20  stm32f4xx_spi.o(.text)
    SPI_Cmd                                  0x08030a69   Thumb Code   100  stm32f4xx_spi.o(.text)
    I2S_Cmd                                  0x08030acd   Thumb Code    88  stm32f4xx_spi.o(.text)
    SPI_DataSizeConfig                       0x08030b25   Thumb Code    96  stm32f4xx_spi.o(.text)
    SPI_BiDirectionalLineConfig              0x08030b85   Thumb Code   112  stm32f4xx_spi.o(.text)
    SPI_NSSInternalSoftwareConfig            0x08030bf5   Thumb Code   114  stm32f4xx_spi.o(.text)
    SPI_SSOutputCmd                          0x08030c67   Thumb Code   100  stm32f4xx_spi.o(.text)
    SPI_TIModeCmd                            0x08030ccb   Thumb Code   100  stm32f4xx_spi.o(.text)
    I2S_FullDuplexConfig                     0x08030d2f   Thumb Code   258  stm32f4xx_spi.o(.text)
    SPI_I2S_ReceiveData                      0x08030e31   Thumb Code   100  stm32f4xx_spi.o(.text)
    SPI_I2S_SendData                         0x08030e95   Thumb Code    72  stm32f4xx_spi.o(.text)
    SPI_CalculateCRC                         0x08030edd   Thumb Code   100  stm32f4xx_spi.o(.text)
    SPI_TransmitCRC                          0x08030f41   Thumb Code    64  stm32f4xx_spi.o(.text)
    SPI_GetCRC                               0x08030f81   Thumb Code    92  stm32f4xx_spi.o(.text)
    SPI_GetCRCPolynomial                     0x08030fdd   Thumb Code    58  stm32f4xx_spi.o(.text)
    SPI_I2S_DMACmd                           0x08031017   Thumb Code   132  stm32f4xx_spi.o(.text)
    SPI_I2S_ITConfig                         0x0803109b   Thumb Code   156  stm32f4xx_spi.o(.text)
    SPI_I2S_GetFlagStatus                    0x08031137   Thumb Code   138  stm32f4xx_spi.o(.text)
    SPI_I2S_ClearFlag                        0x080311c1   Thumb Code    92  stm32f4xx_spi.o(.text)
    SPI_I2S_GetITStatus                      0x0803121d   Thumb Code   200  stm32f4xx_spi.o(.text)
    SPI_I2S_ClearITPendingBit                0x080312e5   Thumb Code   104  stm32f4xx_spi.o(.text)
    SYSCFG_DeInit                            0x08031369   Thumb Code    22  stm32f4xx_syscfg.o(.text)
    SYSCFG_MemoryRemapConfig                 0x0803137f   Thumb Code    34  stm32f4xx_syscfg.o(.text)
    SYSCFG_MemorySwappingBank                0x080313a1   Thumb Code    26  stm32f4xx_syscfg.o(.text)
    SYSCFG_EXTILineConfig                    0x080313bb   Thumb Code   194  stm32f4xx_syscfg.o(.text)
    SYSCFG_ETH_MediaInterfaceConfig          0x0803147d   Thumb Code    26  stm32f4xx_syscfg.o(.text)
    SYSCFG_CompensationCellCmd               0x08031497   Thumb Code    26  stm32f4xx_syscfg.o(.text)
    SYSCFG_GetCompensationCellStatus         0x080314b1   Thumb Code    22  stm32f4xx_syscfg.o(.text)
    TIM_DeInit                               0x08031505   Thumb Code   440  stm32f4xx_tim.o(.text)
    TIM_TimeBaseInit                         0x080316bd   Thumb Code   278  stm32f4xx_tim.o(.text)
    TIM_TimeBaseStructInit                   0x080317d3   Thumb Code    18  stm32f4xx_tim.o(.text)
    TIM_PrescalerConfig                      0x080317e5   Thumb Code   128  stm32f4xx_tim.o(.text)
    TIM_CounterModeConfig                    0x08031865   Thumb Code   100  stm32f4xx_tim.o(.text)
    TIM_SetCounter                           0x080318c9   Thumb Code   202  stm32f4xx_tim.o(.text)
    TIM_SetAutoreload                        0x08031993   Thumb Code   108  stm32f4xx_tim.o(.text)
    TIM_GetCounter                           0x080319ff   Thumb Code   106  stm32f4xx_tim.o(.text)
    TIM_GetPrescaler                         0x08031a69   Thumb Code   106  stm32f4xx_tim.o(.text)
    TIM_UpdateDisableConfig                  0x08031ad3   Thumb Code   148  stm32f4xx_tim.o(.text)
    TIM_UpdateRequestConfig                  0x08031b67   Thumb Code   148  stm32f4xx_tim.o(.text)
    TIM_ARRPreloadConfig                     0x08031bfb   Thumb Code   148  stm32f4xx_tim.o(.text)
    TIM_SelectOnePulseMode                   0x08031c8f   Thumb Code   142  stm32f4xx_tim.o(.text)
    TIM_SetClockDivision                     0x08031d1d   Thumb Code   192  stm32f4xx_tim.o(.text)
    TIM_Cmd                                  0x08031ddd   Thumb Code   148  stm32f4xx_tim.o(.text)
    TIM_OC1Init                              0x08031e71   Thumb Code   416  stm32f4xx_tim.o(.text)
    TIM_OC2Init                              0x08032011   Thumb Code   486  stm32f4xx_tim.o(.text)
    TIM_OC3Init                              0x080321f7   Thumb Code   416  stm32f4xx_tim.o(.text)
    TIM_OC4Init                              0x08032397   Thumb Code   300  stm32f4xx_tim.o(.text)
    TIM_OCStructInit                         0x080324c3   Thumb Code    20  stm32f4xx_tim.o(.text)
    TIM_SelectOCxM                           0x080324d7   Thumb Code   256  stm32f4xx_tim.o(.text)
    TIM_SetCompare1                          0x080325d7   Thumb Code   142  stm32f4xx_tim.o(.text)
    TIM_SetCompare2                          0x08032665   Thumb Code    72  stm32f4xx_tim.o(.text)
    TIM_SetCompare3                          0x080326ad   Thumb Code    60  stm32f4xx_tim.o(.text)
    TIM_SetCompare4                          0x080326e9   Thumb Code    60  stm32f4xx_tim.o(.text)
    TIM_ForcedOC1Config                      0x08032725   Thumb Code   130  stm32f4xx_tim.o(.text)
    TIM_ForcedOC2Config                      0x080327a7   Thumb Code   114  stm32f4xx_tim.o(.text)
    TIM_ForcedOC3Config                      0x08032819   Thumb Code    94  stm32f4xx_tim.o(.text)
    TIM_ForcedOC4Config                      0x08032877   Thumb Code   102  stm32f4xx_tim.o(.text)
    TIM_OC1PreloadConfig                     0x080328dd   Thumb Code   126  stm32f4xx_tim.o(.text)
    TIM_OC2PreloadConfig                     0x0803295b   Thumb Code   108  stm32f4xx_tim.o(.text)
    TIM_OC3PreloadConfig                     0x080329c7   Thumb Code   138  stm32f4xx_tim.o(.text)
    TIM_OC4PreloadConfig                     0x08032a51   Thumb Code    96  stm32f4xx_tim.o(.text)
    TIM_OC1FastConfig                        0x08032ab1   Thumb Code   124  stm32f4xx_tim.o(.text)
    TIM_OC2FastConfig                        0x08032b2d   Thumb Code   108  stm32f4xx_tim.o(.text)
    TIM_OC3FastConfig                        0x08032b99   Thumb Code    88  stm32f4xx_tim.o(.text)
    TIM_OC4FastConfig                        0x08032bf1   Thumb Code    96  stm32f4xx_tim.o(.text)
    TIM_ClearOC1Ref                          0x08032c51   Thumb Code   124  stm32f4xx_tim.o(.text)
    TIM_ClearOC2Ref                          0x08032ccd   Thumb Code   106  stm32f4xx_tim.o(.text)
    TIM_ClearOC3Ref                          0x08032d37   Thumb Code    88  stm32f4xx_tim.o(.text)
    TIM_ClearOC4Ref                          0x08032d8f   Thumb Code    94  stm32f4xx_tim.o(.text)
    TIM_OC1PolarityConfig                    0x08032ded   Thumb Code   174  stm32f4xx_tim.o(.text)
    TIM_OC1NPolarityConfig                   0x08032e9b   Thumb Code    64  stm32f4xx_tim.o(.text)
    TIM_OC2PolarityConfig                    0x08032edb   Thumb Code   108  stm32f4xx_tim.o(.text)
    TIM_OC2NPolarityConfig                   0x08032f47   Thumb Code    72  stm32f4xx_tim.o(.text)
    TIM_OC3PolarityConfig                    0x08032f8f   Thumb Code    96  stm32f4xx_tim.o(.text)
    TIM_OC3NPolarityConfig                   0x08032fef   Thumb Code    72  stm32f4xx_tim.o(.text)
    TIM_OC4PolarityConfig                    0x08033037   Thumb Code    96  stm32f4xx_tim.o(.text)
    TIM_CCxCmd                               0x08033097   Thumb Code   168  stm32f4xx_tim.o(.text)
    TIM_CCxNCmd                              0x0803313f   Thumb Code   104  stm32f4xx_tim.o(.text)
    TIM_SetIC4Prescaler                      0x080331a7   Thumb Code   106  stm32f4xx_tim.o(.text)
    TIM_SetIC3Prescaler                      0x08033291   Thumb Code    98  stm32f4xx_tim.o(.text)
    TIM_SetIC2Prescaler                      0x0803333b   Thumb Code   118  stm32f4xx_tim.o(.text)
    TIM_SetIC1Prescaler                      0x08033401   Thumb Code   134  stm32f4xx_tim.o(.text)
    TIM_ICInit                               0x080334c1   Thumb Code   508  stm32f4xx_tim.o(.text)
    TIM_ICStructInit                         0x080336bd   Thumb Code    18  stm32f4xx_tim.o(.text)
    TIM_PWMIConfig                           0x080336cf   Thumb Code   184  stm32f4xx_tim.o(.text)
    TIM_GetCapture1                          0x08033787   Thumb Code    92  stm32f4xx_tim.o(.text)
    TIM_GetCapture2                          0x080337e3   Thumb Code    68  stm32f4xx_tim.o(.text)
    TIM_GetCapture3                          0x08033827   Thumb Code    56  stm32f4xx_tim.o(.text)
    TIM_GetCapture4                          0x0803385f   Thumb Code    56  stm32f4xx_tim.o(.text)
    TIM_BDTRConfig                           0x08033897   Thumb Code   222  stm32f4xx_tim.o(.text)
    TIM_BDTRStructInit                       0x08033975   Thumb Code    18  stm32f4xx_tim.o(.text)
    TIM_CtrlPWMOutputs                       0x08033987   Thumb Code    78  stm32f4xx_tim.o(.text)
    TIM_SelectCOM                            0x080339d5   Thumb Code    72  stm32f4xx_tim.o(.text)
    TIM_CCPreloadControl                     0x08033a1d   Thumb Code    72  stm32f4xx_tim.o(.text)
    TIM_ITConfig                             0x08033a65   Thumb Code   218  stm32f4xx_tim.o(.text)
    TIM_GenerateEvent                        0x08033b3f   Thumb Code   126  stm32f4xx_tim.o(.text)
    TIM_GetFlagStatus                        0x08033bbd   Thumb Code   188  stm32f4xx_tim.o(.text)
    TIM_ClearFlag                            0x08033c79   Thumb Code   108  stm32f4xx_tim.o(.text)
    TIM_GetITStatus                          0x08033ce5   Thumb Code   186  stm32f4xx_tim.o(.text)
    TIM_ClearITPendingBit                    0x08033d9f   Thumb Code   108  stm32f4xx_tim.o(.text)
    TIM_DMAConfig                            0x08033e0b   Thumb Code   334  stm32f4xx_tim.o(.text)
    TIM_DMACmd                               0x08033f59   Thumb Code   126  stm32f4xx_tim.o(.text)
    TIM_SelectCCDMA                          0x08033fd7   Thumb Code    96  stm32f4xx_tim.o(.text)
    TIM_InternalClockConfig                  0x08034037   Thumb Code    76  stm32f4xx_tim.o(.text)
    TIM_SelectInputTrigger                   0x08034083   Thumb Code   148  stm32f4xx_tim.o(.text)
    TIM_ITRxExternalClockConfig              0x08034117   Thumb Code   110  stm32f4xx_tim.o(.text)
    TIM_TIxExternalClockConfig               0x08034185   Thumb Code   184  stm32f4xx_tim.o(.text)
    TIM_ETRConfig                            0x0803423d   Thumb Code   164  stm32f4xx_tim.o(.text)
    TIM_ETRClockMode1Config                  0x080342e1   Thumb Code   228  stm32f4xx_tim.o(.text)
    TIM_ETRClockMode2Config                  0x080343c5   Thumb Code   152  stm32f4xx_tim.o(.text)
    TIM_SelectOutputTrigger                  0x0803445d   Thumb Code   126  stm32f4xx_tim.o(.text)
    TIM_SelectSlaveMode                      0x080344db   Thumb Code   112  stm32f4xx_tim.o(.text)
    TIM_SelectMasterSlaveMode                0x0803454b   Thumb Code   102  stm32f4xx_tim.o(.text)
    TIM_EncoderInterfaceConfig               0x080345b1   Thumb Code   226  stm32f4xx_tim.o(.text)
    TIM_SelectHallSensor                     0x08034693   Thumb Code   108  stm32f4xx_tim.o(.text)
    TIM_RemapConfig                          0x080346ff   Thumb Code   138  stm32f4xx_tim.o(.text)
    USART_DeInit                             0x08034789   Thumb Code   276  stm32f4xx_usart.o(.text)
    USART_Init                               0x0803489d   Thumb Code   492  stm32f4xx_usart.o(.text)
    USART_StructInit                         0x08034a89   Thumb Code    24  stm32f4xx_usart.o(.text)
    USART_ClockInit                          0x08034aa1   Thumb Code   166  stm32f4xx_usart.o(.text)
    USART_ClockStructInit                    0x08034b47   Thumb Code    12  stm32f4xx_usart.o(.text)
    USART_Cmd                                0x08034b53   Thumb Code   214  stm32f4xx_usart.o(.text)
    USART_SetPrescaler                       0x08034c29   Thumb Code    96  stm32f4xx_usart.o(.text)
    USART_OverSampling8Cmd                   0x08034c89   Thumb Code   122  stm32f4xx_usart.o(.text)
    USART_OneBitMethodCmd                    0x08034d03   Thumb Code   124  stm32f4xx_usart.o(.text)
    USART_SendData                           0x08034d7f   Thumb Code   108  stm32f4xx_usart.o(.text)
    USART_ReceiveData                        0x08034deb   Thumb Code    86  stm32f4xx_usart.o(.text)
    USART_SetAddress                         0x08034e41   Thumb Code   116  stm32f4xx_usart.o(.text)
    USART_ReceiverWakeUpCmd                  0x08034eb5   Thumb Code   124  stm32f4xx_usart.o(.text)
    USART_WakeUpConfig                       0x08034f31   Thumb Code   120  stm32f4xx_usart.o(.text)
    USART_LINBreakDetectLengthConfig         0x08034fa9   Thumb Code   160  stm32f4xx_usart.o(.text)
    USART_LINCmd                             0x08035049   Thumb Code   124  stm32f4xx_usart.o(.text)
    USART_SendBreak                          0x080350c5   Thumb Code    88  stm32f4xx_usart.o(.text)
    USART_HalfDuplexCmd                      0x0803511d   Thumb Code   124  stm32f4xx_usart.o(.text)
    USART_SetGuardTime                       0x08035199   Thumb Code    60  stm32f4xx_usart.o(.text)
    USART_SmartCardCmd                       0x080351d5   Thumb Code    88  stm32f4xx_usart.o(.text)
    USART_SmartCardNACKCmd                   0x0803522d   Thumb Code    88  stm32f4xx_usart.o(.text)
    USART_IrDAConfig                         0x08035285   Thumb Code   118  stm32f4xx_usart.o(.text)
    USART_IrDACmd                            0x080352fb   Thumb Code   124  stm32f4xx_usart.o(.text)
    USART_DMACmd                             0x08035377   Thumb Code   184  stm32f4xx_usart.o(.text)
    USART_ITConfig                           0x0803542f   Thumb Code   290  stm32f4xx_usart.o(.text)
    USART_GetFlagStatus                      0x08035551   Thumb Code   200  stm32f4xx_usart.o(.text)
    USART_ClearFlag                          0x08035619   Thumb Code   158  stm32f4xx_usart.o(.text)
    USART_GetITStatus                        0x080356b7   Thumb Code   306  stm32f4xx_usart.o(.text)
    USART_ClearITPendingBit                  0x080357e9   Thumb Code   234  stm32f4xx_usart.o(.text)
    FPGA_Init                                0x080358e5   Thumb Code   674  fpga.o(.text)
    FPGA_WriteBuffer                         0x08035b87   Thumb Code    24  fpga.o(.text)
    FPGA_ResetHardware                       0x08035b9f   Thumb Code   104  fpga.o(.text)
    FPGA_ReadBuffer                          0x08035c07   Thumb Code    22  fpga.o(.text)
    FPGA_DATA_WriteBuffer                    0x08035c1d   Thumb Code    24  fpga.o(.text)
    FPGA_DATA_ReadBuffer                     0x08035c35   Thumb Code    22  fpga.o(.text)
    SysTick_Handler                          0x08035c5d   Thumb Code    38  scope_it.o(.text)
    IT_SYS_GetTicks                          0x08035c83   Thumb Code     6  scope_it.o(.text)
    TIM2_IRQHandler                          0x08035c89   Thumb Code   492  scope_it.o(.text)
    USART1_IRQHandler                        0x08035e75   Thumb Code    14  scope_it.o(.text)
    USART3_IRQHandler                        0x08035e83   Thumb Code    14  scope_it.o(.text)
    IT_SYS_DlyMs                             0x08035e91   Thumb Code    30  scope_it.o(.text)
    IT_SYS_SetTicks                          0x08035eaf   Thumb Code    10  scope_it.o(.text)
    IT_SYS_SetDlyMs                          0x08035eb9   Thumb Code    16  scope_it.o(.text)
    IT_SYS_CheckDlyFin                       0x08035ec9   Thumb Code    20  scope_it.o(.text)
    IT_LIST_GetTicks                         0x08035edd   Thumb Code     6  scope_it.o(.text)
    IT_LIST_SetTicks                         0x08035ee3   Thumb Code    10  scope_it.o(.text)
    IT_ADC_GetTicks                          0x08035eed   Thumb Code     6  scope_it.o(.text)
    IT_ADC_SetTicks                          0x08035ef3   Thumb Code    10  scope_it.o(.text)
    assert_failed                            0x08035f9d   Thumb Code    18  scope_eval.o(.text)
    fputc                                    0x08035faf   Thumb Code    16  scope_eval.o(.text)
    PF_InitTimer2                            0x08035fbf   Thumb Code   122  scope_eval.o(.text)
    EVAL_Init                                0x08036161   Thumb Code   240  scope_eval.o(.text)
    EVAL_OutputSet                           0x08036251   Thumb Code    16  scope_eval.o(.text)
    EVAL_OutputClr                           0x08036261   Thumb Code    16  scope_eval.o(.text)
    EVAL_OutputToggle                        0x08036271   Thumb Code    26  scope_eval.o(.text)
    EVAL_InputGetState                       0x08036327   Thumb Code    22  scope_eval.o(.text)
    MV_InitPara                              0x080363ed   Thumb Code   190  scope_move.o(.text)
    MV_Move                                  0x080364ab   Thumb Code   434  scope_move.o(.text)
    MV_Stop                                  0x0803665d   Thumb Code    98  scope_move.o(.text)
    MV_Wait                                  0x080366bf   Thumb Code    84  scope_move.o(.text)
    MV_GetStepsExecuted                      0x08036713   Thumb Code    56  scope_move.o(.text)
    MV_IsFinished                            0x0803674b   Thumb Code    20  scope_move.o(.text)
    MV_IsrMoveHandling                       0x0803675f   Thumb Code   104  scope_move.o(.text)
    BUF_Send_Init                            0x080367d9   Thumb Code    14  buffercircle.o(.text)
    BUF_Send_PutChar                         0x080367e7   Thumb Code    54  buffercircle.o(.text)
    BUF_Send_GetChar                         0x0803681d   Thumb Code    74  buffercircle.o(.text)
    BUF_Send_PutNChar                        0x080368f1   Thumb Code    94  buffercircle.o(.text)
    BUF_Send_GetNChar                        0x0803694f   Thumb Code    94  buffercircle.o(.text)
    BUF_Recv_Init                            0x080369ad   Thumb Code    14  buffercircle.o(.text)
    BUF_Recv_PutChar                         0x080369bb   Thumb Code    54  buffercircle.o(.text)
    BUF_Recv_GetChar                         0x080369f1   Thumb Code    74  buffercircle.o(.text)
    BUF_Recv_PutNChar                        0x08036ac5   Thumb Code    94  buffercircle.o(.text)
    BUF_Recv_GetNChar                        0x08036b23   Thumb Code    94  buffercircle.o(.text)
    NET_BUF_Send_Init                        0x08036b91   Thumb Code    14  netbuffercircle.o(.text)
    NET_BUF_Send_PutChar                     0x08036b9f   Thumb Code    54  netbuffercircle.o(.text)
    NET_BUF_Send_GetChar                     0x08036bd5   Thumb Code    74  netbuffercircle.o(.text)
    NET_BUF_Send_GetLenConsume               0x08036c1f   Thumb Code   112  netbuffercircle.o(.text)
    NET_BUF_Send_GetLenRemain                0x08036c8f   Thumb Code    26  netbuffercircle.o(.text)
    NET_BUF_Send_PutNChar                    0x08036ca9   Thumb Code    94  netbuffercircle.o(.text)
    NET_BUF_Send_GetNChar                    0x08036d07   Thumb Code    94  netbuffercircle.o(.text)
    NET_BUF_Recv_Init                        0x08036d65   Thumb Code    14  netbuffercircle.o(.text)
    NET_BUF_Recv_PutChar                     0x08036d73   Thumb Code    54  netbuffercircle.o(.text)
    NET_BUF_Recv_GetChar                     0x08036da9   Thumb Code    74  netbuffercircle.o(.text)
    NET_BUF_Recv_GetLenConsume               0x08036df3   Thumb Code   112  netbuffercircle.o(.text)
    NET_BUF_Recv_GetLenRemain                0x08036e63   Thumb Code    26  netbuffercircle.o(.text)
    NET_BUF_Recv_PutNChar                    0x08036e7d   Thumb Code    94  netbuffercircle.o(.text)
    NET_BUF_Recv_GetNChar                    0x08036edb   Thumb Code    94  netbuffercircle.o(.text)
    SPG_Send_Init                            0x08036f49   Thumb Code    14  samplebuffercircle.o(.text)
    SPG_Send_PutChar                         0x08036f57   Thumb Code    52  samplebuffercircle.o(.text)
    SPG_Send_GetChar                         0x08036f8b   Thumb Code    68  samplebuffercircle.o(.text)
    SPG_Send_PutNChar                        0x0803704f   Thumb Code    92  samplebuffercircle.o(.text)
    SPG_Send_GetNChar                        0x080370ab   Thumb Code    92  samplebuffercircle.o(.text)
    SPG_Recv_Init                            0x08037107   Thumb Code    14  samplebuffercircle.o(.text)
    SPG_Recv_PutChar                         0x08037115   Thumb Code    52  samplebuffercircle.o(.text)
    SPG_Recv_GetChar                         0x08037149   Thumb Code    68  samplebuffercircle.o(.text)
    SPG_Recv_PutNChar                        0x0803720d   Thumb Code    92  samplebuffercircle.o(.text)
    SPG_Recv_GetNChar                        0x08037269   Thumb Code    92  samplebuffercircle.o(.text)
    Delay_US                                 0x080372d5   Thumb Code    54  driver.o(.text)
    ADC1_DMA_Config                          0x0803730b   Thumb Code   174  driver.o(.text)
    ADC1_Init                                0x080373b9   Thumb Code   192  driver.o(.text)
    DMA2_Stream0_IRQHandler                  0x08037479   Thumb Code    72  driver.o(.text)
    DMA2_Stream3_IRQHandler                  0x080374c1   Thumb Code    80  driver.o(.text)
    ADC2_DMA_Config                          0x08037511   Thumb Code   194  driver.o(.text)
    ADC2_Init                                0x080375d3   Thumb Code   174  driver.o(.text)
    ADC3_GPIO_Init                           0x08037681   Thumb Code   358  driver.o(.text)
    ADC3_Init                                0x080377e7   Thumb Code    84  driver.o(.text)
    Get_ADC3_Channel_Value                   0x0803783b   Thumb Code    90  driver.o(.text)
    Get_Press_ADC                            0x08037895   Thumb Code     4  driver.o(.text)
    Get_XK_ADC                               0x08037899   Thumb Code    18  driver.o(.text)
    Get_12V_N_ADC                            0x080378ab   Thumb Code    18  driver.o(.text)
    Get_12V_P_ADC                            0x080378bd   Thumb Code    18  driver.o(.text)
    Get_56V_Cur_ADC                          0x080378cf   Thumb Code    18  driver.o(.text)
    Get_LED_Cur_ADC                          0x080378e1   Thumb Code    18  driver.o(.text)
    Get_Temp_ADC                             0x080378f3   Thumb Code    18  driver.o(.text)
    HW_Get_ADC_HGB                           0x08037905   Thumb Code    20  driver.o(.text)
    HW_Get_ADC_CRP                           0x08037919   Thumb Code    20  driver.o(.text)
    Get_HGB_Value                            0x0803792d   Thumb Code    38  driver.o(.text)
    Get_CRP_Value                            0x08037953   Thumb Code    26  driver.o(.text)
    OutIn_Motor_PWM_Init                     0x0803796d   Thumb Code   168  driver.o(.text)
    OutIn_Motor_Init                         0x08037a15   Thumb Code   118  driver.o(.text)
    OutIn_Motor_Speed_Set                    0x08037a8b   Thumb Code    32  driver.o(.text)
    OutIn_Motor_In                           0x08037aab   Thumb Code    14  driver.o(.text)
    OutIn_Motor_Out                          0x08037ab9   Thumb Code    14  driver.o(.text)
    OutIn_Motor_Run                          0x08037ac7   Thumb Code    30  driver.o(.text)
    OutIn_Motor_Enable                       0x08037ae5   Thumb Code    14  driver.o(.text)
    OutIn_Motor_Disable                      0x08037af3   Thumb Code    62  driver.o(.text)
    Press_I2C_Init                           0x08037b31   Thumb Code    96  driver.o(.text)
    Press_Init                               0x08037b91   Thumb Code     8  driver.o(.text)
    Press_I2C_Start                          0x08037b99   Thumb Code    68  driver.o(.text)
    Press_I2C_Stop                           0x08037bdd   Thumb Code    60  driver.o(.text)
    Press_I2C_Wait_Ack                       0x08037c19   Thumb Code    78  driver.o(.text)
    Press_I2C_Ack                            0x08037c67   Thumb Code    72  driver.o(.text)
    Press_I2C_NAck                           0x08037caf   Thumb Code    72  driver.o(.text)
    Press_I2C_Send_Byte                      0x08037cf7   Thumb Code   102  driver.o(.text)
    Press_I2C_Read_Byte                      0x08037d5d   Thumb Code    98  driver.o(.text)
    Get_Press_I2C                            0x08037dbf   Thumb Code   202  driver.o(.text)
    Reset_Elec_Status                        0x08037e89   Thumb Code    14  driver.o(.text)
    Set_Elec_Status                          0x08037e97   Thumb Code    14  driver.o(.text)
    Get_Elec_Status                          0x08037ea5   Thumb Code    14  driver.o(.text)
    Elec_Init                                0x08037eb3   Thumb Code    44  driver.o(.text)
    Get_Elec_ADC                             0x08037edf   Thumb Code   114  driver.o(.text)
    Beep_Init                                0x08037f51   Thumb Code    46  driver.o(.text)
    Beep                                     0x08037f7f   Thumb Code    86  driver.o(.text)
    Pump_PWM_Init                            0x08037fd5   Thumb Code   176  driver.o(.text)
    Pump_init                                0x08038085   Thumb Code    22  driver.o(.text)
    Pump_AntiClockWise                       0x0803809b   Thumb Code     2  driver.o(.text)
    Pump_ClockWise                           0x0803809d   Thumb Code     2  driver.o(.text)
    Pump_Speed_Set                           0x0803809f   Thumb Code    32  driver.o(.text)
    Pump_Exec                                0x080380bf   Thumb Code    40  driver.o(.text)
    Mixing_Motor_Init                        0x080380e7   Thumb Code    60  driver.o(.text)
    Mixing_Motor_Run                         0x08038123   Thumb Code    14  driver.o(.text)
    Mixing_Motor_Stop                        0x08038131   Thumb Code    14  driver.o(.text)
    Valve_Init                               0x0803813f   Thumb Code   100  driver.o(.text)
    Valve_Air_Exec                           0x080381a3   Thumb Code    32  driver.o(.text)
    Valve_Liquid_Exec                        0x080381c3   Thumb Code    30  driver.o(.text)
    Valve_Exec                               0x080381e1   Thumb Code    28  driver.o(.text)
    Turn_Motor_Init                          0x080381fd   Thumb Code   146  driver.o(.text)
    Turn_CLK_Set                             0x0803828f   Thumb Code    14  driver.o(.text)
    Turn_CLK_Reset                           0x0803829d   Thumb Code    14  driver.o(.text)
    Turn_Motor_Enable                        0x080382ab   Thumb Code    12  driver.o(.text)
    Turn_Motor_Disable                       0x080382b7   Thumb Code    12  driver.o(.text)
    Turn_Motor_Dir                           0x080382c3   Thumb Code    30  driver.o(.text)
    Turn_Motor_One_Step                      0x080382e1   Thumb Code   144  driver.o(.text)
    Get_Turn_Select_OC_Status                0x08038371   Thumb Code    12  driver.o(.text)
    Turn_Motor_Run                           0x0803837d   Thumb Code    98  driver.o(.text)
    Turn_Motor_Goto_Postion                  0x080383df   Thumb Code    20  driver.o(.text)
    Get_Turn_Reset_OC_Status                 0x080383f3   Thumb Code    14  driver.o(.text)
    Turn_Motor_Reset                         0x08038401   Thumb Code    88  driver.o(.text)
    Turn_Motor_Pass_Kong                     0x08038459   Thumb Code    26  driver.o(.text)
    Turn_Motor_Select_LED                    0x08038473   Thumb Code   230  driver.o(.text)
    Get_Micro_OC_Status                      0x08038559   Thumb Code    12  driver.o(.text)
    EXTI9_5_IRQHandler                       0x08038565   Thumb Code    96  driver.o(.text)
    Micro_OC_Init                            0x080385c5   Thumb Code   128  driver.o(.text)
    OC_Init                                  0x08038645   Thumb Code   180  driver.o(.text)
    Get_Out_OC_Status                        0x080386f9   Thumb Code    14  driver.o(.text)
    Get_In_OC_Status                         0x08038707   Thumb Code    14  driver.o(.text)
    Counter_Check_Init                       0x08038715   Thumb Code    54  driver.o(.text)
    Get_Counter_Check_Status                 0x0803874b   Thumb Code   278  driver.o(.text)
    Counter_Adjust_PWM_Init                  0x08038861   Thumb Code   176  driver.o(.text)
    Counter_Adjust_Init                      0x08038911   Thumb Code    58  driver.o(.text)
    Counter_Adjust_Switch                    0x0803894b   Thumb Code    30  driver.o(.text)
    Counter_Adjust_Start                     0x08038969   Thumb Code    62  driver.o(.text)
    LED_Cur_DAC_Init                         0x080389a7   Thumb Code    84  driver.o(.text)
    LED_Init                                 0x080389fb   Thumb Code   572  driver.o(.text)
    LED_Cur_Switch                           0x08038c37   Thumb Code    32  driver.o(.text)
    LED_Cur_DAC_Set                          0x08038c57   Thumb Code    82  driver.o(.text)
    LED_Cur_Auto_Adjust                      0x08038ca9   Thumb Code    96  driver.o(.text)
    LED_Cur_ADC_Check_Channel                0x08038d09   Thumb Code   280  driver.o(.text)
    LED_Exec                                 0x08038e21   Thumb Code   246  driver.o(.text)
    LED_All_Reset                            0x08038f17   Thumb Code    24  driver.o(.text)
    DResistor_Init                           0x08038f2f   Thumb Code   142  driver.o(.text)
    DRegister_Write                          0x08038fbd   Thumb Code   170  driver.o(.text)
    Driver_Debug                             0x08039067   Thumb Code  2278  driver.o(.text)
    ADC24Bit_SPI_ReadWriteByte               0x08039a31   Thumb Code    80  ad7799.o(.text)
    ADC24Bit_SPI_Init                        0x08039a81   Thumb Code   322  ad7799.o(.text)
    ADC24Bit_GPIO_Init                       0x08039bc3   Thumb Code   190  ad7799.o(.text)
    SPI_Write                                0x08039c81   Thumb Code   144  ad7799.o(.text)
    AD7799_Reset                             0x08039d11   Thumb Code    40  ad7799.o(.text)
    SPI_Read                                 0x08039d39   Thumb Code   144  ad7799.o(.text)
    AD7799_GetRegisterValue                  0x08039dc9   Thumb Code   162  ad7799.o(.text)
    AD7799_SetRegisterValue                  0x08039e6b   Thumb Code   110  ad7799.o(.text)
    AD7799_Init                              0x08039ed9   Thumb Code   254  ad7799.o(.text)
    ADC24Bit_Init                            0x08039fd7   Thumb Code    12  ad7799.o(.text)
    AD7799_Calibrate                         0x08039fe3   Thumb Code   256  ad7799.o(.text)
    AD7799_SetChannel                        0x0803a0e3   Thumb Code    36  ad7799.o(.text)
    AD7799_SetMode                           0x0803a107   Thumb Code    48  ad7799.o(.text)
    AD7799_SetGain                           0x0803a137   Thumb Code    38  ad7799.o(.text)
    AD7799_SetBurnoutCurren                  0x0803a15d   Thumb Code    36  ad7799.o(.text)
    AD7799_SetBufMode                        0x0803a181   Thumb Code    36  ad7799.o(.text)
    AD7799_Get_Out_Data                      0x0803a1a5   Thumb Code    12  ad7799.o(.text)
    AD7799_Get_ADC_Value                     0x0803a1b1   Thumb Code    14  ad7799.o(.text)
    AD7799_Get_Value                         0x0803a1bf   Thumb Code    56  ad7799.o(.text)
    ethernetif_input                         0x0803a499   Thumb Code    42  ethernetif.o(.text)
    ethernetif_init                          0x0803a4c3   Thumb Code    38  ethernetif.o(.text)
    etharp_tmr                               0x0803a547   Thumb Code   136  etharp.o(.text)
    etharp_cleanup_netif                     0x0803a815   Thumb Code    52  etharp.o(.text)
    etharp_find_addr                         0x0803a849   Thumb Code    82  etharp.o(.text)
    etharp_request                           0x0803aa5d   Thumb Code    36  etharp.o(.text)
    etharp_query                             0x0803aae9   Thumb Code   338  etharp.o(.text)
    etharp_output                            0x0803ac3b   Thumb Code   314  etharp.o(.text)
    ethernet_input                           0x0803ad75   Thumb Code   178  etharp.o(.text)
    icmp_input                               0x0803ae39   Thumb Code   340  icmp.o(.text)
    icmp_dest_unreach                        0x0803affd   Thumb Code    18  icmp.o(.text)
    icmp_time_exceeded                       0x0803b00f   Thumb Code    18  icmp.o(.text)
    inet_chksum_pseudo                       0x0803b087   Thumb Code   162  inet_chksum.o(.text)
    inet_chksum_pseudo_partial               0x0803b129   Thumb Code   184  inet_chksum.o(.text)
    inet_chksum                              0x0803b1e1   Thumb Code    20  inet_chksum.o(.text)
    inet_chksum_pbuf                         0x0803b1f5   Thumb Code    86  inet_chksum.o(.text)
    ip_route                                 0x0803b24d   Thumb Code    76  ip.o(.text)
    ip_input                                 0x0803b299   Thumb Code   422  ip.o(.text)
    ip_output_if                             0x0803b43f   Thumb Code   192  ip.o(.text)
    ip_output                                0x0803b4ff   Thumb Code    56  ip.o(.text)
    ip4_addr_isbroadcast                     0x0803b555   Thumb Code    78  ip_addr.o(.text)
    ip4_addr_netmask_valid                   0x0803b5a3   Thumb Code    52  ip_addr.o(.text)
    ipaddr_aton                              0x0803b5d7   Thumb Code   348  ip_addr.o(.text)
    ipaddr_addr                              0x0803b733   Thumb Code    24  ip_addr.o(.text)
    ipaddr_ntoa_r                            0x0803b74b   Thumb Code   168  ip_addr.o(.text)
    ipaddr_ntoa                              0x0803b7f3   Thumb Code    16  ip_addr.o(.text)
    ip_reass_tmr                             0x0803b8cd   Thumb Code    48  ip_frag.o(.text)
    ip_reass                                 0x0803bb23   Thumb Code   396  ip_frag.o(.text)
    ip_frag                                  0x0803bceb   Thumb Code   424  ip_frag.o(.text)
    lwip_htons                               0x0803be9d   Thumb Code    12  def.o(.text)
    lwip_ntohs                               0x0803bea9   Thumb Code    12  def.o(.text)
    lwip_htonl                               0x0803beb5   Thumb Code    26  def.o(.text)
    lwip_ntohl                               0x0803becf   Thumb Code    12  def.o(.text)
    dhcp_renew                               0x0803c36d   Thumb Code   160  dhcp.o(.text)
    dhcp_coarse_tmr                          0x0803c4d1   Thumb Code    62  dhcp.o(.text)
    dhcp_release                             0x0803c5b3   Thumb Code   162  dhcp.o(.text)
    dhcp_fine_tmr                            0x0803c7dd   Thumb Code    64  dhcp.o(.text)
    dhcp_set_struct                          0x0803c8a3   Thumb Code    30  dhcp.o(.text)
    dhcp_cleanup                             0x0803c8c1   Thumb Code    24  dhcp.o(.text)
    dhcp_stop                                0x0803c8d9   Thumb Code    58  dhcp.o(.text)
    dhcp_start                               0x0803cd1f   Thumb Code   206  dhcp.o(.text)
    dhcp_inform                              0x0803cded   Thumb Code   170  dhcp.o(.text)
    dhcp_network_changed                     0x0803ce97   Thumb Code    80  dhcp.o(.text)
    dhcp_arp_reply                           0x0803cf65   Thumb Code    46  dhcp.o(.text)
    mem_init                                 0x0803d025   Thumb Code    74  mem.o(.text)
    mem_free                                 0x0803d06f   Thumb Code    68  mem.o(.text)
    mem_trim                                 0x0803d0b3   Thumb Code   288  mem.o(.text)
    mem_malloc                               0x0803d1d3   Thumb Code   222  mem.o(.text)
    mem_calloc                               0x0803d2b1   Thumb Code    34  mem.o(.text)
    memp_init                                0x0803d2e5   Thumb Code    82  memp.o(.text)
    memp_malloc                              0x0803d337   Thumb Code    40  memp.o(.text)
    memp_free                                0x0803d35f   Thumb Code    28  memp.o(.text)
    netif_init                               0x0803d38d   Thumb Code     2  netif.o(.text)
    netif_set_gw                             0x0803d38f   Thumb Code    12  netif.o(.text)
    netif_set_netmask                        0x0803d39b   Thumb Code    12  netif.o(.text)
    netif_set_ipaddr                         0x0803d3a7   Thumb Code   110  netif.o(.text)
    netif_set_addr                           0x0803d415   Thumb Code    40  netif.o(.text)
    netif_add                                0x0803d43d   Thumb Code   104  netif.o(.text)
    netif_set_default                        0x0803d4a5   Thumb Code     6  netif.o(.text)
    netif_set_down                           0x0803d4ab   Thumb Code    42  netif.o(.text)
    netif_remove                             0x0803d4d5   Thumb Code    90  netif.o(.text)
    netif_find                               0x0803d52f   Thumb Code    64  netif.o(.text)
    netif_set_up                             0x0803d56f   Thumb Code    54  netif.o(.text)
    netif_set_link_up                        0x0803d5a5   Thumb Code    80  netif.o(.text)
    netif_set_link_down                      0x0803d5f5   Thumb Code    42  netif.o(.text)
    netif_set_link_callback                  0x0803d61f   Thumb Code     6  netif.o(.text)
    pbuf_free                                0x0803d639   Thumb Code   134  pbuf.o(.text)
    pbuf_alloc                               0x0803d6bf   Thumb Code   408  pbuf.o(.text)
    pbuf_alloced_custom                      0x0803d857   Thumb Code   108  pbuf.o(.text)
    pbuf_realloc                             0x0803d8c3   Thumb Code   120  pbuf.o(.text)
    pbuf_header                              0x0803d93b   Thumb Code   126  pbuf.o(.text)
    pbuf_clen                                0x0803d9b9   Thumb Code    18  pbuf.o(.text)
    pbuf_ref                                 0x0803d9cb   Thumb Code    10  pbuf.o(.text)
    pbuf_cat                                 0x0803d9d5   Thumb Code    56  pbuf.o(.text)
    pbuf_chain                               0x0803da0d   Thumb Code    22  pbuf.o(.text)
    pbuf_dechain                             0x0803da23   Thumb Code    56  pbuf.o(.text)
    pbuf_copy                                0x0803da5b   Thumb Code   192  pbuf.o(.text)
    pbuf_copy_partial                        0x0803db1b   Thumb Code   146  pbuf.o(.text)
    pbuf_take                                0x0803dbad   Thumb Code   116  pbuf.o(.text)
    pbuf_coalesce                            0x0803dc21   Thumb Code    60  pbuf.o(.text)
    pbuf_get_at                              0x0803dc5d   Thumb Code    46  pbuf.o(.text)
    pbuf_memcmp                              0x0803dc8b   Thumb Code    96  pbuf.o(.text)
    pbuf_memfind                             0x0803dceb   Thumb Code    76  pbuf.o(.text)
    pbuf_strstr                              0x0803dd37   Thumb Code    60  pbuf.o(.text)
    raw_input                                0x0803dd75   Thumb Code   102  raw.o(.text)
    raw_bind                                 0x0803dddb   Thumb Code    16  raw.o(.text)
    raw_connect                              0x0803ddeb   Thumb Code    16  raw.o(.text)
    raw_recv                                 0x0803ddfb   Thumb Code     6  raw.o(.text)
    raw_sendto                               0x0803de01   Thumb Code   158  raw.o(.text)
    raw_send                                 0x0803de9f   Thumb Code    18  raw.o(.text)
    raw_remove                               0x0803deb1   Thumb Code    60  raw.o(.text)
    raw_new                                  0x0803deed   Thumb Code    42  raw.o(.text)
    tcp_init                                 0x0803df25   Thumb Code     2  tcp.o(.text)
    tcp_seg_free                             0x0803df27   Thumb Code    26  tcp.o(.text)
    tcp_segs_free                            0x0803df41   Thumb Code    24  tcp.o(.text)
    tcp_pcb_purge                            0x0803df59   Thumb Code    64  tcp.o(.text)
    tcp_slowtmr                              0x0803df99   Thumb Code   802  tcp.o(.text)
    tcp_pcb_remove                           0x0803e2bb   Thumb Code   140  tcp.o(.text)
    tcp_close                                0x0803e51f   Thumb Code    28  tcp.o(.text)
    tcp_update_rcv_ann_wnd                   0x0803e53b   Thumb Code    78  tcp.o(.text)
    tcp_recved                               0x0803e589   Thumb Code    70  tcp.o(.text)
    tcp_recv_null                            0x0803e5cf   Thumb Code    46  tcp.o(.text)
    tcp_process_refused_data                 0x0803e5fd   Thumb Code   140  tcp.o(.text)
    tcp_fasttmr                              0x0803e689   Thumb Code   110  tcp.o(.text)
    tcp_tmr                                  0x0803e6f7   Thumb Code    30  tcp.o(.text)
    tcp_shutdown                             0x0803e715   Thumb Code    98  tcp.o(.text)
    tcp_abandon                              0x0803e777   Thumb Code   170  tcp.o(.text)
    tcp_abort                                0x0803e821   Thumb Code    14  tcp.o(.text)
    tcp_bind                                 0x0803e88f   Thumb Code   142  tcp.o(.text)
    tcp_listen_with_backlog                  0x0803e925   Thumb Code   198  tcp.o(.text)
    tcp_eff_send_mss                         0x0803e9eb   Thumb Code    46  tcp.o(.text)
    tcp_next_iss                             0x0803ea19   Thumb Code    20  tcp.o(.text)
    tcp_connect                              0x0803ea2d   Thumb Code   328  tcp.o(.text)
    tcp_setprio                              0x0803eb75   Thumb Code     4  tcp.o(.text)
    tcp_alloc                                0x0803ebf7   Thumb Code   242  tcp.o(.text)
    tcp_new                                  0x0803ece9   Thumb Code    10  tcp.o(.text)
    tcp_arg                                  0x0803ecf3   Thumb Code     4  tcp.o(.text)
    tcp_recv                                 0x0803ecf7   Thumb Code     8  tcp.o(.text)
    tcp_sent                                 0x0803ecff   Thumb Code     8  tcp.o(.text)
    tcp_err                                  0x0803ed07   Thumb Code    10  tcp.o(.text)
    tcp_accept                               0x0803ed11   Thumb Code     4  tcp.o(.text)
    tcp_poll                                 0x0803ed15   Thumb Code    14  tcp.o(.text)
    tcp_debug_state_str                      0x0803ed23   Thumb Code    10  tcp.o(.text)
    tcp_input                                0x0803fb51   Thumb Code  1134  tcp_in.o(.text)
    tcp_enqueue_flags                        0x0804010d   Thumb Code   272  tcp_out.o(.text)
    tcp_send_fin                             0x0804021d   Thumb Code    74  tcp_out.o(.text)
    tcp_write                                0x0804034f   Thumb Code   902  tcp_out.o(.text)
    tcp_send_empty_ack                       0x080406d5   Thumb Code    78  tcp_out.o(.text)
    tcp_output                               0x080407eb   Thumb Code   444  tcp_out.o(.text)
    tcp_rst                                  0x080409a7   Thumb Code   124  tcp_out.o(.text)
    tcp_rexmit_rto                           0x08040a23   Thumb Code    58  tcp_out.o(.text)
    tcp_rexmit                               0x08040a5d   Thumb Code    90  tcp_out.o(.text)
    tcp_rexmit_fast                          0x08040ab7   Thumb Code   112  tcp_out.o(.text)
    tcp_keepalive                            0x08040b27   Thumb Code    68  tcp_out.o(.text)
    tcp_zero_window_probe                    0x08040b6b   Thumb Code   172  tcp_out.o(.text)
    tcp_timer_needed                         0x08040c17   Thumb Code     2  timers.o(.text)
    udp_init                                 0x08040c19   Thumb Code     2  udp.o(.text)
    udp_input                                0x08040c6b   Thumb Code   450  udp.o(.text)
    udp_bind                                 0x08040e2d   Thumb Code   122  udp.o(.text)
    udp_sendto_if                            0x08040ea7   Thumb Code   206  udp.o(.text)
    udp_sendto                               0x08040f75   Thumb Code    46  udp.o(.text)
    udp_send                                 0x08040fa3   Thumb Code    20  udp.o(.text)
    udp_connect                              0x08040fb7   Thumb Code   110  udp.o(.text)
    udp_disconnect                           0x08041025   Thumb Code    16  udp.o(.text)
    udp_recv                                 0x08041035   Thumb Code     6  udp.o(.text)
    udp_remove                               0x0804103b   Thumb Code    60  udp.o(.text)
    udp_new                                  0x08041077   Thumb Code    28  udp.o(.text)
    LwIP_Init                                0x08041099   Thumb Code   164  netconf.o(.text)
    LwIP_Pkt_Handle                          0x0804113d   Thumb Code    10  netconf.o(.text)
    LwIP_Periodic_Handle                     0x08041147   Thumb Code    52  netconf.o(.text)
    ETH_BSP_Config                           0x08041363   Thumb Code    38  stm32f4x7_eth_bsp.o(.text)
    Eth_Link_PHYITConfig                     0x08041389   Thumb Code    70  stm32f4x7_eth_bsp.o(.text)
    Eth_Link_EXTIConfig                      0x080413cf   Thumb Code   104  stm32f4x7_eth_bsp.o(.text)
    Eth_Link_ITHandler                       0x08041437   Thumb Code    48  stm32f4x7_eth_bsp.o(.text)
    ETH_link_callback                        0x08041467   Thumb Code   282  stm32f4x7_eth_bsp.o(.text)
    udp_echoserver_receive_callback          0x08041641   Thumb Code   174  udp_echoserver.o(.text)
    udp_echoserver_init                      0x080416ef   Thumb Code   162  udp_echoserver.o(.text)
    udp_echoserver_senddata                  0x08041791   Thumb Code    52  udp_echoserver.o(.text)
    __aeabi_memcpy                           0x0804189d   Thumb Code    36  memcpya.o(.text)
    __aeabi_memcpy4                          0x0804189d   Thumb Code     0  memcpya.o(.text)
    __aeabi_memcpy8                          0x0804189d   Thumb Code     0  memcpya.o(.text)
    __aeabi_memset                           0x080418c1   Thumb Code    14  memseta.o(.text)
    __aeabi_memset4                          0x080418c1   Thumb Code     0  memseta.o(.text)
    __aeabi_memset8                          0x080418c1   Thumb Code     0  memseta.o(.text)
    __aeabi_memclr                           0x080418cf   Thumb Code     4  memseta.o(.text)
    __aeabi_memclr4                          0x080418cf   Thumb Code     0  memseta.o(.text)
    __aeabi_memclr8                          0x080418cf   Thumb Code     0  memseta.o(.text)
    _memset$wrapper                          0x080418d3   Thumb Code    18  memseta.o(.text)
    strncpy                                  0x080418e5   Thumb Code    24  strncpy.o(.text)
    strlen                                   0x080418fd   Thumb Code    14  strlen.o(.text)
    memcmp                                   0x0804190b   Thumb Code    26  memcmp.o(.text)
    __aeabi_dadd                             0x08041925   Thumb Code   322  dadd.o(.text)
    __aeabi_dsub                             0x08041a67   Thumb Code     6  dadd.o(.text)
    __aeabi_drsub                            0x08041a6d   Thumb Code     6  dadd.o(.text)
    __aeabi_dmul                             0x08041a73   Thumb Code   228  dmul.o(.text)
    __aeabi_ui2d                             0x08041b57   Thumb Code    26  dfltui.o(.text)
    __aeabi_d2iz                             0x08041b71   Thumb Code    62  dfixi.o(.text)
    __aeabi_d2uiz                            0x08041baf   Thumb Code    50  dfixui.o(.text)
    __aeabi_f2d                              0x08041be1   Thumb Code    38  f2d.o(.text)
    __aeabi_cdrcmple                         0x08041c09   Thumb Code    38  cdrcmple.o(.text)
    __aeabi_uidiv                            0x08041c31   Thumb Code     0  uidiv.o(.text)
    __aeabi_uidivmod                         0x08041c31   Thumb Code    44  uidiv.o(.text)
    __aeabi_uldivmod                         0x08041c5d   Thumb Code    98  uldiv.o(.text)
    __aeabi_llsl                             0x08041cbf   Thumb Code    30  llshl.o(.text)
    _ll_shift_l                              0x08041cbf   Thumb Code     0  llshl.o(.text)
    __aeabi_llsr                             0x08041cdd   Thumb Code    32  llushr.o(.text)
    _ll_ushift_r                             0x08041cdd   Thumb Code     0  llushr.o(.text)
    __aeabi_lasr                             0x08041cfd   Thumb Code    36  llsshr.o(.text)
    _ll_sshift_r                             0x08041cfd   Thumb Code     0  llsshr.o(.text)
    __I$use$fp                               0x08041d21   Thumb Code     0  iusefp.o(.text)
    _double_round                            0x08041d21   Thumb Code    26  depilogue.o(.text)
    _double_epilogue                         0x08041d3b   Thumb Code   164  depilogue.o(.text)
    __aeabi_ddiv                             0x08041ddf   Thumb Code   222  ddiv.o(.text)
    __aeabi_d2ulz                            0x08041ebd   Thumb Code    48  dfixul.o(.text)
    __scatterload                            0x08041eed   Thumb Code    28  init.o(.text)
    __scatterload_rt2                        0x08041eed   Thumb Code     0  init.o(.text)
    __decompress                             0x08041f11   Thumb Code     0  __dclz77c.o(.text)
    __decompress2                            0x08041f11   Thumb Code    96  __dclz77c.o(.text)
    __0printf                                0x08041f71   Thumb Code    22  printfa.o(i.__0printf)
    __1printf                                0x08041f71   Thumb Code     0  printfa.o(i.__0printf)
    __2printf                                0x08041f71   Thumb Code     0  printfa.o(i.__0printf)
    __c89printf                              0x08041f71   Thumb Code     0  printfa.o(i.__0printf)
    printf                                   0x08041f71   Thumb Code     0  printfa.o(i.__0printf)
    __0sprintf                               0x08041f91   Thumb Code    34  printfa.o(i.__0sprintf)
    __1sprintf                               0x08041f91   Thumb Code     0  printfa.o(i.__0sprintf)
    __2sprintf                               0x08041f91   Thumb Code     0  printfa.o(i.__0sprintf)
    __c89sprintf                             0x08041f91   Thumb Code     0  printfa.o(i.__0sprintf)
    sprintf                                  0x08041f91   Thumb Code     0  printfa.o(i.__0sprintf)
    __scatterload_copy                       0x08041fb9   Thumb Code    14  handlers.o(i.__scatterload_copy)
    __scatterload_null                       0x08041fc7   Thumb Code     2  handlers.o(i.__scatterload_null)
    __scatterload_zeroinit                   0x08041fc9   Thumb Code    14  handlers.o(i.__scatterload_zeroinit)
    softver_edtion                           0x08042944   Data           6  processscope.o(.constdata)
    FSMC_DefaultTimingStruct                 0x0804377c   Data          28  stm32f4xx_fsmc.o(.constdata)
    COM_USART                                0x08043798   Data          12  scope_eval.o(.constdata)
    COM_USART_CLK                            0x080437a4   Data          12  scope_eval.o(.constdata)
    COM_ET_IRQn                              0x080437b0   Data           6  scope_eval.o(.constdata)
    COM_TX_PORT                              0x080437b8   Data          12  scope_eval.o(.constdata)
    COM_TX_PIN                               0x080437c4   Data           6  scope_eval.o(.constdata)
    COM_TX_PORT_CLK                          0x080437cc   Data          12  scope_eval.o(.constdata)
    COM_RX_PORT                              0x080437d8   Data          12  scope_eval.o(.constdata)
    COM_RX_PIN                               0x080437e4   Data           6  scope_eval.o(.constdata)
    COM_RX_PORT_CLK                          0x080437ec   Data          12  scope_eval.o(.constdata)
    COM_AF_TX_PINSOURCE                      0x080437f8   Data           3  scope_eval.o(.constdata)
    COM_AF_RX_PINSOURCE                      0x080437fb   Data           3  scope_eval.o(.constdata)
    COM_AF_UART                              0x080437fe   Data           3  scope_eval.o(.constdata)
    OUT_PORT                                 0x08043804   Data          28  scope_eval.o(.constdata)
    OUT_PIN                                  0x08043820   Data          14  scope_eval.o(.constdata)
    OUT_CLK                                  0x08043830   Data          28  scope_eval.o(.constdata)
    IN_PORT                                  0x0804384c   Data          28  scope_eval.o(.constdata)
    IN_PIN                                   0x08043868   Data          14  scope_eval.o(.constdata)
    IN_CLK                                   0x08043878   Data          28  scope_eval.o(.constdata)
    IN_ET_LINE                               0x08043894   Data          14  scope_eval.o(.constdata)
    IN_ET_PORT                               0x080438a2   Data          14  scope_eval.o(.constdata)
    IN_ET_PIN                                0x080438b0   Data          14  scope_eval.o(.constdata)
    IN_ET_IRQn                               0x080438be   Data          14  scope_eval.o(.constdata)
    ethbroadcast                             0x080438dc   Data           6  etharp.o(.constdata)
    ethzero                                  0x080438e2   Data           6  etharp.o(.constdata)
    ip_addr_any                              0x080438e8   Data           4  ip_addr.o(.constdata)
    ip_addr_broadcast                        0x080438ec   Data           4  ip_addr.o(.constdata)
    tcp_state_str                            0x08043914   Data          44  tcp.o(.constdata)
    tcp_backoff                              0x08043940   Data          13  tcp.o(.constdata)
    tcp_persist_backoff                      0x0804394d   Data           7  tcp.o(.constdata)
    tcp_pcb_lists                            0x08043954   Data          16  tcp.o(.constdata)
    Region$$Table$$Base                      0x08043a18   Number         0  anon$$obj.o(Region$$Table)
    Region$$Table$$Limit                     0x08043a38   Number         0  anon$$obj.o(Region$$Table)
    SystemCoreClock                          0x20000000   Data           4  system_stm32f4xx.o(.data)
    AHBPrescTable                            0x20000004   Data          16  system_stm32f4xx.o(.data)
    g_tOCLevel                               0x2000001e   Data           4  systemscope.o(.data)
    g_tSystemStatus                          0x20000022   Data           3  systemscope.o(.data)
    g_atInterval                             0x20000026   Data           8  systemscope.o(.data)
    g_nError                                 0x20000030   Data           4  systemscope.o(.data)
    g_nFlag                                  0x20000034   Data           4  systemscope.o(.data)
    g_Test_Mode                              0x20000042   Data           1  processscope.o(.data)
    g_Micro_Switch                           0x20000043   Data           1  processscope.o(.data)
    g_Udp_Count                              0x20000048   Data           4  processscope.o(.data)
    g_Frame_Count                            0x2000004c   Data           4  processscope.o(.data)
    g_Send_Fail                              0x20000050   Data           4  processscope.o(.data)
    g_AirLight_Flag                          0x20000054   Data           1  processscope.o(.data)
    g_Debug_Data                             0x2000006e   Data         512  interfacescope.o(.data)
    DMATxDescToSet                           0x20000294   Data           4  stm32f4x7_eth.o(.data)
    DMARxDescToGet                           0x20000298   Data           4  stm32f4x7_eth.o(.data)
    DMA_RX_FRAME_infos                       0x2000029c   Data           4  stm32f4x7_eth.o(.data)
    Frame_Rx_index                           0x200002a0   Data           4  stm32f4x7_eth.o(.data)
    g_Elec_Status                            0x20000314   Data           1  driver.o(.data)
    g_Turn_Position                          0x20000315   Data           1  driver.o(.data)
    current_netif                            0x20000318   Data           4  ip.o(.data)
    current_header                           0x2000031c   Data           4  ip.o(.data)
    current_iphdr_src                        0x20000320   Data           4  ip.o(.data)
    current_iphdr_dest                       0x20000324   Data           4  ip.o(.data)
    netif_list                               0x20000344   Data           4  netif.o(.data)
    netif_default                            0x20000348   Data           4  netif.o(.data)
    tcp_ticks                                0x2000035c   Data           4  tcp.o(.data)
    tcp_bound_pcbs                           0x20000360   Data           4  tcp.o(.data)
    tcp_listen_pcbs                          0x20000364   Data           4  tcp.o(.data)
    tcp_active_pcbs                          0x20000368   Data           4  tcp.o(.data)
    tcp_tw_pcbs                              0x2000036c   Data           4  tcp.o(.data)
    tcp_tmp_pcb                              0x20000370   Data           4  tcp.o(.data)
    tcp_active_pcbs_changed                  0x20000374   Data           1  tcp.o(.data)
    tcp_input_pcb                            0x20000394   Data           4  tcp_in.o(.data)
    udp_pcbs                                 0x2000039c   Data           4  udp.o(.data)
    TCPTimer                                 0x200003ac   Data           4  netconf.o(.data)
    ARPTimer                                 0x200003b0   Data           4  netconf.o(.data)
    IPaddress                                0x200003b4   Data           4  netconf.o(.data)
    EthStatus                                0x200003c4   Data           4  stm32f4x7_eth_bsp.o(.data)
    s_tAddr                                  0x200003d4   Data           4  udp_echoserver.o(.data)
    s_nPort                                  0x200003d8   Data           2  udp_echoserver.o(.data)
    s_ptUpcb                                 0x200003dc   Data           4  udp_echoserver.o(.data)
    __stdout                                 0x200003e0   Data           4  stdout.o(.data)
    g_tAxisPosStatus                         0x200003e4   Data          28  systemscope.o(.bss)
    g_tSystemPara                            0x20000400   Data          54  systemscope.o(.bss)
    g_nErrorParaSet                          0x20000436   Data          64  systemscope.o(.bss)
    ADC1_Status                              0x20000478   Data          12  processscope.o(.bss)
    g_ADC1_Buffer                            0x20000484   Data         512  processscope.o(.bss)
    ADC2_Status                              0x20000684   Data          12  processscope.o(.bss)
    g_ADC2_Buffer                            0x20000690   Data         512  processscope.o(.bss)
    g_CRP_Data                               0x20000890   Data        1032  processscope.o(.bss)
    g_NET_achCmdRvBuf                        0x20000c98   Data         256  protocol.o(.bss)
    g_achFbkSdBuf                            0x20000d98   Data        1500  protocol.o(.bss)
    g_achFbkSdLogBuf                         0x20001374   Data        1500  protocol.o(.bss)
    g_SPG_achCmdRvBuf                        0x20002508   Data          80  samplingport.o(.bss)
    g_Record_Param                           0x20002558   Data          36  storagemanagement.o(.bss)
    DMARxDscrTab                             0x20002b6c   Data         256  stm32f4x7_eth.o(.bss)
    DMATxDscrTab                             0x20002c6c   Data         256  stm32f4x7_eth.o(.bss)
    Rx_Buff                                  0x20002d6c   Data       12192  stm32f4x7_eth.o(.bss)
    Tx_Buff                                  0x20005d0c   Data       12192  stm32f4x7_eth.o(.bss)
    RX_Frame_Descriptor                      0x20008cac   Data          12  stm32f4x7_eth.o(.bss)
    g_atMotorStatus                          0x20008cb8   Data          16  scope_move.o(.bss)
    g_atMotorPara                            0x20008cc8   Data          32  scope_move.o(.bss)
    dhcp_rx_options_val                      0x2000a4cc   Data          40  dhcp.o(.bss)
    dhcp_rx_options_given                    0x2000a4f4   Data          10  dhcp.o(.bss)
    ram_heap                                 0x2000a4fe   Data       10260  mem.o(.bss)
    gnetif                                   0x2001192c   Data          56  netconf.o(.bss)
    ETH_InitStructure                        0x20011964   Data         188  stm32f4x7_eth_bsp.o(.bss)
    __initial_sp                             0x20015a20   Data           0  startup_stm32f40_41xxx.o(STACK)



==============================================================================

Memory Map of the image

  Image Entry point : 0x08020189

  Load Region LR_IROM1 (Base: 0x08020000, Size: 0x00023e1c, Max: 0x0007ffff, ABSOLUTE, COMPRESSED[0x00023b28])

    Execution Region ER_IROM1 (Base: 0x08020000, Size: 0x00023a38, Max: 0x0007ffff, ABSOLUTE)

    Base Addr    Size         Type   Attr      Idx    E Section Name        Object

    0x08020000   0x00000188   Data   RO          297    RESET               startup_stm32f40_41xxx.o
    0x08020188   0x00000000   Code   RO         2159  * .ARM.Collect$$$$00000000  mc_w.l(entry.o)
    0x08020188   0x00000004   Code   RO         2449    .ARM.Collect$$$$00000001  mc_w.l(entry2.o)
    0x0802018c   0x00000004   Code   RO         2452    .ARM.Collect$$$$00000004  mc_w.l(entry5.o)
    0x08020190   0x00000000   Code   RO         2454    .ARM.Collect$$$$00000008  mc_w.l(entry7b.o)
    0x08020190   0x00000000   Code   RO         2456    .ARM.Collect$$$$0000000A  mc_w.l(entry8b.o)
    0x08020190   0x00000008   Code   RO         2457    .ARM.Collect$$$$0000000B  mc_w.l(entry9a.o)
    0x08020198   0x00000000   Code   RO         2459    .ARM.Collect$$$$0000000D  mc_w.l(entry10a.o)
    0x08020198   0x00000000   Code   RO         2461    .ARM.Collect$$$$0000000F  mc_w.l(entry11a.o)
    0x08020198   0x00000004   Code   RO         2450    .ARM.Collect$$$$00002712  mc_w.l(entry2.o)
    0x0802019c   0x00000228   Code   RO            3    .text               scopemain.o
    0x080203c4   0x000002cc   Code   RO          271    .text               system_stm32f4xx.o
    0x08020690   0x00000024   Code   RO          298    .text               startup_stm32f40_41xxx.o
    0x080206b4   0x000001d4   Code   RO          304    .text               systemscope.o
    0x08020888   0x00005770   Code   RO          332    .text               processscope.o
    0x08025ff8   0x0000049c   Code   RO          363    .text               protocol.o
    0x08026494   0x000018f8   Code   RO          394    .text               interfacescope.o
    0x08027d8c   0x00000364   Code   RO          423    .text               samplingport.o
    0x080280f0   0x000002ec   Code   RO          450    .text               storagemanagement.o
    0x080283dc   0x00000260   Code   RO          477    .text               update.o
    0x0802863c   0x00001e30   Code   RO          500    .text               stm32f4x7_eth.o
    0x0802a46c   0x000001dc   Code   RO          524    .text               misc.o
    0x0802a648   0x00001070   Code   RO          564    .text               stm32f4xx_adc.o
    0x0802b6b8   0x000005f8   Code   RO          704    .text               stm32f4xx_dac.o
    0x0802bcb0   0x000013a4   Code   RO          787    .text               stm32f4xx_dma.o
    0x0802d054   0x000002f8   Code   RO          807    .text               stm32f4xx_exti.o
    0x0802d34c   0x00000a94   Code   RO          827    .text               stm32f4xx_flash.o
    0x0802dde0   0x00000e48   Code   RO          870    .text               stm32f4xx_fsmc.o
    0x0802ec28   0x00000a10   Code   RO          893    .text               stm32f4xx_gpio.o
    0x0802f638   0x00000f60   Code   RO         1056    .text               stm32f4xx_rcc.o
    0x08030598   0x00000dd0   Code   RO         1161    .text               stm32f4xx_spi.o
    0x08031368   0x0000019c   Code   RO         1181    .text               stm32f4xx_syscfg.o
    0x08031504   0x00003284   Code   RO         1201    .text               stm32f4xx_tim.o
    0x08034788   0x0000115c   Code   RO         1221    .text               stm32f4xx_usart.o
    0x080358e4   0x00000378   Code   RO         1241    .text               fpga.o
    0x08035c5c   0x00000320   Code   RO         1263    .text               scope_it.o
    0x08035f7c   0x00000470   Code   RO         1285    .text               scope_eval.o
    0x080363ec   0x000003ec   Code   RO         1313    .text               scope_move.o
    0x080367d8   0x000003b8   Code   RO         1341    .text               buffercircle.o
    0x08036b90   0x000003b8   Code   RO         1364    .text               netbuffercircle.o
    0x08036f48   0x0000038c   Code   RO         1387    .text               samplebuffercircle.o
    0x080372d4   0x0000275c   Code   RO         1436    .text               driver.o
    0x08039a30   0x0000084c   Code   RO         1488    .text               ad7799.o
    0x0803a27c   0x00000290   Code   RO         1510    .text               ethernetif.o
    0x0803a50c   0x0000092c   Code   RO         1552    .text               etharp.o
    0x0803ae38   0x000001f0   Code   RO         1611    .text               icmp.o
    0x0803b028   0x00000222   Code   RO         1651    .text               inet_chksum.o
    0x0803b24a   0x00000002   PAD
    0x0803b24c   0x00000308   Code   RO         1669    .text               ip.o
    0x0803b554   0x000002b4   Code   RO         1706    .text               ip_addr.o
    0x0803b808   0x00000694   Code   RO         1729    .text               ip_frag.o
    0x0803be9c   0x0000003e   Code   RO         1746    .text               def.o
    0x0803beda   0x00000002   PAD
    0x0803bedc   0x000010cc   Code   RO         1758    .text               dhcp.o
    0x0803cfa8   0x0000033c   Code   RO         1816    .text               mem.o
    0x0803d2e4   0x000000a8   Code   RO         1832    .text               memp.o
    0x0803d38c   0x000002ac   Code   RO         1859    .text               netif.o
    0x0803d638   0x0000073a   Code   RO         1881    .text               pbuf.o
    0x0803dd72   0x00000002   PAD
    0x0803dd74   0x000001b0   Code   RO         1893    .text               raw.o
    0x0803df24   0x00000e18   Code   RO         1919    .text               tcp.o
    0x0803ed3c   0x000012ac   Code   RO         1943    .text               tcp_in.o
    0x0803ffe8   0x00000c2e   Code   RO         1966    .text               tcp_out.o
    0x08040c16   0x00000002   Code   RO         1978    .text               timers.o
    0x08040c18   0x00000480   Code   RO         1990    .text               udp.o
    0x08041098   0x00000170   Code   RO         2072    .text               netconf.o
    0x08041208   0x00000438   Code   RO         2097    .text               stm32f4x7_eth_bsp.o
    0x08041640   0x0000025c   Code   RO         2130    .text               udp_echoserver.o
    0x0804189c   0x00000024   Code   RO         2162    .text               mc_w.l(memcpya.o)
    0x080418c0   0x00000024   Code   RO         2164    .text               mc_w.l(memseta.o)
    0x080418e4   0x00000018   Code   RO         2166    .text               mc_w.l(strncpy.o)
    0x080418fc   0x0000000e   Code   RO         2168    .text               mc_w.l(strlen.o)
    0x0804190a   0x0000001a   Code   RO         2170    .text               mc_w.l(memcmp.o)
    0x08041924   0x0000014e   Code   RO         2435    .text               mf_w.l(dadd.o)
    0x08041a72   0x000000e4   Code   RO         2437    .text               mf_w.l(dmul.o)
    0x08041b56   0x0000001a   Code   RO         2439    .text               mf_w.l(dfltui.o)
    0x08041b70   0x0000003e   Code   RO         2441    .text               mf_w.l(dfixi.o)
    0x08041bae   0x00000032   Code   RO         2443    .text               mf_w.l(dfixui.o)
    0x08041be0   0x00000026   Code   RO         2445    .text               mf_w.l(f2d.o)
    0x08041c06   0x00000002   PAD
    0x08041c08   0x00000028   Code   RO         2447    .text               mf_w.l(cdrcmple.o)
    0x08041c30   0x0000002c   Code   RO         2464    .text               mc_w.l(uidiv.o)
    0x08041c5c   0x00000062   Code   RO         2466    .text               mc_w.l(uldiv.o)
    0x08041cbe   0x0000001e   Code   RO         2468    .text               mc_w.l(llshl.o)
    0x08041cdc   0x00000020   Code   RO         2470    .text               mc_w.l(llushr.o)
    0x08041cfc   0x00000024   Code   RO         2472    .text               mc_w.l(llsshr.o)
    0x08041d20   0x00000000   Code   RO         2474    .text               mc_w.l(iusefp.o)
    0x08041d20   0x000000be   Code   RO         2475    .text               mf_w.l(depilogue.o)
    0x08041dde   0x000000de   Code   RO         2477    .text               mf_w.l(ddiv.o)
    0x08041ebc   0x00000030   Code   RO         2479    .text               mf_w.l(dfixul.o)
    0x08041eec   0x00000024   Code   RO         2481    .text               mc_w.l(init.o)
    0x08041f10   0x00000060   Code   RO         2491    .text               mc_w.l(__dclz77c.o)
    0x08041f70   0x00000020   Code   RO         2407    i.__0printf         mc_w.l(printfa.o)
    0x08041f90   0x00000028   Code   RO         2409    i.__0sprintf        mc_w.l(printfa.o)
    0x08041fb8   0x0000000e   Code   RO         2485    i.__scatterload_copy  mc_w.l(handlers.o)
    0x08041fc6   0x00000002   Code   RO         2486    i.__scatterload_null  mc_w.l(handlers.o)
    0x08041fc8   0x0000000e   Code   RO         2487    i.__scatterload_zeroinit  mc_w.l(handlers.o)
    0x08041fd6   0x00000002   PAD
    0x08041fd8   0x0000015c   Code   RO         2414    i._fp_digits        mc_w.l(printfa.o)
    0x08042134   0x000006f0   Code   RO         2415    i._printf_core      mc_w.l(printfa.o)
    0x08042824   0x00000026   Code   RO         2416    i._printf_post_padding  mc_w.l(printfa.o)
    0x0804284a   0x00000030   Code   RO         2417    i._printf_pre_padding  mc_w.l(printfa.o)
    0x0804287a   0x0000000a   Code   RO         2419    i._sputc            mc_w.l(printfa.o)
    0x08042884   0x000000c0   Data   RO          306    .constdata          systemscope.o
    0x08042944   0x00000d9d   Data   RO          334    .constdata          processscope.o
    0x080436e1   0x00000003   PAD
    0x080436e4   0x00000098   Data   RO          396    .constdata          interfacescope.o
    0x0804377c   0x0000001c   Data   RO          871    .constdata          stm32f4xx_fsmc.o
    0x08043798   0x00000134   Data   RO         1286    .constdata          scope_eval.o
    0x080438cc   0x00000010   Data   RO         1315    .constdata          scope_move.o
    0x080438dc   0x0000000c   Data   RO         1554    .constdata          etharp.o
    0x080438e8   0x00000008   Data   RO         1708    .constdata          ip_addr.o
    0x080438f0   0x00000024   Data   RO         1834    .constdata          memp.o
    0x08043914   0x00000050   Data   RO         1920    .constdata          tcp.o
    0x08043964   0x0000004b   Data   RO         2131    .constdata          udp_echoserver.o
    0x080439af   0x00000068   Data   RO         1921    .conststring        tcp.o
    0x08043a17   0x00000001   PAD
    0x08043a18   0x00000020   Data   RO         2483    Region$$Table       anon$$obj.o


    Execution Region RW_IRAM1 (Base: 0x20000000, Size: 0x00015a20, Max: 0x00020000, ABSOLUTE, COMPRESSED[0x000000f0])

    Base Addr    Size         Type   Attr      Idx    E Section Name        Object

    0x20000000   0x00000014   Data   RW          272    .data               system_stm32f4xx.o
    0x20000014   0x00000024   Data   RW          307    .data               systemscope.o
    0x20000038   0x0000001d   Data   RW          335    .data               processscope.o
    0x20000055   0x0000000c   Data   RW          365    .data               protocol.o
    0x20000061   0x00000003   PAD
    0x20000064   0x0000021a   Data   RW          397    .data               interfacescope.o
    0x2000027e   0x00000014   Data   RW          425    .data               samplingport.o
    0x20000292   0x00000002   PAD
    0x20000294   0x00000010   Data   RW          502    .data               stm32f4x7_eth.o
    0x200002a4   0x00000010   Data   RW         1057    .data               stm32f4xx_rcc.o
    0x200002b4   0x00000020   Data   RW         1264    .data               scope_it.o
    0x200002d4   0x00000012   Data   RW         1343    .data               buffercircle.o
    0x200002e6   0x00000012   Data   RW         1366    .data               netbuffercircle.o
    0x200002f8   0x00000012   Data   RW         1389    .data               samplebuffercircle.o
    0x2000030a   0x0000000c   Data   RW         1439    .data               driver.o
    0x20000316   0x00000001   Data   RW         1555    .data               etharp.o
    0x20000317   0x00000001   PAD
    0x20000318   0x00000012   Data   RW         1670    .data               ip.o
    0x2000032a   0x00000002   PAD
    0x2000032c   0x00000006   Data   RW         1730    .data               ip_frag.o
    0x20000332   0x00000002   PAD
    0x20000334   0x00000004   Data   RW         1760    .data               dhcp.o
    0x20000338   0x0000000c   Data   RW         1818    .data               mem.o
    0x20000344   0x00000009   Data   RW         1860    .data               netif.o
    0x2000034d   0x00000003   PAD
    0x20000350   0x00000004   Data   RW         1894    .data               raw.o
    0x20000354   0x00000023   Data   RW         1922    .data               tcp.o
    0x20000377   0x00000001   PAD
    0x20000378   0x00000020   Data   RW         1945    .data               tcp_in.o
    0x20000398   0x00000008   Data   RW         1991    .data               udp.o
    0x200003a0   0x00000018   Data   RW         2074    .data               netconf.o
    0x200003b8   0x00000010   Data   RW         2099    .data               stm32f4x7_eth_bsp.o
    0x200003c8   0x00000018   Data   RW         2132    .data               udp_echoserver.o
    0x200003e0   0x00000004   Data   RW         2463    .data               mc_w.l(stdout.o)
    0x200003e4   0x00000092   Zero   RW          305    .bss                systemscope.o
    0x20000476   0x00000002   PAD
    0x20000478   0x00000820   Zero   RW          333    .bss                processscope.o
    0x20000c98   0x00000cb8   Zero   RW          364    .bss                protocol.o
    0x20001950   0x00000bb8   Zero   RW          395    .bss                interfacescope.o
    0x20002508   0x00000050   Zero   RW          424    .bss                samplingport.o
    0x20002558   0x00000024   Zero   RW          451    .bss                storagemanagement.o
    0x2000257c   0x000005f0   Zero   RW          478    .bss                update.o
    0x20002b6c   0x0000614c   Zero   RW          501    .bss                stm32f4x7_eth.o
    0x20008cb8   0x00000030   Zero   RW         1314    .bss                scope_move.o
    0x20008ce8   0x000009c4   Zero   RW         1342    .bss                buffercircle.o
    0x200096ac   0x00000c80   Zero   RW         1365    .bss                netbuffercircle.o
    0x2000a32c   0x000000c8   Zero   RW         1388    .bss                samplebuffercircle.o
    0x2000a3f4   0x000000c8   Zero   RW         1553    .bss                etharp.o
    0x2000a4bc   0x00000010   Zero   RW         1707    .bss                ip_addr.o
    0x2000a4cc   0x00000032   Zero   RW         1759    .bss                dhcp.o
    0x2000a4fe   0x00002814   Zero   RW         1817    .bss                mem.o
    0x2000cd12   0x00000002   PAD
    0x2000cd14   0x00004c07   Zero   RW         1833    .bss                memp.o
    0x2001191b   0x00000001   PAD
    0x2001191c   0x00000010   Zero   RW         1944    .bss                tcp_in.o
    0x2001192c   0x00000038   Zero   RW         2073    .bss                netconf.o
    0x20011964   0x000000bc   Zero   RW         2098    .bss                stm32f4x7_eth_bsp.o
    0x20011a20   0x00004000   Zero   RW          295    STACK               startup_stm32f40_41xxx.o


==============================================================================

Image component sizes


      Code (inc. data)   RO Data    RW Data    ZI Data      Debug   Object Name

      2124        164          0          0          0       5749   ad7799.o
       952         16          0         18       2500       4434   buffercircle.o
        62          0          0          0          0       1182   def.o
      4300         80          0          4         50      12594   dhcp.o
     10076       1310          0         12          0      32662   driver.o
      2348         22         12          1        200      15941   etharp.o
       656         36          0          0          0       7795   ethernetif.o
       888         18          0          0          0       2707   fpga.o
       496          8          0          0          0       3366   icmp.o
         0          0          0          0          0       3776   inet.o
       546          0          0          0          0       2913   inet_chksum.o
      6392        584        152        538       3000      45439   interfacescope.o
       776         30          0         18          0      15532   ip.o
       692         12          8          0         16       9191   ip_addr.o
      1684         18          0          6          0       7020   ip_frag.o
       828         18          0         12      10260       3850   mem.o
       168         18         36          0      19463       2346   memp.o
       476         56          0          0          0       1905   misc.o
       952         16          0         18       3200       4748   netbuffercircle.o
       368        142          0         24         56       1850   netconf.o
       684         20          0          9          0       6481   netif.o
      1850          0          0          0          0       8829   pbuf.o
     22384       5022       3485         29       2080      32157   processscope.o
      1180         58          0         12       3256       8287   protocol.o
       432         14          0          4          0       3265   raw.o
       908         16          0         18        200       4458   samplebuffercircle.o
       868         32          0         20         80       6241   samplingport.o
      1136        176        308          0          0      31266   scope_eval.o
       800        128          0         32          0       3404   scope_it.o
      1004         18         16          0         48       4463   scope_move.o
       552        274          0          0          0     422332   scopemain.o
        36          8        392          0      16384        804   startup_stm32f40_41xxx.o
      7728        216          0         16      24908      23313   stm32f4x7_eth.o
      1080        192          0         16        188       4701   stm32f4x7_eth_bsp.o
      4208        130          0          0          0      12570   stm32f4xx_adc.o
      1528         48          0          0          0       5397   stm32f4xx_dac.o
      5028        330          0          0          0       8529   stm32f4xx_dma.o
       760         50          0          0          0       2567   stm32f4xx_exti.o
      2708         82          0          0          0       9934   stm32f4xx_flash.o
      3656        130         28          0          0       7062   stm32f4xx_fsmc.o
      2576        178          0          0          0       5229   stm32f4xx_gpio.o
      3936        252          0         16          0      15080   stm32f4xx_rcc.o
      3536        168          0          0          0       8349   stm32f4xx_spi.o
       412         62          0          0          0       1969   stm32f4xx_syscfg.o
     12932        652          0          0          0      29120   stm32f4xx_tim.o
      4444        228          0          0          0       9868   stm32f4xx_usart.o
       748        100          0          0         36       5996   storagemanagement.o
       716         50          0         20          0       1992   system_stm32f4xx.o
       468         46        192         36        146       5721   systemscope.o
      3608        138        184         35          0      21247   tcp.o
      4780        232          0         32         16      14527   tcp_in.o
      3118          8          0          0          0       9323   tcp_out.o
         2          0          0          0          0        443   timers.o
      1152         22          0          8          0      13829   udp.o
       604        216         75         24          0       2261   udp_echoserver.o
       608        164          0          0       1520       2154   update.o

    ----------------------------------------------------------------------
    136960      12008       4924        992      87612     938168   Object Totals
         0          0         32          0          0          0   (incl. Generated)
         6          0          4         14          5          0   (incl. Padding)

    ----------------------------------------------------------------------

      Code (inc. data)   RO Data    RW Data    ZI Data      Debug   Library Member Name

        96          0          0          0          0          0   __dclz77c.o
         0          0          0          0          0          0   entry.o
         0          0          0          0          0          0   entry10a.o
         0          0          0          0          0          0   entry11a.o
         8          4          0          0          0          0   entry2.o
         4          0          0          0          0          0   entry5.o
         0          0          0          0          0          0   entry7b.o
         0          0          0          0          0          0   entry8b.o
         8          4          0          0          0          0   entry9a.o
        30          0          0          0          0          0   handlers.o
        36          8          0          0          0         68   init.o
         0          0          0          0          0          0   iusefp.o
        30          0          0          0          0         68   llshl.o
        36          0          0          0          0         68   llsshr.o
        32          0          0          0          0         68   llushr.o
        26          0          0          0          0         80   memcmp.o
        36          0          0          0          0         68   memcpya.o
        36          0          0          0          0        108   memseta.o
      2292         96          0          0          0        596   printfa.o
         0          0          0          4          0          0   stdout.o
        14          0          0          0          0         68   strlen.o
        24          0          0          0          0         76   strncpy.o
        44          0          0          0          0         80   uidiv.o
        98          0          0          0          0         92   uldiv.o
        40          2          0          0          0         68   cdrcmple.o
       334          0          0          0          0        148   dadd.o
       222          0          0          0          0        100   ddiv.o
       190          0          0          0          0        176   depilogue.o
        62          0          0          0          0         80   dfixi.o
        50          0          0          0          0         76   dfixui.o
        48          0          0          0          0         68   dfixul.o
        26          0          0          0          0         76   dfltui.o
       228          0          0          0          0         96   dmul.o
        38          0          0          0          0         68   f2d.o

    ----------------------------------------------------------------------
      4092        114          0          4          0       2396   Library Totals
         4          0          0          0          0          0   (incl. Padding)

    ----------------------------------------------------------------------

      Code (inc. data)   RO Data    RW Data    ZI Data      Debug   Library Name

      2850        112          0          4          0       1440   mc_w.l
      1238          2          0          0          0        956   mf_w.l

    ----------------------------------------------------------------------
      4092        114          0          4          0       2396   Library Totals

    ----------------------------------------------------------------------

==============================================================================


      Code (inc. data)   RO Data    RW Data    ZI Data      Debug   

    141052      12122       4924        996      87612     926364   Grand Totals
    141052      12122       4924        240      87612     926364   ELF Image Totals (compressed)
    141052      12122       4924        240          0          0   ROM Totals

==============================================================================

    Total RO  Size (Code + RO Data)               145976 ( 142.55kB)
    Total RW  Size (RW Data + ZI Data)             88608 (  86.53kB)
    Total ROM Size (Code + RO Data + RW Data)     146216 ( 142.79kB)

==============================================================================

