ARM Linker, 5.03 [Build 76] [MDK-ARM Professional]

==============================================================================

Section Cross References

    scopemain.o(.text) refers to memseta.o(.text) for __aeabi_memclr4
    scopemain.o(.text) refers to storagemanagement.o(.text) for Flash_Read_Param
    scopemain.o(.text) refers to printfa.o(i.__0printf) for __2printf
    scopemain.o(.text) refers to scope_eval.o(.text) for EVAL_OutputSet
    scopemain.o(.text) refers to scope_it.o(.text) for IT_SYS_DlyMs
    scopemain.o(.text) refers to protocol.o(.text) for PL_InitProtocol
    scopemain.o(.text) refers to samplingport.o(.text) for SPG_InitProtocol
    scopemain.o(.text) refers to stm32f4x7_eth_bsp.o(.text) for ETH_BSP_Config
    scopemain.o(.text) refers to netconf.o(.text) for LwIP_Init
    scopemain.o(.text) refers to udp_echoserver.o(.text) for udp_echoserver_init
    scopemain.o(.text) refers to systemscope.o(.text) for Iint_SysParam
    scopemain.o(.text) refers to interfacescope.o(.text) for HW_LWIP_MainLine
    scopemain.o(.text) refers to storagemanagement.o(.bss) for g_Record_Param
    scopemain.o(.text) refers to stm32f4x7_eth_bsp.o(.data) for EthStatus
    scopemain.o(.text) refers to processscope.o(.constdata) for softver_edtion
    scopemain.o(.text) refers to processscope.o(.data) for g_AirLight_Flag
    system_stm32f4xx.o(.text) refers to stm32f4xx_rcc.o(.text) for RCC_DeInit
    system_stm32f4xx.o(.text) refers to system_stm32f4xx.o(.data) for SystemCoreClock
    startup_stm32f40_41xxx.o(RESET) refers to startup_stm32f40_41xxx.o(STACK) for __initial_sp
    startup_stm32f40_41xxx.o(RESET) refers to startup_stm32f40_41xxx.o(.text) for Reset_Handler
    startup_stm32f40_41xxx.o(RESET) refers to scope_it.o(.text) for SysTick_Handler
    startup_stm32f40_41xxx.o(RESET) refers to driver.o(.text) for EXTI9_5_IRQHandler
    startup_stm32f40_41xxx.o(.text) refers to system_stm32f4xx.o(.text) for SystemInit
    startup_stm32f40_41xxx.o(.text) refers to entry.o(.ARM.Collect$$$$00000000) for __main
    systemscope.o(.text) refers to memseta.o(.text) for __aeabi_memclr4
    systemscope.o(.text) refers to processscope.o(.bss) for g_CRP_Data
    systemscope.o(.text) refers to systemscope.o(.data) for g_nError
    systemscope.o(.text) refers to systemscope.o(.bss) for g_tAxisPosStatus
    systemscope.o(.text) refers to systemscope.o(.constdata) for m_nConstBitsMap
    processscope.o(.text) refers to scope_it.o(.text) for IT_LIST_GetTicks
    processscope.o(.text) refers to protocol.o(.text) for PL_NET_SendResult
    processscope.o(.text) refers to processscope.o(.data) for g_Udp_Count
    processscope.o(.text) refers to printfa.o(i.__0printf) for __2printf
    processscope.o(.text) refers to interfacescope.o(.text) for HW_LWIP_Working_Recv_Handle
    processscope.o(.text) refers to netconf.o(.text) for LwIP_Periodic_Handle
    processscope.o(.text) refers to systemscope.o(.bss) for g_tAxisPosStatus
    processscope.o(.text) refers to processscope.o(.constdata) for .constdata
    processscope.o(.text) refers to storagemanagement.o(.bss) for g_Record_Param
    processscope.o(.text) refers to storagemanagement.o(.text) for Flash_Write_Param
    processscope.o(.text) refers to memseta.o(.text) for __aeabi_memclr4
    processscope.o(.text) refers to driver.o(.text) for Get_Micro_OC_Status
    processscope.o(.text) refers to processscope.o(.bss) for g_CRP_Data
    processscope.o(.text) refers to stm32f4xx_adc.o(.text) for ADC_DMACmd
    processscope.o(.text) refers to stm32f4xx_dma.o(.text) for DMA_Cmd
    processscope.o(.text) refers to printfa.o(i.__0sprintf) for __2sprintf
    processscope.o(.text) refers to udp_echoserver.o(.text) for udp_echoserver_senddata
    processscope.o(.text) refers to protocol.o(.bss) for g_achFbkSdLogBuf
    processscope.o(.text) refers to systemscope.o(.text) for SYS_HasError
    processscope.o(.text) refers to strncpy.o(.text) for strncpy
    protocol.o(.text) refers to buffercircle.o(.text) for BUF_Send_Init
    protocol.o(.text) refers to netbuffercircle.o(.text) for NET_BUF_Send_Init
    protocol.o(.text) refers to stm32f4xx_usart.o(.text) for USART_ITConfig
    protocol.o(.text) refers to udp_echoserver.o(.text) for udp_echoserver_senddata
    protocol.o(.text) refers to memcpya.o(.text) for __aeabi_memcpy
    protocol.o(.text) refers to strlen.o(.text) for strlen
    protocol.o(.text) refers to protocol.o(.data) for m_NET_tRecvBufStatus
    protocol.o(.text) refers to protocol.o(.bss) for g_NET_achCmdRvBuf
    interfacescope.o(.text) refers to scope_move.o(.text) for MV_InitPara
    interfacescope.o(.text) refers to fpga.o(.text) for FPGA_ReadBuffer
    interfacescope.o(.text) refers to processscope.o(.text) for moto_work_stat_2
    interfacescope.o(.text) refers to scope_it.o(.text) for IT_SYS_DlyMs
    interfacescope.o(.text) refers to printfa.o(i.__0printf) for __2printf
    interfacescope.o(.text) refers to systemscope.o(.bss) for g_tAxisPosStatus
[...]
    FLASH_OB_WRPConfig                       0x080152eb   Thumb Code    96  stm32f4xx_flash.o(.text)
    FLASH_OB_WRP1Config                      0x0801534b   Thumb Code    96  stm32f4xx_flash.o(.text)
    FLASH_OB_PCROPSelectionConfig            0x080153ab   Thumb Code    48  stm32f4xx_flash.o(.text)
    FLASH_OB_PCROPConfig                     0x080153db   Thumb Code    96  stm32f4xx_flash.o(.text)
    FLASH_OB_PCROP1Config                    0x0801543b   Thumb Code   118  stm32f4xx_flash.o(.text)
    FLASH_OB_RDPConfig                       0x080154b1   Thumb Code    44  stm32f4xx_flash.o(.text)
    FLASH_OB_UserConfig                      0x080154dd   Thumb Code   116  stm32f4xx_flash.o(.text)
    FLASH_OB_BootConfig                      0x08015551   Thumb Code    50  stm32f4xx_flash.o(.text)
    FLASH_OB_BORConfig                       0x08015583   Thumb Code    58  stm32f4xx_flash.o(.text)
    FLASH_OB_Launch                          0x080155bd   Thumb Code    30  stm32f4xx_flash.o(.text)
    FLASH_OB_GetUser                         0x080155db   Thumb Code    12  stm32f4xx_flash.o(.text)
    FLASH_OB_GetWRP                          0x080155e7   Thumb Code     8  stm32f4xx_flash.o(.text)
    FLASH_OB_GetWRP1                         0x080155ef   Thumb Code     8  stm32f4xx_flash.o(.text)
    FLASH_OB_GetPCROP                        0x080155f7   Thumb Code     8  stm32f4xx_flash.o(.text)
    FLASH_OB_GetPCROP1                       0x080155ff   Thumb Code     8  stm32f4xx_flash.o(.text)
    FLASH_OB_GetRDP                          0x08015607   Thumb Code    18  stm32f4xx_flash.o(.text)
    FLASH_OB_GetBOR                          0x08015619   Thumb Code    12  stm32f4xx_flash.o(.text)
    FLASH_ITConfig                           0x08015625   Thumb Code    82  stm32f4xx_flash.o(.text)
    FLASH_GetFlagStatus                      0x08015677   Thumb Code    76  stm32f4xx_flash.o(.text)
    FLASH_ClearFlag                          0x080156c3   Thumb Code    38  stm32f4xx_flash.o(.text)
    FSMC_NORSRAMDeInit                       0x080156ed   Thumb Code    84  stm32f4xx_fsmc.o(.text)
    FSMC_NORSRAMInit                         0x08015741   Thumb Code   870  stm32f4xx_fsmc.o(.text)
    FSMC_NORSRAMStructInit                   0x08015aa7   Thumb Code    48  stm32f4xx_fsmc.o(.text)
    FSMC_NORSRAMCmd                          0x08015ad7   Thumb Code   152  stm32f4xx_fsmc.o(.text)
    FSMC_NANDDeInit                          0x08015b6f   Thumb Code    90  stm32f4xx_fsmc.o(.text)
    FSMC_NANDInit                            0x08015bc9   Thumb Code   594  stm32f4xx_fsmc.o(.text)
    FSMC_NANDStructInit                      0x08015e1b   Thumb Code    54  stm32f4xx_fsmc.o(.text)
    FSMC_NANDCmd                             0x08015e51   Thumb Code   136  stm32f4xx_fsmc.o(.text)
    FSMC_NANDECCCmd                          0x08015ed9   Thumb Code   160  stm32f4xx_fsmc.o(.text)
    FSMC_GetECC                              0x08015f79   Thumb Code    22  stm32f4xx_fsmc.o(.text)
    FSMC_PCCARDDeInit                        0x08015f8f   Thumb Code    40  stm32f4xx_fsmc.o(.text)
    FSMC_PCCARDInit                          0x08015fb7   Thumb Code   532  stm32f4xx_fsmc.o(.text)
    FSMC_PCCARDStructInit                    0x080161cb   Thumb Code    60  stm32f4xx_fsmc.o(.text)
    FSMC_PCCARDCmd                           0x08016207   Thumb Code    64  stm32f4xx_fsmc.o(.text)
    FSMC_ITConfig                            0x08016247   Thumb Code   206  stm32f4xx_fsmc.o(.text)
    FSMC_GetFlagStatus                       0x08016315   Thumb Code   160  stm32f4xx_fsmc.o(.text)
    FSMC_ClearFlag                           0x080163b5   Thumb Code   120  stm32f4xx_fsmc.o(.text)
    FSMC_GetITStatus                         0x0801642d   Thumb Code   132  stm32f4xx_fsmc.o(.text)
    FSMC_ClearITPendingBit                   0x080164b1   Thumb Code   122  stm32f4xx_fsmc.o(.text)
    GPIO_DeInit                              0x08016535   Thumb Code   344  stm32f4xx_gpio.o(.text)
    GPIO_Init                                0x0801668d   Thumb Code   354  stm32f4xx_gpio.o(.text)
    GPIO_StructInit                          0x080167ef   Thumb Code    18  stm32f4xx_gpio.o(.text)
    GPIO_PinLockConfig                       0x08016801   Thumb Code   134  stm32f4xx_gpio.o(.text)
    GPIO_ReadInputDataBit                    0x08016887   Thumb Code   282  stm32f4xx_gpio.o(.text)
    GPIO_ReadInputData                       0x080169a1   Thumb Code    90  stm32f4xx_gpio.o(.text)
    GPIO_ReadOutputDataBit                   0x080169fb   Thumb Code   198  stm32f4xx_gpio.o(.text)
    GPIO_ReadOutputData                      0x08016ac1   Thumb Code    90  stm32f4xx_gpio.o(.text)
    GPIO_SetBits                             0x08016b1b   Thumb Code   110  stm32f4xx_gpio.o(.text)
    GPIO_ResetBits                           0x08016b89   Thumb Code   110  stm32f4xx_gpio.o(.text)
    GPIO_WriteBit                            0x08016bf7   Thumb Code   212  stm32f4xx_gpio.o(.text)
    GPIO_Write                               0x08016ccb   Thumb Code    90  stm32f4xx_gpio.o(.text)
    GPIO_ToggleBits                          0x08016d25   Thumb Code   140  stm32f4xx_gpio.o(.text)
    GPIO_PinAFConfig                         0x08016db1   Thumb Code   358  stm32f4xx_gpio.o(.text)
    RCC_DeInit                               0x08016f45   Thumb Code    82  stm32f4xx_rcc.o(.text)
    RCC_HSEConfig                            0x08016f97   Thumb Code    40  stm32f4xx_rcc.o(.text)
    RCC_GetFlagStatus                        0x08016fbf   Thumb Code   134  stm32f4xx_rcc.o(.text)
    RCC_WaitForHSEStartUp                    0x08017045   Thumb Code    56  stm32f4xx_rcc.o(.text)
    RCC_AdjustHSICalibrationValue            0x0801707d   Thumb Code    38  stm32f4xx_rcc.o(.text)
    RCC_HSICmd                               0x080170a3   Thumb Code    28  stm32f4xx_rcc.o(.text)
    RCC_LSEConfig                            0x080170bf   Thumb Code    72  stm32f4xx_rcc.o(.text)
    RCC_LSICmd                               0x08017107   Thumb Code    28  stm32f4xx_rcc.o(.text)
    RCC_PLLConfig                            0x08017123   Thumb Code   156  stm32f4xx_rcc.o(.text)
    RCC_PLLCmd                               0x080171bf   Thumb Code    28  stm32f4xx_rcc.o(.text)
    RCC_PLLI2SConfig                         0x080171db   Thumb Code    62  stm32f4xx_rcc.o(.text)
    RCC_PLLI2SCmd                            0x08017219   Thumb Code    28  stm32f4xx_rcc.o(.text)
    RCC_PLLSAIConfig                         0x08017235   Thumb Code    88  stm32f4xx_rcc.o(.text)
    RCC_PLLSAICmd                            0x0801728d   Thumb Code    28  stm32f4xx_rcc.o(.text)
    RCC_ClockSecuritySystemCmd               0x080172a9   Thumb Code    28  stm32f4xx_rcc.o(.text)
    RCC_MCO1Config                           0x080172c5   Thumb Code   168  stm32f4xx_rcc.o(.text)
    RCC_MCO2Config                           0x0801736d   Thumb Code   102  stm32f4xx_rcc.o(.text)
    RCC_SYSCLKConfig                         0x080173d3   Thumb Code    44  stm32f4xx_rcc.o(.text)
    RCC_GetSYSCLKSource                      0x080173ff   Thumb Code    10  stm32f4xx_rcc.o(.text)
    RCC_HCLKConfig                           0x08017409   Thumb Code    68  stm32f4xx_rcc.o(.text)
    RCC_PCLK1Config                          0x0801744d   Thumb Code    60  stm32f4xx_rcc.o(.text)
    RCC_PCLK2Config                          0x08017489   Thumb Code    62  stm32f4xx_rcc.o(.text)
    RCC_GetClocksFreq                        0x080174c7   Thumb Code   214  stm32f4xx_rcc.o(.text)
    RCC_RTCCLKConfig                         0x0801759d   Thumb Code   262  stm32f4xx_rcc.o(.text)
    RCC_RTCCLKCmd                            0x080176a3   Thumb Code    30  stm32f4xx_rcc.o(.text)
    RCC_BackupResetCmd                       0x080176c1   Thumb Code    32  stm32f4xx_rcc.o(.text)
    RCC_I2SCLKConfig                         0x080176e1   Thumb Code    30  stm32f4xx_rcc.o(.text)
    RCC_SAIBlockACLKConfig                   0x080176ff   Thumb Code    50  stm32f4xx_rcc.o(.text)
    RCC_SAIBlockBCLKConfig                   0x08017731   Thumb Code    50  stm32f4xx_rcc.o(.text)
    RCC_SAIPLLI2SClkDivConfig                0x08017763   Thumb Code    50  stm32f4xx_rcc.o(.text)
    RCC_SAIPLLSAIClkDivConfig                0x08017795   Thumb Code   196  stm32f4xx_rcc.o(.text)
    RCC_LTDCCLKDivConfig                     0x08017859   Thumb Code    54  stm32f4xx_rcc.o(.text)
    RCC_TIMCLKPresConfig                     0x0801788f   Thumb Code    30  stm32f4xx_rcc.o(.text)
    RCC_AHB1PeriphClockCmd                   0x080178ad   Thumb Code    82  stm32f4xx_rcc.o(.text)
    RCC_AHB2PeriphClockCmd                   0x080178ff   Thumb Code    82  stm32f4xx_rcc.o(.text)
    RCC_AHB3PeriphClockCmd                   0x08017951   Thumb Code    82  stm32f4xx_rcc.o(.text)
    RCC_APB1PeriphClockCmd                   0x080179a3   Thumb Code    82  stm32f4xx_rcc.o(.text)
    RCC_APB2PeriphClockCmd                   0x080179f5   Thumb Code    82  stm32f4xx_rcc.o(.text)
    RCC_AHB1PeriphResetCmd                   0x08017a47   Thumb Code    82  stm32f4xx_rcc.o(.text)
    RCC_AHB2PeriphResetCmd                   0x08017a99   Thumb Code    82  stm32f4xx_rcc.o(.text)
    RCC_AHB3PeriphResetCmd                   0x08017aeb   Thumb Code    82  stm32f4xx_rcc.o(.text)
    RCC_APB1PeriphResetCmd                   0x08017b3d   Thumb Code    82  stm32f4xx_rcc.o(.text)
    RCC_APB2PeriphResetCmd                   0x08017b8f   Thumb Code    82  stm32f4xx_rcc.o(.text)
    RCC_AHB1PeriphClockLPModeCmd             0x08017be1   Thumb Code   108  stm32f4xx_rcc.o(.text)
    RCC_AHB2PeriphClockLPModeCmd             0x08017c4d   Thumb Code    82  stm32f4xx_rcc.o(.text)
    RCC_AHB3PeriphClockLPModeCmd             0x08017c9f   Thumb Code    82  stm32f4xx_rcc.o(.text)
    RCC_APB1PeriphClockLPModeCmd             0x08017cf1   Thumb Code    82  stm32f4xx_rcc.o(.text)
    RCC_APB2PeriphClockLPModeCmd             0x08017d43   Thumb Code    82  stm32f4xx_rcc.o(.text)
    RCC_LSEModeConfig                        0x08017d95   Thumb Code    64  stm32f4xx_rcc.o(.text)
    RCC_ITConfig                             0x08017dd5   Thumb Code    82  stm32f4xx_rcc.o(.text)
    RCC_ClearFlag                            0x08017e27   Thumb Code    18  stm32f4xx_rcc.o(.text)
    RCC_GetITStatus                          0x08017e39   Thumb Code    72  stm32f4xx_rcc.o(.text)
    RCC_ClearITPendingBit                    0x08017e81   Thumb Code    28  stm32f4xx_rcc.o(.text)
    SPI_I2S_DeInit                           0x08017ea5   Thumb Code   198  stm32f4xx_spi.o(.text)
    SPI_Init                                 0x08017f6b   Thumb Code   366  stm32f4xx_spi.o(.text)
    I2S_Init                                 0x080180d9   Thumb Code   624  stm32f4xx_spi.o(.text)
    SPI_StructInit                           0x08018349   Thumb Code    24  stm32f4xx_spi.o(.text)
    I2S_StructInit                           0x08018361   Thumb Code    20  stm32f4xx_spi.o(.text)
    SPI_Cmd                                  0x08018375   Thumb Code   100  stm32f4xx_spi.o(.text)
    I2S_Cmd                                  0x080183d9   Thumb Code    88  stm32f4xx_spi.o(.text)
    SPI_DataSizeConfig                       0x08018431   Thumb Code    96  stm32f4xx_spi.o(.text)
    SPI_BiDirectionalLineConfig              0x08018491   Thumb Code   112  stm32f4xx_spi.o(.text)
    SPI_NSSInternalSoftwareConfig            0x08018501   Thumb Code   114  stm32f4xx_spi.o(.text)
    SPI_SSOutputCmd                          0x08018573   Thumb Code   100  stm32f4xx_spi.o(.text)
    SPI_TIModeCmd                            0x080185d7   Thumb Code   100  stm32f4xx_spi.o(.text)
    I2S_FullDuplexConfig                     0x0801863b   Thumb Code   258  stm32f4xx_spi.o(.text)
    SPI_I2S_ReceiveData                      0x0801873d   Thumb Code   100  stm32f4xx_spi.o(.text)
    SPI_I2S_SendData                         0x080187a1   Thumb Code    72  stm32f4xx_spi.o(.text)
    SPI_CalculateCRC                         0x080187e9   Thumb Code   100  stm32f4xx_spi.o(.text)
    SPI_TransmitCRC                          0x0801884d   Thumb Code    64  stm32f4xx_spi.o(.text)
    SPI_GetCRC                               0x0801888d   Thumb Code    92  stm32f4xx_spi.o(.text)
    SPI_GetCRCPolynomial                     0x080188e9   Thumb Code    58  stm32f4xx_spi.o(.text)
    SPI_I2S_DMACmd                           0x08018923   Thumb Code   132  stm32f4xx_spi.o(.text)
    SPI_I2S_ITConfig                         0x080189a7   Thumb Code   156  stm32f4xx_spi.o(.text)
    SPI_I2S_GetFlagStatus                    0x08018a43   Thumb Code   138  stm32f4xx_spi.o(.text)
    SPI_I2S_ClearFlag                        0x08018acd   Thumb Code    92  stm32f4xx_spi.o(.text)
    SPI_I2S_GetITStatus                      0x08018b29   Thumb Code   200  stm32f4xx_spi.o(.text)
    SPI_I2S_ClearITPendingBit                0x08018bf1   Thumb Code   104  stm32f4xx_spi.o(.text)
    SYSCFG_DeInit                            0x08018c75   Thumb Code    22  stm32f4xx_syscfg.o(.text)
    SYSCFG_MemoryRemapConfig                 0x08018c8b   Thumb Code    34  stm32f4xx_syscfg.o(.text)
    SYSCFG_MemorySwappingBank                0x08018cad   Thumb Code    26  stm32f4xx_syscfg.o(.text)
    SYSCFG_EXTILineConfig                    0x08018cc7   Thumb Code   194  stm32f4xx_syscfg.o(.text)
    SYSCFG_ETH_MediaInterfaceConfig          0x08018d89   Thumb Code    26  stm32f4xx_syscfg.o(.text)
    SYSCFG_CompensationCellCmd               0x08018da3   Thumb Code    26  stm32f4xx_syscfg.o(.text)
    SYSCFG_GetCompensationCellStatus         0x08018dbd   Thumb Code    22  stm32f4xx_syscfg.o(.text)
    TIM_DeInit                               0x08018e11   Thumb Code   440  stm32f4xx_tim.o(.text)
    TIM_TimeBaseInit                         0x08018fc9   Thumb Code   278  stm32f4xx_tim.o(.text)
    TIM_TimeBaseStructInit                   0x080190df   Thumb Code    18  stm32f4xx_tim.o(.text)
    TIM_PrescalerConfig                      0x080190f1   Thumb Code   128  stm32f4xx_tim.o(.text)
    TIM_CounterModeConfig                    0x08019171   Thumb Code   100  stm32f4xx_tim.o(.text)
    TIM_SetCounter                           0x080191d5   Thumb Code   202  stm32f4xx_tim.o(.text)
    TIM_SetAutoreload                        0x0801929f   Thumb Code   108  stm32f4xx_tim.o(.text)
    TIM_GetCounter                           0x0801930b   Thumb Code   106  stm32f4xx_tim.o(.text)
    TIM_GetPrescaler                         0x08019375   Thumb Code   106  stm32f4xx_tim.o(.text)
    TIM_UpdateDisableConfig                  0x080193df   Thumb Code   148  stm32f4xx_tim.o(.text)
    TIM_UpdateRequestConfig                  0x08019473   Thumb Code   148  stm32f4xx_tim.o(.text)
    TIM_ARRPreloadConfig                     0x08019507   Thumb Code   148  stm32f4xx_tim.o(.text)
    TIM_SelectOnePulseMode                   0x0801959b   Thumb Code   142  stm32f4xx_tim.o(.text)
    TIM_SetClockDivision                     0x08019629   Thumb Code   192  stm32f4xx_tim.o(.text)
    TIM_Cmd                                  0x080196e9   Thumb Code   148  stm32f4xx_tim.o(.text)
    TIM_OC1Init                              0x0801977d   Thumb Code   416  stm32f4xx_tim.o(.text)
    TIM_OC2Init                              0x0801991d   Thumb Code   486  stm32f4xx_tim.o(.text)
    TIM_OC3Init                              0x08019b03   Thumb Code   416  stm32f4xx_tim.o(.text)
    TIM_OC4Init                              0x08019ca3   Thumb Code   300  stm32f4xx_tim.o(.text)
    TIM_OCStructInit                         0x08019dcf   Thumb Code    20  stm32f4xx_tim.o(.text)
    TIM_SelectOCxM                           0x08019de3   Thumb Code   256  stm32f4xx_tim.o(.text)
    TIM_SetCompare1                          0x08019ee3   Thumb Code   142  stm32f4xx_tim.o(.text)
    TIM_SetCompare2                          0x08019f71   Thumb Code    72  stm32f4xx_tim.o(.text)
    TIM_SetCompare3                          0x08019fb9   Thumb Code    60  stm32f4xx_tim.o(.text)
    TIM_SetCompare4                          0x08019ff5   Thumb Code    60  stm32f4xx_tim.o(.text)
    TIM_ForcedOC1Config                      0x0801a031   Thumb Code   130  stm32f4xx_tim.o(.text)
    TIM_ForcedOC2Config                      0x0801a0b3   Thumb Code   114  stm32f4xx_tim.o(.text)
    TIM_ForcedOC3Config                      0x0801a125   Thumb Code    94  stm32f4xx_tim.o(.text)
    TIM_ForcedOC4Config                      0x0801a183   Thumb Code   102  stm32f4xx_tim.o(.text)
    TIM_OC1PreloadConfig                     0x0801a1e9   Thumb Code   126  stm32f4xx_tim.o(.text)
    TIM_OC2PreloadConfig                     0x0801a267   Thumb Code   108  stm32f4xx_tim.o(.text)
    TIM_OC3PreloadConfig                     0x0801a2d3   Thumb Code   138  stm32f4xx_tim.o(.text)
    TIM_OC4PreloadConfig                     0x0801a35d   Thumb Code    96  stm32f4xx_tim.o(.text)
    TIM_OC1FastConfig                        0x0801a3bd   Thumb Code   124  stm32f4xx_tim.o(.text)
    TIM_OC2FastConfig                        0x0801a439   Thumb Code   108  stm32f4xx_tim.o(.text)
    TIM_OC3FastConfig                        0x0801a4a5   Thumb Code    88  stm32f4xx_tim.o(.text)
    TIM_OC4FastConfig                        0x0801a4fd   Thumb Code    96  stm32f4xx_tim.o(.text)
    TIM_ClearOC1Ref                          0x0801a55d   Thumb Code   124  stm32f4xx_tim.o(.text)
    TIM_ClearOC2Ref                          0x0801a5d9   Thumb Code   106  stm32f4xx_tim.o(.text)
    TIM_ClearOC3Ref                          0x0801a643   Thumb Code    88  stm32f4xx_tim.o(.text)
    TIM_ClearOC4Ref                          0x0801a69b   Thumb Code    94  stm32f4xx_tim.o(.text)
    TIM_OC1PolarityConfig                    0x0801a6f9   Thumb Code   174  stm32f4xx_tim.o(.text)
    TIM_OC1NPolarityConfig                   0x0801a7a7   Thumb Code    64  stm32f4xx_tim.o(.text)
    TIM_OC2PolarityConfig                    0x0801a7e7   Thumb Code   108  stm32f4xx_tim.o(.text)
    TIM_OC2NPolarityConfig                   0x0801a853   Thumb Code    72  stm32f4xx_tim.o(.text)
    TIM_OC3PolarityConfig                    0x0801a89b   Thumb Code    96  stm32f4xx_tim.o(.text)
    TIM_OC3NPolarityConfig                   0x0801a8fb   Thumb Code    72  stm32f4xx_tim.o(.text)
    TIM_OC4PolarityConfig                    0x0801a943   Thumb Code    96  stm32f4xx_tim.o(.text)
    TIM_CCxCmd                               0x0801a9a3   Thumb Code   168  stm32f4xx_tim.o(.text)
    TIM_CCxNCmd                              0x0801aa4b   Thumb Code   104  stm32f4xx_tim.o(.text)
    TIM_SetIC4Prescaler                      0x0801aab3   Thumb Code   106  stm32f4xx_tim.o(.text)
    TIM_SetIC3Prescaler                      0x0801ab9d   Thumb Code    98  stm32f4xx_tim.o(.text)
    TIM_SetIC2Prescaler                      0x0801ac47   Thumb Code   118  stm32f4xx_tim.o(.text)
    TIM_SetIC1Prescaler                      0x0801ad0d   Thumb Code   134  stm32f4xx_tim.o(.text)
    TIM_ICInit                               0x0801adcd   Thumb Code   508  stm32f4xx_tim.o(.text)
    TIM_ICStructInit                         0x0801afc9   Thumb Code    18  stm32f4xx_tim.o(.text)
    TIM_PWMIConfig                           0x0801afdb   Thumb Code   184  stm32f4xx_tim.o(.text)
    TIM_GetCapture1                          0x0801b093   Thumb Code    92  stm32f4xx_tim.o(.text)
    TIM_GetCapture2                          0x0801b0ef   Thumb Code    68  stm32f4xx_tim.o(.text)
    TIM_GetCapture3                          0x0801b133   Thumb Code    56  stm32f4xx_tim.o(.text)
    TIM_GetCapture4                          0x0801b16b   Thumb Code    56  stm32f4xx_tim.o(.text)
    TIM_BDTRConfig                           0x0801b1a3   Thumb Code   222  stm32f4xx_tim.o(.text)
    TIM_BDTRStructInit                       0x0801b281   Thumb Code    18  stm32f4xx_tim.o(.text)
    TIM_CtrlPWMOutputs                       0x0801b293   Thumb Code    78  stm32f4xx_tim.o(.text)
    TIM_SelectCOM                            0x0801b2e1   Thumb Code    72  stm32f4xx_tim.o(.text)
    TIM_CCPreloadControl                     0x0801b329   Thumb Code    72  stm32f4xx_tim.o(.text)
    TIM_ITConfig                             0x0801b371   Thumb Code   218  stm32f4xx_tim.o(.text)
    TIM_GenerateEvent                        0x0801b44b   Thumb Code   126  stm32f4xx_tim.o(.text)
    TIM_GetFlagStatus                        0x0801b4c9   Thumb Code   188  stm32f4xx_tim.o(.text)
    TIM_ClearFlag                            0x0801b585   Thumb Code   108  stm32f4xx_tim.o(.text)
    TIM_GetITStatus                          0x0801b5f1   Thumb Code   186  stm32f4xx_tim.o(.text)
    TIM_ClearITPendingBit                    0x0801b6ab   Thumb Code   108  stm32f4xx_tim.o(.text)
    TIM_DMAConfig                            0x0801b717   Thumb Code   334  stm32f4xx_tim.o(.text)
    TIM_DMACmd                               0x0801b865   Thumb Code   126  stm32f4xx_tim.o(.text)
    TIM_SelectCCDMA                          0x0801b8e3   Thumb Code    96  stm32f4xx_tim.o(.text)
    TIM_InternalClockConfig                  0x0801b943   Thumb Code    76  stm32f4xx_tim.o(.text)
    TIM_SelectInputTrigger                   0x0801b98f   Thumb Code   148  stm32f4xx_tim.o(.text)
    TIM_ITRxExternalClockConfig              0x0801ba23   Thumb Code   110  stm32f4xx_tim.o(.text)
    TIM_TIxExternalClockConfig               0x0801ba91   Thumb Code   184  stm32f4xx_tim.o(.text)
    TIM_ETRConfig                            0x0801bb49   Thumb Code   164  stm32f4xx_tim.o(.text)
    TIM_ETRClockMode1Config                  0x0801bbed   Thumb Code   228  stm32f4xx_tim.o(.text)
    TIM_ETRClockMode2Config                  0x0801bcd1   Thumb Code   152  stm32f4xx_tim.o(.text)
    TIM_SelectOutputTrigger                  0x0801bd69   Thumb Code   126  stm32f4xx_tim.o(.text)
    TIM_SelectSlaveMode                      0x0801bde7   Thumb Code   112  stm32f4xx_tim.o(.text)
    TIM_SelectMasterSlaveMode                0x0801be57   Thumb Code   102  stm32f4xx_tim.o(.text)
    TIM_EncoderInterfaceConfig               0x0801bebd   Thumb Code   226  stm32f4xx_tim.o(.text)
    TIM_SelectHallSensor                     0x0801bf9f   Thumb Code   108  stm32f4xx_tim.o(.text)
    TIM_RemapConfig                          0x0801c00b   Thumb Code   138  stm32f4xx_tim.o(.text)
    USART_DeInit                             0x0801c095   Thumb Code   276  stm32f4xx_usart.o(.text)
    USART_Init                               0x0801c1a9   Thumb Code   492  stm32f4xx_usart.o(.text)
    USART_StructInit                         0x0801c395   Thumb Code    24  stm32f4xx_usart.o(.text)
    USART_ClockInit                          0x0801c3ad   Thumb Code   166  stm32f4xx_usart.o(.text)
    USART_ClockStructInit                    0x0801c453   Thumb Code    12  stm32f4xx_usart.o(.text)
    USART_Cmd                                0x0801c45f   Thumb Code   214  stm32f4xx_usart.o(.text)
    USART_SetPrescaler                       0x0801c535   Thumb Code    96  stm32f4xx_usart.o(.text)
    USART_OverSampling8Cmd                   0x0801c595   Thumb Code   122  stm32f4xx_usart.o(.text)
    USART_OneBitMethodCmd                    0x0801c60f   Thumb Code   124  stm32f4xx_usart.o(.text)
    USART_SendData                           0x0801c68b   Thumb Code   108  stm32f4xx_usart.o(.text)
    USART_ReceiveData                        0x0801c6f7   Thumb Code    86  stm32f4xx_usart.o(.text)
    USART_SetAddress                         0x0801c74d   Thumb Code   116  stm32f4xx_usart.o(.text)
    USART_ReceiverWakeUpCmd                  0x0801c7c1   Thumb Code   124  stm32f4xx_usart.o(.text)
    USART_WakeUpConfig                       0x0801c83d   Thumb Code   120  stm32f4xx_usart.o(.text)
    USART_LINBreakDetectLengthConfig         0x0801c8b5   Thumb Code   160  stm32f4xx_usart.o(.text)
    USART_LINCmd                             0x0801c955   Thumb Code   124  stm32f4xx_usart.o(.text)
    USART_SendBreak                          0x0801c9d1   Thumb Code    88  stm32f4xx_usart.o(.text)
    USART_HalfDuplexCmd                      0x0801ca29   Thumb Code   124  stm32f4xx_usart.o(.text)
    USART_SetGuardTime                       0x0801caa5   Thumb Code    60  stm32f4xx_usart.o(.text)
    USART_SmartCardCmd                       0x0801cae1   Thumb Code    88  stm32f4xx_usart.o(.text)
    USART_SmartCardNACKCmd                   0x0801cb39   Thumb Code    88  stm32f4xx_usart.o(.text)
    USART_IrDAConfig                         0x0801cb91   Thumb Code   118  stm32f4xx_usart.o(.text)
    USART_IrDACmd                            0x0801cc07   Thumb Code   124  stm32f4xx_usart.o(.text)
    USART_DMACmd                             0x0801cc83   Thumb Code   184  stm32f4xx_usart.o(.text)
    USART_ITConfig                           0x0801cd3b   Thumb Code   290  stm32f4xx_usart.o(.text)
    USART_GetFlagStatus                      0x0801ce5d   Thumb Code   200  stm32f4xx_usart.o(.text)
    USART_ClearFlag                          0x0801cf25   Thumb Code   158  stm32f4xx_usart.o(.text)
    USART_GetITStatus                        0x0801cfc3   Thumb Code   306  stm32f4xx_usart.o(.text)
    USART_ClearITPendingBit                  0x0801d0f5   Thumb Code   234  stm32f4xx_usart.o(.text)
    FPGA_Init                                0x0801d1f1   Thumb Code   674  fpga.o(.text)
    FPGA_WriteBuffer                         0x0801d493   Thumb Code    24  fpga.o(.text)
    FPGA_ResetHardware                       0x0801d4ab   Thumb Code   104  fpga.o(.text)
    FPGA_ReadBuffer                          0x0801d513   Thumb Code    22  fpga.o(.text)
    FPGA_DATA_WriteBuffer                    0x0801d529   Thumb Code    24  fpga.o(.text)
    FPGA_DATA_ReadBuffer                     0x0801d541   Thumb Code    22  fpga.o(.text)
    SysTick_Handler                          0x0801d569   Thumb Code    38  scope_it.o(.text)
    TIM2_IRQHandler                          0x0801d58f   Thumb Code   380  scope_it.o(.text)
    USART1_IRQHandler                        0x0801d70b   Thumb Code    14  scope_it.o(.text)
    USART3_IRQHandler                        0x0801d719   Thumb Code    14  scope_it.o(.text)
    IT_SYS_DlyMs                             0x0801d727   Thumb Code    30  scope_it.o(.text)
    IT_SYS_GetTicks                          0x0801d745   Thumb Code     6  scope_it.o(.text)
    IT_SYS_SetTicks                          0x0801d74b   Thumb Code    10  scope_it.o(.text)
    IT_SYS_SetDlyMs                          0x0801d755   Thumb Code    16  scope_it.o(.text)
    IT_SYS_CheckDlyFin                       0x0801d765   Thumb Code    20  scope_it.o(.text)
    IT_LIST_GetTicks                         0x0801d779   Thumb Code     6  scope_it.o(.text)
    IT_LIST_SetTicks                         0x0801d77f   Thumb Code    10  scope_it.o(.text)
    IT_ADC_GetTicks                          0x0801d789   Thumb Code     6  scope_it.o(.text)
    IT_ADC_SetTicks                          0x0801d78f   Thumb Code    10  scope_it.o(.text)
    assert_failed                            0x0801d7fd   Thumb Code    18  scope_eval.o(.text)
    fputc                                    0x0801d80f   Thumb Code    16  scope_eval.o(.text)
    PF_InitTimer2                            0x0801d81f   Thumb Code   122  scope_eval.o(.text)
    EVAL_Init                                0x0801d9c1   Thumb Code   218  scope_eval.o(.text)
    EVAL_OutputSet                           0x0801da9b   Thumb Code    16  scope_eval.o(.text)
    EVAL_OutputClr                           0x0801daab   Thumb Code    16  scope_eval.o(.text)
    EVAL_OutputToggle                        0x0801dabb   Thumb Code    26  scope_eval.o(.text)
    EVAL_InputGetState                       0x0801db71   Thumb Code    22  scope_eval.o(.text)
    MV_InitPara                              0x0801dc39   Thumb Code   190  scope_move.o(.text)
    MV_Move                                  0x0801dcf7   Thumb Code   434  scope_move.o(.text)
    MV_Stop                                  0x0801dea9   Thumb Code    98  scope_move.o(.text)
    MV_Wait                                  0x0801df0b   Thumb Code    84  scope_move.o(.text)
    MV_GetStepsExecuted                      0x0801df5f   Thumb Code    56  scope_move.o(.text)
    MV_IsFinished                            0x0801df97   Thumb Code    20  scope_move.o(.text)
    MV_IsrMoveHandling                       0x0801dfab   Thumb Code   104  scope_move.o(.text)
    BUF_Send_Init                            0x0801e025   Thumb Code    14  buffercircle.o(.text)
    BUF_Send_PutChar                         0x0801e033   Thumb Code    54  buffercircle.o(.text)
    BUF_Send_GetChar                         0x0801e069   Thumb Code    74  buffercircle.o(.text)
    BUF_Send_PutNChar                        0x0801e13d   Thumb Code    94  buffercircle.o(.text)
    BUF_Send_GetNChar                        0x0801e19b   Thumb Code    94  buffercircle.o(.text)
    BUF_Recv_Init                            0x0801e1f9   Thumb Code    14  buffercircle.o(.text)
    BUF_Recv_PutChar                         0x0801e207   Thumb Code    54  buffercircle.o(.text)
    BUF_Recv_GetChar                         0x0801e23d   Thumb Code    74  buffercircle.o(.text)
    BUF_Recv_PutNChar                        0x0801e311   Thumb Code    94  buffercircle.o(.text)
    BUF_Recv_GetNChar                        0x0801e36f   Thumb Code    94  buffercircle.o(.text)
    NET_BUF_Send_Init                        0x0801e3dd   Thumb Code    14  netbuffercircle.o(.text)
    NET_BUF_Send_PutChar                     0x0801e3eb   Thumb Code    54  netbuffercircle.o(.text)
    NET_BUF_Send_GetChar                     0x0801e421   Thumb Code    74  netbuffercircle.o(.text)
    NET_BUF_Send_GetLenConsume               0x0801e46b   Thumb Code   112  netbuffercircle.o(.text)
    NET_BUF_Send_GetLenRemain                0x0801e4db   Thumb Code    26  netbuffercircle.o(.text)
    NET_BUF_Send_PutNChar                    0x0801e4f5   Thumb Code    94  netbuffercircle.o(.text)
    NET_BUF_Send_GetNChar                    0x0801e553   Thumb Code    94  netbuffercircle.o(.text)
    NET_BUF_Recv_Init                        0x0801e5b1   Thumb Code    14  netbuffercircle.o(.text)
    NET_BUF_Recv_PutChar                     0x0801e5bf   Thumb Code    54  netbuffercircle.o(.text)
    NET_BUF_Recv_GetChar                     0x0801e5f5   Thumb Code    74  netbuffercircle.o(.text)
    NET_BUF_Recv_GetLenConsume               0x0801e63f   Thumb Code   112  netbuffercircle.o(.text)
    NET_BUF_Recv_GetLenRemain                0x0801e6af   Thumb Code    26  netbuffercircle.o(.text)
    NET_BUF_Recv_PutNChar                    0x0801e6c9   Thumb Code    94  netbuffercircle.o(.text)
    NET_BUF_Recv_GetNChar                    0x0801e727   Thumb Code    94  netbuffercircle.o(.text)
    SPG_Send_Init                            0x0801e795   Thumb Code    14  samplebuffercircle.o(.text)
    SPG_Send_PutChar                         0x0801e7a3   Thumb Code    52  samplebuffercircle.o(.text)
    SPG_Send_GetChar                         0x0801e7d7   Thumb Code    68  samplebuffercircle.o(.text)
    SPG_Send_PutNChar                        0x0801e89b   Thumb Code    92  samplebuffercircle.o(.text)
    SPG_Send_GetNChar                        0x0801e8f7   Thumb Code    92  samplebuffercircle.o(.text)
    SPG_Recv_Init                            0x0801e953   Thumb Code    14  samplebuffercircle.o(.text)
    SPG_Recv_PutChar                         0x0801e961   Thumb Code    52  samplebuffercircle.o(.text)
    SPG_Recv_GetChar                         0x0801e995   Thumb Code    68  samplebuffercircle.o(.text)
    SPG_Recv_PutNChar                        0x0801ea59   Thumb Code    92  samplebuffercircle.o(.text)
    SPG_Recv_GetNChar                        0x0801eab5   Thumb Code    92  samplebuffercircle.o(.text)
    Delay_US                                 0x0801eb21   Thumb Code    54  driver.o(.text)
    ADC1_DMA_Config                          0x0801eb57   Thumb Code   174  driver.o(.text)
    ADC1_Init                                0x0801ec05   Thumb Code   192  driver.o(.text)
    DMA2_Stream0_IRQHandler                  0x0801ecc5   Thumb Code    72  driver.o(.text)
    DMA2_Stream3_IRQHandler                  0x0801ed0d   Thumb Code    80  driver.o(.text)
    ADC2_DMA_Config                          0x0801ed5d   Thumb Code   194  driver.o(.text)
    ADC2_Init                                0x0801ee1f   Thumb Code   174  driver.o(.text)
    ADC3_GPIO_Init                           0x0801eecd   Thumb Code   358  driver.o(.text)
    ADC3_Init                                0x0801f033   Thumb Code    84  driver.o(.text)
    Get_ADC3_Channel_Value                   0x0801f087   Thumb Code    90  driver.o(.text)
    Get_Press_ADC                            0x0801f0e1   Thumb Code     4  driver.o(.text)
    Get_XK_ADC                               0x0801f0e5   Thumb Code    18  driver.o(.text)
    Get_12V_N_ADC                            0x0801f0f7   Thumb Code    18  driver.o(.text)
    Get_12V_P_ADC                            0x0801f109   Thumb Code    18  driver.o(.text)
    Get_56V_Cur_ADC                          0x0801f11b   Thumb Code    18  driver.o(.text)
    Get_LED_Cur_ADC                          0x0801f12d   Thumb Code    18  driver.o(.text)
    Get_Temp_ADC                             0x0801f13f   Thumb Code    18  driver.o(.text)
    HW_Get_ADC_HGB                           0x0801f151   Thumb Code    14  driver.o(.text)
    HW_Get_ADC_CRP                           0x0801f15f   Thumb Code    14  driver.o(.text)
    Get_HGB_Value                            0x0801f16d   Thumb Code    38  driver.o(.text)
    Get_CRP_Value                            0x0801f193   Thumb Code    26  driver.o(.text)
    Press_I2C_Init                           0x0801f1ad   Thumb Code    96  driver.o(.text)
    Press_Init                               0x0801f20d   Thumb Code     8  driver.o(.text)
    Press_I2C_Start                          0x0801f215   Thumb Code    68  driver.o(.text)
    Press_I2C_Stop                           0x0801f259   Thumb Code    60  driver.o(.text)
    Press_I2C_Wait_Ack                       0x0801f295   Thumb Code    78  driver.o(.text)
    Press_I2C_Ack                            0x0801f2e3   Thumb Code    72  driver.o(.text)
    Press_I2C_NAck                           0x0801f32b   Thumb Code   134  driver.o(.text)
    Press_I2C_Send_Byte                      0x0801f3b1   Thumb Code   102  driver.o(.text)
    Press_I2C_Read_Byte                      0x0801f417   Thumb Code    98  driver.o(.text)
    Get_Press_I2C                            0x0801f479   Thumb Code   202  driver.o(.text)
    Reset_Elec_Status                        0x0801f543   Thumb Code    14  driver.o(.text)
    Set_Elec_Status                          0x0801f551   Thumb Code    14  driver.o(.text)
    Get_Elec_Status                          0x0801f55f   Thumb Code    14  driver.o(.text)
    Elec_Init                                0x0801f56d   Thumb Code    44  driver.o(.text)
    Get_Elec_ADC                             0x0801f599   Thumb Code    86  driver.o(.text)
    Beep_Init                                0x0801f5ef   Thumb Code    46  driver.o(.text)
    Beep                                     0x0801f61d   Thumb Code    28  driver.o(.text)
    Pump_PWM_Init                            0x0801f639   Thumb Code   176  driver.o(.text)
    Pump_init                                0x0801f6e9   Thumb Code    22  driver.o(.text)
    Pump_AntiClockWise                       0x0801f6ff   Thumb Code     2  driver.o(.text)
    Pump_ClockWise                           0x0801f701   Thumb Code     2  driver.o(.text)
    Pump_Speed_Set                           0x0801f703   Thumb Code    32  driver.o(.text)
    Pump_Exec                                0x0801f723   Thumb Code    40  driver.o(.text)
    Mixing_Motor_Init                        0x0801f74b   Thumb Code    56  driver.o(.text)
    Mixing_Motor_Run                         0x0801f783   Thumb Code    54  driver.o(.text)
    Mixing_Motor_Stop                        0x0801f7b9   Thumb Code    12  driver.o(.text)
    Valve_Init                               0x0801f7c5   Thumb Code   100  driver.o(.text)
    Valve_Air_Exec                           0x0801f829   Thumb Code    32  driver.o(.text)
    Valve_Liquid_Exec                        0x0801f849   Thumb Code    30  driver.o(.text)
    Valve_Exec                               0x0801f867   Thumb Code    28  driver.o(.text)
    Turn_Motor_Init                          0x0801f883   Thumb Code   252  driver.o(.text)
    Turn_Motor_Power                         0x0801f97f   Thumb Code    32  driver.o(.text)
    Turn_Motor_Break                         0x0801f99f   Thumb Code    18  driver.o(.text)
    Turn_Motor_Free                          0x0801f9b1   Thumb Code    18  driver.o(.text)
    Get_Turn_Reset_OC_Status                 0x0801f9c3   Thumb Code    12  driver.o(.text)
    Turn_Motor_Reset                         0x0801f9cf   Thumb Code   144  driver.o(.text)
    Get_Turn_Select_OC_Status                0x0801fa5f   Thumb Code    12  driver.o(.text)
    Turn_Motor_Anti_ClockWise                0x0801fa6b   Thumb Code   188  driver.o(.text)
    Turn_Motor_ClockWise                     0x0801fb27   Thumb Code   258  driver.o(.text)
    Turn_Motor_Goto_Postion                  0x0801fc29   Thumb Code    28  driver.o(.text)
    Turn_Motor_Select_LED                    0x0801fc45   Thumb Code   100  driver.o(.text)
    Get_Micro_OC_Status                      0x0801fca9   Thumb Code    12  driver.o(.text)
    EXTI9_5_IRQHandler                       0x0801fcb5   Thumb Code    54  driver.o(.text)
    Micro_OC_Init                            0x0801fceb   Thumb Code   128  driver.o(.text)
    OC_Init                                  0x0801fd6b   Thumb Code   170  driver.o(.text)
    Get_Out_OC_Status                        0x0801fe15   Thumb Code    12  driver.o(.text)
    Get_In_OC_Status                         0x0801fe21   Thumb Code    12  driver.o(.text)
    LED_Cur_DAC_Init                         0x0801fe2d   Thumb Code    84  driver.o(.text)
    LED_Init                                 0x0801fe81   Thumb Code   630  driver.o(.text)
    LED_Cur_DAC_Set                          0x080200f7   Thumb Code    14  driver.o(.text)
    LED_Cur_Switch                           0x08020105   Thumb Code    32  driver.o(.text)
    LED_Cur_Auto_Adjust                      0x08020125   Thumb Code    98  driver.o(.text)
    LEC_Cur_ADC_Check_Channel                0x08020187   Thumb Code    20  driver.o(.text)
    LED_Exec                                 0x0802019b   Thumb Code   246  driver.o(.text)
    LED_All_Reset                            0x08020291   Thumb Code    24  driver.o(.text)
    DRegister_SPI_Init                       0x080202a9   Thumb Code   252  driver.o(.text)
    DResistor_Init                           0x080203a5   Thumb Code     8  driver.o(.text)
    DRegister_Write                          0x080203ad   Thumb Code    28  driver.o(.text)
    DResistor_Set                            0x080203c9   Thumb Code    24  driver.o(.text)
    Driver_Debug                             0x080203e1   Thumb Code  2264  driver.o(.text)
    ADC24Bit_SPI_ReadWriteByte               0x08020cb9   Thumb Code    80  ad7799.o(.text)
    ADC24Bit_SPI_Init                        0x08020d09   Thumb Code   324  ad7799.o(.text)
    ADC24Bit_GPIO_Init                       0x08020e4d   Thumb Code   194  ad7799.o(.text)
    SPI_Write                                0x08020f0f   Thumb Code   144  ad7799.o(.text)
    AD7799_Reset                             0x08020f9f   Thumb Code    36  ad7799.o(.text)
    SPI_Read                                 0x08020fc3   Thumb Code   144  ad7799.o(.text)
    AD7799_GetRegisterValue                  0x08021053   Thumb Code   152  ad7799.o(.text)
    AD7799_SetRegisterValue                  0x080210eb   Thumb Code   106  ad7799.o(.text)
    AD7799_Init                              0x08021155   Thumb Code   254  ad7799.o(.text)
    ADC24Bit_Init                            0x08021253   Thumb Code    12  ad7799.o(.text)
    AD7799_Calibrate                         0x0802125f   Thumb Code   256  ad7799.o(.text)
    AD7799_SetChannel                        0x0802135f   Thumb Code    36  ad7799.o(.text)
    AD7799_SetMode                           0x08021383   Thumb Code    48  ad7799.o(.text)
    AD7799_SetGain                           0x080213b3   Thumb Code    38  ad7799.o(.text)
    AD7799_SetBurnoutCurren                  0x080213d9   Thumb Code    36  ad7799.o(.text)
    AD7799_SetBufMode                        0x080213fd   Thumb Code    36  ad7799.o(.text)
    AD7799_Get_ADC_Value                     0x08021421   Thumb Code    12  ad7799.o(.text)
    AD7799_Get_Value                         0x0802142d   Thumb Code    56  ad7799.o(.text)
    ethernetif_input                         0x08021701   Thumb Code    42  ethernetif.o(.text)
    ethernetif_init                          0x0802172b   Thumb Code    38  ethernetif.o(.text)
    etharp_tmr                               0x080217af   Thumb Code   136  etharp.o(.text)
    etharp_cleanup_netif                     0x08021a7d   Thumb Code    52  etharp.o(.text)
    etharp_find_addr                         0x08021ab1   Thumb Code    82  etharp.o(.text)
    etharp_request                           0x08021cc5   Thumb Code    36  etharp.o(.text)
    etharp_query                             0x08021d51   Thumb Code   338  etharp.o(.text)
    etharp_output                            0x08021ea3   Thumb Code   314  etharp.o(.text)
    ethernet_input                           0x08021fdd   Thumb Code   178  etharp.o(.text)
    icmp_input                               0x080220a1   Thumb Code   340  icmp.o(.text)
    icmp_dest_unreach                        0x08022265   Thumb Code    18  icmp.o(.text)
    icmp_time_exceeded                       0x08022277   Thumb Code    18  icmp.o(.text)
    inet_chksum_pseudo                       0x080222ef   Thumb Code   162  inet_chksum.o(.text)
    inet_chksum_pseudo_partial               0x08022391   Thumb Code   184  inet_chksum.o(.text)
    inet_chksum                              0x08022449   Thumb Code    20  inet_chksum.o(.text)
    inet_chksum_pbuf                         0x0802245d   Thumb Code    86  inet_chksum.o(.text)
    ip_route                                 0x080224b5   Thumb Code    76  ip.o(.text)
    ip_input                                 0x08022501   Thumb Code   422  ip.o(.text)
    ip_output_if                             0x080226a7   Thumb Code   192  ip.o(.text)
    ip_output                                0x08022767   Thumb Code    56  ip.o(.text)
    ip4_addr_isbroadcast                     0x080227bd   Thumb Code    78  ip_addr.o(.text)
    ip4_addr_netmask_valid                   0x0802280b   Thumb Code    52  ip_addr.o(.text)
    ipaddr_aton                              0x0802283f   Thumb Code   348  ip_addr.o(.text)
    ipaddr_addr                              0x0802299b   Thumb Code    24  ip_addr.o(.text)
    ipaddr_ntoa_r                            0x080229b3   Thumb Code   168  ip_addr.o(.text)
    ipaddr_ntoa                              0x08022a5b   Thumb Code    16  ip_addr.o(.text)
    ip_reass_tmr                             0x08022b35   Thumb Code    48  ip_frag.o(.text)
    ip_reass                                 0x08022d8b   Thumb Code   396  ip_frag.o(.text)
    ip_frag                                  0x08022f53   Thumb Code   424  ip_frag.o(.text)
    lwip_htons                               0x08023105   Thumb Code    12  def.o(.text)
    lwip_ntohs                               0x08023111   Thumb Code    12  def.o(.text)
    lwip_htonl                               0x0802311d   Thumb Code    26  def.o(.text)
    lwip_ntohl                               0x08023137   Thumb Code    12  def.o(.text)
    dhcp_renew                               0x080235d5   Thumb Code   160  dhcp.o(.text)
    dhcp_coarse_tmr                          0x08023739   Thumb Code    62  dhcp.o(.text)
    dhcp_release                             0x0802381b   Thumb Code   162  dhcp.o(.text)
    dhcp_fine_tmr                            0x08023a45   Thumb Code    64  dhcp.o(.text)
    dhcp_set_struct                          0x08023b0b   Thumb Code    30  dhcp.o(.text)
    dhcp_cleanup                             0x08023b29   Thumb Code    24  dhcp.o(.text)
    dhcp_stop                                0x08023b41   Thumb Code    58  dhcp.o(.text)
    dhcp_start                               0x08023f87   Thumb Code   206  dhcp.o(.text)
    dhcp_inform                              0x08024055   Thumb Code   170  dhcp.o(.text)
    dhcp_network_changed                     0x080240ff   Thumb Code    80  dhcp.o(.text)
    dhcp_arp_reply                           0x080241cd   Thumb Code    46  dhcp.o(.text)
    mem_init                                 0x0802428d   Thumb Code    74  mem.o(.text)
    mem_free                                 0x080242d7   Thumb Code    68  mem.o(.text)
    mem_trim                                 0x0802431b   Thumb Code   288  mem.o(.text)
    mem_malloc                               0x0802443b   Thumb Code   222  mem.o(.text)
    mem_calloc                               0x08024519   Thumb Code    34  mem.o(.text)
    memp_init                                0x0802454d   Thumb Code    82  memp.o(.text)
    memp_malloc                              0x0802459f   Thumb Code    40  memp.o(.text)
    memp_free                                0x080245c7   Thumb Code    28  memp.o(.text)
    netif_init                               0x080245f5   Thumb Code     2  netif.o(.text)
    netif_set_gw                             0x080245f7   Thumb Code    12  netif.o(.text)
    netif_set_netmask                        0x08024603   Thumb Code    12  netif.o(.text)
    netif_set_ipaddr                         0x0802460f   Thumb Code   110  netif.o(.text)
    netif_set_addr                           0x0802467d   Thumb Code    40  netif.o(.text)
    netif_add                                0x080246a5   Thumb Code   104  netif.o(.text)
    netif_set_default                        0x0802470d   Thumb Code     6  netif.o(.text)
    netif_set_down                           0x08024713   Thumb Code    42  netif.o(.text)
    netif_remove                             0x0802473d   Thumb Code    90  netif.o(.text)
    netif_find                               0x08024797   Thumb Code    64  netif.o(.text)
    netif_set_up                             0x080247d7   Thumb Code    54  netif.o(.text)
    netif_set_link_up                        0x0802480d   Thumb Code    80  netif.o(.text)
    netif_set_link_down                      0x0802485d   Thumb Code    42  netif.o(.text)
    netif_set_link_callback                  0x08024887   Thumb Code     6  netif.o(.text)
    pbuf_free                                0x080248a1   Thumb Code   134  pbuf.o(.text)
    pbuf_alloc                               0x08024927   Thumb Code   408  pbuf.o(.text)
    pbuf_alloced_custom                      0x08024abf   Thumb Code   108  pbuf.o(.text)
    pbuf_realloc                             0x08024b2b   Thumb Code   120  pbuf.o(.text)
    pbuf_header                              0x08024ba3   Thumb Code   126  pbuf.o(.text)
    pbuf_clen                                0x08024c21   Thumb Code    18  pbuf.o(.text)
    pbuf_ref                                 0x08024c33   Thumb Code    10  pbuf.o(.text)
    pbuf_cat                                 0x08024c3d   Thumb Code    56  pbuf.o(.text)
    pbuf_chain                               0x08024c75   Thumb Code    22  pbuf.o(.text)
    pbuf_dechain                             0x08024c8b   Thumb Code    56  pbuf.o(.text)
    pbuf_copy                                0x08024cc3   Thumb Code   192  pbuf.o(.text)
    pbuf_copy_partial                        0x08024d83   Thumb Code   146  pbuf.o(.text)
    pbuf_take                                0x08024e15   Thumb Code   116  pbuf.o(.text)
    pbuf_coalesce                            0x08024e89   Thumb Code    60  pbuf.o(.text)
    pbuf_get_at                              0x08024ec5   Thumb Code    46  pbuf.o(.text)
    pbuf_memcmp                              0x08024ef3   Thumb Code    96  pbuf.o(.text)
    pbuf_memfind                             0x08024f53   Thumb Code    76  pbuf.o(.text)
    pbuf_strstr                              0x08024f9f   Thumb Code    60  pbuf.o(.text)
    raw_input                                0x08024fdd   Thumb Code   102  raw.o(.text)
    raw_bind                                 0x08025043   Thumb Code    16  raw.o(.text)
    raw_connect                              0x08025053   Thumb Code    16  raw.o(.text)
    raw_recv                                 0x08025063   Thumb Code     6  raw.o(.text)
    raw_sendto                               0x08025069   Thumb Code   158  raw.o(.text)
    raw_send                                 0x08025107   Thumb Code    18  raw.o(.text)
    raw_remove                               0x08025119   Thumb Code    60  raw.o(.text)
    raw_new                                  0x08025155   Thumb Code    42  raw.o(.text)
    tcp_init                                 0x0802518d   Thumb Code     2  tcp.o(.text)
    tcp_seg_free                             0x0802518f   Thumb Code    26  tcp.o(.text)
    tcp_segs_free                            0x080251a9   Thumb Code    24  tcp.o(.text)
    tcp_pcb_purge                            0x080251c1   Thumb Code    64  tcp.o(.text)
    tcp_slowtmr                              0x08025201   Thumb Code   802  tcp.o(.text)
    tcp_pcb_remove                           0x08025523   Thumb Code   140  tcp.o(.text)
    tcp_close                                0x08025787   Thumb Code    28  tcp.o(.text)
    tcp_update_rcv_ann_wnd                   0x080257a3   Thumb Code    78  tcp.o(.text)
    tcp_recved                               0x080257f1   Thumb Code    70  tcp.o(.text)
    tcp_recv_null                            0x08025837   Thumb Code    46  tcp.o(.text)
    tcp_process_refused_data                 0x08025865   Thumb Code   140  tcp.o(.text)
    tcp_fasttmr                              0x080258f1   Thumb Code   110  tcp.o(.text)
    tcp_tmr                                  0x0802595f   Thumb Code    30  tcp.o(.text)
    tcp_shutdown                             0x0802597d   Thumb Code    98  tcp.o(.text)
    tcp_abandon                              0x080259df   Thumb Code   170  tcp.o(.text)
    tcp_abort                                0x08025a89   Thumb Code    14  tcp.o(.text)
    tcp_bind                                 0x08025af7   Thumb Code   142  tcp.o(.text)
    tcp_listen_with_backlog                  0x08025b8d   Thumb Code   198  tcp.o(.text)
    tcp_eff_send_mss                         0x08025c53   Thumb Code    46  tcp.o(.text)
    tcp_next_iss                             0x08025c81   Thumb Code    20  tcp.o(.text)
    tcp_connect                              0x08025c95   Thumb Code   328  tcp.o(.text)
    tcp_setprio                              0x08025ddd   Thumb Code     4  tcp.o(.text)
    tcp_alloc                                0x08025e5f   Thumb Code   242  tcp.o(.text)
    tcp_new                                  0x08025f51   Thumb Code    10  tcp.o(.text)
    tcp_arg                                  0x08025f5b   Thumb Code     4  tcp.o(.text)
    tcp_recv                                 0x08025f5f   Thumb Code     8  tcp.o(.text)
    tcp_sent                                 0x08025f67   Thumb Code     8  tcp.o(.text)
    tcp_err                                  0x08025f6f   Thumb Code    10  tcp.o(.text)
    tcp_accept                               0x08025f79   Thumb Code     4  tcp.o(.text)
    tcp_poll                                 0x08025f7d   Thumb Code    14  tcp.o(.text)
    tcp_debug_state_str                      0x08025f8b   Thumb Code    10  tcp.o(.text)
    tcp_input                                0x08026db9   Thumb Code  1134  tcp_in.o(.text)
    tcp_enqueue_flags                        0x08027375   Thumb Code   272  tcp_out.o(.text)
    tcp_send_fin                             0x08027485   Thumb Code    74  tcp_out.o(.text)
    tcp_write                                0x080275b7   Thumb Code   902  tcp_out.o(.text)
    tcp_send_empty_ack                       0x0802793d   Thumb Code    78  tcp_out.o(.text)
    tcp_output                               0x08027a53   Thumb Code   444  tcp_out.o(.text)
    tcp_rst                                  0x08027c0f   Thumb Code   124  tcp_out.o(.text)
    tcp_rexmit_rto                           0x08027c8b   Thumb Code    58  tcp_out.o(.text)
    tcp_rexmit                               0x08027cc5   Thumb Code    90  tcp_out.o(.text)
    tcp_rexmit_fast                          0x08027d1f   Thumb Code   112  tcp_out.o(.text)
    tcp_keepalive                            0x08027d8f   Thumb Code    68  tcp_out.o(.text)
    tcp_zero_window_probe                    0x08027dd3   Thumb Code   172  tcp_out.o(.text)
    tcp_timer_needed                         0x08027e7f   Thumb Code     2  timers.o(.text)
    udp_init                                 0x08027e81   Thumb Code     2  udp.o(.text)
    udp_input                                0x08027ed3   Thumb Code   450  udp.o(.text)
    udp_bind                                 0x08028095   Thumb Code   122  udp.o(.text)
    udp_sendto_if                            0x0802810f   Thumb Code   206  udp.o(.text)
    udp_sendto                               0x080281dd   Thumb Code    46  udp.o(.text)
    udp_send                                 0x0802820b   Thumb Code    20  udp.o(.text)
    udp_connect                              0x0802821f   Thumb Code   110  udp.o(.text)
    udp_disconnect                           0x0802828d   Thumb Code    16  udp.o(.text)
    udp_recv                                 0x0802829d   Thumb Code     6  udp.o(.text)
    udp_remove                               0x080282a3   Thumb Code    60  udp.o(.text)
    udp_new                                  0x080282df   Thumb Code    28  udp.o(.text)
    LwIP_Init                                0x08028301   Thumb Code   164  netconf.o(.text)
    LwIP_Pkt_Handle                          0x080283a5   Thumb Code    10  netconf.o(.text)
    LwIP_Periodic_Handle                     0x080283af   Thumb Code    52  netconf.o(.text)
    ETH_BSP_Config                           0x080285cb   Thumb Code    38  stm32f4x7_eth_bsp.o(.text)
    Eth_Link_PHYITConfig                     0x080285f1   Thumb Code    70  stm32f4x7_eth_bsp.o(.text)
    Eth_Link_EXTIConfig                      0x08028637   Thumb Code   104  stm32f4x7_eth_bsp.o(.text)
    Eth_Link_ITHandler                       0x0802869f   Thumb Code    48  stm32f4x7_eth_bsp.o(.text)
    ETH_link_callback                        0x080286cf   Thumb Code   282  stm32f4x7_eth_bsp.o(.text)
    udp_echoserver_receive_callback          0x080288a9   Thumb Code   174  udp_echoserver.o(.text)
    udp_echoserver_init                      0x08028957   Thumb Code   162  udp_echoserver.o(.text)
    udp_echoserver_senddata                  0x080289f9   Thumb Code    52  udp_echoserver.o(.text)
    __aeabi_memcpy                           0x08028b05   Thumb Code    36  memcpya.o(.text)
    __aeabi_memcpy4                          0x08028b05   Thumb Code     0  memcpya.o(.text)
    __aeabi_memcpy8                          0x08028b05   Thumb Code     0  memcpya.o(.text)
    __aeabi_memset                           0x08028b29   Thumb Code    14  memseta.o(.text)
    __aeabi_memset4                          0x08028b29   Thumb Code     0  memseta.o(.text)
    __aeabi_memset8                          0x08028b29   Thumb Code     0  memseta.o(.text)
    __aeabi_memclr                           0x08028b37   Thumb Code     4  memseta.o(.text)
    __aeabi_memclr4                          0x08028b37   Thumb Code     0  memseta.o(.text)
    __aeabi_memclr8                          0x08028b37   Thumb Code     0  memseta.o(.text)
    _memset$wrapper                          0x08028b3b   Thumb Code    18  memseta.o(.text)
    strncpy                                  0x08028b4d   Thumb Code    24  strncpy.o(.text)
    strlen                                   0x08028b65   Thumb Code    14  strlen.o(.text)
    memcmp                                   0x08028b73   Thumb Code    26  memcmp.o(.text)
    __aeabi_dadd                             0x08028b8d   Thumb Code   322  dadd.o(.text)
    __aeabi_dsub                             0x08028ccf   Thumb Code     6  dadd.o(.text)
    __aeabi_drsub                            0x08028cd5   Thumb Code     6  dadd.o(.text)
    __aeabi_dmul                             0x08028cdb   Thumb Code   228  dmul.o(.text)
    __aeabi_ui2d                             0x08028dbf   Thumb Code    26  dfltui.o(.text)
    __aeabi_d2iz                             0x08028dd9   Thumb Code    62  dfixi.o(.text)
    __aeabi_d2uiz                            0x08028e17   Thumb Code    50  dfixui.o(.text)
    __aeabi_f2d                              0x08028e49   Thumb Code    38  f2d.o(.text)
    __aeabi_cdrcmple                         0x08028e71   Thumb Code    38  cdrcmple.o(.text)
    __aeabi_uidiv                            0x08028e99   Thumb Code     0  uidiv.o(.text)
    __aeabi_uidivmod                         0x08028e99   Thumb Code    44  uidiv.o(.text)
    __aeabi_uldivmod                         0x08028ec5   Thumb Code    98  uldiv.o(.text)
    __aeabi_llsl                             0x08028f27   Thumb Code    30  llshl.o(.text)
    _ll_shift_l                              0x08028f27   Thumb Code     0  llshl.o(.text)
    __aeabi_llsr                             0x08028f45   Thumb Code    32  llushr.o(.text)
    _ll_ushift_r                             0x08028f45   Thumb Code     0  llushr.o(.text)
    __aeabi_lasr                             0x08028f65   Thumb Code    36  llsshr.o(.text)
    _ll_sshift_r                             0x08028f65   Thumb Code     0  llsshr.o(.text)
    __I$use$fp                               0x08028f89   Thumb Code     0  iusefp.o(.text)
    _double_round                            0x08028f89   Thumb Code    26  depilogue.o(.text)
    _double_epilogue                         0x08028fa3   Thumb Code   164  depilogue.o(.text)
    __aeabi_ddiv                             0x08029047   Thumb Code   222  ddiv.o(.text)
    __aeabi_d2ulz                            0x08029125   Thumb Code    48  dfixul.o(.text)
    __decompress                             0x08029155   Thumb Code     0  __dclz77c.o(.text)
    __decompress2                            0x08029155   Thumb Code    96  __dclz77c.o(.text)
    __0printf                                0x080291b5   Thumb Code    22  printfa.o(i.__0printf)
    __1printf                                0x080291b5   Thumb Code     0  printfa.o(i.__0printf)
    __2printf                                0x080291b5   Thumb Code     0  printfa.o(i.__0printf)
    __c89printf                              0x080291b5   Thumb Code     0  printfa.o(i.__0printf)
    printf                                   0x080291b5   Thumb Code     0  printfa.o(i.__0printf)
    __0sprintf                               0x080291d5   Thumb Code    34  printfa.o(i.__0sprintf)
    __1sprintf                               0x080291d5   Thumb Code     0  printfa.o(i.__0sprintf)
    __2sprintf                               0x080291d5   Thumb Code     0  printfa.o(i.__0sprintf)
    __c89sprintf                             0x080291d5   Thumb Code     0  printfa.o(i.__0sprintf)
    sprintf                                  0x080291d5   Thumb Code     0  printfa.o(i.__0sprintf)
    softver_edtion                           0x08029b68   Data           6  processscope.o(.constdata)
    FSMC_DefaultTimingStruct                 0x0802a9a0   Data          28  stm32f4xx_fsmc.o(.constdata)
    COM_USART                                0x0802a9bc   Data          12  scope_eval.o(.constdata)
    COM_USART_CLK                            0x0802a9c8   Data          12  scope_eval.o(.constdata)
    COM_ET_IRQn                              0x0802a9d4   Data           6  scope_eval.o(.constdata)
    COM_TX_PORT                              0x0802a9dc   Data          12  scope_eval.o(.constdata)
    COM_TX_PIN                               0x0802a9e8   Data           6  scope_eval.o(.constdata)
    COM_TX_PORT_CLK                          0x0802a9f0   Data          12  scope_eval.o(.constdata)
    COM_RX_PORT                              0x0802a9fc   Data          12  scope_eval.o(.constdata)
    COM_RX_PIN                               0x0802aa08   Data           6  scope_eval.o(.constdata)
    COM_RX_PORT_CLK                          0x0802aa10   Data          12  scope_eval.o(.constdata)
    COM_AF_TX_PINSOURCE                      0x0802aa1c   Data           3  scope_eval.o(.constdata)
    COM_AF_RX_PINSOURCE                      0x0802aa1f   Data           3  scope_eval.o(.constdata)
    COM_AF_UART                              0x0802aa22   Data           3  scope_eval.o(.constdata)
    OUT_PORT                                 0x0802aa28   Data          28  scope_eval.o(.constdata)
    OUT_PIN                                  0x0802aa44   Data          14  scope_eval.o(.constdata)
    OUT_CLK                                  0x0802aa54   Data          28  scope_eval.o(.constdata)
    IN_PORT                                  0x0802aa70   Data          28  scope_eval.o(.constdata)
    IN_PIN                                   0x0802aa8c   Data          14  scope_eval.o(.constdata)
    IN_CLK                                   0x0802aa9c   Data          28  scope_eval.o(.constdata)
    IN_ET_LINE                               0x0802aab8   Data          14  scope_eval.o(.constdata)
    IN_ET_PORT                               0x0802aac6   Data          14  scope_eval.o(.constdata)
    IN_ET_PIN                                0x0802aad4   Data          14  scope_eval.o(.constdata)
    IN_ET_IRQn                               0x0802aae2   Data          14  scope_eval.o(.constdata)
    g_Turn_Motor_Table                       0x0802ab00   Data          16  driver.o(.constdata)
    ethbroadcast                             0x0802ab10   Data           6  etharp.o(.constdata)
    ethzero                                  0x0802ab16   Data           6  etharp.o(.constdata)
    ip_addr_any                              0x0802ab1c   Data           4  ip_addr.o(.constdata)
    ip_addr_broadcast                        0x0802ab20   Data           4  ip_addr.o(.constdata)
    tcp_state_str                            0x0802ab48   Data          44  tcp.o(.constdata)
    tcp_backoff                              0x0802ab74   Data          13  tcp.o(.constdata)
    tcp_persist_backoff                      0x0802ab81   Data           7  tcp.o(.constdata)
    tcp_pcb_lists                            0x0802ab88   Data          16  tcp.o(.constdata)
    SystemCoreClock                          0x20000000   Data           4  system_stm32f4xx.o(.data)
    AHBPrescTable                            0x20000004   Data          16  system_stm32f4xx.o(.data)
    g_tOCLevel                               0x2000001e   Data           4  systemscope.o(.data)
    g_tSystemStatus                          0x20000022   Data           3  systemscope.o(.data)
    g_atInterval                             0x20000026   Data           8  systemscope.o(.data)
    g_nError                                 0x20000030   Data           4  systemscope.o(.data)
    g_nFlag                                  0x20000034   Data           4  systemscope.o(.data)
    g_Test_Mode                              0x20000042   Data           1  processscope.o(.data)
    g_Micro_Switch                           0x20000043   Data           1  processscope.o(.data)
    g_Udp_Count                              0x20000048   Data           4  processscope.o(.data)
    g_Frame_Count                            0x2000004c   Data           4  processscope.o(.data)
    g_Send_Fail                              0x20000050   Data           4  processscope.o(.data)
    g_AirLight_Flag                          0x20000054   Data           1  processscope.o(.data)
    g_Debug_Data                             0x2000006e   Data         512  interfacescope.o(.data)
    DMATxDescToSet                           0x20000294   Data           4  stm32f4x7_eth.o(.data)
    DMARxDescToGet                           0x20000298   Data           4  stm32f4x7_eth.o(.data)
    DMA_RX_FRAME_infos                       0x2000029c   Data           4  stm32f4x7_eth.o(.data)
    Frame_Rx_index                           0x200002a0   Data           4  stm32f4x7_eth.o(.data)
    g_Elec_Status                            0x20000314   Data           1  driver.o(.data)
    g_Turn_Position                          0x20000315   Data           1  driver.o(.data)
    current_netif                            0x20000318   Data           4  ip.o(.data)
    current_header                           0x2000031c   Data           4  ip.o(.data)
    current_iphdr_src                        0x20000320   Data           4  ip.o(.data)
    current_iphdr_dest                       0x20000324   Data           4  ip.o(.data)
    netif_list                               0x20000344   Data           4  netif.o(.data)
    netif_default                            0x20000348   Data           4  netif.o(.data)
    tcp_ticks                                0x2000035c   Data           4  tcp.o(.data)
    tcp_bound_pcbs                           0x20000360   Data           4  tcp.o(.data)
    tcp_listen_pcbs                          0x20000364   Data           4  tcp.o(.data)
    tcp_active_pcbs                          0x20000368   Data           4  tcp.o(.data)
    tcp_tw_pcbs                              0x2000036c   Data           4  tcp.o(.data)
    tcp_tmp_pcb                              0x20000370   Data           4  tcp.o(.data)
    tcp_active_pcbs_changed                  0x20000374   Data           1  tcp.o(.data)
    tcp_input_pcb                            0x20000394   Data           4  tcp_in.o(.data)
    udp_pcbs                                 0x2000039c   Data           4  udp.o(.data)
    TCPTimer                                 0x200003ac   Data           4  netconf.o(.data)
    ARPTimer                                 0x200003b0   Data           4  netconf.o(.data)
    IPaddress                                0x200003b4   Data           4  netconf.o(.data)
    EthStatus                                0x200003c4   Data           4  stm32f4x7_eth_bsp.o(.data)
    s_tAddr                                  0x200003d4   Data           4  udp_echoserver.o(.data)
    s_nPort                                  0x200003d8   Data           2  udp_echoserver.o(.data)
    s_ptUpcb                                 0x200003dc   Data           4  udp_echoserver.o(.data)
    __stdout                                 0x200003e0   Data           4  stdout.o(.data)
    g_tAxisPosStatus                         0x200003e4   Data          28  systemscope.o(.bss)
    g_tSystemPara                            0x20000400   Data          54  systemscope.o(.bss)
    g_nErrorParaSet                          0x20000436   Data          64  systemscope.o(.bss)
    ADC1_Status                              0x20000478   Data          12  processscope.o(.bss)
    g_ADC1_Buffer                            0x20000484   Data         512  processscope.o(.bss)
    ADC2_Status                              0x20000684   Data          12  processscope.o(.bss)
    g_ADC2_Buffer                            0x20000690   Data         512  processscope.o(.bss)
    g_CRP_Data                               0x20000890   Data        1032  processscope.o(.bss)
    g_NET_achCmdRvBuf                        0x20000c98   Data         256  protocol.o(.bss)
    g_achFbkSdBuf                            0x20000d98   Data        1500  protocol.o(.bss)
    g_achFbkSdLogBuf                         0x20001374   Data        1500  protocol.o(.bss)
    g_SPG_achCmdRvBuf                        0x20002508   Data          80  samplingport.o(.bss)
    g_Record_Param                           0x20002558   Data          28  storagemanagement.o(.bss)
    DMARxDscrTab                             0x20002574   Data         256  stm32f4x7_eth.o(.bss)
    DMATxDscrTab                             0x20002674   Data         256  stm32f4x7_eth.o(.bss)
    Rx_Buff                                  0x20002774   Data       12192  stm32f4x7_eth.o(.bss)
    Tx_Buff                                  0x20005714   Data       12192  stm32f4x7_eth.o(.bss)
    RX_Frame_Descriptor                      0x200086b4   Data          12  stm32f4x7_eth.o(.bss)
    g_atMotorStatus                          0x200086c0   Data          16  scope_move.o(.bss)
    g_atMotorPara                            0x200086d0   Data          32  scope_move.o(.bss)
    dhcp_rx_options_val                      0x20009ed4   Data          40  dhcp.o(.bss)
    dhcp_rx_options_given                    0x20009efc   Data          10  dhcp.o(.bss)
    ram_heap                                 0x20009f06   Data       10260  mem.o(.bss)
    gnetif                                   0x20011334   Data          56  netconf.o(.bss)
    ETH_InitStructure                        0x2001136c   Data         188  stm32f4x7_eth_bsp.o(.bss)
    __initial_sp                             0x20015428   Data           0  startup_stm32f40_41xxx.o(STACK)



==============================================================================

Memory Map of the image

  Image Entry point : 0x08000189

  Load Region LR_IROM1 (Base: 0x08000000, Size: 0x000005e4, Max: 0x00003fff, ABSOLUTE, COMPRESSED[0x000002f0])

    Execution Region ER_IROM1 (Base: 0x08000000, Size: 0x00000200, Max: 0x00003fff, ABSOLUTE)

    Base Addr    Size         Type   Attr      Idx    E Section Name        Object

    0x08000000   0x00000188   Data   RO          294    RESET               startup_stm32f40_41xxx.o
    0x08000188   0x00000000   Code   RO         2133  * .ARM.Collect$$$$00000000  mc_w.l(entry.o)
    0x08000188   0x00000004   Code   RO         2423    .ARM.Collect$$$$00000001  mc_w.l(entry2.o)
    0x0800018c   0x00000004   Code   RO         2426    .ARM.Collect$$$$00000004  mc_w.l(entry5.o)
    0x08000190   0x00000000   Code   RO         2428    .ARM.Collect$$$$00000008  mc_w.l(entry7b.o)
    0x08000190   0x00000000   Code   RO         2430    .ARM.Collect$$$$0000000A  mc_w.l(entry8b.o)
    0x08000190   0x00000008   Code   RO         2431    .ARM.Collect$$$$0000000B  mc_w.l(entry9a.o)
    0x08000198   0x00000000   Code   RO         2433    .ARM.Collect$$$$0000000D  mc_w.l(entry10a.o)
    0x08000198   0x00000000   Code   RO         2435    .ARM.Collect$$$$0000000F  mc_w.l(entry11a.o)
    0x08000198   0x00000004   Code   RO         2424    .ARM.Collect$$$$00002712  mc_w.l(entry2.o)
    0x0800019c   0x00000024   Code   RO         2455    .text               mc_w.l(init.o)
    0x080001c0   0x0000000e   Code   RO         2459    i.__scatterload_copy  mc_w.l(handlers.o)
    0x080001ce   0x00000002   Code   RO         2460    i.__scatterload_null  mc_w.l(handlers.o)
    0x080001d0   0x0000000e   Code   RO         2461    i.__scatterload_zeroinit  mc_w.l(handlers.o)
    0x080001de   0x00000002   PAD
    0x080001e0   0x00000020   Data   RO         2457    Region$$Table       anon$$obj.o


    Execution Region RW_IRAM1 (Base: 0x20000000, Size: 0x00015428, Max: 0x00020000, ABSOLUTE, COMPRESSED[0x000000f0])

    Base Addr    Size         Type   Attr      Idx    E Section Name        Object

    0x20000000   0x00000014   Data   RW          269    .data               system_stm32f4xx.o
    0x20000014   0x00000024   Data   RW          304    .data               systemscope.o
    0x20000038   0x0000001d   Data   RW          332    .data               processscope.o
    0x20000055   0x0000000c   Data   RW          362    .data               protocol.o
    0x20000061   0x00000003   PAD
    0x20000064   0x0000021a   Data   RW          394    .data               interfacescope.o
    0x2000027e   0x00000014   Data   RW          422    .data               samplingport.o
    0x20000292   0x00000002   PAD
    0x20000294   0x00000010   Data   RW          476    .data               stm32f4x7_eth.o
    0x200002a4   0x00000010   Data   RW         1031    .data               stm32f4xx_rcc.o
    0x200002b4   0x00000020   Data   RW         1238    .data               scope_it.o
    0x200002d4   0x00000012   Data   RW         1317    .data               buffercircle.o
    0x200002e6   0x00000012   Data   RW         1340    .data               netbuffercircle.o
    0x200002f8   0x00000012   Data   RW         1363    .data               samplebuffercircle.o
    0x2000030a   0x0000000c   Data   RW         1413    .data               driver.o
    0x20000316   0x00000001   Data   RW         1529    .data               etharp.o
    0x20000317   0x00000001   PAD
    0x20000318   0x00000012   Data   RW         1644    .data               ip.o
    0x2000032a   0x00000002   PAD
    0x2000032c   0x00000006   Data   RW         1704    .data               ip_frag.o
    0x20000332   0x00000002   PAD
    0x20000334   0x00000004   Data   RW         1734    .data               dhcp.o
    0x20000338   0x0000000c   Data   RW         1792    .data               mem.o
    0x20000344   0x00000009   Data   RW         1834    .data               netif.o
    0x2000034d   0x00000003   PAD
    0x20000350   0x00000004   Data   RW         1868    .data               raw.o
    0x20000354   0x00000023   Data   RW         1896    .data               tcp.o
    0x20000377   0x00000001   PAD
    0x20000378   0x00000020   Data   RW         1919    .data               tcp_in.o
    0x20000398   0x00000008   Data   RW         1965    .data               udp.o
    0x200003a0   0x00000018   Data   RW         2048    .data               netconf.o
    0x200003b8   0x00000010   Data   RW         2073    .data               stm32f4x7_eth_bsp.o
    0x200003c8   0x00000018   Data   RW         2106    .data               udp_echoserver.o
    0x200003e0   0x00000004   Data   RW         2437    .data               mc_w.l(stdout.o)
    0x200003e4   0x00000092   Zero   RW          302    .bss                systemscope.o
    0x20000476   0x00000002   PAD
    0x20000478   0x00000820   Zero   RW          330    .bss                processscope.o
    0x20000c98   0x00000cb8   Zero   RW          361    .bss                protocol.o
    0x20001950   0x00000bb8   Zero   RW          392    .bss                interfacescope.o
    0x20002508   0x00000050   Zero   RW          421    .bss                samplingport.o
    0x20002558   0x0000001c   Zero   RW          448    .bss                storagemanagement.o
    0x20002574   0x0000614c   Zero   RW          475    .bss                stm32f4x7_eth.o
    0x200086c0   0x00000030   Zero   RW         1288    .bss                scope_move.o
    0x200086f0   0x000009c4   Zero   RW         1316    .bss                buffercircle.o
    0x200090b4   0x00000c80   Zero   RW         1339    .bss                netbuffercircle.o
    0x20009d34   0x000000c8   Zero   RW         1362    .bss                samplebuffercircle.o
    0x20009dfc   0x000000c8   Zero   RW         1527    .bss                etharp.o
    0x20009ec4   0x00000010   Zero   RW         1681    .bss                ip_addr.o
    0x20009ed4   0x00000032   Zero   RW         1733    .bss                dhcp.o
    0x20009f06   0x00002814   Zero   RW         1791    .bss                mem.o
    0x2000c71a   0x00000002   PAD
    0x2000c71c   0x00004c07   Zero   RW         1807    .bss                memp.o
    0x20011323   0x00000001   PAD
    0x20011324   0x00000010   Zero   RW         1918    .bss                tcp_in.o
    0x20011334   0x00000038   Zero   RW         2047    .bss                netconf.o
    0x2001136c   0x000000bc   Zero   RW         2072    .bss                stm32f4x7_eth_bsp.o
    0x20011428   0x00004000   Zero   RW          292    STACK               startup_stm32f40_41xxx.o



  Load Region LR_IROM2 (Base: 0x08008000, Size: 0x00022c4c, Max: 0x0003ffff, ABSOLUTE)

    Execution Region ER_IROM2 (Base: 0x08008000, Size: 0x00022c4c, Max: 0x0003ffff, ABSOLUTE)

    Base Addr    Size         Type   Attr      Idx    E Section Name        Object

    0x08008000   0x0000022c   Code   RO            3    .text               scopemain.o
    0x0800822c   0x000002cc   Code   RO          268    .text               system_stm32f4xx.o
    0x080084f8   0x00000024   Code   RO          295    .text               startup_stm32f40_41xxx.o
    0x0800851c   0x000001d4   Code   RO          301    .text               systemscope.o
    0x080086f0   0x000054d0   Code   RO          329    .text               processscope.o
    0x0800dbc0   0x0000049c   Code   RO          360    .text               protocol.o
    0x0800e05c   0x000019f8   Code   RO          391    .text               interfacescope.o
    0x0800fa54   0x00000364   Code   RO          420    .text               samplingport.o
    0x0800fdb8   0x00000190   Code   RO          447    .text               storagemanagement.o
    0x0800ff48   0x00001e30   Code   RO          474    .text               stm32f4x7_eth.o
    0x08011d78   0x000001dc   Code   RO          498    .text               misc.o
    0x08011f54   0x00001070   Code   RO          538    .text               stm32f4xx_adc.o
    0x08012fc4   0x000005f8   Code   RO          678    .text               stm32f4xx_dac.o
    0x080135bc   0x000013a4   Code   RO          761    .text               stm32f4xx_dma.o
    0x08014960   0x000002f8   Code   RO          781    .text               stm32f4xx_exti.o
    0x08014c58   0x00000a94   Code   RO          801    .text               stm32f4xx_flash.o
    0x080156ec   0x00000e48   Code   RO          844    .text               stm32f4xx_fsmc.o
    0x08016534   0x00000a10   Code   RO          867    .text               stm32f4xx_gpio.o
    0x08016f44   0x00000f60   Code   RO         1030    .text               stm32f4xx_rcc.o
    0x08017ea4   0x00000dd0   Code   RO         1135    .text               stm32f4xx_spi.o
    0x08018c74   0x0000019c   Code   RO         1155    .text               stm32f4xx_syscfg.o
    0x08018e10   0x00003284   Code   RO         1175    .text               stm32f4xx_tim.o
    0x0801c094   0x0000115c   Code   RO         1195    .text               stm32f4xx_usart.o
    0x0801d1f0   0x00000378   Code   RO         1215    .text               fpga.o
    0x0801d568   0x00000274   Code   RO         1237    .text               scope_it.o
    0x0801d7dc   0x0000045c   Code   RO         1259    .text               scope_eval.o
    0x0801dc38   0x000003ec   Code   RO         1287    .text               scope_move.o
    0x0801e024   0x000003b8   Code   RO         1315    .text               buffercircle.o
    0x0801e3dc   0x000003b8   Code   RO         1338    .text               netbuffercircle.o
    0x0801e794   0x0000038c   Code   RO         1361    .text               samplebuffercircle.o
    0x0801eb20   0x00002198   Code   RO         1410    .text               driver.o
    0x08020cb8   0x0000082c   Code   RO         1462    .text               ad7799.o
    0x080214e4   0x00000290   Code   RO         1484    .text               ethernetif.o
    0x08021774   0x0000092c   Code   RO         1526    .text               etharp.o
    0x080220a0   0x000001f0   Code   RO         1585    .text               icmp.o
    0x08022290   0x00000222   Code   RO         1625    .text               inet_chksum.o
    0x080224b2   0x00000002   PAD
    0x080224b4   0x00000308   Code   RO         1643    .text               ip.o
    0x080227bc   0x000002b4   Code   RO         1680    .text               ip_addr.o
    0x08022a70   0x00000694   Code   RO         1703    .text               ip_frag.o
    0x08023104   0x0000003e   Code   RO         1720    .text               def.o
    0x08023142   0x00000002   PAD
    0x08023144   0x000010cc   Code   RO         1732    .text               dhcp.o
    0x08024210   0x0000033c   Code   RO         1790    .text               mem.o
    0x0802454c   0x000000a8   Code   RO         1806    .text               memp.o
    0x080245f4   0x000002ac   Code   RO         1833    .text               netif.o
    0x080248a0   0x0000073a   Code   RO         1855    .text               pbuf.o
    0x08024fda   0x00000002   PAD
    0x08024fdc   0x000001b0   Code   RO         1867    .text               raw.o
    0x0802518c   0x00000e18   Code   RO         1893    .text               tcp.o
    0x08025fa4   0x000012ac   Code   RO         1917    .text               tcp_in.o
    0x08027250   0x00000c2e   Code   RO         1940    .text               tcp_out.o
    0x08027e7e   0x00000002   Code   RO         1952    .text               timers.o
    0x08027e80   0x00000480   Code   RO         1964    .text               udp.o
    0x08028300   0x00000170   Code   RO         2046    .text               netconf.o
    0x08028470   0x00000438   Code   RO         2071    .text               stm32f4x7_eth_bsp.o
    0x080288a8   0x0000025c   Code   RO         2104    .text               udp_echoserver.o
    0x08028b04   0x00000024   Code   RO         2136    .text               mc_w.l(memcpya.o)
    0x08028b28   0x00000024   Code   RO         2138    .text               mc_w.l(memseta.o)
    0x08028b4c   0x00000018   Code   RO         2140    .text               mc_w.l(strncpy.o)
    0x08028b64   0x0000000e   Code   RO         2142    .text               mc_w.l(strlen.o)
    0x08028b72   0x0000001a   Code   RO         2144    .text               mc_w.l(memcmp.o)
    0x08028b8c   0x0000014e   Code   RO         2409    .text               mf_w.l(dadd.o)
    0x08028cda   0x000000e4   Code   RO         2411    .text               mf_w.l(dmul.o)
    0x08028dbe   0x0000001a   Code   RO         2413    .text               mf_w.l(dfltui.o)
    0x08028dd8   0x0000003e   Code   RO         2415    .text               mf_w.l(dfixi.o)
    0x08028e16   0x00000032   Code   RO         2417    .text               mf_w.l(dfixui.o)
    0x08028e48   0x00000026   Code   RO         2419    .text               mf_w.l(f2d.o)
    0x08028e6e   0x00000002   PAD
    0x08028e70   0x00000028   Code   RO         2421    .text               mf_w.l(cdrcmple.o)
    0x08028e98   0x0000002c   Code   RO         2438    .text               mc_w.l(uidiv.o)
    0x08028ec4   0x00000062   Code   RO         2440    .text               mc_w.l(uldiv.o)
    0x08028f26   0x0000001e   Code   RO         2442    .text               mc_w.l(llshl.o)
    0x08028f44   0x00000020   Code   RO         2444    .text               mc_w.l(llushr.o)
    0x08028f64   0x00000024   Code   RO         2446    .text               mc_w.l(llsshr.o)
    0x08028f88   0x00000000   Code   RO         2448    .text               mc_w.l(iusefp.o)
    0x08028f88   0x000000be   Code   RO         2449    .text               mf_w.l(depilogue.o)
    0x08029046   0x000000de   Code   RO         2451    .text               mf_w.l(ddiv.o)
    0x08029124   0x00000030   Code   RO         2453    .text               mf_w.l(dfixul.o)
    0x08029154   0x00000060   Code   RO         2465    .text               mc_w.l(__dclz77c.o)
    0x080291b4   0x00000020   Code   RO         2381    i.__0printf         mc_w.l(printfa.o)
    0x080291d4   0x00000028   Code   RO         2383    i.__0sprintf        mc_w.l(printfa.o)
    0x080291fc   0x0000015c   Code   RO         2388    i._fp_digits        mc_w.l(printfa.o)
    0x08029358   0x000006f0   Code   RO         2389    i._printf_core      mc_w.l(printfa.o)
    0x08029a48   0x00000026   Code   RO         2390    i._printf_post_padding  mc_w.l(printfa.o)
    0x08029a6e   0x00000030   Code   RO         2391    i._printf_pre_padding  mc_w.l(printfa.o)
    0x08029a9e   0x0000000a   Code   RO         2393    i._sputc            mc_w.l(printfa.o)
    0x08029aa8   0x000000c0   Data   RO          303    .constdata          systemscope.o
    0x08029b68   0x00000d9d   Data   RO          331    .constdata          processscope.o
    0x0802a905   0x00000003   PAD
    0x0802a908   0x00000098   Data   RO          393    .constdata          interfacescope.o
    0x0802a9a0   0x0000001c   Data   RO          845    .constdata          stm32f4xx_fsmc.o
    0x0802a9bc   0x00000134   Data   RO         1260    .constdata          scope_eval.o
    0x0802aaf0   0x00000010   Data   RO         1289    .constdata          scope_move.o
    0x0802ab00   0x00000010   Data   RO         1412    .constdata          driver.o
    0x0802ab10   0x0000000c   Data   RO         1528    .constdata          etharp.o
    0x0802ab1c   0x00000008   Data   RO         1682    .constdata          ip_addr.o
    0x0802ab24   0x00000024   Data   RO         1808    .constdata          memp.o
    0x0802ab48   0x00000050   Data   RO         1894    .constdata          tcp.o
    0x0802ab98   0x0000004b   Data   RO         2105    .constdata          udp_echoserver.o
    0x0802abe3   0x00000068   Data   RO         1895    .conststring        tcp.o


==============================================================================

Image component sizes


      Code (inc. data)   RO Data    RW Data    ZI Data      Debug   Object Name

      2092        152          0          0          0       5465   ad7799.o
       952         16          0         18       2500       4406   buffercircle.o
        62          0          0          0          0       1174   def.o
      4300         80          0          4         50      12570   dhcp.o
      8600        940         16         12          0      27791   driver.o
      2348         22         12          1        200      15877   etharp.o
       656         36          0          0          0       7755   ethernetif.o
       888         18          0          0          0       2691   fpga.o
       496          8          0          0          0       3342   icmp.o
         0          0          0          0          0       3768   inet.o
       546          0          0          0          0       2897   inet_chksum.o
      6648        478        152        538       3000      45509   interfacescope.o
       776         30          0         18          0      15476   ip.o
       692         12          8          0         16       9151   ip_addr.o
      1684         18          0          6          0       6988   ip_frag.o
       828         18          0         12      10260       3822   mem.o
       168         18         36          0      19463       2322   memp.o
       476         56          0          0          0       1889   misc.o
       952         16          0         18       3200       4724   netbuffercircle.o
       368        142          0         24         56       1826   netconf.o
       684         20          0          9          0       6449   netif.o
      1850          0          0          0          0       8809   pbuf.o
     21712       4908       3485         29       2080      31337   processscope.o
      1180         58          0         12       3256       8251   protocol.o
       432         14          0          4          0       3237   raw.o
       908         16          0         18        200       4434   samplebuffercircle.o
       868         32          0         20         80       6209   samplingport.o
      1116        178        308          0          0      31210   scope_eval.o
       628         68          0         32          0       3292   scope_it.o
      1004         18         16          0         48       4431   scope_move.o
       556        278          0          0          0     419465   scopemain.o
        36          8        392          0      16384        796   startup_stm32f40_41xxx.o
      7728        216          0         16      24908      23289   stm32f4x7_eth.o
      1080        192          0         16        188       4669   stm32f4x7_eth_bsp.o
      4208        130          0          0          0      12554   stm32f4xx_adc.o
      1528         48          0          0          0       5381   stm32f4xx_dac.o
      5028        330          0          0          0       8513   stm32f4xx_dma.o
       760         50          0          0          0       2551   stm32f4xx_exti.o
      2708         82          0          0          0       9918   stm32f4xx_flash.o
      3656        130         28          0          0       7038   stm32f4xx_fsmc.o
      2576        178          0          0          0       5213   stm32f4xx_gpio.o
      3936        252          0         16          0      15056   stm32f4xx_rcc.o
      3536        168          0          0          0       8333   stm32f4xx_spi.o
       412         62          0          0          0       1961   stm32f4xx_syscfg.o
     12932        652          0          0          0      29104   stm32f4xx_tim.o
      4444        228          0          0          0       9852   stm32f4xx_usart.o
       400         46          0          0         28       3952   storagemanagement.o
       716         50          0         20          0       1968   system_stm32f4xx.o
       468         46        192         36        146       5689   systemscope.o
      3608        138        184         35          0      21203   tcp.o
      4780        232          0         32         16      14487   tcp_in.o
      3118          8          0          0          0       9307   tcp_out.o
         2          0          0          0          0        435   timers.o
      1152         22          0          8          0      13765   udp.o
       604        216         75         24          0       2237   udp_echoserver.o

    ----------------------------------------------------------------------
    133892      11134       4940        992      86084     923838   Object Totals
         0          0         32          0          0          0   (incl. Generated)
         6          0          4         14          5          0   (incl. Padding)

    ----------------------------------------------------------------------

      Code (inc. data)   RO Data    RW Data    ZI Data      Debug   Library Member Name

        96          0          0          0          0          0   __dclz77c.o
         0          0          0          0          0          0   entry.o
         0          0          0          0          0          0   entry10a.o
         0          0          0          0          0          0   entry11a.o
         8          4          0          0          0          0   entry2.o
         4          0          0          0          0          0   entry5.o
         0          0          0          0          0          0   entry7b.o
         0          0          0          0          0          0   entry8b.o
         8          4          0          0          0          0   entry9a.o
        30          0          0          0          0          0   handlers.o
        36          8          0          0          0         68   init.o
         0          0          0          0          0          0   iusefp.o
        30          0          0          0          0         68   llshl.o
        36          0          0          0          0         68   llsshr.o
        32          0          0          0          0         68   llushr.o
        26          0          0          0          0         80   memcmp.o
        36          0          0          0          0         68   memcpya.o
        36          0          0          0          0        108   memseta.o
      2292         96          0          0          0        596   printfa.o
         0          0          0          4          0          0   stdout.o
        14          0          0          0          0         68   strlen.o
        24          0          0          0          0         76   strncpy.o
        44          0          0          0          0         80   uidiv.o
        98          0          0          0          0         92   uldiv.o
        40          2          0          0          0         68   cdrcmple.o
       334          0          0          0          0        148   dadd.o
       222          0          0          0          0        100   ddiv.o
       190          0          0          0          0        176   depilogue.o
        62          0          0          0          0         80   dfixi.o
        50          0          0          0          0         76   dfixui.o
        48          0          0          0          0         68   dfixul.o
        26          0          0          0          0         76   dfltui.o
       228          0          0          0          0         96   dmul.o
        38          0          0          0          0         68   f2d.o

    ----------------------------------------------------------------------
      4092        114          0          4          0       2396   Library Totals
         4          0          0          0          0          0   (incl. Padding)

    ----------------------------------------------------------------------

      Code (inc. data)   RO Data    RW Data    ZI Data      Debug   Library Name

      2850        112          0          4          0       1440   mc_w.l
      1238          2          0          0          0        956   mf_w.l

    ----------------------------------------------------------------------
      4092        114          0          4          0       2396   Library Totals

    ----------------------------------------------------------------------

==============================================================================


      Code (inc. data)   RO Data    RW Data    ZI Data      Debug   

    137984      11248       4940        996      86084     912534   Grand Totals
    137984      11248       4940        240      86084     912534   ELF Image Totals (compressed)
    137984      11248       4940        240          0          0   ROM Totals

==============================================================================

    Total RO  Size (Code + RO Data)               142924 ( 139.57kB)
    Total RW  Size (RW Data + ZI Data)             87080 (  85.04kB)
    Total ROM Size (Code + RO Data + RW Data)     143164 ( 139.81kB)

==============================================================================

