ARM Linker, 5.03 [Build 76] [MDK-ARM Professional]

==============================================================================

Section Cross References

    scopemain.o(.text) refers to memseta.o(.text) for __aeabi_memclr4
    scopemain.o(.text) refers to storagemanagement.o(.text) for Flash_Read_Param
    scopemain.o(.text) refers to printf8.o(i.__0printf$8) for __2printf
    scopemain.o(.text) refers to scope_eval.o(.text) for EVAL_OutputSet
    scopemain.o(.text) refers to scope_it.o(.text) for IT_SYS_DlyMs
    scopemain.o(.text) refers to protocol.o(.text) for PL_InitProtocol
    scopemain.o(.text) refers to samplingport.o(.text) for SPG_InitProtocol
    scopemain.o(.text) refers to stm32f4x7_eth_bsp.o(.text) for ETH_BSP_Config
    scopemain.o(.text) refers to netconf.o(.text) for LwIP_Init
    scopemain.o(.text) refers to udp_echoserver.o(.text) for udp_echoserver_init
    scopemain.o(.text) refers to systemscope.o(.text) for Iint_SysParam
    scopemain.o(.text) refers to interfacescope.o(.text) for HW_LWIP_MainLine
    scopemain.o(.text) refers to storagemanagement.o(.bss) for g_Record_Param
    scopemain.o(.text) refers to processscope.o(.data) for g_AirLight_Flag
    system_stm32f4xx.o(.text) refers to stm32f4xx_rcc.o(.text) for RCC_DeInit
    system_stm32f4xx.o(.text) refers to system_stm32f4xx.o(.data) for SystemCoreClock
    startup_stm32f40_41xxx.o(RESET) refers to startup_stm32f40_41xxx.o(STACK) for __initial_sp
    startup_stm32f40_41xxx.o(RESET) refers to startup_stm32f40_41xxx.o(.text) for Reset_Handler
    startup_stm32f40_41xxx.o(RESET) refers to scope_it.o(.text) for SysTick_Handler
    startup_stm32f40_41xxx.o(RESET) refers to driver.o(.text) for EXTI9_5_IRQHandler
    startup_stm32f40_41xxx.o(.text) refers to system_stm32f4xx.o(.text) for SystemInit
    startup_stm32f40_41xxx.o(.text) refers to entry.o(.ARM.Collect$$$$00000000) for __main
    systemscope.o(.text) refers to memseta.o(.text) for __aeabi_memclr4
    systemscope.o(.text) refers to processscope.o(.bss) for g_CRP_Data
    systemscope.o(.text) refers to systemscope.o(.data) for g_nError
    systemscope.o(.text) refers to systemscope.o(.bss) for g_tAxisPosStatus
    systemscope.o(.text) refers to systemscope.o(.constdata) for m_nConstBitsMap
    processscope.o(.text) refers to scope_it.o(.text) for IT_LIST_GetTicks
    processscope.o(.text) refers to protocol.o(.text) for PL_NET_SendResult
    processscope.o(.text) refers to processscope.o(.data) for g_Udp_Count
    processscope.o(.text) refers to printf8.o(i.__0printf$8) for __2printf
    processscope.o(.text) refers to interfacescope.o(.text) for HW_LWIP_Working_Recv_Handle
    processscope.o(.text) refers to netconf.o(.text) for LwIP_Periodic_Handle
    processscope.o(.text) refers to systemscope.o(.bss) for g_tAxisPosStatus
    processscope.o(.text) refers to processscope.o(.constdata) for .constdata
    processscope.o(.text) refers to storagemanagement.o(.bss) for g_Record_Param
    processscope.o(.text) refers to storagemanagement.o(.text) for Flash_Write_Param
    processscope.o(.text) refers to memseta.o(.text) for __aeabi_memclr4
    processscope.o(.text) refers to driver.o(.text) for Get_Micro_OC_Status
    processscope.o(.text) refers to processscope.o(.bss) for g_CRP_Data
    processscope.o(.text) refers to stm32f4xx_adc.o(.text) for ADC_DMACmd
    processscope.o(.text) refers to stm32f4xx_dma.o(.text) for DMA_Cmd
    processscope.o(.text) refers to printf8.o(i.__0sprintf$8) for __2sprintf
    processscope.o(.text) refers to udp_echoserver.o(.text) for udp_echoserver_senddata
    processscope.o(.text) refers to protocol.o(.bss) for g_achFbkSdLogBuf
    processscope.o(.text) refers to systemscope.o(.text) for SYS_HasError
    processscope.o(.text) refers to strncpy.o(.text) for strncpy
    protocol.o(.text) refers to buffercircle.o(.text) for BUF_Send_Init
    protocol.o(.text) refers to netbuffercircle.o(.text) for NET_BUF_Send_Init
    protocol.o(.text) refers to stm32f4xx_usart.o(.text) for USART_ITConfig
    protocol.o(.text) refers to udp_echoserver.o(.text) for udp_echoserver_senddata
    protocol.o(.text) refers to memcpya.o(.text) for __aeabi_memcpy
    protocol.o(.text) refers to strlen.o(.text) for strlen
    protocol.o(.text) refers to protocol.o(.data) for m_NET_tRecvBufStatus
    protocol.o(.text) refers to protocol.o(.bss) for g_NET_achCmdRvBuf
    interfacescope.o(.text) refers to scope_move.o(.text) for MV_InitPara
    interfacescope.o(.text) refers to fpga.o(.text) for FPGA_ReadBuffer
    interfacescope.o(.text) refers to processscope.o(.text) for moto_work_stat_2
    interfacescope.o(.text) refers to scope_it.o(.text) for IT_SYS_DlyMs
    interfacescope.o(.text) refers to printf8.o(i.__0printf$8) for __2printf
    interfacescope.o(.text) refers to systemscope.o(.bss) for g_tAxisPosStatus
    interfacescope.o(.text) refers to scope_move.o(.bss) for g_atMotorPara
    interfacescope.o(.text) refers to storagemanagement.o(.bss) for g_Record_Param
[...]
    EXTI_DeInit                              0x08014a49   Thumb Code    28  stm32f4xx_exti.o(.text)
    EXTI_Init                                0x08014a65   Thumb Code   236  stm32f4xx_exti.o(.text)
    EXTI_StructInit                          0x08014b51   Thumb Code    16  stm32f4xx_exti.o(.text)
    EXTI_GenerateSWInterrupt                 0x08014b61   Thumb Code    38  stm32f4xx_exti.o(.text)
    EXTI_GetFlagStatus                       0x08014b87   Thumb Code   164  stm32f4xx_exti.o(.text)
    EXTI_ClearFlag                           0x08014c2b   Thumb Code    30  stm32f4xx_exti.o(.text)
    EXTI_GetITStatus                         0x08014c49   Thumb Code   166  stm32f4xx_exti.o(.text)
    EXTI_ClearITPendingBit                   0x08014cef   Thumb Code    32  stm32f4xx_exti.o(.text)
    FLASH_SetLatency                         0x08014d41   Thumb Code    84  stm32f4xx_flash.o(.text)
    FLASH_PrefetchBufferCmd                  0x08014d95   Thumb Code    52  stm32f4xx_flash.o(.text)
    FLASH_InstructionCacheCmd                0x08014dc9   Thumb Code    52  stm32f4xx_flash.o(.text)
    FLASH_DataCacheCmd                       0x08014dfd   Thumb Code    52  stm32f4xx_flash.o(.text)
    FLASH_InstructionCacheReset              0x08014e31   Thumb Code    14  stm32f4xx_flash.o(.text)
    FLASH_DataCacheReset                     0x08014e3f   Thumb Code    14  stm32f4xx_flash.o(.text)
    FLASH_Unlock                             0x08014e4d   Thumb Code    26  stm32f4xx_flash.o(.text)
    FLASH_Lock                               0x08014e67   Thumb Code    18  stm32f4xx_flash.o(.text)
    FLASH_GetStatus                          0x08014e79   Thumb Code    90  stm32f4xx_flash.o(.text)
    FLASH_WaitForLastOperation               0x08014ed3   Thumb Code    34  stm32f4xx_flash.o(.text)
    FLASH_EraseSector                        0x08014ef5   Thumb Code   278  stm32f4xx_flash.o(.text)
    FLASH_EraseAllSectors                    0x0801500b   Thumb Code   140  stm32f4xx_flash.o(.text)
    FLASH_EraseAllBank1Sectors               0x08015097   Thumb Code   140  stm32f4xx_flash.o(.text)
    FLASH_EraseAllBank2Sectors               0x08015123   Thumb Code   190  stm32f4xx_flash.o(.text)
    FLASH_ProgramDoubleWord                  0x080151e1   Thumb Code   122  stm32f4xx_flash.o(.text)
    FLASH_ProgramWord                        0x0801525b   Thumb Code   112  stm32f4xx_flash.o(.text)
    FLASH_ProgramHalfWord                    0x080152cb   Thumb Code   112  stm32f4xx_flash.o(.text)
    FLASH_ProgramByte                        0x0801533b   Thumb Code   108  stm32f4xx_flash.o(.text)
    FLASH_OB_Unlock                          0x080153a7   Thumb Code    26  stm32f4xx_flash.o(.text)
    FLASH_OB_Lock                            0x080153c1   Thumb Code    18  stm32f4xx_flash.o(.text)
    FLASH_OB_WRPConfig                       0x080153d3   Thumb Code    96  stm32f4xx_flash.o(.text)
    FLASH_OB_WRP1Config                      0x08015433   Thumb Code    96  stm32f4xx_flash.o(.text)
    FLASH_OB_PCROPSelectionConfig            0x08015493   Thumb Code    48  stm32f4xx_flash.o(.text)
    FLASH_OB_PCROPConfig                     0x080154c3   Thumb Code    96  stm32f4xx_flash.o(.text)
    FLASH_OB_PCROP1Config                    0x08015523   Thumb Code   118  stm32f4xx_flash.o(.text)
    FLASH_OB_RDPConfig                       0x08015599   Thumb Code    44  stm32f4xx_flash.o(.text)
    FLASH_OB_UserConfig                      0x080155c5   Thumb Code   116  stm32f4xx_flash.o(.text)
    FLASH_OB_BootConfig                      0x08015639   Thumb Code    50  stm32f4xx_flash.o(.text)
    FLASH_OB_BORConfig                       0x0801566b   Thumb Code    58  stm32f4xx_flash.o(.text)
    FLASH_OB_Launch                          0x080156a5   Thumb Code    30  stm32f4xx_flash.o(.text)
    FLASH_OB_GetUser                         0x080156c3   Thumb Code    12  stm32f4xx_flash.o(.text)
    FLASH_OB_GetWRP                          0x080156cf   Thumb Code     8  stm32f4xx_flash.o(.text)
    FLASH_OB_GetWRP1                         0x080156d7   Thumb Code     8  stm32f4xx_flash.o(.text)
    FLASH_OB_GetPCROP                        0x080156df   Thumb Code     8  stm32f4xx_flash.o(.text)
    FLASH_OB_GetPCROP1                       0x080156e7   Thumb Code     8  stm32f4xx_flash.o(.text)
    FLASH_OB_GetRDP                          0x080156ef   Thumb Code    18  stm32f4xx_flash.o(.text)
    FLASH_OB_GetBOR                          0x08015701   Thumb Code    12  stm32f4xx_flash.o(.text)
    FLASH_ITConfig                           0x0801570d   Thumb Code    82  stm32f4xx_flash.o(.text)
    FLASH_GetFlagStatus                      0x0801575f   Thumb Code    76  stm32f4xx_flash.o(.text)
    FLASH_ClearFlag                          0x080157ab   Thumb Code    38  stm32f4xx_flash.o(.text)
    FSMC_NORSRAMDeInit                       0x080157d5   Thumb Code    84  stm32f4xx_fsmc.o(.text)
    FSMC_NORSRAMInit                         0x08015829   Thumb Code   870  stm32f4xx_fsmc.o(.text)
    FSMC_NORSRAMStructInit                   0x08015b8f   Thumb Code    48  stm32f4xx_fsmc.o(.text)
    FSMC_NORSRAMCmd                          0x08015bbf   Thumb Code   152  stm32f4xx_fsmc.o(.text)
    FSMC_NANDDeInit                          0x08015c57   Thumb Code    90  stm32f4xx_fsmc.o(.text)
    FSMC_NANDInit                            0x08015cb1   Thumb Code   594  stm32f4xx_fsmc.o(.text)
    FSMC_NANDStructInit                      0x08015f03   Thumb Code    54  stm32f4xx_fsmc.o(.text)
    FSMC_NANDCmd                             0x08015f39   Thumb Code   136  stm32f4xx_fsmc.o(.text)
    FSMC_NANDECCCmd                          0x08015fc1   Thumb Code   160  stm32f4xx_fsmc.o(.text)
    FSMC_GetECC                              0x08016061   Thumb Code    22  stm32f4xx_fsmc.o(.text)
    FSMC_PCCARDDeInit                        0x08016077   Thumb Code    40  stm32f4xx_fsmc.o(.text)
    FSMC_PCCARDInit                          0x0801609f   Thumb Code   532  stm32f4xx_fsmc.o(.text)
    FSMC_PCCARDStructInit                    0x080162b3   Thumb Code    60  stm32f4xx_fsmc.o(.text)
    FSMC_PCCARDCmd                           0x080162ef   Thumb Code    64  stm32f4xx_fsmc.o(.text)
    FSMC_ITConfig                            0x0801632f   Thumb Code   206  stm32f4xx_fsmc.o(.text)
    FSMC_GetFlagStatus                       0x080163fd   Thumb Code   160  stm32f4xx_fsmc.o(.text)
    FSMC_ClearFlag                           0x0801649d   Thumb Code   120  stm32f4xx_fsmc.o(.text)
    FSMC_GetITStatus                         0x08016515   Thumb Code   132  stm32f4xx_fsmc.o(.text)
    FSMC_ClearITPendingBit                   0x08016599   Thumb Code   122  stm32f4xx_fsmc.o(.text)
    GPIO_DeInit                              0x0801661d   Thumb Code   344  stm32f4xx_gpio.o(.text)
    GPIO_Init                                0x08016775   Thumb Code   354  stm32f4xx_gpio.o(.text)
    GPIO_StructInit                          0x080168d7   Thumb Code    18  stm32f4xx_gpio.o(.text)
    GPIO_PinLockConfig                       0x080168e9   Thumb Code   134  stm32f4xx_gpio.o(.text)
    GPIO_ReadInputDataBit                    0x0801696f   Thumb Code   282  stm32f4xx_gpio.o(.text)
    GPIO_ReadInputData                       0x08016a89   Thumb Code    90  stm32f4xx_gpio.o(.text)
    GPIO_ReadOutputDataBit                   0x08016ae3   Thumb Code   198  stm32f4xx_gpio.o(.text)
    GPIO_ReadOutputData                      0x08016ba9   Thumb Code    90  stm32f4xx_gpio.o(.text)
    GPIO_SetBits                             0x08016c03   Thumb Code   110  stm32f4xx_gpio.o(.text)
    GPIO_ResetBits                           0x08016c71   Thumb Code   110  stm32f4xx_gpio.o(.text)
    GPIO_WriteBit                            0x08016cdf   Thumb Code   212  stm32f4xx_gpio.o(.text)
    GPIO_Write                               0x08016db3   Thumb Code    90  stm32f4xx_gpio.o(.text)
    GPIO_ToggleBits                          0x08016e0d   Thumb Code   140  stm32f4xx_gpio.o(.text)
    GPIO_PinAFConfig                         0x08016e99   Thumb Code   358  stm32f4xx_gpio.o(.text)
    RCC_DeInit                               0x0801702d   Thumb Code    82  stm32f4xx_rcc.o(.text)
    RCC_HSEConfig                            0x0801707f   Thumb Code    40  stm32f4xx_rcc.o(.text)
    RCC_GetFlagStatus                        0x080170a7   Thumb Code   134  stm32f4xx_rcc.o(.text)
    RCC_WaitForHSEStartUp                    0x0801712d   Thumb Code    56  stm32f4xx_rcc.o(.text)
    RCC_AdjustHSICalibrationValue            0x08017165   Thumb Code    38  stm32f4xx_rcc.o(.text)
    RCC_HSICmd                               0x0801718b   Thumb Code    28  stm32f4xx_rcc.o(.text)
    RCC_LSEConfig                            0x080171a7   Thumb Code    72  stm32f4xx_rcc.o(.text)
    RCC_LSICmd                               0x080171ef   Thumb Code    28  stm32f4xx_rcc.o(.text)
    RCC_PLLConfig                            0x0801720b   Thumb Code   156  stm32f4xx_rcc.o(.text)
    RCC_PLLCmd                               0x080172a7   Thumb Code    28  stm32f4xx_rcc.o(.text)
    RCC_PLLI2SConfig                         0x080172c3   Thumb Code    62  stm32f4xx_rcc.o(.text)
    RCC_PLLI2SCmd                            0x08017301   Thumb Code    28  stm32f4xx_rcc.o(.text)
    RCC_PLLSAIConfig                         0x0801731d   Thumb Code    88  stm32f4xx_rcc.o(.text)
    RCC_PLLSAICmd                            0x08017375   Thumb Code    28  stm32f4xx_rcc.o(.text)
    RCC_ClockSecuritySystemCmd               0x08017391   Thumb Code    28  stm32f4xx_rcc.o(.text)
    RCC_MCO1Config                           0x080173ad   Thumb Code   168  stm32f4xx_rcc.o(.text)
    RCC_MCO2Config                           0x08017455   Thumb Code   102  stm32f4xx_rcc.o(.text)
    RCC_SYSCLKConfig                         0x080174bb   Thumb Code    44  stm32f4xx_rcc.o(.text)
    RCC_GetSYSCLKSource                      0x080174e7   Thumb Code    10  stm32f4xx_rcc.o(.text)
    RCC_HCLKConfig                           0x080174f1   Thumb Code    68  stm32f4xx_rcc.o(.text)
    RCC_PCLK1Config                          0x08017535   Thumb Code    60  stm32f4xx_rcc.o(.text)
    RCC_PCLK2Config                          0x08017571   Thumb Code    62  stm32f4xx_rcc.o(.text)
    RCC_GetClocksFreq                        0x080175af   Thumb Code   214  stm32f4xx_rcc.o(.text)
    RCC_RTCCLKConfig                         0x08017685   Thumb Code   262  stm32f4xx_rcc.o(.text)
    RCC_RTCCLKCmd                            0x0801778b   Thumb Code    30  stm32f4xx_rcc.o(.text)
    RCC_BackupResetCmd                       0x080177a9   Thumb Code    32  stm32f4xx_rcc.o(.text)
    RCC_I2SCLKConfig                         0x080177c9   Thumb Code    30  stm32f4xx_rcc.o(.text)
    RCC_SAIBlockACLKConfig                   0x080177e7   Thumb Code    50  stm32f4xx_rcc.o(.text)
    RCC_SAIBlockBCLKConfig                   0x08017819   Thumb Code    50  stm32f4xx_rcc.o(.text)
    RCC_SAIPLLI2SClkDivConfig                0x0801784b   Thumb Code    50  stm32f4xx_rcc.o(.text)
    RCC_SAIPLLSAIClkDivConfig                0x0801787d   Thumb Code   196  stm32f4xx_rcc.o(.text)
    RCC_LTDCCLKDivConfig                     0x08017941   Thumb Code    54  stm32f4xx_rcc.o(.text)
    RCC_TIMCLKPresConfig                     0x08017977   Thumb Code    30  stm32f4xx_rcc.o(.text)
    RCC_AHB1PeriphClockCmd                   0x08017995   Thumb Code    82  stm32f4xx_rcc.o(.text)
    RCC_AHB2PeriphClockCmd                   0x080179e7   Thumb Code    82  stm32f4xx_rcc.o(.text)
    RCC_AHB3PeriphClockCmd                   0x08017a39   Thumb Code    82  stm32f4xx_rcc.o(.text)
    RCC_APB1PeriphClockCmd                   0x08017a8b   Thumb Code    82  stm32f4xx_rcc.o(.text)
    RCC_APB2PeriphClockCmd                   0x08017add   Thumb Code    82  stm32f4xx_rcc.o(.text)
    RCC_AHB1PeriphResetCmd                   0x08017b2f   Thumb Code    82  stm32f4xx_rcc.o(.text)
    RCC_AHB2PeriphResetCmd                   0x08017b81   Thumb Code    82  stm32f4xx_rcc.o(.text)
    RCC_AHB3PeriphResetCmd                   0x08017bd3   Thumb Code    82  stm32f4xx_rcc.o(.text)
    RCC_APB1PeriphResetCmd                   0x08017c25   Thumb Code    82  stm32f4xx_rcc.o(.text)
    RCC_APB2PeriphResetCmd                   0x08017c77   Thumb Code    82  stm32f4xx_rcc.o(.text)
    RCC_AHB1PeriphClockLPModeCmd             0x08017cc9   Thumb Code   108  stm32f4xx_rcc.o(.text)
    RCC_AHB2PeriphClockLPModeCmd             0x08017d35   Thumb Code    82  stm32f4xx_rcc.o(.text)
    RCC_AHB3PeriphClockLPModeCmd             0x08017d87   Thumb Code    82  stm32f4xx_rcc.o(.text)
    RCC_APB1PeriphClockLPModeCmd             0x08017dd9   Thumb Code    82  stm32f4xx_rcc.o(.text)
    RCC_APB2PeriphClockLPModeCmd             0x08017e2b   Thumb Code    82  stm32f4xx_rcc.o(.text)
    RCC_LSEModeConfig                        0x08017e7d   Thumb Code    64  stm32f4xx_rcc.o(.text)
    RCC_ITConfig                             0x08017ebd   Thumb Code    82  stm32f4xx_rcc.o(.text)
    RCC_ClearFlag                            0x08017f0f   Thumb Code    18  stm32f4xx_rcc.o(.text)
    RCC_GetITStatus                          0x08017f21   Thumb Code    72  stm32f4xx_rcc.o(.text)
    RCC_ClearITPendingBit                    0x08017f69   Thumb Code    28  stm32f4xx_rcc.o(.text)
    SPI_I2S_DeInit                           0x08017f8d   Thumb Code   198  stm32f4xx_spi.o(.text)
    SPI_Init                                 0x08018053   Thumb Code   366  stm32f4xx_spi.o(.text)
    I2S_Init                                 0x080181c1   Thumb Code   624  stm32f4xx_spi.o(.text)
    SPI_StructInit                           0x08018431   Thumb Code    24  stm32f4xx_spi.o(.text)
    I2S_StructInit                           0x08018449   Thumb Code    20  stm32f4xx_spi.o(.text)
    SPI_Cmd                                  0x0801845d   Thumb Code   100  stm32f4xx_spi.o(.text)
    I2S_Cmd                                  0x080184c1   Thumb Code    88  stm32f4xx_spi.o(.text)
    SPI_DataSizeConfig                       0x08018519   Thumb Code    96  stm32f4xx_spi.o(.text)
    SPI_BiDirectionalLineConfig              0x08018579   Thumb Code   112  stm32f4xx_spi.o(.text)
    SPI_NSSInternalSoftwareConfig            0x080185e9   Thumb Code   114  stm32f4xx_spi.o(.text)
    SPI_SSOutputCmd                          0x0801865b   Thumb Code   100  stm32f4xx_spi.o(.text)
    SPI_TIModeCmd                            0x080186bf   Thumb Code   100  stm32f4xx_spi.o(.text)
    I2S_FullDuplexConfig                     0x08018723   Thumb Code   258  stm32f4xx_spi.o(.text)
    SPI_I2S_ReceiveData                      0x08018825   Thumb Code   100  stm32f4xx_spi.o(.text)
    SPI_I2S_SendData                         0x08018889   Thumb Code    72  stm32f4xx_spi.o(.text)
    SPI_CalculateCRC                         0x080188d1   Thumb Code   100  stm32f4xx_spi.o(.text)
    SPI_TransmitCRC                          0x08018935   Thumb Code    64  stm32f4xx_spi.o(.text)
    SPI_GetCRC                               0x08018975   Thumb Code    92  stm32f4xx_spi.o(.text)
    SPI_GetCRCPolynomial                     0x080189d1   Thumb Code    58  stm32f4xx_spi.o(.text)
    SPI_I2S_DMACmd                           0x08018a0b   Thumb Code   132  stm32f4xx_spi.o(.text)
    SPI_I2S_ITConfig                         0x08018a8f   Thumb Code   156  stm32f4xx_spi.o(.text)
    SPI_I2S_GetFlagStatus                    0x08018b2b   Thumb Code   138  stm32f4xx_spi.o(.text)
    SPI_I2S_ClearFlag                        0x08018bb5   Thumb Code    92  stm32f4xx_spi.o(.text)
    SPI_I2S_GetITStatus                      0x08018c11   Thumb Code   200  stm32f4xx_spi.o(.text)
    SPI_I2S_ClearITPendingBit                0x08018cd9   Thumb Code   104  stm32f4xx_spi.o(.text)
    SYSCFG_DeInit                            0x08018d5d   Thumb Code    22  stm32f4xx_syscfg.o(.text)
    SYSCFG_MemoryRemapConfig                 0x08018d73   Thumb Code    34  stm32f4xx_syscfg.o(.text)
    SYSCFG_MemorySwappingBank                0x08018d95   Thumb Code    26  stm32f4xx_syscfg.o(.text)
    SYSCFG_EXTILineConfig                    0x08018daf   Thumb Code   194  stm32f4xx_syscfg.o(.text)
    SYSCFG_ETH_MediaInterfaceConfig          0x08018e71   Thumb Code    26  stm32f4xx_syscfg.o(.text)
    SYSCFG_CompensationCellCmd               0x08018e8b   Thumb Code    26  stm32f4xx_syscfg.o(.text)
    SYSCFG_GetCompensationCellStatus         0x08018ea5   Thumb Code    22  stm32f4xx_syscfg.o(.text)
    TIM_DeInit                               0x08018ef9   Thumb Code   440  stm32f4xx_tim.o(.text)
    TIM_TimeBaseInit                         0x080190b1   Thumb Code   278  stm32f4xx_tim.o(.text)
    TIM_TimeBaseStructInit                   0x080191c7   Thumb Code    18  stm32f4xx_tim.o(.text)
    TIM_PrescalerConfig                      0x080191d9   Thumb Code   128  stm32f4xx_tim.o(.text)
    TIM_CounterModeConfig                    0x08019259   Thumb Code   100  stm32f4xx_tim.o(.text)
    TIM_SetCounter                           0x080192bd   Thumb Code   202  stm32f4xx_tim.o(.text)
    TIM_SetAutoreload                        0x08019387   Thumb Code   108  stm32f4xx_tim.o(.text)
    TIM_GetCounter                           0x080193f3   Thumb Code   106  stm32f4xx_tim.o(.text)
    TIM_GetPrescaler                         0x0801945d   Thumb Code   106  stm32f4xx_tim.o(.text)
    TIM_UpdateDisableConfig                  0x080194c7   Thumb Code   148  stm32f4xx_tim.o(.text)
    TIM_UpdateRequestConfig                  0x0801955b   Thumb Code   148  stm32f4xx_tim.o(.text)
    TIM_ARRPreloadConfig                     0x080195ef   Thumb Code   148  stm32f4xx_tim.o(.text)
    TIM_SelectOnePulseMode                   0x08019683   Thumb Code   142  stm32f4xx_tim.o(.text)
    TIM_SetClockDivision                     0x08019711   Thumb Code   192  stm32f4xx_tim.o(.text)
    TIM_Cmd                                  0x080197d1   Thumb Code   148  stm32f4xx_tim.o(.text)
    TIM_OC1Init                              0x08019865   Thumb Code   416  stm32f4xx_tim.o(.text)
    TIM_OC2Init                              0x08019a05   Thumb Code   486  stm32f4xx_tim.o(.text)
    TIM_OC3Init                              0x08019beb   Thumb Code   416  stm32f4xx_tim.o(.text)
    TIM_OC4Init                              0x08019d8b   Thumb Code   300  stm32f4xx_tim.o(.text)
    TIM_OCStructInit                         0x08019eb7   Thumb Code    20  stm32f4xx_tim.o(.text)
    TIM_SelectOCxM                           0x08019ecb   Thumb Code   256  stm32f4xx_tim.o(.text)
    TIM_SetCompare1                          0x08019fcb   Thumb Code   142  stm32f4xx_tim.o(.text)
    TIM_SetCompare2                          0x0801a059   Thumb Code    72  stm32f4xx_tim.o(.text)
    TIM_SetCompare3                          0x0801a0a1   Thumb Code    60  stm32f4xx_tim.o(.text)
    TIM_SetCompare4                          0x0801a0dd   Thumb Code    60  stm32f4xx_tim.o(.text)
    TIM_ForcedOC1Config                      0x0801a119   Thumb Code   130  stm32f4xx_tim.o(.text)
    TIM_ForcedOC2Config                      0x0801a19b   Thumb Code   114  stm32f4xx_tim.o(.text)
    TIM_ForcedOC3Config                      0x0801a20d   Thumb Code    94  stm32f4xx_tim.o(.text)
    TIM_ForcedOC4Config                      0x0801a26b   Thumb Code   102  stm32f4xx_tim.o(.text)
    TIM_OC1PreloadConfig                     0x0801a2d1   Thumb Code   126  stm32f4xx_tim.o(.text)
    TIM_OC2PreloadConfig                     0x0801a34f   Thumb Code   108  stm32f4xx_tim.o(.text)
    TIM_OC3PreloadConfig                     0x0801a3bb   Thumb Code   138  stm32f4xx_tim.o(.text)
    TIM_OC4PreloadConfig                     0x0801a445   Thumb Code    96  stm32f4xx_tim.o(.text)
    TIM_OC1FastConfig                        0x0801a4a5   Thumb Code   124  stm32f4xx_tim.o(.text)
    TIM_OC2FastConfig                        0x0801a521   Thumb Code   108  stm32f4xx_tim.o(.text)
    TIM_OC3FastConfig                        0x0801a58d   Thumb Code    88  stm32f4xx_tim.o(.text)
    TIM_OC4FastConfig                        0x0801a5e5   Thumb Code    96  stm32f4xx_tim.o(.text)
    TIM_ClearOC1Ref                          0x0801a645   Thumb Code   124  stm32f4xx_tim.o(.text)
    TIM_ClearOC2Ref                          0x0801a6c1   Thumb Code   106  stm32f4xx_tim.o(.text)
    TIM_ClearOC3Ref                          0x0801a72b   Thumb Code    88  stm32f4xx_tim.o(.text)
    TIM_ClearOC4Ref                          0x0801a783   Thumb Code    94  stm32f4xx_tim.o(.text)
    TIM_OC1PolarityConfig                    0x0801a7e1   Thumb Code   174  stm32f4xx_tim.o(.text)
    TIM_OC1NPolarityConfig                   0x0801a88f   Thumb Code    64  stm32f4xx_tim.o(.text)
    TIM_OC2PolarityConfig                    0x0801a8cf   Thumb Code   108  stm32f4xx_tim.o(.text)
    TIM_OC2NPolarityConfig                   0x0801a93b   Thumb Code    72  stm32f4xx_tim.o(.text)
    TIM_OC3PolarityConfig                    0x0801a983   Thumb Code    96  stm32f4xx_tim.o(.text)
    TIM_OC3NPolarityConfig                   0x0801a9e3   Thumb Code    72  stm32f4xx_tim.o(.text)
    TIM_OC4PolarityConfig                    0x0801aa2b   Thumb Code    96  stm32f4xx_tim.o(.text)
    TIM_CCxCmd                               0x0801aa8b   Thumb Code   168  stm32f4xx_tim.o(.text)
    TIM_CCxNCmd                              0x0801ab33   Thumb Code   104  stm32f4xx_tim.o(.text)
    TIM_SetIC4Prescaler                      0x0801ab9b   Thumb Code   106  stm32f4xx_tim.o(.text)
    TIM_SetIC3Prescaler                      0x0801ac85   Thumb Code    98  stm32f4xx_tim.o(.text)
    TIM_SetIC2Prescaler                      0x0801ad2f   Thumb Code   118  stm32f4xx_tim.o(.text)
    TIM_SetIC1Prescaler                      0x0801adf5   Thumb Code   134  stm32f4xx_tim.o(.text)
    TIM_ICInit                               0x0801aeb5   Thumb Code   508  stm32f4xx_tim.o(.text)
    TIM_ICStructInit                         0x0801b0b1   Thumb Code    18  stm32f4xx_tim.o(.text)
    TIM_PWMIConfig                           0x0801b0c3   Thumb Code   184  stm32f4xx_tim.o(.text)
    TIM_GetCapture1                          0x0801b17b   Thumb Code    92  stm32f4xx_tim.o(.text)
    TIM_GetCapture2                          0x0801b1d7   Thumb Code    68  stm32f4xx_tim.o(.text)
    TIM_GetCapture3                          0x0801b21b   Thumb Code    56  stm32f4xx_tim.o(.text)
    TIM_GetCapture4                          0x0801b253   Thumb Code    56  stm32f4xx_tim.o(.text)
    TIM_BDTRConfig                           0x0801b28b   Thumb Code   222  stm32f4xx_tim.o(.text)
    TIM_BDTRStructInit                       0x0801b369   Thumb Code    18  stm32f4xx_tim.o(.text)
    TIM_CtrlPWMOutputs                       0x0801b37b   Thumb Code    78  stm32f4xx_tim.o(.text)
    TIM_SelectCOM                            0x0801b3c9   Thumb Code    72  stm32f4xx_tim.o(.text)
    TIM_CCPreloadControl                     0x0801b411   Thumb Code    72  stm32f4xx_tim.o(.text)
    TIM_ITConfig                             0x0801b459   Thumb Code   218  stm32f4xx_tim.o(.text)
    TIM_GenerateEvent                        0x0801b533   Thumb Code   126  stm32f4xx_tim.o(.text)
    TIM_GetFlagStatus                        0x0801b5b1   Thumb Code   188  stm32f4xx_tim.o(.text)
    TIM_ClearFlag                            0x0801b66d   Thumb Code   108  stm32f4xx_tim.o(.text)
    TIM_GetITStatus                          0x0801b6d9   Thumb Code   186  stm32f4xx_tim.o(.text)
    TIM_ClearITPendingBit                    0x0801b793   Thumb Code   108  stm32f4xx_tim.o(.text)
    TIM_DMAConfig                            0x0801b7ff   Thumb Code   334  stm32f4xx_tim.o(.text)
    TIM_DMACmd                               0x0801b94d   Thumb Code   126  stm32f4xx_tim.o(.text)
    TIM_SelectCCDMA                          0x0801b9cb   Thumb Code    96  stm32f4xx_tim.o(.text)
    TIM_InternalClockConfig                  0x0801ba2b   Thumb Code    76  stm32f4xx_tim.o(.text)
    TIM_SelectInputTrigger                   0x0801ba77   Thumb Code   148  stm32f4xx_tim.o(.text)
    TIM_ITRxExternalClockConfig              0x0801bb0b   Thumb Code   110  stm32f4xx_tim.o(.text)
    TIM_TIxExternalClockConfig               0x0801bb79   Thumb Code   184  stm32f4xx_tim.o(.text)
    TIM_ETRConfig                            0x0801bc31   Thumb Code   164  stm32f4xx_tim.o(.text)
    TIM_ETRClockMode1Config                  0x0801bcd5   Thumb Code   228  stm32f4xx_tim.o(.text)
    TIM_ETRClockMode2Config                  0x0801bdb9   Thumb Code   152  stm32f4xx_tim.o(.text)
    TIM_SelectOutputTrigger                  0x0801be51   Thumb Code   126  stm32f4xx_tim.o(.text)
    TIM_SelectSlaveMode                      0x0801becf   Thumb Code   112  stm32f4xx_tim.o(.text)
    TIM_SelectMasterSlaveMode                0x0801bf3f   Thumb Code   102  stm32f4xx_tim.o(.text)
    TIM_EncoderInterfaceConfig               0x0801bfa5   Thumb Code   226  stm32f4xx_tim.o(.text)
    TIM_SelectHallSensor                     0x0801c087   Thumb Code   108  stm32f4xx_tim.o(.text)
    TIM_RemapConfig                          0x0801c0f3   Thumb Code   138  stm32f4xx_tim.o(.text)
    USART_DeInit                             0x0801c17d   Thumb Code   276  stm32f4xx_usart.o(.text)
    USART_Init                               0x0801c291   Thumb Code   492  stm32f4xx_usart.o(.text)
    USART_StructInit                         0x0801c47d   Thumb Code    24  stm32f4xx_usart.o(.text)
    USART_ClockInit                          0x0801c495   Thumb Code   166  stm32f4xx_usart.o(.text)
    USART_ClockStructInit                    0x0801c53b   Thumb Code    12  stm32f4xx_usart.o(.text)
    USART_Cmd                                0x0801c547   Thumb Code   214  stm32f4xx_usart.o(.text)
    USART_SetPrescaler                       0x0801c61d   Thumb Code    96  stm32f4xx_usart.o(.text)
    USART_OverSampling8Cmd                   0x0801c67d   Thumb Code   122  stm32f4xx_usart.o(.text)
    USART_OneBitMethodCmd                    0x0801c6f7   Thumb Code   124  stm32f4xx_usart.o(.text)
    USART_SendData                           0x0801c773   Thumb Code   108  stm32f4xx_usart.o(.text)
    USART_ReceiveData                        0x0801c7df   Thumb Code    86  stm32f4xx_usart.o(.text)
    USART_SetAddress                         0x0801c835   Thumb Code   116  stm32f4xx_usart.o(.text)
    USART_ReceiverWakeUpCmd                  0x0801c8a9   Thumb Code   124  stm32f4xx_usart.o(.text)
    USART_WakeUpConfig                       0x0801c925   Thumb Code   120  stm32f4xx_usart.o(.text)
    USART_LINBreakDetectLengthConfig         0x0801c99d   Thumb Code   160  stm32f4xx_usart.o(.text)
    USART_LINCmd                             0x0801ca3d   Thumb Code   124  stm32f4xx_usart.o(.text)
    USART_SendBreak                          0x0801cab9   Thumb Code    88  stm32f4xx_usart.o(.text)
    USART_HalfDuplexCmd                      0x0801cb11   Thumb Code   124  stm32f4xx_usart.o(.text)
    USART_SetGuardTime                       0x0801cb8d   Thumb Code    60  stm32f4xx_usart.o(.text)
    USART_SmartCardCmd                       0x0801cbc9   Thumb Code    88  stm32f4xx_usart.o(.text)
    USART_SmartCardNACKCmd                   0x0801cc21   Thumb Code    88  stm32f4xx_usart.o(.text)
    USART_IrDAConfig                         0x0801cc79   Thumb Code   118  stm32f4xx_usart.o(.text)
    USART_IrDACmd                            0x0801ccef   Thumb Code   124  stm32f4xx_usart.o(.text)
    USART_DMACmd                             0x0801cd6b   Thumb Code   184  stm32f4xx_usart.o(.text)
    USART_ITConfig                           0x0801ce23   Thumb Code   290  stm32f4xx_usart.o(.text)
    USART_GetFlagStatus                      0x0801cf45   Thumb Code   200  stm32f4xx_usart.o(.text)
    USART_ClearFlag                          0x0801d00d   Thumb Code   158  stm32f4xx_usart.o(.text)
    USART_GetITStatus                        0x0801d0ab   Thumb Code   306  stm32f4xx_usart.o(.text)
    USART_ClearITPendingBit                  0x0801d1dd   Thumb Code   234  stm32f4xx_usart.o(.text)
    FPGA_Init                                0x0801d2d9   Thumb Code   674  fpga.o(.text)
    FPGA_WriteBuffer                         0x0801d57b   Thumb Code    24  fpga.o(.text)
    FPGA_ResetHardware                       0x0801d593   Thumb Code   104  fpga.o(.text)
    FPGA_ReadBuffer                          0x0801d5fb   Thumb Code    22  fpga.o(.text)
    FPGA_DATA_WriteBuffer                    0x0801d611   Thumb Code    24  fpga.o(.text)
    FPGA_DATA_ReadBuffer                     0x0801d629   Thumb Code    22  fpga.o(.text)
    SysTick_Handler                          0x0801d651   Thumb Code    38  scope_it.o(.text)
    TIM2_IRQHandler                          0x0801d677   Thumb Code   380  scope_it.o(.text)
    USART1_IRQHandler                        0x0801d7f3   Thumb Code    14  scope_it.o(.text)
    USART3_IRQHandler                        0x0801d801   Thumb Code    14  scope_it.o(.text)
    IT_SYS_DlyMs                             0x0801d80f   Thumb Code    30  scope_it.o(.text)
    IT_SYS_GetTicks                          0x0801d82d   Thumb Code     6  scope_it.o(.text)
    IT_SYS_SetTicks                          0x0801d833   Thumb Code    10  scope_it.o(.text)
    IT_SYS_SetDlyMs                          0x0801d83d   Thumb Code    16  scope_it.o(.text)
    IT_SYS_CheckDlyFin                       0x0801d84d   Thumb Code    20  scope_it.o(.text)
    IT_LIST_GetTicks                         0x0801d861   Thumb Code     6  scope_it.o(.text)
    IT_LIST_SetTicks                         0x0801d867   Thumb Code    10  scope_it.o(.text)
    IT_ADC_GetTicks                          0x0801d871   Thumb Code     6  scope_it.o(.text)
    IT_ADC_SetTicks                          0x0801d877   Thumb Code    10  scope_it.o(.text)
    assert_failed                            0x0801d8e5   Thumb Code    18  scope_eval.o(.text)
    fputc                                    0x0801d8f7   Thumb Code    16  scope_eval.o(.text)
    PF_InitTimer2                            0x0801d907   Thumb Code   122  scope_eval.o(.text)
    EVAL_Init                                0x0801daa9   Thumb Code   234  scope_eval.o(.text)
    EVAL_OutputSet                           0x0801db93   Thumb Code    16  scope_eval.o(.text)
    EVAL_OutputClr                           0x0801dba3   Thumb Code    16  scope_eval.o(.text)
    EVAL_OutputToggle                        0x0801dbb3   Thumb Code    26  scope_eval.o(.text)
    EVAL_InputGetState                       0x0801dc69   Thumb Code    22  scope_eval.o(.text)
    MV_InitPara                              0x0801dd79   Thumb Code   190  scope_move.o(.text)
    MV_Move                                  0x0801de37   Thumb Code   434  scope_move.o(.text)
    MV_Stop                                  0x0801dfe9   Thumb Code    98  scope_move.o(.text)
    MV_Wait                                  0x0801e04b   Thumb Code    84  scope_move.o(.text)
    MV_GetStepsExecuted                      0x0801e09f   Thumb Code    56  scope_move.o(.text)
    MV_IsFinished                            0x0801e0d7   Thumb Code    20  scope_move.o(.text)
    MV_IsrMoveHandling                       0x0801e0eb   Thumb Code   104  scope_move.o(.text)
    BUF_Send_Init                            0x0801e165   Thumb Code    14  buffercircle.o(.text)
    BUF_Send_PutChar                         0x0801e173   Thumb Code    54  buffercircle.o(.text)
    BUF_Send_GetChar                         0x0801e1a9   Thumb Code    74  buffercircle.o(.text)
    BUF_Send_PutNChar                        0x0801e27d   Thumb Code    94  buffercircle.o(.text)
    BUF_Send_GetNChar                        0x0801e2db   Thumb Code    94  buffercircle.o(.text)
    BUF_Recv_Init                            0x0801e339   Thumb Code    14  buffercircle.o(.text)
    BUF_Recv_PutChar                         0x0801e347   Thumb Code    54  buffercircle.o(.text)
    BUF_Recv_GetChar                         0x0801e37d   Thumb Code    74  buffercircle.o(.text)
    BUF_Recv_PutNChar                        0x0801e451   Thumb Code    94  buffercircle.o(.text)
    BUF_Recv_GetNChar                        0x0801e4af   Thumb Code    94  buffercircle.o(.text)
    NET_BUF_Send_Init                        0x0801e51d   Thumb Code    14  netbuffercircle.o(.text)
    NET_BUF_Send_PutChar                     0x0801e52b   Thumb Code    54  netbuffercircle.o(.text)
    NET_BUF_Send_GetChar                     0x0801e561   Thumb Code    74  netbuffercircle.o(.text)
    NET_BUF_Send_GetLenConsume               0x0801e5ab   Thumb Code   112  netbuffercircle.o(.text)
    NET_BUF_Send_GetLenRemain                0x0801e61b   Thumb Code    26  netbuffercircle.o(.text)
    NET_BUF_Send_PutNChar                    0x0801e635   Thumb Code    94  netbuffercircle.o(.text)
    NET_BUF_Send_GetNChar                    0x0801e693   Thumb Code    94  netbuffercircle.o(.text)
    NET_BUF_Recv_Init                        0x0801e6f1   Thumb Code    14  netbuffercircle.o(.text)
    NET_BUF_Recv_PutChar                     0x0801e6ff   Thumb Code    54  netbuffercircle.o(.text)
    NET_BUF_Recv_GetChar                     0x0801e735   Thumb Code    74  netbuffercircle.o(.text)
    NET_BUF_Recv_GetLenConsume               0x0801e77f   Thumb Code   112  netbuffercircle.o(.text)
    NET_BUF_Recv_GetLenRemain                0x0801e7ef   Thumb Code    26  netbuffercircle.o(.text)
    NET_BUF_Recv_PutNChar                    0x0801e809   Thumb Code    94  netbuffercircle.o(.text)
    NET_BUF_Recv_GetNChar                    0x0801e867   Thumb Code    94  netbuffercircle.o(.text)
    SPG_Send_Init                            0x0801e8d5   Thumb Code    14  samplebuffercircle.o(.text)
    SPG_Send_PutChar                         0x0801e8e3   Thumb Code    52  samplebuffercircle.o(.text)
    SPG_Send_GetChar                         0x0801e917   Thumb Code    68  samplebuffercircle.o(.text)
    SPG_Send_PutNChar                        0x0801e9db   Thumb Code    92  samplebuffercircle.o(.text)
    SPG_Send_GetNChar                        0x0801ea37   Thumb Code    92  samplebuffercircle.o(.text)
    SPG_Recv_Init                            0x0801ea93   Thumb Code    14  samplebuffercircle.o(.text)
    SPG_Recv_PutChar                         0x0801eaa1   Thumb Code    52  samplebuffercircle.o(.text)
    SPG_Recv_GetChar                         0x0801ead5   Thumb Code    68  samplebuffercircle.o(.text)
    SPG_Recv_PutNChar                        0x0801eb99   Thumb Code    92  samplebuffercircle.o(.text)
    SPG_Recv_GetNChar                        0x0801ebf5   Thumb Code    92  samplebuffercircle.o(.text)
    Delay_US                                 0x0801ec61   Thumb Code    54  driver.o(.text)
    ADC1_DMA_Config                          0x0801ec97   Thumb Code   174  driver.o(.text)
    ADC1_Init                                0x0801ed45   Thumb Code   192  driver.o(.text)
    DMA2_Stream0_IRQHandler                  0x0801ee05   Thumb Code    72  driver.o(.text)
    DMA2_Stream3_IRQHandler                  0x0801ee4d   Thumb Code    80  driver.o(.text)
    ADC2_DMA_Config                          0x0801ee9d   Thumb Code   194  driver.o(.text)
    ADC2_Init                                0x0801ef5f   Thumb Code   174  driver.o(.text)
    ADC3_GPIO_Init                           0x0801f00d   Thumb Code   358  driver.o(.text)
    ADC3_Init                                0x0801f173   Thumb Code    84  driver.o(.text)
    Get_ADC3_Channel_Value                   0x0801f1c7   Thumb Code    90  driver.o(.text)
    Get_Press_ADC                            0x0801f221   Thumb Code     4  driver.o(.text)
    Get_XK_ADC                               0x0801f225   Thumb Code    18  driver.o(.text)
    Get_12V_N_ADC                            0x0801f237   Thumb Code    18  driver.o(.text)
    Get_12V_P_ADC                            0x0801f249   Thumb Code    18  driver.o(.text)
    Get_56V_Cur_ADC                          0x0801f25b   Thumb Code    18  driver.o(.text)
    Get_LED_Cur_ADC                          0x0801f26d   Thumb Code    18  driver.o(.text)
    Get_Temp_ADC                             0x0801f27f   Thumb Code    18  driver.o(.text)
    HW_Get_ADC_HGB                           0x0801f291   Thumb Code    18  driver.o(.text)
    HW_Get_ADC_CRP                           0x0801f2a3   Thumb Code    18  driver.o(.text)
    Get_HGB_Value                            0x0801f2b5   Thumb Code    38  driver.o(.text)
    Get_CRP_Value                            0x0801f2db   Thumb Code    26  driver.o(.text)
    Press_I2C_Init                           0x0801f2f5   Thumb Code    96  driver.o(.text)
    Press_Init                               0x0801f355   Thumb Code     8  driver.o(.text)
    Press_I2C_Start                          0x0801f35d   Thumb Code    68  driver.o(.text)
    Press_I2C_Stop                           0x0801f3a1   Thumb Code    60  driver.o(.text)
    Press_I2C_Wait_Ack                       0x0801f3dd   Thumb Code    78  driver.o(.text)
    Press_I2C_Ack                            0x0801f42b   Thumb Code    72  driver.o(.text)
    Press_I2C_NAck                           0x0801f473   Thumb Code   136  driver.o(.text)
    Press_I2C_Send_Byte                      0x0801f4fb   Thumb Code    96  driver.o(.text)
    Press_I2C_Read_Byte                      0x0801f55b   Thumb Code    94  driver.o(.text)
    Get_Press_I2C                            0x0801f5b9   Thumb Code   202  driver.o(.text)
    Reset_Elec_Status                        0x0801f683   Thumb Code    14  driver.o(.text)
    Set_Elec_Status                          0x0801f691   Thumb Code    14  driver.o(.text)
    Get_Elec_Status                          0x0801f69f   Thumb Code    14  driver.o(.text)
    Elec_Init                                0x0801f6ad   Thumb Code    44  driver.o(.text)
    Get_Elec_ADC                             0x0801f6d9   Thumb Code    86  driver.o(.text)
    Beep_Init                                0x0801f72f   Thumb Code    46  driver.o(.text)
    Beep                                     0x0801f75d   Thumb Code    34  driver.o(.text)
    Pump_PWM_Init                            0x0801f77f   Thumb Code   176  driver.o(.text)
    Pump_init                                0x0801f82f   Thumb Code    22  driver.o(.text)
    Pump_AntiClockWise                       0x0801f845   Thumb Code     2  driver.o(.text)
    Pump_ClockWise                           0x0801f847   Thumb Code     2  driver.o(.text)
    Pump_Speed_Set                           0x0801f849   Thumb Code    32  driver.o(.text)
    Pump_Exec                                0x0801f869   Thumb Code    40  driver.o(.text)
    Mixing_Motor_Init                        0x0801f891   Thumb Code    58  driver.o(.text)
    Mixing_Motor_Run                         0x0801f8cb   Thumb Code    58  driver.o(.text)
    Mixing_Motor_Stop                        0x0801f905   Thumb Code    14  driver.o(.text)
    Valve_Init                               0x0801f913   Thumb Code   100  driver.o(.text)
    Valve_Air_Exec                           0x0801f977   Thumb Code    32  driver.o(.text)
    Valve_Liquid_Exec                        0x0801f997   Thumb Code    30  driver.o(.text)
    Valve_Exec                               0x0801f9b5   Thumb Code    28  driver.o(.text)
    Turn_Motor_Init                          0x0801f9d1   Thumb Code   196  driver.o(.text)
    Get_Fix_OC_Status                        0x0801fa95   Thumb Code    12  driver.o(.text)
    Turn_Motor_Reset                         0x0801faa1   Thumb Code    82  driver.o(.text)
    Turn_Motor_Goto_Postion                  0x0801faf3   Thumb Code    68  driver.o(.text)
    Turn_Motor_Select_LED                    0x0801fb37   Thumb Code   112  driver.o(.text)
    EXTI9_5_IRQHandler                       0x0801fba7   Thumb Code    46  driver.o(.text)
    Micro_OC_Init                            0x0801fbd5   Thumb Code   126  driver.o(.text)
    OC_Init                                  0x0801fc53   Thumb Code   132  driver.o(.text)
    Get_Micro_OC_Status                      0x0801fcd7   Thumb Code    12  driver.o(.text)
    Get_Out_OC_Status                        0x0801fce3   Thumb Code    58  driver.o(.text)
    Get_In_OC_Status                         0x0801fd1d   Thumb Code    12  driver.o(.text)
    LED_Cur_DAC_Init                         0x0801fd29   Thumb Code    84  driver.o(.text)
    LED_Init                                 0x0801fd7d   Thumb Code   298  driver.o(.text)
    LED_Cur_DAC_Set                          0x0801fea7   Thumb Code    14  driver.o(.text)
    LED_Cur_Switch                           0x0801feb5   Thumb Code    32  driver.o(.text)
    LED_Cur_Auto_Adjust                      0x0801fed5   Thumb Code    78  driver.o(.text)
    LED_Exec                                 0x0801ff23   Thumb Code   248  driver.o(.text)
    DRegister_SPI_Init                       0x0802001b   Thumb Code   270  driver.o(.text)
    DResistor_Init                           0x08020129   Thumb Code     8  driver.o(.text)
    DRegister_Write                          0x08020131   Thumb Code    28  driver.o(.text)
    DResistor_Set                            0x0802014d   Thumb Code    24  driver.o(.text)
    Driver_Debug                             0x08020165   Thumb Code   922  driver.o(.text)
    ADC24Bit_SPI_Init                        0x08020705   Thumb Code   282  ad7799.o(.text)
    ADC24Bit_GPIO_Init                       0x0802081f   Thumb Code   136  ad7799.o(.text)
    ADC24Bit_SPI_SendByte                    0x080208a7   Thumb Code    28  ad7799.o(.text)
    SPI_Write                                0x080208c3   Thumb Code    32  ad7799.o(.text)
    AD7799_SetRegisterValue                  0x080208e3   Thumb Code   110  ad7799.o(.text)
    ADC24Bit_SPI_GetByte                     0x08020951   Thumb Code    24  ad7799.o(.text)
    SPI_Read                                 0x08020969   Thumb Code    32  ad7799.o(.text)
    AD7799_GetRegisterValue                  0x08020989   Thumb Code   120  ad7799.o(.text)
    AD7799_Init                              0x08020a01   Thumb Code    56  ad7799.o(.text)
    ADC24Bit_Init                            0x08020a39   Thumb Code    12  ad7799.o(.text)
    AD7799_Reset                             0x08020a45   Thumb Code    40  ad7799.o(.text)
    AD7799_SetReference                      0x08020a6d   Thumb Code    40  ad7799.o(.text)
    AD7799_Calibrate                         0x08020a95   Thumb Code   330  ad7799.o(.text)
    AD7799_Get_ADC_Value                     0x08020bdf   Thumb Code    12  ad7799.o(.text)
    ethernetif_input                         0x08020e09   Thumb Code    42  ethernetif.o(.text)
    ethernetif_init                          0x08020e33   Thumb Code    38  ethernetif.o(.text)
    etharp_tmr                               0x08020eb7   Thumb Code   136  etharp.o(.text)
    etharp_cleanup_netif                     0x08021185   Thumb Code    52  etharp.o(.text)
    etharp_find_addr                         0x080211b9   Thumb Code    82  etharp.o(.text)
    etharp_request                           0x080213cd   Thumb Code    36  etharp.o(.text)
    etharp_query                             0x08021459   Thumb Code   338  etharp.o(.text)
    etharp_output                            0x080215ab   Thumb Code   314  etharp.o(.text)
    ethernet_input                           0x080216e5   Thumb Code   178  etharp.o(.text)
    icmp_input                               0x080217a9   Thumb Code   340  icmp.o(.text)
    icmp_dest_unreach                        0x0802196d   Thumb Code    18  icmp.o(.text)
    icmp_time_exceeded                       0x0802197f   Thumb Code    18  icmp.o(.text)
    inet_chksum_pseudo                       0x080219f7   Thumb Code   162  inet_chksum.o(.text)
    inet_chksum_pseudo_partial               0x08021a99   Thumb Code   184  inet_chksum.o(.text)
    inet_chksum                              0x08021b51   Thumb Code    20  inet_chksum.o(.text)
    inet_chksum_pbuf                         0x08021b65   Thumb Code    86  inet_chksum.o(.text)
    ip_route                                 0x08021bbd   Thumb Code    76  ip.o(.text)
    ip_input                                 0x08021c09   Thumb Code   422  ip.o(.text)
    ip_output_if                             0x08021daf   Thumb Code   192  ip.o(.text)
    ip_output                                0x08021e6f   Thumb Code    56  ip.o(.text)
    ip4_addr_isbroadcast                     0x08021ec5   Thumb Code    78  ip_addr.o(.text)
    ip4_addr_netmask_valid                   0x08021f13   Thumb Code    52  ip_addr.o(.text)
    ipaddr_aton                              0x08021f47   Thumb Code   348  ip_addr.o(.text)
    ipaddr_addr                              0x080220a3   Thumb Code    24  ip_addr.o(.text)
    ipaddr_ntoa_r                            0x080220bb   Thumb Code   168  ip_addr.o(.text)
    ipaddr_ntoa                              0x08022163   Thumb Code    16  ip_addr.o(.text)
    ip_reass_tmr                             0x0802223d   Thumb Code    48  ip_frag.o(.text)
    ip_reass                                 0x08022493   Thumb Code   396  ip_frag.o(.text)
    ip_frag                                  0x0802265b   Thumb Code   424  ip_frag.o(.text)
    lwip_htons                               0x0802280d   Thumb Code    12  def.o(.text)
    lwip_ntohs                               0x08022819   Thumb Code    12  def.o(.text)
    lwip_htonl                               0x08022825   Thumb Code    26  def.o(.text)
    lwip_ntohl                               0x0802283f   Thumb Code    12  def.o(.text)
    dhcp_renew                               0x08022cdd   Thumb Code   160  dhcp.o(.text)
    dhcp_coarse_tmr                          0x08022e41   Thumb Code    62  dhcp.o(.text)
    dhcp_release                             0x08022f23   Thumb Code   162  dhcp.o(.text)
    dhcp_fine_tmr                            0x0802314d   Thumb Code    64  dhcp.o(.text)
    dhcp_set_struct                          0x08023213   Thumb Code    30  dhcp.o(.text)
    dhcp_cleanup                             0x08023231   Thumb Code    24  dhcp.o(.text)
    dhcp_stop                                0x08023249   Thumb Code    58  dhcp.o(.text)
    dhcp_start                               0x0802368f   Thumb Code   206  dhcp.o(.text)
    dhcp_inform                              0x0802375d   Thumb Code   170  dhcp.o(.text)
    dhcp_network_changed                     0x08023807   Thumb Code    80  dhcp.o(.text)
    dhcp_arp_reply                           0x080238d5   Thumb Code    46  dhcp.o(.text)
    mem_init                                 0x08023995   Thumb Code    74  mem.o(.text)
    mem_free                                 0x080239df   Thumb Code    68  mem.o(.text)
    mem_trim                                 0x08023a23   Thumb Code   288  mem.o(.text)
    mem_malloc                               0x08023b43   Thumb Code   222  mem.o(.text)
    mem_calloc                               0x08023c21   Thumb Code    34  mem.o(.text)
    memp_init                                0x08023c55   Thumb Code    82  memp.o(.text)
    memp_malloc                              0x08023ca7   Thumb Code    40  memp.o(.text)
    memp_free                                0x08023ccf   Thumb Code    28  memp.o(.text)
    netif_init                               0x08023cfd   Thumb Code     2  netif.o(.text)
    netif_set_gw                             0x08023cff   Thumb Code    12  netif.o(.text)
    netif_set_netmask                        0x08023d0b   Thumb Code    12  netif.o(.text)
    netif_set_ipaddr                         0x08023d17   Thumb Code   110  netif.o(.text)
    netif_set_addr                           0x08023d85   Thumb Code    40  netif.o(.text)
    netif_add                                0x08023dad   Thumb Code   104  netif.o(.text)
    netif_set_default                        0x08023e15   Thumb Code     6  netif.o(.text)
    netif_set_down                           0x08023e1b   Thumb Code    42  netif.o(.text)
    netif_remove                             0x08023e45   Thumb Code    90  netif.o(.text)
    netif_find                               0x08023e9f   Thumb Code    64  netif.o(.text)
    netif_set_up                             0x08023edf   Thumb Code    54  netif.o(.text)
    netif_set_link_up                        0x08023f15   Thumb Code    80  netif.o(.text)
    netif_set_link_down                      0x08023f65   Thumb Code    42  netif.o(.text)
    netif_set_link_callback                  0x08023f8f   Thumb Code     6  netif.o(.text)
    pbuf_free                                0x08023fa9   Thumb Code   134  pbuf.o(.text)
    pbuf_alloc                               0x0802402f   Thumb Code   408  pbuf.o(.text)
    pbuf_alloced_custom                      0x080241c7   Thumb Code   108  pbuf.o(.text)
    pbuf_realloc                             0x08024233   Thumb Code   120  pbuf.o(.text)
    pbuf_header                              0x080242ab   Thumb Code   126  pbuf.o(.text)
    pbuf_clen                                0x08024329   Thumb Code    18  pbuf.o(.text)
    pbuf_ref                                 0x0802433b   Thumb Code    10  pbuf.o(.text)
    pbuf_cat                                 0x08024345   Thumb Code    56  pbuf.o(.text)
    pbuf_chain                               0x0802437d   Thumb Code    22  pbuf.o(.text)
    pbuf_dechain                             0x08024393   Thumb Code    56  pbuf.o(.text)
    pbuf_copy                                0x080243cb   Thumb Code   192  pbuf.o(.text)
    pbuf_copy_partial                        0x0802448b   Thumb Code   146  pbuf.o(.text)
    pbuf_take                                0x0802451d   Thumb Code   116  pbuf.o(.text)
    pbuf_coalesce                            0x08024591   Thumb Code    60  pbuf.o(.text)
    pbuf_get_at                              0x080245cd   Thumb Code    46  pbuf.o(.text)
    pbuf_memcmp                              0x080245fb   Thumb Code    96  pbuf.o(.text)
    pbuf_memfind                             0x0802465b   Thumb Code    76  pbuf.o(.text)
    pbuf_strstr                              0x080246a7   Thumb Code    60  pbuf.o(.text)
    raw_input                                0x080246e5   Thumb Code   102  raw.o(.text)
    raw_bind                                 0x0802474b   Thumb Code    16  raw.o(.text)
    raw_connect                              0x0802475b   Thumb Code    16  raw.o(.text)
    raw_recv                                 0x0802476b   Thumb Code     6  raw.o(.text)
    raw_sendto                               0x08024771   Thumb Code   158  raw.o(.text)
    raw_send                                 0x0802480f   Thumb Code    18  raw.o(.text)
    raw_remove                               0x08024821   Thumb Code    60  raw.o(.text)
    raw_new                                  0x0802485d   Thumb Code    42  raw.o(.text)
    tcp_init                                 0x08024895   Thumb Code     2  tcp.o(.text)
    tcp_seg_free                             0x08024897   Thumb Code    26  tcp.o(.text)
    tcp_segs_free                            0x080248b1   Thumb Code    24  tcp.o(.text)
    tcp_pcb_purge                            0x080248c9   Thumb Code    64  tcp.o(.text)
    tcp_slowtmr                              0x08024909   Thumb Code   802  tcp.o(.text)
    tcp_pcb_remove                           0x08024c2b   Thumb Code   140  tcp.o(.text)
    tcp_close                                0x08024e8f   Thumb Code    28  tcp.o(.text)
    tcp_update_rcv_ann_wnd                   0x08024eab   Thumb Code    78  tcp.o(.text)
    tcp_recved                               0x08024ef9   Thumb Code    70  tcp.o(.text)
    tcp_recv_null                            0x08024f3f   Thumb Code    46  tcp.o(.text)
    tcp_process_refused_data                 0x08024f6d   Thumb Code   140  tcp.o(.text)
    tcp_fasttmr                              0x08024ff9   Thumb Code   110  tcp.o(.text)
    tcp_tmr                                  0x08025067   Thumb Code    30  tcp.o(.text)
    tcp_shutdown                             0x08025085   Thumb Code    98  tcp.o(.text)
    tcp_abandon                              0x080250e7   Thumb Code   170  tcp.o(.text)
    tcp_abort                                0x08025191   Thumb Code    14  tcp.o(.text)
    tcp_bind                                 0x080251ff   Thumb Code   142  tcp.o(.text)
    tcp_listen_with_backlog                  0x08025295   Thumb Code   198  tcp.o(.text)
    tcp_eff_send_mss                         0x0802535b   Thumb Code    46  tcp.o(.text)
    tcp_next_iss                             0x08025389   Thumb Code    20  tcp.o(.text)
    tcp_connect                              0x0802539d   Thumb Code   328  tcp.o(.text)
    tcp_setprio                              0x080254e5   Thumb Code     4  tcp.o(.text)
    tcp_alloc                                0x08025567   Thumb Code   242  tcp.o(.text)
    tcp_new                                  0x08025659   Thumb Code    10  tcp.o(.text)
    tcp_arg                                  0x08025663   Thumb Code     4  tcp.o(.text)
    tcp_recv                                 0x08025667   Thumb Code     8  tcp.o(.text)
    tcp_sent                                 0x0802566f   Thumb Code     8  tcp.o(.text)
    tcp_err                                  0x08025677   Thumb Code    10  tcp.o(.text)
    tcp_accept                               0x08025681   Thumb Code     4  tcp.o(.text)
    tcp_poll                                 0x08025685   Thumb Code    14  tcp.o(.text)
    tcp_debug_state_str                      0x08025693   Thumb Code    10  tcp.o(.text)
    tcp_input                                0x080264c1   Thumb Code  1134  tcp_in.o(.text)
    tcp_enqueue_flags                        0x08026a7d   Thumb Code   272  tcp_out.o(.text)
    tcp_send_fin                             0x08026b8d   Thumb Code    74  tcp_out.o(.text)
    tcp_write                                0x08026cbf   Thumb Code   902  tcp_out.o(.text)
    tcp_send_empty_ack                       0x08027045   Thumb Code    78  tcp_out.o(.text)
    tcp_output                               0x0802715b   Thumb Code   444  tcp_out.o(.text)
    tcp_rst                                  0x08027317   Thumb Code   124  tcp_out.o(.text)
    tcp_rexmit_rto                           0x08027393   Thumb Code    58  tcp_out.o(.text)
    tcp_rexmit                               0x080273cd   Thumb Code    90  tcp_out.o(.text)
    tcp_rexmit_fast                          0x08027427   Thumb Code   112  tcp_out.o(.text)
    tcp_keepalive                            0x08027497   Thumb Code    68  tcp_out.o(.text)
    tcp_zero_window_probe                    0x080274db   Thumb Code   172  tcp_out.o(.text)
    tcp_timer_needed                         0x08027587   Thumb Code     2  timers.o(.text)
    udp_init                                 0x08027589   Thumb Code     2  udp.o(.text)
    udp_input                                0x080275db   Thumb Code   450  udp.o(.text)
    udp_bind                                 0x0802779d   Thumb Code   122  udp.o(.text)
    udp_sendto_if                            0x08027817   Thumb Code   206  udp.o(.text)
    udp_sendto                               0x080278e5   Thumb Code    46  udp.o(.text)
    udp_send                                 0x08027913   Thumb Code    20  udp.o(.text)
    udp_connect                              0x08027927   Thumb Code   110  udp.o(.text)
    udp_disconnect                           0x08027995   Thumb Code    16  udp.o(.text)
    udp_recv                                 0x080279a5   Thumb Code     6  udp.o(.text)
    udp_remove                               0x080279ab   Thumb Code    60  udp.o(.text)
    udp_new                                  0x080279e7   Thumb Code    28  udp.o(.text)
    LwIP_Init                                0x08027a09   Thumb Code   164  netconf.o(.text)
    LwIP_Pkt_Handle                          0x08027aad   Thumb Code    10  netconf.o(.text)
    LwIP_Periodic_Handle                     0x08027ab7   Thumb Code    52  netconf.o(.text)
    ETH_BSP_Config                           0x08027cd3   Thumb Code    38  stm32f4x7_eth_bsp.o(.text)
    Eth_Link_PHYITConfig                     0x08027cf9   Thumb Code    70  stm32f4x7_eth_bsp.o(.text)
    Eth_Link_EXTIConfig                      0x08027d3f   Thumb Code   104  stm32f4x7_eth_bsp.o(.text)
    Eth_Link_ITHandler                       0x08027da7   Thumb Code    48  stm32f4x7_eth_bsp.o(.text)
    ETH_link_callback                        0x08027dd7   Thumb Code   282  stm32f4x7_eth_bsp.o(.text)
    udp_echoserver_receive_callback          0x08027fb1   Thumb Code   174  udp_echoserver.o(.text)
    udp_echoserver_init                      0x0802805f   Thumb Code   162  udp_echoserver.o(.text)
    udp_echoserver_senddata                  0x08028101   Thumb Code    52  udp_echoserver.o(.text)
    __aeabi_memcpy                           0x0802820d   Thumb Code    36  memcpya.o(.text)
    __aeabi_memcpy4                          0x0802820d   Thumb Code     0  memcpya.o(.text)
    __aeabi_memcpy8                          0x0802820d   Thumb Code     0  memcpya.o(.text)
    __aeabi_memset                           0x08028231   Thumb Code    14  memseta.o(.text)
    __aeabi_memset4                          0x08028231   Thumb Code     0  memseta.o(.text)
    __aeabi_memset8                          0x08028231   Thumb Code     0  memseta.o(.text)
    __aeabi_memclr                           0x0802823f   Thumb Code     4  memseta.o(.text)
    __aeabi_memclr4                          0x0802823f   Thumb Code     0  memseta.o(.text)
    __aeabi_memclr8                          0x0802823f   Thumb Code     0  memseta.o(.text)
    _memset$wrapper                          0x08028243   Thumb Code    18  memseta.o(.text)
    strncpy                                  0x08028255   Thumb Code    24  strncpy.o(.text)
    strlen                                   0x0802826d   Thumb Code    14  strlen.o(.text)
    memcmp                                   0x0802827b   Thumb Code    26  memcmp.o(.text)
    __aeabi_dadd                             0x08028295   Thumb Code   322  dadd.o(.text)
    __aeabi_dsub                             0x080283d7   Thumb Code     6  dadd.o(.text)
    __aeabi_drsub                            0x080283dd   Thumb Code     6  dadd.o(.text)
    __aeabi_dmul                             0x080283e3   Thumb Code   228  dmul.o(.text)
    __aeabi_ui2d                             0x080284c7   Thumb Code    26  dfltui.o(.text)
    __aeabi_d2iz                             0x080284e1   Thumb Code    62  dfixi.o(.text)
    __aeabi_d2uiz                            0x0802851f   Thumb Code    50  dfixui.o(.text)
    __aeabi_cdrcmple                         0x08028551   Thumb Code    38  cdrcmple.o(.text)
    __aeabi_uldivmod                         0x08028579   Thumb Code    98  uldiv.o(.text)
    __aeabi_llsl                             0x080285db   Thumb Code    30  llshl.o(.text)
    _ll_shift_l                              0x080285db   Thumb Code     0  llshl.o(.text)
    __aeabi_llsr                             0x080285f9   Thumb Code    32  llushr.o(.text)
    _ll_ushift_r                             0x080285f9   Thumb Code     0  llushr.o(.text)
    __aeabi_lasr                             0x08028619   Thumb Code    36  llsshr.o(.text)
    _ll_sshift_r                             0x08028619   Thumb Code     0  llsshr.o(.text)
    __I$use$fp                               0x0802863d   Thumb Code     0  iusefp.o(.text)
    _double_round                            0x0802863d   Thumb Code    26  depilogue.o(.text)
    _double_epilogue                         0x08028657   Thumb Code   164  depilogue.o(.text)
    __decompress                             0x080286fb   Thumb Code     0  __dczerorl2.o(.text)
    __decompress1                            0x080286fb   Thumb Code    92  __dczerorl2.o(.text)
    __0printf$8                              0x08028759   Thumb Code    22  printf8.o(i.__0printf$8)
    __1printf$8                              0x08028759   Thumb Code     0  printf8.o(i.__0printf$8)
    __2printf                                0x08028759   Thumb Code     0  printf8.o(i.__0printf$8)
    __0sprintf$8                             0x08028779   Thumb Code    34  printf8.o(i.__0sprintf$8)
    __1sprintf$8                             0x08028779   Thumb Code     0  printf8.o(i.__0sprintf$8)
    __2sprintf                               0x08028779   Thumb Code     0  printf8.o(i.__0sprintf$8)
    softver_edtion                           0x08028cc8   Data           6  processscope.o(.constdata)
    FSMC_DefaultTimingStruct                 0x08029b70   Data          28  stm32f4xx_fsmc.o(.constdata)
    COM_USART                                0x08029b8c   Data          12  scope_eval.o(.constdata)
    COM_USART_CLK                            0x08029b98   Data          12  scope_eval.o(.constdata)
    COM_ET_IRQn                              0x08029ba4   Data           6  scope_eval.o(.constdata)
    COM_TX_PORT                              0x08029bac   Data          12  scope_eval.o(.constdata)
    COM_TX_PIN                               0x08029bb8   Data           6  scope_eval.o(.constdata)
    COM_TX_PORT_CLK                          0x08029bc0   Data          12  scope_eval.o(.constdata)
    COM_RX_PORT                              0x08029bcc   Data          12  scope_eval.o(.constdata)
    COM_RX_PIN                               0x08029bd8   Data           6  scope_eval.o(.constdata)
    COM_RX_PORT_CLK                          0x08029be0   Data          12  scope_eval.o(.constdata)
    COM_AF_TX_PINSOURCE                      0x08029bec   Data           3  scope_eval.o(.constdata)
    COM_AF_RX_PINSOURCE                      0x08029bef   Data           3  scope_eval.o(.constdata)
    COM_AF_UART                              0x08029bf2   Data           3  scope_eval.o(.constdata)
    OUT_PORT                                 0x08029bf8   Data          28  scope_eval.o(.constdata)
    OUT_PIN                                  0x08029c14   Data          14  scope_eval.o(.constdata)
    OUT_CLK                                  0x08029c24   Data          28  scope_eval.o(.constdata)
    IN_PORT                                  0x08029c40   Data          28  scope_eval.o(.constdata)
    IN_PIN                                   0x08029c5c   Data          14  scope_eval.o(.constdata)
    IN_CLK                                   0x08029c6c   Data          28  scope_eval.o(.constdata)
    IN_ET_LINE                               0x08029c88   Data          14  scope_eval.o(.constdata)
    IN_ET_PORT                               0x08029c96   Data          14  scope_eval.o(.constdata)
    IN_ET_PIN                                0x08029ca4   Data          14  scope_eval.o(.constdata)
    IN_ET_IRQn                               0x08029cb2   Data          14  scope_eval.o(.constdata)
    g_Turn_Motor_Table                       0x08029cd0   Data          16  driver.o(.constdata)
    ethbroadcast                             0x08029ce0   Data           6  etharp.o(.constdata)
    ethzero                                  0x08029ce6   Data           6  etharp.o(.constdata)
    ip_addr_any                              0x08029cec   Data           4  ip_addr.o(.constdata)
    ip_addr_broadcast                        0x08029cf0   Data           4  ip_addr.o(.constdata)
    tcp_state_str                            0x08029d18   Data          44  tcp.o(.constdata)
    tcp_backoff                              0x08029d44   Data          13  tcp.o(.constdata)
    tcp_persist_backoff                      0x08029d51   Data           7  tcp.o(.constdata)
    tcp_pcb_lists                            0x08029d58   Data          16  tcp.o(.constdata)
    SystemCoreClock                          0x20000000   Data           4  system_stm32f4xx.o(.data)
    AHBPrescTable                            0x20000004   Data          16  system_stm32f4xx.o(.data)
    g_tOCLevel                               0x2000001e   Data           4  systemscope.o(.data)
    g_tSystemStatus                          0x20000022   Data           3  systemscope.o(.data)
    g_atInterval                             0x20000026   Data           8  systemscope.o(.data)
    g_nError                                 0x20000030   Data           4  systemscope.o(.data)
    g_nFlag                                  0x20000034   Data           4  systemscope.o(.data)
    g_Test_Mode                              0x20000042   Data           1  processscope.o(.data)
    g_Micro_Switch                           0x20000043   Data           1  processscope.o(.data)
    g_Udp_Count                              0x20000048   Data           4  processscope.o(.data)
    g_Frame_Count                            0x2000004c   Data           4  processscope.o(.data)
    g_Send_Fail                              0x20000050   Data           4  processscope.o(.data)
    g_AirLight_Flag                          0x20000054   Data           1  processscope.o(.data)
    g_Debug_Data                             0x2000006e   Data         512  interfacescope.o(.data)
    DMATxDescToSet                           0x20000294   Data           4  stm32f4x7_eth.o(.data)
    DMARxDescToGet                           0x20000298   Data           4  stm32f4x7_eth.o(.data)
    DMA_RX_FRAME_infos                       0x2000029c   Data           4  stm32f4x7_eth.o(.data)
    Frame_Rx_index                           0x200002a0   Data           4  stm32f4x7_eth.o(.data)
    g_Elec_Status                            0x20000314   Data           1  driver.o(.data)
    current_netif                            0x20000318   Data           4  ip.o(.data)
    current_header                           0x2000031c   Data           4  ip.o(.data)
    current_iphdr_src                        0x20000320   Data           4  ip.o(.data)
    current_iphdr_dest                       0x20000324   Data           4  ip.o(.data)
    netif_list                               0x20000344   Data           4  netif.o(.data)
    netif_default                            0x20000348   Data           4  netif.o(.data)
    tcp_ticks                                0x2000035c   Data           4  tcp.o(.data)
    tcp_bound_pcbs                           0x20000360   Data           4  tcp.o(.data)
    tcp_listen_pcbs                          0x20000364   Data           4  tcp.o(.data)
    tcp_active_pcbs                          0x20000368   Data           4  tcp.o(.data)
    tcp_tw_pcbs                              0x2000036c   Data           4  tcp.o(.data)
    tcp_tmp_pcb                              0x20000370   Data           4  tcp.o(.data)
    tcp_active_pcbs_changed                  0x20000374   Data           1  tcp.o(.data)
    tcp_input_pcb                            0x20000394   Data           4  tcp_in.o(.data)
    udp_pcbs                                 0x2000039c   Data           4  udp.o(.data)
    TCPTimer                                 0x200003ac   Data           4  netconf.o(.data)
    ARPTimer                                 0x200003b0   Data           4  netconf.o(.data)
    IPaddress                                0x200003b4   Data           4  netconf.o(.data)
    EthStatus                                0x200003c4   Data           4  stm32f4x7_eth_bsp.o(.data)
    s_tAddr                                  0x200003d4   Data           4  udp_echoserver.o(.data)
    s_nPort                                  0x200003d8   Data           2  udp_echoserver.o(.data)
    s_ptUpcb                                 0x200003dc   Data           4  udp_echoserver.o(.data)
    __stdout                                 0x200003e0   Data           4  stdout.o(.data)
    g_tAxisPosStatus                         0x200003e4   Data          28  systemscope.o(.bss)
    g_tSystemPara                            0x20000400   Data          54  systemscope.o(.bss)
    g_nErrorParaSet                          0x20000436   Data          64  systemscope.o(.bss)
    ADC1_Status                              0x20000478   Data          12  processscope.o(.bss)
    g_ADC1_Buffer                            0x20000484   Data         512  processscope.o(.bss)
    ADC2_Status                              0x20000684   Data          12  processscope.o(.bss)
    g_ADC2_Buffer                            0x20000690   Data         512  processscope.o(.bss)
    g_CRP_Data                               0x20000890   Data        1032  processscope.o(.bss)
    g_NET_achCmdRvBuf                        0x20000c98   Data         256  protocol.o(.bss)
    g_achFbkSdBuf                            0x20000d98   Data        1500  protocol.o(.bss)
    g_achFbkSdLogBuf                         0x20001374   Data        1500  protocol.o(.bss)
    g_SPG_achCmdRvBuf                        0x20002508   Data          80  samplingport.o(.bss)
    g_Record_Param                           0x20002558   Data          28  storagemanagement.o(.bss)
    DMARxDscrTab                             0x20002574   Data         256  stm32f4x7_eth.o(.bss)
    DMATxDscrTab                             0x20002674   Data         256  stm32f4x7_eth.o(.bss)
    Rx_Buff                                  0x20002774   Data       12192  stm32f4x7_eth.o(.bss)
    Tx_Buff                                  0x20005714   Data       12192  stm32f4x7_eth.o(.bss)
    RX_Frame_Descriptor                      0x200086b4   Data          12  stm32f4x7_eth.o(.bss)
    g_atMotorStatus                          0x200086c0   Data          16  scope_move.o(.bss)
    g_atMotorPara                            0x200086d0   Data          32  scope_move.o(.bss)
    dhcp_rx_options_val                      0x20009ed4   Data          40  dhcp.o(.bss)
    dhcp_rx_options_given                    0x20009efc   Data          10  dhcp.o(.bss)
    ram_heap                                 0x20009f06   Data       10260  mem.o(.bss)
    gnetif                                   0x20011334   Data          56  netconf.o(.bss)
    ETH_InitStructure                        0x2001136c   Data         188  stm32f4x7_eth_bsp.o(.bss)
    __initial_sp                             0x20015428   Data           0  startup_stm32f40_41xxx.o(STACK)



==============================================================================

Memory Map of the image

  Image Entry point : 0x08000189

  Load Region LR_IROM1 (Base: 0x08000000, Size: 0x000005e4, Max: 0x00003fff, ABSOLUTE, COMPRESSED[0x000002f0])

    Execution Region ER_IROM1 (Base: 0x08000000, Size: 0x00000200, Max: 0x00003fff, ABSOLUTE)

    Base Addr    Size         Type   Attr      Idx    E Section Name        Object

    0x08000000   0x00000188   Data   RO          293    RESET               startup_stm32f40_41xxx.o
    0x08000188   0x00000000   Code   RO         2132  * .ARM.Collect$$$$00000000  mc_w.l(entry.o)
    0x08000188   0x00000004   Code   RO         2420    .ARM.Collect$$$$00000001  mc_w.l(entry2.o)
    0x0800018c   0x00000004   Code   RO         2423    .ARM.Collect$$$$00000004  mc_w.l(entry5.o)
    0x08000190   0x00000000   Code   RO         2425    .ARM.Collect$$$$00000008  mc_w.l(entry7b.o)
    0x08000190   0x00000000   Code   RO         2427    .ARM.Collect$$$$0000000A  mc_w.l(entry8b.o)
    0x08000190   0x00000008   Code   RO         2428    .ARM.Collect$$$$0000000B  mc_w.l(entry9a.o)
    0x08000198   0x00000000   Code   RO         2430    .ARM.Collect$$$$0000000D  mc_w.l(entry10a.o)
    0x08000198   0x00000000   Code   RO         2432    .ARM.Collect$$$$0000000F  mc_w.l(entry11a.o)
    0x08000198   0x00000004   Code   RO         2421    .ARM.Collect$$$$00002712  mc_w.l(entry2.o)
    0x0800019c   0x00000024   Code   RO         2452    .text               mc_w.l(init.o)
    0x080001c0   0x0000000e   Code   RO         2456    i.__scatterload_copy  mc_w.l(handlers.o)
    0x080001ce   0x00000002   Code   RO         2457    i.__scatterload_null  mc_w.l(handlers.o)
    0x080001d0   0x0000000e   Code   RO         2458    i.__scatterload_zeroinit  mc_w.l(handlers.o)
    0x080001de   0x00000002   PAD
    0x080001e0   0x00000020   Data   RO         2454    Region$$Table       anon$$obj.o


    Execution Region RW_IRAM1 (Base: 0x20000000, Size: 0x00015428, Max: 0x00020000, ABSOLUTE, COMPRESSED[0x000000f0])

    Base Addr    Size         Type   Attr      Idx    E Section Name        Object

    0x20000000   0x00000014   Data   RW          268    .data               system_stm32f4xx.o
    0x20000014   0x00000024   Data   RW          303    .data               systemscope.o
    0x20000038   0x0000001d   Data   RW          331    .data               processscope.o
    0x20000055   0x0000000c   Data   RW          361    .data               protocol.o
    0x20000061   0x00000003   PAD
    0x20000064   0x0000021a   Data   RW          393    .data               interfacescope.o
    0x2000027e   0x00000014   Data   RW          421    .data               samplingport.o
    0x20000292   0x00000002   PAD
    0x20000294   0x00000010   Data   RW          475    .data               stm32f4x7_eth.o
    0x200002a4   0x00000010   Data   RW         1030    .data               stm32f4xx_rcc.o
    0x200002b4   0x00000020   Data   RW         1237    .data               scope_it.o
    0x200002d4   0x00000012   Data   RW         1316    .data               buffercircle.o
    0x200002e6   0x00000012   Data   RW         1339    .data               netbuffercircle.o
    0x200002f8   0x00000012   Data   RW         1362    .data               samplebuffercircle.o
    0x2000030a   0x0000000b   Data   RW         1412    .data               driver.o
    0x20000315   0x00000001   Data   RW         1528    .data               etharp.o
    0x20000316   0x00000002   PAD
    0x20000318   0x00000012   Data   RW         1643    .data               ip.o
    0x2000032a   0x00000002   PAD
    0x2000032c   0x00000006   Data   RW         1703    .data               ip_frag.o
    0x20000332   0x00000002   PAD
    0x20000334   0x00000004   Data   RW         1733    .data               dhcp.o
    0x20000338   0x0000000c   Data   RW         1791    .data               mem.o
    0x20000344   0x00000009   Data   RW         1833    .data               netif.o
    0x2000034d   0x00000003   PAD
    0x20000350   0x00000004   Data   RW         1867    .data               raw.o
    0x20000354   0x00000023   Data   RW         1895    .data               tcp.o
    0x20000377   0x00000001   PAD
    0x20000378   0x00000020   Data   RW         1918    .data               tcp_in.o
    0x20000398   0x00000008   Data   RW         1964    .data               udp.o
    0x200003a0   0x00000018   Data   RW         2047    .data               netconf.o
    0x200003b8   0x00000010   Data   RW         2072    .data               stm32f4x7_eth_bsp.o
    0x200003c8   0x00000018   Data   RW         2105    .data               udp_echoserver.o
    0x200003e0   0x00000004   Data   RW         2434    .data               mc_w.l(stdout.o)
    0x200003e4   0x00000092   Zero   RW          301    .bss                systemscope.o
    0x20000476   0x00000002   PAD
    0x20000478   0x00000820   Zero   RW          329    .bss                processscope.o
    0x20000c98   0x00000cb8   Zero   RW          360    .bss                protocol.o
    0x20001950   0x00000bb8   Zero   RW          391    .bss                interfacescope.o
    0x20002508   0x00000050   Zero   RW          420    .bss                samplingport.o
    0x20002558   0x0000001c   Zero   RW          447    .bss                storagemanagement.o
    0x20002574   0x0000614c   Zero   RW          474    .bss                stm32f4x7_eth.o
    0x200086c0   0x00000030   Zero   RW         1287    .bss                scope_move.o
    0x200086f0   0x000009c4   Zero   RW         1315    .bss                buffercircle.o
    0x200090b4   0x00000c80   Zero   RW         1338    .bss                netbuffercircle.o
    0x20009d34   0x000000c8   Zero   RW         1361    .bss                samplebuffercircle.o
    0x20009dfc   0x000000c8   Zero   RW         1526    .bss                etharp.o
    0x20009ec4   0x00000010   Zero   RW         1680    .bss                ip_addr.o
    0x20009ed4   0x00000032   Zero   RW         1732    .bss                dhcp.o
    0x20009f06   0x00002814   Zero   RW         1790    .bss                mem.o
    0x2000c71a   0x00000002   PAD
    0x2000c71c   0x00004c07   Zero   RW         1806    .bss                memp.o
    0x20011323   0x00000001   PAD
    0x20011324   0x00000010   Zero   RW         1917    .bss                tcp_in.o
    0x20011334   0x00000038   Zero   RW         2046    .bss                netconf.o
    0x2001136c   0x000000bc   Zero   RW         2071    .bss                stm32f4x7_eth_bsp.o
    0x20011428   0x00004000   Zero   RW          291    STACK               startup_stm32f40_41xxx.o



  Load Region LR_IROM2 (Base: 0x08008000, Size: 0x00021e1c, Max: 0x0003ffff, ABSOLUTE)

    Execution Region ER_IROM2 (Base: 0x08008000, Size: 0x00021e1c, Max: 0x0003ffff, ABSOLUTE)

    Base Addr    Size         Type   Attr      Idx    E Section Name        Object

    0x08008000   0x000001f4   Code   RO            3    .text               scopemain.o
    0x080081f4   0x000002cc   Code   RO          267    .text               system_stm32f4xx.o
    0x080084c0   0x00000024   Code   RO          294    .text               startup_stm32f40_41xxx.o
    0x080084e4   0x000001d4   Code   RO          300    .text               systemscope.o
    0x080086b8   0x00005470   Code   RO          328    .text               processscope.o
    0x0800db28   0x0000049c   Code   RO          359    .text               protocol.o
    0x0800dfc4   0x00001b78   Code   RO          390    .text               interfacescope.o
    0x0800fb3c   0x00000364   Code   RO          419    .text               samplingport.o
    0x0800fea0   0x00000190   Code   RO          446    .text               storagemanagement.o
    0x08010030   0x00001e30   Code   RO          473    .text               stm32f4x7_eth.o
    0x08011e60   0x000001dc   Code   RO          497    .text               misc.o
    0x0801203c   0x00001070   Code   RO          537    .text               stm32f4xx_adc.o
    0x080130ac   0x000005f8   Code   RO          677    .text               stm32f4xx_dac.o
    0x080136a4   0x000013a4   Code   RO          760    .text               stm32f4xx_dma.o
    0x08014a48   0x000002f8   Code   RO          780    .text               stm32f4xx_exti.o
    0x08014d40   0x00000a94   Code   RO          800    .text               stm32f4xx_flash.o
    0x080157d4   0x00000e48   Code   RO          843    .text               stm32f4xx_fsmc.o
    0x0801661c   0x00000a10   Code   RO          866    .text               stm32f4xx_gpio.o
    0x0801702c   0x00000f60   Code   RO         1029    .text               stm32f4xx_rcc.o
    0x08017f8c   0x00000dd0   Code   RO         1134    .text               stm32f4xx_spi.o
    0x08018d5c   0x0000019c   Code   RO         1154    .text               stm32f4xx_syscfg.o
    0x08018ef8   0x00003284   Code   RO         1174    .text               stm32f4xx_tim.o
    0x0801c17c   0x0000115c   Code   RO         1194    .text               stm32f4xx_usart.o
    0x0801d2d8   0x00000378   Code   RO         1214    .text               fpga.o
    0x0801d650   0x00000274   Code   RO         1236    .text               scope_it.o
    0x0801d8c4   0x000004b4   Code   RO         1258    .text               scope_eval.o
    0x0801dd78   0x000003ec   Code   RO         1286    .text               scope_move.o
    0x0801e164   0x000003b8   Code   RO         1314    .text               buffercircle.o
    0x0801e51c   0x000003b8   Code   RO         1337    .text               netbuffercircle.o
    0x0801e8d4   0x0000038c   Code   RO         1360    .text               samplebuffercircle.o
    0x0801ec60   0x00001aa4   Code   RO         1409    .text               driver.o
    0x08020704   0x000004e6   Code   RO         1461    .text               ad7799.o
    0x08020bea   0x00000002   PAD
    0x08020bec   0x00000290   Code   RO         1483    .text               ethernetif.o
    0x08020e7c   0x0000092c   Code   RO         1525    .text               etharp.o
    0x080217a8   0x000001f0   Code   RO         1584    .text               icmp.o
    0x08021998   0x00000222   Code   RO         1624    .text               inet_chksum.o
    0x08021bba   0x00000002   PAD
    0x08021bbc   0x00000308   Code   RO         1642    .text               ip.o
    0x08021ec4   0x000002b4   Code   RO         1679    .text               ip_addr.o
    0x08022178   0x00000694   Code   RO         1702    .text               ip_frag.o
    0x0802280c   0x0000003e   Code   RO         1719    .text               def.o
    0x0802284a   0x00000002   PAD
    0x0802284c   0x000010cc   Code   RO         1731    .text               dhcp.o
    0x08023918   0x0000033c   Code   RO         1789    .text               mem.o
    0x08023c54   0x000000a8   Code   RO         1805    .text               memp.o
    0x08023cfc   0x000002ac   Code   RO         1832    .text               netif.o
    0x08023fa8   0x0000073a   Code   RO         1854    .text               pbuf.o
    0x080246e2   0x00000002   PAD
    0x080246e4   0x000001b0   Code   RO         1866    .text               raw.o
    0x08024894   0x00000e18   Code   RO         1892    .text               tcp.o
    0x080256ac   0x000012ac   Code   RO         1916    .text               tcp_in.o
    0x08026958   0x00000c2e   Code   RO         1939    .text               tcp_out.o
    0x08027586   0x00000002   Code   RO         1951    .text               timers.o
    0x08027588   0x00000480   Code   RO         1963    .text               udp.o
    0x08027a08   0x00000170   Code   RO         2045    .text               netconf.o
    0x08027b78   0x00000438   Code   RO         2070    .text               stm32f4x7_eth_bsp.o
    0x08027fb0   0x0000025c   Code   RO         2103    .text               udp_echoserver.o
    0x0802820c   0x00000024   Code   RO         2135    .text               mc_w.l(memcpya.o)
    0x08028230   0x00000024   Code   RO         2137    .text               mc_w.l(memseta.o)
    0x08028254   0x00000018   Code   RO         2139    .text               mc_w.l(strncpy.o)
    0x0802826c   0x0000000e   Code   RO         2141    .text               mc_w.l(strlen.o)
    0x0802827a   0x0000001a   Code   RO         2143    .text               mc_w.l(memcmp.o)
    0x08028294   0x0000014e   Code   RO         2408    .text               mf_w.l(dadd.o)
    0x080283e2   0x000000e4   Code   RO         2410    .text               mf_w.l(dmul.o)
    0x080284c6   0x0000001a   Code   RO         2412    .text               mf_w.l(dfltui.o)
    0x080284e0   0x0000003e   Code   RO         2414    .text               mf_w.l(dfixi.o)
    0x0802851e   0x00000032   Code   RO         2416    .text               mf_w.l(dfixui.o)
    0x08028550   0x00000028   Code   RO         2418    .text               mf_w.l(cdrcmple.o)
    0x08028578   0x00000062   Code   RO         2437    .text               mc_w.l(uldiv.o)
    0x080285da   0x0000001e   Code   RO         2439    .text               mc_w.l(llshl.o)
    0x080285f8   0x00000020   Code   RO         2441    .text               mc_w.l(llushr.o)
    0x08028618   0x00000024   Code   RO         2443    .text               mc_w.l(llsshr.o)
    0x0802863c   0x00000000   Code   RO         2445    .text               mc_w.l(iusefp.o)
    0x0802863c   0x000000be   Code   RO         2446    .text               mf_w.l(depilogue.o)
    0x080286fa   0x0000005c   Code   RO         2462    .text               mc_w.l(__dczerorl2.o)
    0x08028756   0x00000002   PAD
    0x08028758   0x00000020   Code   RO         2354    i.__0printf$8       mc_w.l(printf8.o)
    0x08028778   0x00000028   Code   RO         2356    i.__0sprintf$8      mc_w.l(printf8.o)
    0x080287a0   0x00000408   Code   RO         2361    i._printf_core      mc_w.l(printf8.o)
    0x08028ba8   0x00000026   Code   RO         2362    i._printf_post_padding  mc_w.l(printf8.o)
    0x08028bce   0x00000030   Code   RO         2363    i._printf_pre_padding  mc_w.l(printf8.o)
    0x08028bfe   0x0000000a   Code   RO         2365    i._sputc            mc_w.l(printf8.o)
    0x08028c08   0x000000c0   Data   RO          302    .constdata          systemscope.o
    0x08028cc8   0x00000e10   Data   RO          330    .constdata          processscope.o
    0x08029ad8   0x00000098   Data   RO          392    .constdata          interfacescope.o
    0x08029b70   0x0000001c   Data   RO          844    .constdata          stm32f4xx_fsmc.o
    0x08029b8c   0x00000134   Data   RO         1259    .constdata          scope_eval.o
    0x08029cc0   0x00000010   Data   RO         1288    .constdata          scope_move.o
    0x08029cd0   0x00000010   Data   RO         1411    .constdata          driver.o
    0x08029ce0   0x0000000c   Data   RO         1527    .constdata          etharp.o
    0x08029cec   0x00000008   Data   RO         1681    .constdata          ip_addr.o
    0x08029cf4   0x00000024   Data   RO         1807    .constdata          memp.o
    0x08029d18   0x00000050   Data   RO         1893    .constdata          tcp.o
    0x08029d68   0x0000004b   Data   RO         2104    .constdata          udp_echoserver.o
    0x08029db3   0x00000068   Data   RO         1894    .conststring        tcp.o


==============================================================================

Image component sizes


      Code (inc. data)   RO Data    RW Data    ZI Data      Debug   Object Name

      1254         62          0          0          0       3858   ad7799.o
       952         16          0         18       2500       4406   buffercircle.o
        62          0          0          0          0       1174   def.o
      4300         80          0          4         50      12570   dhcp.o
      6820        790         16         11          0      24469   driver.o
      2348         22         12          1        200      15877   etharp.o
       656         36          0          0          0       7755   ethernetif.o
       888         18          0          0          0       2691   fpga.o
       496          8          0          0          0       3342   icmp.o
         0          0          0          0          0       3768   inet.o
       546          0          0          0          0       2897   inet_chksum.o
      7032        524        152        538       3000      46569   interfacescope.o
       776         30          0         18          0      15476   ip.o
       692         12          8          0         16       9151   ip_addr.o
      1684         18          0          6          0       6988   ip_frag.o
       828         18          0         12      10260       3822   mem.o
       168         18         36          0      19463       2322   memp.o
       476         56          0          0          0       1889   misc.o
       952         16          0         18       3200       4724   netbuffercircle.o
       368        142          0         24         56       1826   netconf.o
       684         20          0          9          0       6449   netif.o
      1850          0          0          0          0       8809   pbuf.o
     21616       4784       3600         29       2080      30750   processscope.o
      1180         58          0         12       3256       8251   protocol.o
       432         14          0          4          0       3237   raw.o
       908         16          0         18        200       4434   samplebuffercircle.o
       868         32          0         20         80       6209   samplingport.o
      1204        250        308          0          0      31214   scope_eval.o
       628         68          0         32          0       3292   scope_it.o
      1004         18         16          0         48       4431   scope_move.o
       500        236          0          0          0     419746   scopemain.o
        36          8        392          0      16384        796   startup_stm32f40_41xxx.o
      7728        216          0         16      24908      23289   stm32f4x7_eth.o
      1080        192          0         16        188       4669   stm32f4x7_eth_bsp.o
      4208        130          0          0          0      12554   stm32f4xx_adc.o
      1528         48          0          0          0       5381   stm32f4xx_dac.o
      5028        330          0          0          0       8513   stm32f4xx_dma.o
       760         50          0          0          0       2551   stm32f4xx_exti.o
      2708         82          0          0          0       9918   stm32f4xx_flash.o
      3656        130         28          0          0       7038   stm32f4xx_fsmc.o
      2576        178          0          0          0       5213   stm32f4xx_gpio.o
      3936        252          0         16          0      15056   stm32f4xx_rcc.o
      3536        168          0          0          0       8333   stm32f4xx_spi.o
       412         62          0          0          0       1961   stm32f4xx_syscfg.o
     12932        652          0          0          0      29104   stm32f4xx_tim.o
      4444        228          0          0          0       9852   stm32f4xx_usart.o
       400         46          0          0         28       3952   storagemanagement.o
       716         50          0         20          0       1968   system_stm32f4xx.o
       468         46        192         36        146       5689   systemscope.o
      3608        138        184         35          0      21203   tcp.o
      4780        232          0         32         16      14487   tcp_in.o
      3118          8          0          0          0       9307   tcp_out.o
         2          0          0          0          0        435   timers.o
      1152         22          0          8          0      13765   udp.o
       604        216         75         24          0       2237   udp_echoserver.o

    ----------------------------------------------------------------------
    131596      10846       5052        992      86084     919667   Object Totals
         0          0         32          0          0          0   (incl. Generated)
         8          0          1         15          5          0   (incl. Padding)

    ----------------------------------------------------------------------

      Code (inc. data)   RO Data    RW Data    ZI Data      Debug   Library Member Name

        92          0          0          0          0          0   __dczerorl2.o
         0          0          0          0          0          0   entry.o
         0          0          0          0          0          0   entry10a.o
         0          0          0          0          0          0   entry11a.o
         8          4          0          0          0          0   entry2.o
         4          0          0          0          0          0   entry5.o
         0          0          0          0          0          0   entry7b.o
         0          0          0          0          0          0   entry8b.o
         8          4          0          0          0          0   entry9a.o
        30          0          0          0          0          0   handlers.o
        36          8          0          0          0         68   init.o
         0          0          0          0          0          0   iusefp.o
        30          0          0          0          0         68   llshl.o
        36          0          0          0          0         68   llsshr.o
        32          0          0          0          0         68   llushr.o
        26          0          0          0          0         80   memcmp.o
        36          0          0          0          0         68   memcpya.o
        36          0          0          0          0        108   memseta.o
      1200         60          0          0          0        504   printf8.o
         0          0          0          4          0          0   stdout.o
        14          0          0          0          0         68   strlen.o
        24          0          0          0          0         76   strncpy.o
        98          0          0          0          0         92   uldiv.o
        40          2          0          0          0         68   cdrcmple.o
       334          0          0          0          0        148   dadd.o
       190          0          0          0          0        176   depilogue.o
        62          0          0          0          0         80   dfixi.o
        50          0          0          0          0         76   dfixui.o
        26          0          0          0          0         76   dfltui.o
       228          0          0          0          0         96   dmul.o

    ----------------------------------------------------------------------
      2644         78          0          4          0       1988   Library Totals
         4          0          0          0          0          0   (incl. Padding)

    ----------------------------------------------------------------------

      Code (inc. data)   RO Data    RW Data    ZI Data      Debug   Library Name

      1710         76          0          4          0       1268   mc_w.l
       930          2          0          0          0        720   mf_w.l

    ----------------------------------------------------------------------
      2644         78          0          4          0       1988   Library Totals

    ----------------------------------------------------------------------

==============================================================================


      Code (inc. data)   RO Data    RW Data    ZI Data      Debug   

    134240      10924       5052        996      86084     908215   Grand Totals
    134240      10924       5052        240      86084     908215   ELF Image Totals (compressed)
    134240      10924       5052        240          0          0   ROM Totals

==============================================================================

    Total RO  Size (Code + RO Data)               139292 ( 136.03kB)
    Total RW  Size (RW Data + ZI Data)             87080 (  85.04kB)
    Total ROM Size (Code + RO Data + RW Data)     139532 ( 136.26kB)

==============================================================================

