<html>
<body>
<pre>
<h1>µVision Build Log</h1>
<h2>Project:</h2>
F:\CX-3000\CX-3000\workspace\prj\CX-3000.uvproj
Project File Date:  12/04/2019

<h2>Output:</h2>
Build target 'Scope'
compiling InterfaceScope.c...
..\..\config\driver.h(480): warning:  #1295-D: Deprecated declaration Turn_Motor_Reset - give arg types
        void Turn_Motor_Reset();        
..\..\source\InterfaceScope.c(266): warning:  #177-D: variable "i" was declared but never referenced
                UINT32 nCurTime = 0, nTempTime = 0, nDlyTime = 0, i;
..\..\source\InterfaceScope.c(499): warning:  #177-D: variable "i" was declared but never referenced
                UINT32 nCurTime, nTempTime, i = 0;
..\..\source\InterfaceScope.c: 3 warnings, 0 errors
linking...
Program Size: Code=135932 RO-data=4764 RW-data=960 ZI-data=85824  
FromELF: creating hex file...
After Build - User command #1: "D:\Program Files (x86)\Keil_v4\ARM\ARMCC\bin\fromelf.exe" --bin -o "..\obj\CX-3000_SLA_V001.bin" "..\obj\CX-3000_SLA_V001.axf"
"..\obj\CX-3000_SLA_V001.axf" - 0 Error(s), 3 Warning(s).
</pre>
</body>
</html>
