ARM Linker, 5.03 [Build 76] [MDK-ARM Professional]

==============================================================================

Section Cross References

    scopemain.o(.text) refers to memseta.o(.text) for __aeabi_memclr4
    scopemain.o(.text) refers to storagemanagement.o(.text) for Flash_Read_Param
    scopemain.o(.text) refers to printfa.o(i.__0printf) for __2printf
    scopemain.o(.text) refers to scope_eval.o(.text) for EVAL_OutputSet
    scopemain.o(.text) refers to scope_it.o(.text) for IT_SYS_DlyMs
    scopemain.o(.text) refers to protocol.o(.text) for PL_InitProtocol
    scopemain.o(.text) refers to samplingport.o(.text) for SPG_InitProtocol
    scopemain.o(.text) refers to stm32f4x7_eth_bsp.o(.text) for ETH_BSP_Config
    scopemain.o(.text) refers to netconf.o(.text) for LwIP_Init
    scopemain.o(.text) refers to udp_echoserver.o(.text) for udp_echoserver_init
    scopemain.o(.text) refers to systemscope.o(.text) for Iint_SysParam
    scopemain.o(.text) refers to interfacescope.o(.text) for HW_LWIP_MainLine
    scopemain.o(.text) refers to storagemanagement.o(.bss) for g_Record_Param
    scopemain.o(.text) refers to stm32f4x7_eth_bsp.o(.data) for EthStatus
    scopemain.o(.text) refers to processscope.o(.constdata) for softver_edtion
    scopemain.o(.text) refers to processscope.o(.data) for g_AirLight_Flag
    system_stm32f4xx.o(.text) refers to stm32f4xx_rcc.o(.text) for RCC_DeInit
    system_stm32f4xx.o(.text) refers to system_stm32f4xx.o(.data) for SystemCoreClock
    startup_stm32f40_41xxx.o(RESET) refers to startup_stm32f40_41xxx.o(STACK) for __initial_sp
    startup_stm32f40_41xxx.o(RESET) refers to startup_stm32f40_41xxx.o(.text) for Reset_Handler
    startup_stm32f40_41xxx.o(RESET) refers to scope_it.o(.text) for SysTick_Handler
    startup_stm32f40_41xxx.o(RESET) refers to driver.o(.text) for EXTI9_5_IRQHandler
    startup_stm32f40_41xxx.o(.text) refers to system_stm32f4xx.o(.text) for SystemInit
    startup_stm32f40_41xxx.o(.text) refers to entry.o(.ARM.Collect$$$$00000000) for __main
    systemscope.o(.text) refers to memseta.o(.text) for __aeabi_memclr4
    systemscope.o(.text) refers to processscope.o(.bss) for g_CRP_Data
    systemscope.o(.text) refers to systemscope.o(.data) for g_nError
    systemscope.o(.text) refers to systemscope.o(.bss) for g_tAxisPosStatus
    systemscope.o(.text) refers to systemscope.o(.constdata) for m_nConstBitsMap
    processscope.o(.text) refers to scope_it.o(.text) for IT_LIST_GetTicks
    processscope.o(.text) refers to protocol.o(.text) for PL_NET_SendResult
    processscope.o(.text) refers to processscope.o(.data) for g_Udp_Count
    processscope.o(.text) refers to printfa.o(i.__0printf) for __2printf
    processscope.o(.text) refers to interfacescope.o(.text) for HW_LWIP_Working_Recv_Handle
    processscope.o(.text) refers to netconf.o(.text) for LwIP_Periodic_Handle
    processscope.o(.text) refers to systemscope.o(.bss) for g_tAxisPosStatus
    processscope.o(.text) refers to processscope.o(.constdata) for .constdata
    processscope.o(.text) refers to storagemanagement.o(.bss) for g_Record_Param
    processscope.o(.text) refers to storagemanagement.o(.text) for Flash_Write_Param
    processscope.o(.text) refers to memseta.o(.text) for __aeabi_memclr4
    processscope.o(.text) refers to processscope.o(.bss) for g_CRP_Data
    processscope.o(.text) refers to driver.o(.text) for Beep
    processscope.o(.text) refers to f2d.o(.text) for __aeabi_f2d
    processscope.o(.text) refers to stm32f4xx_adc.o(.text) for ADC_DMACmd
    processscope.o(.text) refers to stm32f4xx_dma.o(.text) for DMA_Cmd
    processscope.o(.text) refers to printfa.o(i.__0sprintf) for __2sprintf
    processscope.o(.text) refers to udp_echoserver.o(.text) for udp_echoserver_senddata
    processscope.o(.text) refers to protocol.o(.bss) for g_achFbkSdLogBuf
    processscope.o(.text) refers to systemscope.o(.text) for SYS_HasError
    processscope.o(.text) refers to strncpy.o(.text) for strncpy
    protocol.o(.text) refers to buffercircle.o(.text) for BUF_Send_Init
    protocol.o(.text) refers to netbuffercircle.o(.text) for NET_BUF_Send_Init
    protocol.o(.text) refers to stm32f4xx_usart.o(.text) for USART_ITConfig
    protocol.o(.text) refers to udp_echoserver.o(.text) for udp_echoserver_senddata
    protocol.o(.text) refers to memcpya.o(.text) for __aeabi_memcpy
    protocol.o(.text) refers to strlen.o(.text) for strlen
    protocol.o(.text) refers to protocol.o(.data) for m_NET_tRecvBufStatus
    protocol.o(.text) refers to protocol.o(.bss) for g_NET_achCmdRvBuf
    interfacescope.o(.text) refers to scope_move.o(.text) for MV_InitPara
    interfacescope.o(.text) refers to driver.o(.text) for Get_In_OC_Status
    interfacescope.o(.text) refers to processscope.o(.text) for moto_work_stat_2
    interfacescope.o(.text) refers to printfa.o(i.__0printf) for __2printf
    interfacescope.o(.text) refers to scope_it.o(.text) for IT_SYS_GetTicks
[...]
    FLASH_OB_GetPCROP                        0x0801562b   Thumb Code     8  stm32f4xx_flash.o(.text)
    FLASH_OB_GetPCROP1                       0x08015633   Thumb Code     8  stm32f4xx_flash.o(.text)
    FLASH_OB_GetRDP                          0x0801563b   Thumb Code    18  stm32f4xx_flash.o(.text)
    FLASH_OB_GetBOR                          0x0801564d   Thumb Code    12  stm32f4xx_flash.o(.text)
    FLASH_ITConfig                           0x08015659   Thumb Code    82  stm32f4xx_flash.o(.text)
    FLASH_GetFlagStatus                      0x080156ab   Thumb Code    76  stm32f4xx_flash.o(.text)
    FLASH_ClearFlag                          0x080156f7   Thumb Code    38  stm32f4xx_flash.o(.text)
    FSMC_NORSRAMDeInit                       0x08015721   Thumb Code    84  stm32f4xx_fsmc.o(.text)
    FSMC_NORSRAMInit                         0x08015775   Thumb Code   870  stm32f4xx_fsmc.o(.text)
    FSMC_NORSRAMStructInit                   0x08015adb   Thumb Code    48  stm32f4xx_fsmc.o(.text)
    FSMC_NORSRAMCmd                          0x08015b0b   Thumb Code   152  stm32f4xx_fsmc.o(.text)
    FSMC_NANDDeInit                          0x08015ba3   Thumb Code    90  stm32f4xx_fsmc.o(.text)
    FSMC_NANDInit                            0x08015bfd   Thumb Code   594  stm32f4xx_fsmc.o(.text)
    FSMC_NANDStructInit                      0x08015e4f   Thumb Code    54  stm32f4xx_fsmc.o(.text)
    FSMC_NANDCmd                             0x08015e85   Thumb Code   136  stm32f4xx_fsmc.o(.text)
    FSMC_NANDECCCmd                          0x08015f0d   Thumb Code   160  stm32f4xx_fsmc.o(.text)
    FSMC_GetECC                              0x08015fad   Thumb Code    22  stm32f4xx_fsmc.o(.text)
    FSMC_PCCARDDeInit                        0x08015fc3   Thumb Code    40  stm32f4xx_fsmc.o(.text)
    FSMC_PCCARDInit                          0x08015feb   Thumb Code   532  stm32f4xx_fsmc.o(.text)
    FSMC_PCCARDStructInit                    0x080161ff   Thumb Code    60  stm32f4xx_fsmc.o(.text)
    FSMC_PCCARDCmd                           0x0801623b   Thumb Code    64  stm32f4xx_fsmc.o(.text)
    FSMC_ITConfig                            0x0801627b   Thumb Code   206  stm32f4xx_fsmc.o(.text)
    FSMC_GetFlagStatus                       0x08016349   Thumb Code   160  stm32f4xx_fsmc.o(.text)
    FSMC_ClearFlag                           0x080163e9   Thumb Code   120  stm32f4xx_fsmc.o(.text)
    FSMC_GetITStatus                         0x08016461   Thumb Code   132  stm32f4xx_fsmc.o(.text)
    FSMC_ClearITPendingBit                   0x080164e5   Thumb Code   122  stm32f4xx_fsmc.o(.text)
    GPIO_DeInit                              0x08016569   Thumb Code   344  stm32f4xx_gpio.o(.text)
    GPIO_Init                                0x080166c1   Thumb Code   354  stm32f4xx_gpio.o(.text)
    GPIO_StructInit                          0x08016823   Thumb Code    18  stm32f4xx_gpio.o(.text)
    GPIO_PinLockConfig                       0x08016835   Thumb Code   134  stm32f4xx_gpio.o(.text)
    GPIO_ReadInputDataBit                    0x080168bb   Thumb Code   282  stm32f4xx_gpio.o(.text)
    GPIO_ReadInputData                       0x080169d5   Thumb Code    90  stm32f4xx_gpio.o(.text)
    GPIO_ReadOutputDataBit                   0x08016a2f   Thumb Code   198  stm32f4xx_gpio.o(.text)
    GPIO_ReadOutputData                      0x08016af5   Thumb Code    90  stm32f4xx_gpio.o(.text)
    GPIO_SetBits                             0x08016b4f   Thumb Code   110  stm32f4xx_gpio.o(.text)
    GPIO_ResetBits                           0x08016bbd   Thumb Code   110  stm32f4xx_gpio.o(.text)
    GPIO_WriteBit                            0x08016c2b   Thumb Code   212  stm32f4xx_gpio.o(.text)
    GPIO_Write                               0x08016cff   Thumb Code    90  stm32f4xx_gpio.o(.text)
    GPIO_ToggleBits                          0x08016d59   Thumb Code   140  stm32f4xx_gpio.o(.text)
    GPIO_PinAFConfig                         0x08016de5   Thumb Code   358  stm32f4xx_gpio.o(.text)
    RCC_DeInit                               0x08016f79   Thumb Code    82  stm32f4xx_rcc.o(.text)
    RCC_HSEConfig                            0x08016fcb   Thumb Code    40  stm32f4xx_rcc.o(.text)
    RCC_GetFlagStatus                        0x08016ff3   Thumb Code   134  stm32f4xx_rcc.o(.text)
    RCC_WaitForHSEStartUp                    0x08017079   Thumb Code    56  stm32f4xx_rcc.o(.text)
    RCC_AdjustHSICalibrationValue            0x080170b1   Thumb Code    38  stm32f4xx_rcc.o(.text)
    RCC_HSICmd                               0x080170d7   Thumb Code    28  stm32f4xx_rcc.o(.text)
    RCC_LSEConfig                            0x080170f3   Thumb Code    72  stm32f4xx_rcc.o(.text)
    RCC_LSICmd                               0x0801713b   Thumb Code    28  stm32f4xx_rcc.o(.text)
    RCC_PLLConfig                            0x08017157   Thumb Code   156  stm32f4xx_rcc.o(.text)
    RCC_PLLCmd                               0x080171f3   Thumb Code    28  stm32f4xx_rcc.o(.text)
    RCC_PLLI2SConfig                         0x0801720f   Thumb Code    62  stm32f4xx_rcc.o(.text)
    RCC_PLLI2SCmd                            0x0801724d   Thumb Code    28  stm32f4xx_rcc.o(.text)
    RCC_PLLSAIConfig                         0x08017269   Thumb Code    88  stm32f4xx_rcc.o(.text)
    RCC_PLLSAICmd                            0x080172c1   Thumb Code    28  stm32f4xx_rcc.o(.text)
    RCC_ClockSecuritySystemCmd               0x080172dd   Thumb Code    28  stm32f4xx_rcc.o(.text)
    RCC_MCO1Config                           0x080172f9   Thumb Code   168  stm32f4xx_rcc.o(.text)
    RCC_MCO2Config                           0x080173a1   Thumb Code   102  stm32f4xx_rcc.o(.text)
    RCC_SYSCLKConfig                         0x08017407   Thumb Code    44  stm32f4xx_rcc.o(.text)
    RCC_GetSYSCLKSource                      0x08017433   Thumb Code    10  stm32f4xx_rcc.o(.text)
    RCC_HCLKConfig                           0x0801743d   Thumb Code    68  stm32f4xx_rcc.o(.text)
    RCC_PCLK1Config                          0x08017481   Thumb Code    60  stm32f4xx_rcc.o(.text)
    RCC_PCLK2Config                          0x080174bd   Thumb Code    62  stm32f4xx_rcc.o(.text)
    RCC_GetClocksFreq                        0x080174fb   Thumb Code   214  stm32f4xx_rcc.o(.text)
    RCC_RTCCLKConfig                         0x080175d1   Thumb Code   262  stm32f4xx_rcc.o(.text)
    RCC_RTCCLKCmd                            0x080176d7   Thumb Code    30  stm32f4xx_rcc.o(.text)
    RCC_BackupResetCmd                       0x080176f5   Thumb Code    32  stm32f4xx_rcc.o(.text)
    RCC_I2SCLKConfig                         0x08017715   Thumb Code    30  stm32f4xx_rcc.o(.text)
    RCC_SAIBlockACLKConfig                   0x08017733   Thumb Code    50  stm32f4xx_rcc.o(.text)
    RCC_SAIBlockBCLKConfig                   0x08017765   Thumb Code    50  stm32f4xx_rcc.o(.text)
    RCC_SAIPLLI2SClkDivConfig                0x08017797   Thumb Code    50  stm32f4xx_rcc.o(.text)
    RCC_SAIPLLSAIClkDivConfig                0x080177c9   Thumb Code   196  stm32f4xx_rcc.o(.text)
    RCC_LTDCCLKDivConfig                     0x0801788d   Thumb Code    54  stm32f4xx_rcc.o(.text)
    RCC_TIMCLKPresConfig                     0x080178c3   Thumb Code    30  stm32f4xx_rcc.o(.text)
    RCC_AHB1PeriphClockCmd                   0x080178e1   Thumb Code    82  stm32f4xx_rcc.o(.text)
    RCC_AHB2PeriphClockCmd                   0x08017933   Thumb Code    82  stm32f4xx_rcc.o(.text)
    RCC_AHB3PeriphClockCmd                   0x08017985   Thumb Code    82  stm32f4xx_rcc.o(.text)
    RCC_APB1PeriphClockCmd                   0x080179d7   Thumb Code    82  stm32f4xx_rcc.o(.text)
    RCC_APB2PeriphClockCmd                   0x08017a29   Thumb Code    82  stm32f4xx_rcc.o(.text)
    RCC_AHB1PeriphResetCmd                   0x08017a7b   Thumb Code    82  stm32f4xx_rcc.o(.text)
    RCC_AHB2PeriphResetCmd                   0x08017acd   Thumb Code    82  stm32f4xx_rcc.o(.text)
    RCC_AHB3PeriphResetCmd                   0x08017b1f   Thumb Code    82  stm32f4xx_rcc.o(.text)
    RCC_APB1PeriphResetCmd                   0x08017b71   Thumb Code    82  stm32f4xx_rcc.o(.text)
    RCC_APB2PeriphResetCmd                   0x08017bc3   Thumb Code    82  stm32f4xx_rcc.o(.text)
    RCC_AHB1PeriphClockLPModeCmd             0x08017c15   Thumb Code   108  stm32f4xx_rcc.o(.text)
    RCC_AHB2PeriphClockLPModeCmd             0x08017c81   Thumb Code    82  stm32f4xx_rcc.o(.text)
    RCC_AHB3PeriphClockLPModeCmd             0x08017cd3   Thumb Code    82  stm32f4xx_rcc.o(.text)
    RCC_APB1PeriphClockLPModeCmd             0x08017d25   Thumb Code    82  stm32f4xx_rcc.o(.text)
    RCC_APB2PeriphClockLPModeCmd             0x08017d77   Thumb Code    82  stm32f4xx_rcc.o(.text)
    RCC_LSEModeConfig                        0x08017dc9   Thumb Code    64  stm32f4xx_rcc.o(.text)
    RCC_ITConfig                             0x08017e09   Thumb Code    82  stm32f4xx_rcc.o(.text)
    RCC_ClearFlag                            0x08017e5b   Thumb Code    18  stm32f4xx_rcc.o(.text)
    RCC_GetITStatus                          0x08017e6d   Thumb Code    72  stm32f4xx_rcc.o(.text)
    RCC_ClearITPendingBit                    0x08017eb5   Thumb Code    28  stm32f4xx_rcc.o(.text)
    SPI_I2S_DeInit                           0x08017ed9   Thumb Code   198  stm32f4xx_spi.o(.text)
    SPI_Init                                 0x08017f9f   Thumb Code   366  stm32f4xx_spi.o(.text)
    I2S_Init                                 0x0801810d   Thumb Code   624  stm32f4xx_spi.o(.text)
    SPI_StructInit                           0x0801837d   Thumb Code    24  stm32f4xx_spi.o(.text)
    I2S_StructInit                           0x08018395   Thumb Code    20  stm32f4xx_spi.o(.text)
    SPI_Cmd                                  0x080183a9   Thumb Code   100  stm32f4xx_spi.o(.text)
    I2S_Cmd                                  0x0801840d   Thumb Code    88  stm32f4xx_spi.o(.text)
    SPI_DataSizeConfig                       0x08018465   Thumb Code    96  stm32f4xx_spi.o(.text)
    SPI_BiDirectionalLineConfig              0x080184c5   Thumb Code   112  stm32f4xx_spi.o(.text)
    SPI_NSSInternalSoftwareConfig            0x08018535   Thumb Code   114  stm32f4xx_spi.o(.text)
    SPI_SSOutputCmd                          0x080185a7   Thumb Code   100  stm32f4xx_spi.o(.text)
    SPI_TIModeCmd                            0x0801860b   Thumb Code   100  stm32f4xx_spi.o(.text)
    I2S_FullDuplexConfig                     0x0801866f   Thumb Code   258  stm32f4xx_spi.o(.text)
    SPI_I2S_ReceiveData                      0x08018771   Thumb Code   100  stm32f4xx_spi.o(.text)
    SPI_I2S_SendData                         0x080187d5   Thumb Code    72  stm32f4xx_spi.o(.text)
    SPI_CalculateCRC                         0x0801881d   Thumb Code   100  stm32f4xx_spi.o(.text)
    SPI_TransmitCRC                          0x08018881   Thumb Code    64  stm32f4xx_spi.o(.text)
    SPI_GetCRC                               0x080188c1   Thumb Code    92  stm32f4xx_spi.o(.text)
    SPI_GetCRCPolynomial                     0x0801891d   Thumb Code    58  stm32f4xx_spi.o(.text)
    SPI_I2S_DMACmd                           0x08018957   Thumb Code   132  stm32f4xx_spi.o(.text)
    SPI_I2S_ITConfig                         0x080189db   Thumb Code   156  stm32f4xx_spi.o(.text)
    SPI_I2S_GetFlagStatus                    0x08018a77   Thumb Code   138  stm32f4xx_spi.o(.text)
    SPI_I2S_ClearFlag                        0x08018b01   Thumb Code    92  stm32f4xx_spi.o(.text)
    SPI_I2S_GetITStatus                      0x08018b5d   Thumb Code   200  stm32f4xx_spi.o(.text)
    SPI_I2S_ClearITPendingBit                0x08018c25   Thumb Code   104  stm32f4xx_spi.o(.text)
    SYSCFG_DeInit                            0x08018ca9   Thumb Code    22  stm32f4xx_syscfg.o(.text)
    SYSCFG_MemoryRemapConfig                 0x08018cbf   Thumb Code    34  stm32f4xx_syscfg.o(.text)
    SYSCFG_MemorySwappingBank                0x08018ce1   Thumb Code    26  stm32f4xx_syscfg.o(.text)
    SYSCFG_EXTILineConfig                    0x08018cfb   Thumb Code   194  stm32f4xx_syscfg.o(.text)
    SYSCFG_ETH_MediaInterfaceConfig          0x08018dbd   Thumb Code    26  stm32f4xx_syscfg.o(.text)
    SYSCFG_CompensationCellCmd               0x08018dd7   Thumb Code    26  stm32f4xx_syscfg.o(.text)
    SYSCFG_GetCompensationCellStatus         0x08018df1   Thumb Code    22  stm32f4xx_syscfg.o(.text)
    TIM_DeInit                               0x08018e45   Thumb Code   440  stm32f4xx_tim.o(.text)
    TIM_TimeBaseInit                         0x08018ffd   Thumb Code   278  stm32f4xx_tim.o(.text)
    TIM_TimeBaseStructInit                   0x08019113   Thumb Code    18  stm32f4xx_tim.o(.text)
    TIM_PrescalerConfig                      0x08019125   Thumb Code   128  stm32f4xx_tim.o(.text)
    TIM_CounterModeConfig                    0x080191a5   Thumb Code   100  stm32f4xx_tim.o(.text)
    TIM_SetCounter                           0x08019209   Thumb Code   202  stm32f4xx_tim.o(.text)
    TIM_SetAutoreload                        0x080192d3   Thumb Code   108  stm32f4xx_tim.o(.text)
    TIM_GetCounter                           0x0801933f   Thumb Code   106  stm32f4xx_tim.o(.text)
    TIM_GetPrescaler                         0x080193a9   Thumb Code   106  stm32f4xx_tim.o(.text)
    TIM_UpdateDisableConfig                  0x08019413   Thumb Code   148  stm32f4xx_tim.o(.text)
    TIM_UpdateRequestConfig                  0x080194a7   Thumb Code   148  stm32f4xx_tim.o(.text)
    TIM_ARRPreloadConfig                     0x0801953b   Thumb Code   148  stm32f4xx_tim.o(.text)
    TIM_SelectOnePulseMode                   0x080195cf   Thumb Code   142  stm32f4xx_tim.o(.text)
    TIM_SetClockDivision                     0x0801965d   Thumb Code   192  stm32f4xx_tim.o(.text)
    TIM_Cmd                                  0x0801971d   Thumb Code   148  stm32f4xx_tim.o(.text)
    TIM_OC1Init                              0x080197b1   Thumb Code   416  stm32f4xx_tim.o(.text)
    TIM_OC2Init                              0x08019951   Thumb Code   486  stm32f4xx_tim.o(.text)
    TIM_OC3Init                              0x08019b37   Thumb Code   416  stm32f4xx_tim.o(.text)
    TIM_OC4Init                              0x08019cd7   Thumb Code   300  stm32f4xx_tim.o(.text)
    TIM_OCStructInit                         0x08019e03   Thumb Code    20  stm32f4xx_tim.o(.text)
    TIM_SelectOCxM                           0x08019e17   Thumb Code   256  stm32f4xx_tim.o(.text)
    TIM_SetCompare1                          0x08019f17   Thumb Code   142  stm32f4xx_tim.o(.text)
    TIM_SetCompare2                          0x08019fa5   Thumb Code    72  stm32f4xx_tim.o(.text)
    TIM_SetCompare3                          0x08019fed   Thumb Code    60  stm32f4xx_tim.o(.text)
    TIM_SetCompare4                          0x0801a029   Thumb Code    60  stm32f4xx_tim.o(.text)
    TIM_ForcedOC1Config                      0x0801a065   Thumb Code   130  stm32f4xx_tim.o(.text)
    TIM_ForcedOC2Config                      0x0801a0e7   Thumb Code   114  stm32f4xx_tim.o(.text)
    TIM_ForcedOC3Config                      0x0801a159   Thumb Code    94  stm32f4xx_tim.o(.text)
    TIM_ForcedOC4Config                      0x0801a1b7   Thumb Code   102  stm32f4xx_tim.o(.text)
    TIM_OC1PreloadConfig                     0x0801a21d   Thumb Code   126  stm32f4xx_tim.o(.text)
    TIM_OC2PreloadConfig                     0x0801a29b   Thumb Code   108  stm32f4xx_tim.o(.text)
    TIM_OC3PreloadConfig                     0x0801a307   Thumb Code   138  stm32f4xx_tim.o(.text)
    TIM_OC4PreloadConfig                     0x0801a391   Thumb Code    96  stm32f4xx_tim.o(.text)
    TIM_OC1FastConfig                        0x0801a3f1   Thumb Code   124  stm32f4xx_tim.o(.text)
    TIM_OC2FastConfig                        0x0801a46d   Thumb Code   108  stm32f4xx_tim.o(.text)
    TIM_OC3FastConfig                        0x0801a4d9   Thumb Code    88  stm32f4xx_tim.o(.text)
    TIM_OC4FastConfig                        0x0801a531   Thumb Code    96  stm32f4xx_tim.o(.text)
    TIM_ClearOC1Ref                          0x0801a591   Thumb Code   124  stm32f4xx_tim.o(.text)
    TIM_ClearOC2Ref                          0x0801a60d   Thumb Code   106  stm32f4xx_tim.o(.text)
    TIM_ClearOC3Ref                          0x0801a677   Thumb Code    88  stm32f4xx_tim.o(.text)
    TIM_ClearOC4Ref                          0x0801a6cf   Thumb Code    94  stm32f4xx_tim.o(.text)
    TIM_OC1PolarityConfig                    0x0801a72d   Thumb Code   174  stm32f4xx_tim.o(.text)
    TIM_OC1NPolarityConfig                   0x0801a7db   Thumb Code    64  stm32f4xx_tim.o(.text)
    TIM_OC2PolarityConfig                    0x0801a81b   Thumb Code   108  stm32f4xx_tim.o(.text)
    TIM_OC2NPolarityConfig                   0x0801a887   Thumb Code    72  stm32f4xx_tim.o(.text)
    TIM_OC3PolarityConfig                    0x0801a8cf   Thumb Code    96  stm32f4xx_tim.o(.text)
    TIM_OC3NPolarityConfig                   0x0801a92f   Thumb Code    72  stm32f4xx_tim.o(.text)
    TIM_OC4PolarityConfig                    0x0801a977   Thumb Code    96  stm32f4xx_tim.o(.text)
    TIM_CCxCmd                               0x0801a9d7   Thumb Code   168  stm32f4xx_tim.o(.text)
    TIM_CCxNCmd                              0x0801aa7f   Thumb Code   104  stm32f4xx_tim.o(.text)
    TIM_SetIC4Prescaler                      0x0801aae7   Thumb Code   106  stm32f4xx_tim.o(.text)
    TIM_SetIC3Prescaler                      0x0801abd1   Thumb Code    98  stm32f4xx_tim.o(.text)
    TIM_SetIC2Prescaler                      0x0801ac7b   Thumb Code   118  stm32f4xx_tim.o(.text)
    TIM_SetIC1Prescaler                      0x0801ad41   Thumb Code   134  stm32f4xx_tim.o(.text)
    TIM_ICInit                               0x0801ae01   Thumb Code   508  stm32f4xx_tim.o(.text)
    TIM_ICStructInit                         0x0801affd   Thumb Code    18  stm32f4xx_tim.o(.text)
    TIM_PWMIConfig                           0x0801b00f   Thumb Code   184  stm32f4xx_tim.o(.text)
    TIM_GetCapture1                          0x0801b0c7   Thumb Code    92  stm32f4xx_tim.o(.text)
    TIM_GetCapture2                          0x0801b123   Thumb Code    68  stm32f4xx_tim.o(.text)
    TIM_GetCapture3                          0x0801b167   Thumb Code    56  stm32f4xx_tim.o(.text)
    TIM_GetCapture4                          0x0801b19f   Thumb Code    56  stm32f4xx_tim.o(.text)
    TIM_BDTRConfig                           0x0801b1d7   Thumb Code   222  stm32f4xx_tim.o(.text)
    TIM_BDTRStructInit                       0x0801b2b5   Thumb Code    18  stm32f4xx_tim.o(.text)
    TIM_CtrlPWMOutputs                       0x0801b2c7   Thumb Code    78  stm32f4xx_tim.o(.text)
    TIM_SelectCOM                            0x0801b315   Thumb Code    72  stm32f4xx_tim.o(.text)
    TIM_CCPreloadControl                     0x0801b35d   Thumb Code    72  stm32f4xx_tim.o(.text)
    TIM_ITConfig                             0x0801b3a5   Thumb Code   218  stm32f4xx_tim.o(.text)
    TIM_GenerateEvent                        0x0801b47f   Thumb Code   126  stm32f4xx_tim.o(.text)
    TIM_GetFlagStatus                        0x0801b4fd   Thumb Code   188  stm32f4xx_tim.o(.text)
    TIM_ClearFlag                            0x0801b5b9   Thumb Code   108  stm32f4xx_tim.o(.text)
    TIM_GetITStatus                          0x0801b625   Thumb Code   186  stm32f4xx_tim.o(.text)
    TIM_ClearITPendingBit                    0x0801b6df   Thumb Code   108  stm32f4xx_tim.o(.text)
    TIM_DMAConfig                            0x0801b74b   Thumb Code   334  stm32f4xx_tim.o(.text)
    TIM_DMACmd                               0x0801b899   Thumb Code   126  stm32f4xx_tim.o(.text)
    TIM_SelectCCDMA                          0x0801b917   Thumb Code    96  stm32f4xx_tim.o(.text)
    TIM_InternalClockConfig                  0x0801b977   Thumb Code    76  stm32f4xx_tim.o(.text)
    TIM_SelectInputTrigger                   0x0801b9c3   Thumb Code   148  stm32f4xx_tim.o(.text)
    TIM_ITRxExternalClockConfig              0x0801ba57   Thumb Code   110  stm32f4xx_tim.o(.text)
    TIM_TIxExternalClockConfig               0x0801bac5   Thumb Code   184  stm32f4xx_tim.o(.text)
    TIM_ETRConfig                            0x0801bb7d   Thumb Code   164  stm32f4xx_tim.o(.text)
    TIM_ETRClockMode1Config                  0x0801bc21   Thumb Code   228  stm32f4xx_tim.o(.text)
    TIM_ETRClockMode2Config                  0x0801bd05   Thumb Code   152  stm32f4xx_tim.o(.text)
    TIM_SelectOutputTrigger                  0x0801bd9d   Thumb Code   126  stm32f4xx_tim.o(.text)
    TIM_SelectSlaveMode                      0x0801be1b   Thumb Code   112  stm32f4xx_tim.o(.text)
    TIM_SelectMasterSlaveMode                0x0801be8b   Thumb Code   102  stm32f4xx_tim.o(.text)
    TIM_EncoderInterfaceConfig               0x0801bef1   Thumb Code   226  stm32f4xx_tim.o(.text)
    TIM_SelectHallSensor                     0x0801bfd3   Thumb Code   108  stm32f4xx_tim.o(.text)
    TIM_RemapConfig                          0x0801c03f   Thumb Code   138  stm32f4xx_tim.o(.text)
    USART_DeInit                             0x0801c0c9   Thumb Code   276  stm32f4xx_usart.o(.text)
    USART_Init                               0x0801c1dd   Thumb Code   492  stm32f4xx_usart.o(.text)
    USART_StructInit                         0x0801c3c9   Thumb Code    24  stm32f4xx_usart.o(.text)
    USART_ClockInit                          0x0801c3e1   Thumb Code   166  stm32f4xx_usart.o(.text)
    USART_ClockStructInit                    0x0801c487   Thumb Code    12  stm32f4xx_usart.o(.text)
    USART_Cmd                                0x0801c493   Thumb Code   214  stm32f4xx_usart.o(.text)
    USART_SetPrescaler                       0x0801c569   Thumb Code    96  stm32f4xx_usart.o(.text)
    USART_OverSampling8Cmd                   0x0801c5c9   Thumb Code   122  stm32f4xx_usart.o(.text)
    USART_OneBitMethodCmd                    0x0801c643   Thumb Code   124  stm32f4xx_usart.o(.text)
    USART_SendData                           0x0801c6bf   Thumb Code   108  stm32f4xx_usart.o(.text)
    USART_ReceiveData                        0x0801c72b   Thumb Code    86  stm32f4xx_usart.o(.text)
    USART_SetAddress                         0x0801c781   Thumb Code   116  stm32f4xx_usart.o(.text)
    USART_ReceiverWakeUpCmd                  0x0801c7f5   Thumb Code   124  stm32f4xx_usart.o(.text)
    USART_WakeUpConfig                       0x0801c871   Thumb Code   120  stm32f4xx_usart.o(.text)
    USART_LINBreakDetectLengthConfig         0x0801c8e9   Thumb Code   160  stm32f4xx_usart.o(.text)
    USART_LINCmd                             0x0801c989   Thumb Code   124  stm32f4xx_usart.o(.text)
    USART_SendBreak                          0x0801ca05   Thumb Code    88  stm32f4xx_usart.o(.text)
    USART_HalfDuplexCmd                      0x0801ca5d   Thumb Code   124  stm32f4xx_usart.o(.text)
    USART_SetGuardTime                       0x0801cad9   Thumb Code    60  stm32f4xx_usart.o(.text)
    USART_SmartCardCmd                       0x0801cb15   Thumb Code    88  stm32f4xx_usart.o(.text)
    USART_SmartCardNACKCmd                   0x0801cb6d   Thumb Code    88  stm32f4xx_usart.o(.text)
    USART_IrDAConfig                         0x0801cbc5   Thumb Code   118  stm32f4xx_usart.o(.text)
    USART_IrDACmd                            0x0801cc3b   Thumb Code   124  stm32f4xx_usart.o(.text)
    USART_DMACmd                             0x0801ccb7   Thumb Code   184  stm32f4xx_usart.o(.text)
    USART_ITConfig                           0x0801cd6f   Thumb Code   290  stm32f4xx_usart.o(.text)
    USART_GetFlagStatus                      0x0801ce91   Thumb Code   200  stm32f4xx_usart.o(.text)
    USART_ClearFlag                          0x0801cf59   Thumb Code   158  stm32f4xx_usart.o(.text)
    USART_GetITStatus                        0x0801cff7   Thumb Code   306  stm32f4xx_usart.o(.text)
    USART_ClearITPendingBit                  0x0801d129   Thumb Code   234  stm32f4xx_usart.o(.text)
    FPGA_Init                                0x0801d225   Thumb Code   674  fpga.o(.text)
    FPGA_WriteBuffer                         0x0801d4c7   Thumb Code    24  fpga.o(.text)
    FPGA_ResetHardware                       0x0801d4df   Thumb Code   104  fpga.o(.text)
    FPGA_ReadBuffer                          0x0801d547   Thumb Code    22  fpga.o(.text)
    FPGA_DATA_WriteBuffer                    0x0801d55d   Thumb Code    24  fpga.o(.text)
    FPGA_DATA_ReadBuffer                     0x0801d575   Thumb Code    22  fpga.o(.text)
    SysTick_Handler                          0x0801d59d   Thumb Code    38  scope_it.o(.text)
    IT_SYS_GetTicks                          0x0801d5c3   Thumb Code     6  scope_it.o(.text)
    TIM2_IRQHandler                          0x0801d5c9   Thumb Code   492  scope_it.o(.text)
    USART1_IRQHandler                        0x0801d7b5   Thumb Code    14  scope_it.o(.text)
    USART3_IRQHandler                        0x0801d7c3   Thumb Code    14  scope_it.o(.text)
    IT_SYS_DlyMs                             0x0801d7d1   Thumb Code    30  scope_it.o(.text)
    IT_SYS_SetTicks                          0x0801d7ef   Thumb Code    10  scope_it.o(.text)
    IT_SYS_SetDlyMs                          0x0801d7f9   Thumb Code    16  scope_it.o(.text)
    IT_SYS_CheckDlyFin                       0x0801d809   Thumb Code    20  scope_it.o(.text)
    IT_LIST_GetTicks                         0x0801d81d   Thumb Code     6  scope_it.o(.text)
    IT_LIST_SetTicks                         0x0801d823   Thumb Code    10  scope_it.o(.text)
    IT_ADC_GetTicks                          0x0801d82d   Thumb Code     6  scope_it.o(.text)
    IT_ADC_SetTicks                          0x0801d833   Thumb Code    10  scope_it.o(.text)
    assert_failed                            0x0801d8dd   Thumb Code    18  scope_eval.o(.text)
    fputc                                    0x0801d8ef   Thumb Code    16  scope_eval.o(.text)
    PF_InitTimer2                            0x0801d8ff   Thumb Code   122  scope_eval.o(.text)
    EVAL_Init                                0x0801daa1   Thumb Code   240  scope_eval.o(.text)
    EVAL_OutputSet                           0x0801db91   Thumb Code    16  scope_eval.o(.text)
    EVAL_OutputClr                           0x0801dba1   Thumb Code    16  scope_eval.o(.text)
    EVAL_OutputToggle                        0x0801dbb1   Thumb Code    26  scope_eval.o(.text)
    EVAL_InputGetState                       0x0801dc67   Thumb Code    22  scope_eval.o(.text)
    MV_InitPara                              0x0801dd2d   Thumb Code   190  scope_move.o(.text)
    MV_Move                                  0x0801ddeb   Thumb Code   434  scope_move.o(.text)
    MV_Stop                                  0x0801df9d   Thumb Code    98  scope_move.o(.text)
    MV_Wait                                  0x0801dfff   Thumb Code    84  scope_move.o(.text)
    MV_GetStepsExecuted                      0x0801e053   Thumb Code    56  scope_move.o(.text)
    MV_IsFinished                            0x0801e08b   Thumb Code    20  scope_move.o(.text)
    MV_IsrMoveHandling                       0x0801e09f   Thumb Code   104  scope_move.o(.text)
    BUF_Send_Init                            0x0801e119   Thumb Code    14  buffercircle.o(.text)
    BUF_Send_PutChar                         0x0801e127   Thumb Code    54  buffercircle.o(.text)
    BUF_Send_GetChar                         0x0801e15d   Thumb Code    74  buffercircle.o(.text)
    BUF_Send_PutNChar                        0x0801e231   Thumb Code    94  buffercircle.o(.text)
    BUF_Send_GetNChar                        0x0801e28f   Thumb Code    94  buffercircle.o(.text)
    BUF_Recv_Init                            0x0801e2ed   Thumb Code    14  buffercircle.o(.text)
    BUF_Recv_PutChar                         0x0801e2fb   Thumb Code    54  buffercircle.o(.text)
    BUF_Recv_GetChar                         0x0801e331   Thumb Code    74  buffercircle.o(.text)
    BUF_Recv_PutNChar                        0x0801e405   Thumb Code    94  buffercircle.o(.text)
    BUF_Recv_GetNChar                        0x0801e463   Thumb Code    94  buffercircle.o(.text)
    NET_BUF_Send_Init                        0x0801e4d1   Thumb Code    14  netbuffercircle.o(.text)
    NET_BUF_Send_PutChar                     0x0801e4df   Thumb Code    54  netbuffercircle.o(.text)
    NET_BUF_Send_GetChar                     0x0801e515   Thumb Code    74  netbuffercircle.o(.text)
    NET_BUF_Send_GetLenConsume               0x0801e55f   Thumb Code   112  netbuffercircle.o(.text)
    NET_BUF_Send_GetLenRemain                0x0801e5cf   Thumb Code    26  netbuffercircle.o(.text)
    NET_BUF_Send_PutNChar                    0x0801e5e9   Thumb Code    94  netbuffercircle.o(.text)
    NET_BUF_Send_GetNChar                    0x0801e647   Thumb Code    94  netbuffercircle.o(.text)
    NET_BUF_Recv_Init                        0x0801e6a5   Thumb Code    14  netbuffercircle.o(.text)
    NET_BUF_Recv_PutChar                     0x0801e6b3   Thumb Code    54  netbuffercircle.o(.text)
    NET_BUF_Recv_GetChar                     0x0801e6e9   Thumb Code    74  netbuffercircle.o(.text)
    NET_BUF_Recv_GetLenConsume               0x0801e733   Thumb Code   112  netbuffercircle.o(.text)
    NET_BUF_Recv_GetLenRemain                0x0801e7a3   Thumb Code    26  netbuffercircle.o(.text)
    NET_BUF_Recv_PutNChar                    0x0801e7bd   Thumb Code    94  netbuffercircle.o(.text)
    NET_BUF_Recv_GetNChar                    0x0801e81b   Thumb Code    94  netbuffercircle.o(.text)
    SPG_Send_Init                            0x0801e889   Thumb Code    14  samplebuffercircle.o(.text)
    SPG_Send_PutChar                         0x0801e897   Thumb Code    52  samplebuffercircle.o(.text)
    SPG_Send_GetChar                         0x0801e8cb   Thumb Code    68  samplebuffercircle.o(.text)
    SPG_Send_PutNChar                        0x0801e98f   Thumb Code    92  samplebuffercircle.o(.text)
    SPG_Send_GetNChar                        0x0801e9eb   Thumb Code    92  samplebuffercircle.o(.text)
    SPG_Recv_Init                            0x0801ea47   Thumb Code    14  samplebuffercircle.o(.text)
    SPG_Recv_PutChar                         0x0801ea55   Thumb Code    52  samplebuffercircle.o(.text)
    SPG_Recv_GetChar                         0x0801ea89   Thumb Code    68  samplebuffercircle.o(.text)
    SPG_Recv_PutNChar                        0x0801eb4d   Thumb Code    92  samplebuffercircle.o(.text)
    SPG_Recv_GetNChar                        0x0801eba9   Thumb Code    92  samplebuffercircle.o(.text)
    Delay_US                                 0x0801ec15   Thumb Code    54  driver.o(.text)
    ADC1_DMA_Config                          0x0801ec4b   Thumb Code   174  driver.o(.text)
    ADC1_Init                                0x0801ecf9   Thumb Code   192  driver.o(.text)
    DMA2_Stream0_IRQHandler                  0x0801edb9   Thumb Code    72  driver.o(.text)
    DMA2_Stream3_IRQHandler                  0x0801ee01   Thumb Code    80  driver.o(.text)
    ADC2_DMA_Config                          0x0801ee51   Thumb Code   194  driver.o(.text)
    ADC2_Init                                0x0801ef13   Thumb Code   174  driver.o(.text)
    ADC3_GPIO_Init                           0x0801efc1   Thumb Code   358  driver.o(.text)
    ADC3_Init                                0x0801f127   Thumb Code    84  driver.o(.text)
    Get_ADC3_Channel_Value                   0x0801f17b   Thumb Code    90  driver.o(.text)
    Get_Press_ADC                            0x0801f1d5   Thumb Code     4  driver.o(.text)
    Get_XK_ADC                               0x0801f1d9   Thumb Code    18  driver.o(.text)
    Get_12V_N_ADC                            0x0801f1eb   Thumb Code    18  driver.o(.text)
    Get_12V_P_ADC                            0x0801f1fd   Thumb Code    18  driver.o(.text)
    Get_56V_Cur_ADC                          0x0801f20f   Thumb Code    18  driver.o(.text)
    Get_LED_Cur_ADC                          0x0801f221   Thumb Code    18  driver.o(.text)
    Get_Temp_ADC                             0x0801f233   Thumb Code    18  driver.o(.text)
    HW_Get_ADC_HGB                           0x0801f245   Thumb Code    20  driver.o(.text)
    HW_Get_ADC_CRP                           0x0801f259   Thumb Code    20  driver.o(.text)
    Get_HGB_Value                            0x0801f26d   Thumb Code    38  driver.o(.text)
    Get_CRP_Value                            0x0801f293   Thumb Code    26  driver.o(.text)
    OutIn_Motor_PWM_Init                     0x0801f2ad   Thumb Code   168  driver.o(.text)
    OutIn_Motor_Init                         0x0801f355   Thumb Code   118  driver.o(.text)
    OutIn_Motor_Speed_Set                    0x0801f3cb   Thumb Code    32  driver.o(.text)
    OutIn_Motor_In                           0x0801f3eb   Thumb Code    14  driver.o(.text)
    OutIn_Motor_Out                          0x0801f3f9   Thumb Code    14  driver.o(.text)
    OutIn_Motor_Run                          0x0801f407   Thumb Code    30  driver.o(.text)
    OutIn_Motor_Enable                       0x0801f425   Thumb Code    14  driver.o(.text)
    OutIn_Motor_Disable                      0x0801f433   Thumb Code    62  driver.o(.text)
    Press_I2C_Init                           0x0801f471   Thumb Code    96  driver.o(.text)
    Press_Init                               0x0801f4d1   Thumb Code     8  driver.o(.text)
    Press_I2C_Start                          0x0801f4d9   Thumb Code    68  driver.o(.text)
    Press_I2C_Stop                           0x0801f51d   Thumb Code    60  driver.o(.text)
    Press_I2C_Wait_Ack                       0x0801f559   Thumb Code    78  driver.o(.text)
    Press_I2C_Ack                            0x0801f5a7   Thumb Code    72  driver.o(.text)
    Press_I2C_NAck                           0x0801f5ef   Thumb Code    72  driver.o(.text)
    Press_I2C_Send_Byte                      0x0801f637   Thumb Code   102  driver.o(.text)
    Press_I2C_Read_Byte                      0x0801f69d   Thumb Code    98  driver.o(.text)
    Get_Press_I2C                            0x0801f6ff   Thumb Code   202  driver.o(.text)
    Reset_Elec_Status                        0x0801f7c9   Thumb Code    14  driver.o(.text)
    Set_Elec_Status                          0x0801f7d7   Thumb Code    14  driver.o(.text)
    Get_Elec_Status                          0x0801f7e5   Thumb Code    14  driver.o(.text)
    Elec_Init                                0x0801f7f3   Thumb Code    44  driver.o(.text)
    Get_Elec_ADC                             0x0801f81f   Thumb Code   114  driver.o(.text)
    Beep_Init                                0x0801f891   Thumb Code    46  driver.o(.text)
    Beep                                     0x0801f8bf   Thumb Code    86  driver.o(.text)
    Pump_PWM_Init                            0x0801f915   Thumb Code   176  driver.o(.text)
    Pump_init                                0x0801f9c5   Thumb Code    22  driver.o(.text)
    Pump_AntiClockWise                       0x0801f9db   Thumb Code     2  driver.o(.text)
    Pump_ClockWise                           0x0801f9dd   Thumb Code     2  driver.o(.text)
    Pump_Speed_Set                           0x0801f9df   Thumb Code    32  driver.o(.text)
    Pump_Exec                                0x0801f9ff   Thumb Code    40  driver.o(.text)
    Mixing_Motor_Init                        0x0801fa27   Thumb Code    60  driver.o(.text)
    Mixing_Motor_Run                         0x0801fa63   Thumb Code    14  driver.o(.text)
    Mixing_Motor_Stop                        0x0801fa71   Thumb Code    14  driver.o(.text)
    Valve_Init                               0x0801fa7f   Thumb Code   100  driver.o(.text)
    Valve_Air_Exec                           0x0801fae3   Thumb Code    32  driver.o(.text)
    Valve_Liquid_Exec                        0x0801fb03   Thumb Code    30  driver.o(.text)
    Valve_Exec                               0x0801fb21   Thumb Code    28  driver.o(.text)
    Turn_Motor_Init                          0x0801fb3d   Thumb Code   146  driver.o(.text)
    Turn_CLK_Set                             0x0801fbcf   Thumb Code    14  driver.o(.text)
    Turn_CLK_Reset                           0x0801fbdd   Thumb Code    14  driver.o(.text)
    Turn_Motor_Enable                        0x0801fbeb   Thumb Code    12  driver.o(.text)
    Turn_Motor_Disable                       0x0801fbf7   Thumb Code    12  driver.o(.text)
    Turn_Motor_Dir                           0x0801fc03   Thumb Code    30  driver.o(.text)
    Turn_Motor_One_Step                      0x0801fc21   Thumb Code   144  driver.o(.text)
    Get_Turn_Select_OC_Status                0x0801fcb1   Thumb Code    12  driver.o(.text)
    Turn_Motor_Run                           0x0801fcbd   Thumb Code    98  driver.o(.text)
    Turn_Motor_Goto_Postion                  0x0801fd1f   Thumb Code    20  driver.o(.text)
    Get_Turn_Reset_OC_Status                 0x0801fd33   Thumb Code    14  driver.o(.text)
    Turn_Motor_Reset                         0x0801fd41   Thumb Code    88  driver.o(.text)
    Turn_Motor_Pass_Kong                     0x0801fd99   Thumb Code    26  driver.o(.text)
    Turn_Motor_Select_LED                    0x0801fdb3   Thumb Code   230  driver.o(.text)
    Get_Micro_OC_Status                      0x0801fe99   Thumb Code    12  driver.o(.text)
    EXTI9_5_IRQHandler                       0x0801fea5   Thumb Code    96  driver.o(.text)
    Micro_OC_Init                            0x0801ff05   Thumb Code   128  driver.o(.text)
    OC_Init                                  0x0801ff85   Thumb Code   180  driver.o(.text)
    Get_Out_OC_Status                        0x08020039   Thumb Code    14  driver.o(.text)
    Get_In_OC_Status                         0x08020047   Thumb Code    14  driver.o(.text)
    Counter_Check_Init                       0x08020055   Thumb Code    54  driver.o(.text)
    Get_Counter_Check_Status                 0x0802008b   Thumb Code   278  driver.o(.text)
    Counter_Adjust_PWM_Init                  0x080201a1   Thumb Code   176  driver.o(.text)
    Counter_Adjust_Init                      0x08020251   Thumb Code    58  driver.o(.text)
    Counter_Adjust_Switch                    0x0802028b   Thumb Code    30  driver.o(.text)
    Counter_Adjust_Start                     0x080202a9   Thumb Code    62  driver.o(.text)
    LED_Cur_DAC_Init                         0x080202e7   Thumb Code    84  driver.o(.text)
    LED_Init                                 0x0802033b   Thumb Code   572  driver.o(.text)
    LED_Cur_Switch                           0x08020577   Thumb Code    32  driver.o(.text)
    LED_Cur_DAC_Set                          0x08020597   Thumb Code    82  driver.o(.text)
    LED_Cur_Auto_Adjust                      0x080205e9   Thumb Code    96  driver.o(.text)
    LED_Cur_ADC_Check_Channel                0x08020649   Thumb Code   280  driver.o(.text)
    LED_Exec                                 0x08020761   Thumb Code   246  driver.o(.text)
    LED_All_Reset                            0x08020857   Thumb Code    24  driver.o(.text)
    DResistor_Init                           0x0802086f   Thumb Code   142  driver.o(.text)
    DRegister_Write                          0x080208fd   Thumb Code   170  driver.o(.text)
    Driver_Debug                             0x080209a7   Thumb Code  2278  driver.o(.text)
    ADC24Bit_SPI_ReadWriteByte               0x08021371   Thumb Code    80  ad7799.o(.text)
    ADC24Bit_SPI_Init                        0x080213c1   Thumb Code   322  ad7799.o(.text)
    ADC24Bit_GPIO_Init                       0x08021503   Thumb Code   190  ad7799.o(.text)
    SPI_Write                                0x080215c1   Thumb Code   144  ad7799.o(.text)
    AD7799_Reset                             0x08021651   Thumb Code    40  ad7799.o(.text)
    SPI_Read                                 0x08021679   Thumb Code   144  ad7799.o(.text)
    AD7799_GetRegisterValue                  0x08021709   Thumb Code   162  ad7799.o(.text)
    AD7799_SetRegisterValue                  0x080217ab   Thumb Code   110  ad7799.o(.text)
    AD7799_Init                              0x08021819   Thumb Code   254  ad7799.o(.text)
    ADC24Bit_Init                            0x08021917   Thumb Code    12  ad7799.o(.text)
    AD7799_Calibrate                         0x08021923   Thumb Code   256  ad7799.o(.text)
    AD7799_SetChannel                        0x08021a23   Thumb Code    36  ad7799.o(.text)
    AD7799_SetMode                           0x08021a47   Thumb Code    48  ad7799.o(.text)
    AD7799_SetGain                           0x08021a77   Thumb Code    38  ad7799.o(.text)
    AD7799_SetBurnoutCurren                  0x08021a9d   Thumb Code    36  ad7799.o(.text)
    AD7799_SetBufMode                        0x08021ac1   Thumb Code    36  ad7799.o(.text)
    AD7799_Get_Out_Data                      0x08021ae5   Thumb Code    12  ad7799.o(.text)
    AD7799_Get_ADC_Value                     0x08021af1   Thumb Code    14  ad7799.o(.text)
    AD7799_Get_Value                         0x08021aff   Thumb Code    56  ad7799.o(.text)
    ethernetif_input                         0x08021dd9   Thumb Code    42  ethernetif.o(.text)
    ethernetif_init                          0x08021e03   Thumb Code    38  ethernetif.o(.text)
    etharp_tmr                               0x08021e87   Thumb Code   136  etharp.o(.text)
    etharp_cleanup_netif                     0x08022155   Thumb Code    52  etharp.o(.text)
    etharp_find_addr                         0x08022189   Thumb Code    82  etharp.o(.text)
    etharp_request                           0x0802239d   Thumb Code    36  etharp.o(.text)
    etharp_query                             0x08022429   Thumb Code   338  etharp.o(.text)
    etharp_output                            0x0802257b   Thumb Code   314  etharp.o(.text)
    ethernet_input                           0x080226b5   Thumb Code   178  etharp.o(.text)
    icmp_input                               0x08022779   Thumb Code   340  icmp.o(.text)
    icmp_dest_unreach                        0x0802293d   Thumb Code    18  icmp.o(.text)
    icmp_time_exceeded                       0x0802294f   Thumb Code    18  icmp.o(.text)
    inet_chksum_pseudo                       0x080229c7   Thumb Code   162  inet_chksum.o(.text)
    inet_chksum_pseudo_partial               0x08022a69   Thumb Code   184  inet_chksum.o(.text)
    inet_chksum                              0x08022b21   Thumb Code    20  inet_chksum.o(.text)
    inet_chksum_pbuf                         0x08022b35   Thumb Code    86  inet_chksum.o(.text)
    ip_route                                 0x08022b8d   Thumb Code    76  ip.o(.text)
    ip_input                                 0x08022bd9   Thumb Code   422  ip.o(.text)
    ip_output_if                             0x08022d7f   Thumb Code   192  ip.o(.text)
    ip_output                                0x08022e3f   Thumb Code    56  ip.o(.text)
    ip4_addr_isbroadcast                     0x08022e95   Thumb Code    78  ip_addr.o(.text)
    ip4_addr_netmask_valid                   0x08022ee3   Thumb Code    52  ip_addr.o(.text)
    ipaddr_aton                              0x08022f17   Thumb Code   348  ip_addr.o(.text)
    ipaddr_addr                              0x08023073   Thumb Code    24  ip_addr.o(.text)
    ipaddr_ntoa_r                            0x0802308b   Thumb Code   168  ip_addr.o(.text)
    ipaddr_ntoa                              0x08023133   Thumb Code    16  ip_addr.o(.text)
    ip_reass_tmr                             0x0802320d   Thumb Code    48  ip_frag.o(.text)
    ip_reass                                 0x08023463   Thumb Code   396  ip_frag.o(.text)
    ip_frag                                  0x0802362b   Thumb Code   424  ip_frag.o(.text)
    lwip_htons                               0x080237dd   Thumb Code    12  def.o(.text)
    lwip_ntohs                               0x080237e9   Thumb Code    12  def.o(.text)
    lwip_htonl                               0x080237f5   Thumb Code    26  def.o(.text)
    lwip_ntohl                               0x0802380f   Thumb Code    12  def.o(.text)
    dhcp_renew                               0x08023cad   Thumb Code   160  dhcp.o(.text)
    dhcp_coarse_tmr                          0x08023e11   Thumb Code    62  dhcp.o(.text)
    dhcp_release                             0x08023ef3   Thumb Code   162  dhcp.o(.text)
    dhcp_fine_tmr                            0x0802411d   Thumb Code    64  dhcp.o(.text)
    dhcp_set_struct                          0x080241e3   Thumb Code    30  dhcp.o(.text)
    dhcp_cleanup                             0x08024201   Thumb Code    24  dhcp.o(.text)
    dhcp_stop                                0x08024219   Thumb Code    58  dhcp.o(.text)
    dhcp_start                               0x0802465f   Thumb Code   206  dhcp.o(.text)
    dhcp_inform                              0x0802472d   Thumb Code   170  dhcp.o(.text)
    dhcp_network_changed                     0x080247d7   Thumb Code    80  dhcp.o(.text)
    dhcp_arp_reply                           0x080248a5   Thumb Code    46  dhcp.o(.text)
    mem_init                                 0x08024965   Thumb Code    74  mem.o(.text)
    mem_free                                 0x080249af   Thumb Code    68  mem.o(.text)
    mem_trim                                 0x080249f3   Thumb Code   288  mem.o(.text)
    mem_malloc                               0x08024b13   Thumb Code   222  mem.o(.text)
    mem_calloc                               0x08024bf1   Thumb Code    34  mem.o(.text)
    memp_init                                0x08024c25   Thumb Code    82  memp.o(.text)
    memp_malloc                              0x08024c77   Thumb Code    40  memp.o(.text)
    memp_free                                0x08024c9f   Thumb Code    28  memp.o(.text)
    netif_init                               0x08024ccd   Thumb Code     2  netif.o(.text)
    netif_set_gw                             0x08024ccf   Thumb Code    12  netif.o(.text)
    netif_set_netmask                        0x08024cdb   Thumb Code    12  netif.o(.text)
    netif_set_ipaddr                         0x08024ce7   Thumb Code   110  netif.o(.text)
    netif_set_addr                           0x08024d55   Thumb Code    40  netif.o(.text)
    netif_add                                0x08024d7d   Thumb Code   104  netif.o(.text)
    netif_set_default                        0x08024de5   Thumb Code     6  netif.o(.text)
    netif_set_down                           0x08024deb   Thumb Code    42  netif.o(.text)
    netif_remove                             0x08024e15   Thumb Code    90  netif.o(.text)
    netif_find                               0x08024e6f   Thumb Code    64  netif.o(.text)
    netif_set_up                             0x08024eaf   Thumb Code    54  netif.o(.text)
    netif_set_link_up                        0x08024ee5   Thumb Code    80  netif.o(.text)
    netif_set_link_down                      0x08024f35   Thumb Code    42  netif.o(.text)
    netif_set_link_callback                  0x08024f5f   Thumb Code     6  netif.o(.text)
    pbuf_free                                0x08024f79   Thumb Code   134  pbuf.o(.text)
    pbuf_alloc                               0x08024fff   Thumb Code   408  pbuf.o(.text)
    pbuf_alloced_custom                      0x08025197   Thumb Code   108  pbuf.o(.text)
    pbuf_realloc                             0x08025203   Thumb Code   120  pbuf.o(.text)
    pbuf_header                              0x0802527b   Thumb Code   126  pbuf.o(.text)
    pbuf_clen                                0x080252f9   Thumb Code    18  pbuf.o(.text)
    pbuf_ref                                 0x0802530b   Thumb Code    10  pbuf.o(.text)
    pbuf_cat                                 0x08025315   Thumb Code    56  pbuf.o(.text)
    pbuf_chain                               0x0802534d   Thumb Code    22  pbuf.o(.text)
    pbuf_dechain                             0x08025363   Thumb Code    56  pbuf.o(.text)
    pbuf_copy                                0x0802539b   Thumb Code   192  pbuf.o(.text)
    pbuf_copy_partial                        0x0802545b   Thumb Code   146  pbuf.o(.text)
    pbuf_take                                0x080254ed   Thumb Code   116  pbuf.o(.text)
    pbuf_coalesce                            0x08025561   Thumb Code    60  pbuf.o(.text)
    pbuf_get_at                              0x0802559d   Thumb Code    46  pbuf.o(.text)
    pbuf_memcmp                              0x080255cb   Thumb Code    96  pbuf.o(.text)
    pbuf_memfind                             0x0802562b   Thumb Code    76  pbuf.o(.text)
    pbuf_strstr                              0x08025677   Thumb Code    60  pbuf.o(.text)
    raw_input                                0x080256b5   Thumb Code   102  raw.o(.text)
    raw_bind                                 0x0802571b   Thumb Code    16  raw.o(.text)
    raw_connect                              0x0802572b   Thumb Code    16  raw.o(.text)
    raw_recv                                 0x0802573b   Thumb Code     6  raw.o(.text)
    raw_sendto                               0x08025741   Thumb Code   158  raw.o(.text)
    raw_send                                 0x080257df   Thumb Code    18  raw.o(.text)
    raw_remove                               0x080257f1   Thumb Code    60  raw.o(.text)
    raw_new                                  0x0802582d   Thumb Code    42  raw.o(.text)
    tcp_init                                 0x08025865   Thumb Code     2  tcp.o(.text)
    tcp_seg_free                             0x08025867   Thumb Code    26  tcp.o(.text)
    tcp_segs_free                            0x08025881   Thumb Code    24  tcp.o(.text)
    tcp_pcb_purge                            0x08025899   Thumb Code    64  tcp.o(.text)
    tcp_slowtmr                              0x080258d9   Thumb Code   802  tcp.o(.text)
    tcp_pcb_remove                           0x08025bfb   Thumb Code   140  tcp.o(.text)
    tcp_close                                0x08025e5f   Thumb Code    28  tcp.o(.text)
    tcp_update_rcv_ann_wnd                   0x08025e7b   Thumb Code    78  tcp.o(.text)
    tcp_recved                               0x08025ec9   Thumb Code    70  tcp.o(.text)
    tcp_recv_null                            0x08025f0f   Thumb Code    46  tcp.o(.text)
    tcp_process_refused_data                 0x08025f3d   Thumb Code   140  tcp.o(.text)
    tcp_fasttmr                              0x08025fc9   Thumb Code   110  tcp.o(.text)
    tcp_tmr                                  0x08026037   Thumb Code    30  tcp.o(.text)
    tcp_shutdown                             0x08026055   Thumb Code    98  tcp.o(.text)
    tcp_abandon                              0x080260b7   Thumb Code   170  tcp.o(.text)
    tcp_abort                                0x08026161   Thumb Code    14  tcp.o(.text)
    tcp_bind                                 0x080261cf   Thumb Code   142  tcp.o(.text)
    tcp_listen_with_backlog                  0x08026265   Thumb Code   198  tcp.o(.text)
    tcp_eff_send_mss                         0x0802632b   Thumb Code    46  tcp.o(.text)
    tcp_next_iss                             0x08026359   Thumb Code    20  tcp.o(.text)
    tcp_connect                              0x0802636d   Thumb Code   328  tcp.o(.text)
    tcp_setprio                              0x080264b5   Thumb Code     4  tcp.o(.text)
    tcp_alloc                                0x08026537   Thumb Code   242  tcp.o(.text)
    tcp_new                                  0x08026629   Thumb Code    10  tcp.o(.text)
    tcp_arg                                  0x08026633   Thumb Code     4  tcp.o(.text)
    tcp_recv                                 0x08026637   Thumb Code     8  tcp.o(.text)
    tcp_sent                                 0x0802663f   Thumb Code     8  tcp.o(.text)
    tcp_err                                  0x08026647   Thumb Code    10  tcp.o(.text)
    tcp_accept                               0x08026651   Thumb Code     4  tcp.o(.text)
    tcp_poll                                 0x08026655   Thumb Code    14  tcp.o(.text)
    tcp_debug_state_str                      0x08026663   Thumb Code    10  tcp.o(.text)
    tcp_input                                0x08027491   Thumb Code  1134  tcp_in.o(.text)
    tcp_enqueue_flags                        0x08027a4d   Thumb Code   272  tcp_out.o(.text)
    tcp_send_fin                             0x08027b5d   Thumb Code    74  tcp_out.o(.text)
    tcp_write                                0x08027c8f   Thumb Code   902  tcp_out.o(.text)
    tcp_send_empty_ack                       0x08028015   Thumb Code    78  tcp_out.o(.text)
    tcp_output                               0x0802812b   Thumb Code   444  tcp_out.o(.text)
    tcp_rst                                  0x080282e7   Thumb Code   124  tcp_out.o(.text)
    tcp_rexmit_rto                           0x08028363   Thumb Code    58  tcp_out.o(.text)
    tcp_rexmit                               0x0802839d   Thumb Code    90  tcp_out.o(.text)
    tcp_rexmit_fast                          0x080283f7   Thumb Code   112  tcp_out.o(.text)
    tcp_keepalive                            0x08028467   Thumb Code    68  tcp_out.o(.text)
    tcp_zero_window_probe                    0x080284ab   Thumb Code   172  tcp_out.o(.text)
    tcp_timer_needed                         0x08028557   Thumb Code     2  timers.o(.text)
    udp_init                                 0x08028559   Thumb Code     2  udp.o(.text)
    udp_input                                0x080285ab   Thumb Code   450  udp.o(.text)
    udp_bind                                 0x0802876d   Thumb Code   122  udp.o(.text)
    udp_sendto_if                            0x080287e7   Thumb Code   206  udp.o(.text)
    udp_sendto                               0x080288b5   Thumb Code    46  udp.o(.text)
    udp_send                                 0x080288e3   Thumb Code    20  udp.o(.text)
    udp_connect                              0x080288f7   Thumb Code   110  udp.o(.text)
    udp_disconnect                           0x08028965   Thumb Code    16  udp.o(.text)
    udp_recv                                 0x08028975   Thumb Code     6  udp.o(.text)
    udp_remove                               0x0802897b   Thumb Code    60  udp.o(.text)
    udp_new                                  0x080289b7   Thumb Code    28  udp.o(.text)
    LwIP_Init                                0x080289d9   Thumb Code   164  netconf.o(.text)
    LwIP_Pkt_Handle                          0x08028a7d   Thumb Code    10  netconf.o(.text)
    LwIP_Periodic_Handle                     0x08028a87   Thumb Code    52  netconf.o(.text)
    ETH_BSP_Config                           0x08028ca3   Thumb Code    38  stm32f4x7_eth_bsp.o(.text)
    Eth_Link_PHYITConfig                     0x08028cc9   Thumb Code    70  stm32f4x7_eth_bsp.o(.text)
    Eth_Link_EXTIConfig                      0x08028d0f   Thumb Code   104  stm32f4x7_eth_bsp.o(.text)
    Eth_Link_ITHandler                       0x08028d77   Thumb Code    48  stm32f4x7_eth_bsp.o(.text)
    ETH_link_callback                        0x08028da7   Thumb Code   282  stm32f4x7_eth_bsp.o(.text)
    udp_echoserver_receive_callback          0x08028f81   Thumb Code   174  udp_echoserver.o(.text)
    udp_echoserver_init                      0x0802902f   Thumb Code   162  udp_echoserver.o(.text)
    udp_echoserver_senddata                  0x080290d1   Thumb Code    52  udp_echoserver.o(.text)
    __aeabi_memcpy                           0x080291dd   Thumb Code    36  memcpya.o(.text)
    __aeabi_memcpy4                          0x080291dd   Thumb Code     0  memcpya.o(.text)
    __aeabi_memcpy8                          0x080291dd   Thumb Code     0  memcpya.o(.text)
    __aeabi_memset                           0x08029201   Thumb Code    14  memseta.o(.text)
    __aeabi_memset4                          0x08029201   Thumb Code     0  memseta.o(.text)
    __aeabi_memset8                          0x08029201   Thumb Code     0  memseta.o(.text)
    __aeabi_memclr                           0x0802920f   Thumb Code     4  memseta.o(.text)
    __aeabi_memclr4                          0x0802920f   Thumb Code     0  memseta.o(.text)
    __aeabi_memclr8                          0x0802920f   Thumb Code     0  memseta.o(.text)
    _memset$wrapper                          0x08029213   Thumb Code    18  memseta.o(.text)
    strncpy                                  0x08029225   Thumb Code    24  strncpy.o(.text)
    strlen                                   0x0802923d   Thumb Code    14  strlen.o(.text)
    memcmp                                   0x0802924b   Thumb Code    26  memcmp.o(.text)
    __aeabi_dadd                             0x08029265   Thumb Code   322  dadd.o(.text)
    __aeabi_dsub                             0x080293a7   Thumb Code     6  dadd.o(.text)
    __aeabi_drsub                            0x080293ad   Thumb Code     6  dadd.o(.text)
    __aeabi_dmul                             0x080293b3   Thumb Code   228  dmul.o(.text)
    __aeabi_ui2d                             0x08029497   Thumb Code    26  dfltui.o(.text)
    __aeabi_d2iz                             0x080294b1   Thumb Code    62  dfixi.o(.text)
    __aeabi_d2uiz                            0x080294ef   Thumb Code    50  dfixui.o(.text)
    __aeabi_f2d                              0x08029521   Thumb Code    38  f2d.o(.text)
    __aeabi_cdrcmple                         0x08029549   Thumb Code    38  cdrcmple.o(.text)
    __aeabi_uidiv                            0x08029571   Thumb Code     0  uidiv.o(.text)
    __aeabi_uidivmod                         0x08029571   Thumb Code    44  uidiv.o(.text)
    __aeabi_uldivmod                         0x0802959d   Thumb Code    98  uldiv.o(.text)
    __aeabi_llsl                             0x080295ff   Thumb Code    30  llshl.o(.text)
    _ll_shift_l                              0x080295ff   Thumb Code     0  llshl.o(.text)
    __aeabi_llsr                             0x0802961d   Thumb Code    32  llushr.o(.text)
    _ll_ushift_r                             0x0802961d   Thumb Code     0  llushr.o(.text)
    __aeabi_lasr                             0x0802963d   Thumb Code    36  llsshr.o(.text)
    _ll_sshift_r                             0x0802963d   Thumb Code     0  llsshr.o(.text)
    __I$use$fp                               0x08029661   Thumb Code     0  iusefp.o(.text)
    _double_round                            0x08029661   Thumb Code    26  depilogue.o(.text)
    _double_epilogue                         0x0802967b   Thumb Code   164  depilogue.o(.text)
    __aeabi_ddiv                             0x0802971f   Thumb Code   222  ddiv.o(.text)
    __aeabi_d2ulz                            0x080297fd   Thumb Code    48  dfixul.o(.text)
    __decompress                             0x0802982d   Thumb Code     0  __dclz77c.o(.text)
    __decompress2                            0x0802982d   Thumb Code    96  __dclz77c.o(.text)
    __0printf                                0x0802988d   Thumb Code    22  printfa.o(i.__0printf)
    __1printf                                0x0802988d   Thumb Code     0  printfa.o(i.__0printf)
    __2printf                                0x0802988d   Thumb Code     0  printfa.o(i.__0printf)
    __c89printf                              0x0802988d   Thumb Code     0  printfa.o(i.__0printf)
    printf                                   0x0802988d   Thumb Code     0  printfa.o(i.__0printf)
    __0sprintf                               0x080298ad   Thumb Code    34  printfa.o(i.__0sprintf)
    __1sprintf                               0x080298ad   Thumb Code     0  printfa.o(i.__0sprintf)
    __2sprintf                               0x080298ad   Thumb Code     0  printfa.o(i.__0sprintf)
    __c89sprintf                             0x080298ad   Thumb Code     0  printfa.o(i.__0sprintf)
    sprintf                                  0x080298ad   Thumb Code     0  printfa.o(i.__0sprintf)
    softver_edtion                           0x0802a240   Data           6  processscope.o(.constdata)
    FSMC_DefaultTimingStruct                 0x0802b078   Data          28  stm32f4xx_fsmc.o(.constdata)
    COM_USART                                0x0802b094   Data          12  scope_eval.o(.constdata)
    COM_USART_CLK                            0x0802b0a0   Data          12  scope_eval.o(.constdata)
    COM_ET_IRQn                              0x0802b0ac   Data           6  scope_eval.o(.constdata)
    COM_TX_PORT                              0x0802b0b4   Data          12  scope_eval.o(.constdata)
    COM_TX_PIN                               0x0802b0c0   Data           6  scope_eval.o(.constdata)
    COM_TX_PORT_CLK                          0x0802b0c8   Data          12  scope_eval.o(.constdata)
    COM_RX_PORT                              0x0802b0d4   Data          12  scope_eval.o(.constdata)
    COM_RX_PIN                               0x0802b0e0   Data           6  scope_eval.o(.constdata)
    COM_RX_PORT_CLK                          0x0802b0e8   Data          12  scope_eval.o(.constdata)
    COM_AF_TX_PINSOURCE                      0x0802b0f4   Data           3  scope_eval.o(.constdata)
    COM_AF_RX_PINSOURCE                      0x0802b0f7   Data           3  scope_eval.o(.constdata)
    COM_AF_UART                              0x0802b0fa   Data           3  scope_eval.o(.constdata)
    OUT_PORT                                 0x0802b100   Data          28  scope_eval.o(.constdata)
    OUT_PIN                                  0x0802b11c   Data          14  scope_eval.o(.constdata)
    OUT_CLK                                  0x0802b12c   Data          28  scope_eval.o(.constdata)
    IN_PORT                                  0x0802b148   Data          28  scope_eval.o(.constdata)
    IN_PIN                                   0x0802b164   Data          14  scope_eval.o(.constdata)
    IN_CLK                                   0x0802b174   Data          28  scope_eval.o(.constdata)
    IN_ET_LINE                               0x0802b190   Data          14  scope_eval.o(.constdata)
    IN_ET_PORT                               0x0802b19e   Data          14  scope_eval.o(.constdata)
    IN_ET_PIN                                0x0802b1ac   Data          14  scope_eval.o(.constdata)
    IN_ET_IRQn                               0x0802b1ba   Data          14  scope_eval.o(.constdata)
    ethbroadcast                             0x0802b1d8   Data           6  etharp.o(.constdata)
    ethzero                                  0x0802b1de   Data           6  etharp.o(.constdata)
    ip_addr_any                              0x0802b1e4   Data           4  ip_addr.o(.constdata)
    ip_addr_broadcast                        0x0802b1e8   Data           4  ip_addr.o(.constdata)
    tcp_state_str                            0x0802b210   Data          44  tcp.o(.constdata)
    tcp_backoff                              0x0802b23c   Data          13  tcp.o(.constdata)
    tcp_persist_backoff                      0x0802b249   Data           7  tcp.o(.constdata)
    tcp_pcb_lists                            0x0802b250   Data          16  tcp.o(.constdata)
    SystemCoreClock                          0x20000000   Data           4  system_stm32f4xx.o(.data)
    AHBPrescTable                            0x20000004   Data          16  system_stm32f4xx.o(.data)
    g_tOCLevel                               0x2000001e   Data           4  systemscope.o(.data)
    g_tSystemStatus                          0x20000022   Data           3  systemscope.o(.data)
    g_atInterval                             0x20000026   Data           8  systemscope.o(.data)
    g_nError                                 0x20000030   Data           4  systemscope.o(.data)
    g_nFlag                                  0x20000034   Data           4  systemscope.o(.data)
    g_Test_Mode                              0x20000042   Data           1  processscope.o(.data)
    g_Micro_Switch                           0x20000043   Data           1  processscope.o(.data)
    g_Udp_Count                              0x20000048   Data           4  processscope.o(.data)
    g_Frame_Count                            0x2000004c   Data           4  processscope.o(.data)
    g_Send_Fail                              0x20000050   Data           4  processscope.o(.data)
    g_AirLight_Flag                          0x20000054   Data           1  processscope.o(.data)
    g_Debug_Data                             0x2000006e   Data         512  interfacescope.o(.data)
    DMATxDescToSet                           0x20000294   Data           4  stm32f4x7_eth.o(.data)
    DMARxDescToGet                           0x20000298   Data           4  stm32f4x7_eth.o(.data)
    DMA_RX_FRAME_infos                       0x2000029c   Data           4  stm32f4x7_eth.o(.data)
    Frame_Rx_index                           0x200002a0   Data           4  stm32f4x7_eth.o(.data)
    g_Elec_Status                            0x20000314   Data           1  driver.o(.data)
    g_Turn_Position                          0x20000315   Data           1  driver.o(.data)
    current_netif                            0x20000318   Data           4  ip.o(.data)
    current_header                           0x2000031c   Data           4  ip.o(.data)
    current_iphdr_src                        0x20000320   Data           4  ip.o(.data)
    current_iphdr_dest                       0x20000324   Data           4  ip.o(.data)
    netif_list                               0x20000344   Data           4  netif.o(.data)
    netif_default                            0x20000348   Data           4  netif.o(.data)
    tcp_ticks                                0x2000035c   Data           4  tcp.o(.data)
    tcp_bound_pcbs                           0x20000360   Data           4  tcp.o(.data)
    tcp_listen_pcbs                          0x20000364   Data           4  tcp.o(.data)
    tcp_active_pcbs                          0x20000368   Data           4  tcp.o(.data)
    tcp_tw_pcbs                              0x2000036c   Data           4  tcp.o(.data)
    tcp_tmp_pcb                              0x20000370   Data           4  tcp.o(.data)
    tcp_active_pcbs_changed                  0x20000374   Data           1  tcp.o(.data)
    tcp_input_pcb                            0x20000394   Data           4  tcp_in.o(.data)
    udp_pcbs                                 0x2000039c   Data           4  udp.o(.data)
    TCPTimer                                 0x200003ac   Data           4  netconf.o(.data)
    ARPTimer                                 0x200003b0   Data           4  netconf.o(.data)
    IPaddress                                0x200003b4   Data           4  netconf.o(.data)
    EthStatus                                0x200003c4   Data           4  stm32f4x7_eth_bsp.o(.data)
    s_tAddr                                  0x200003d4   Data           4  udp_echoserver.o(.data)
    s_nPort                                  0x200003d8   Data           2  udp_echoserver.o(.data)
    s_ptUpcb                                 0x200003dc   Data           4  udp_echoserver.o(.data)
    __stdout                                 0x200003e0   Data           4  stdout.o(.data)
    g_tAxisPosStatus                         0x200003e4   Data          28  systemscope.o(.bss)
    g_tSystemPara                            0x20000400   Data          54  systemscope.o(.bss)
    g_nErrorParaSet                          0x20000436   Data          64  systemscope.o(.bss)
    ADC1_Status                              0x20000478   Data          12  processscope.o(.bss)
    g_ADC1_Buffer                            0x20000484   Data         512  processscope.o(.bss)
    ADC2_Status                              0x20000684   Data          12  processscope.o(.bss)
    g_ADC2_Buffer                            0x20000690   Data         512  processscope.o(.bss)
    g_CRP_Data                               0x20000890   Data        1032  processscope.o(.bss)
    g_NET_achCmdRvBuf                        0x20000c98   Data         256  protocol.o(.bss)
    g_achFbkSdBuf                            0x20000d98   Data        1500  protocol.o(.bss)
    g_achFbkSdLogBuf                         0x20001374   Data        1500  protocol.o(.bss)
    g_SPG_achCmdRvBuf                        0x20002508   Data          80  samplingport.o(.bss)
    g_Record_Param                           0x20002558   Data          28  storagemanagement.o(.bss)
    DMARxDscrTab                             0x20002574   Data         256  stm32f4x7_eth.o(.bss)
    DMATxDscrTab                             0x20002674   Data         256  stm32f4x7_eth.o(.bss)
    Rx_Buff                                  0x20002774   Data       12192  stm32f4x7_eth.o(.bss)
    Tx_Buff                                  0x20005714   Data       12192  stm32f4x7_eth.o(.bss)
    RX_Frame_Descriptor                      0x200086b4   Data          12  stm32f4x7_eth.o(.bss)
    g_atMotorStatus                          0x200086c0   Data          16  scope_move.o(.bss)
    g_atMotorPara                            0x200086d0   Data          32  scope_move.o(.bss)
    dhcp_rx_options_val                      0x20009ed4   Data          40  dhcp.o(.bss)
    dhcp_rx_options_given                    0x20009efc   Data          10  dhcp.o(.bss)
    ram_heap                                 0x20009f06   Data       10260  mem.o(.bss)
    gnetif                                   0x20011334   Data          56  netconf.o(.bss)
    ETH_InitStructure                        0x2001136c   Data         188  stm32f4x7_eth_bsp.o(.bss)
    __initial_sp                             0x20015428   Data           0  startup_stm32f40_41xxx.o(STACK)



==============================================================================

Memory Map of the image

  Image Entry point : 0x08000189

  Load Region LR_IROM1 (Base: 0x08000000, Size: 0x000005e4, Max: 0x00003fff, ABSOLUTE, COMPRESSED[0x000002f0])

    Execution Region ER_IROM1 (Base: 0x08000000, Size: 0x00000200, Max: 0x00003fff, ABSOLUTE)

    Base Addr    Size         Type   Attr      Idx    E Section Name        Object

    0x08000000   0x00000188   Data   RO          294    RESET               startup_stm32f40_41xxx.o
    0x08000188   0x00000000   Code   RO         2133  * .ARM.Collect$$$$00000000  mc_w.l(entry.o)
    0x08000188   0x00000004   Code   RO         2423    .ARM.Collect$$$$00000001  mc_w.l(entry2.o)
    0x0800018c   0x00000004   Code   RO         2426    .ARM.Collect$$$$00000004  mc_w.l(entry5.o)
    0x08000190   0x00000000   Code   RO         2428    .ARM.Collect$$$$00000008  mc_w.l(entry7b.o)
    0x08000190   0x00000000   Code   RO         2430    .ARM.Collect$$$$0000000A  mc_w.l(entry8b.o)
    0x08000190   0x00000008   Code   RO         2431    .ARM.Collect$$$$0000000B  mc_w.l(entry9a.o)
    0x08000198   0x00000000   Code   RO         2433    .ARM.Collect$$$$0000000D  mc_w.l(entry10a.o)
    0x08000198   0x00000000   Code   RO         2435    .ARM.Collect$$$$0000000F  mc_w.l(entry11a.o)
    0x08000198   0x00000004   Code   RO         2424    .ARM.Collect$$$$00002712  mc_w.l(entry2.o)
    0x0800019c   0x00000024   Code   RO         2455    .text               mc_w.l(init.o)
    0x080001c0   0x0000000e   Code   RO         2459    i.__scatterload_copy  mc_w.l(handlers.o)
    0x080001ce   0x00000002   Code   RO         2460    i.__scatterload_null  mc_w.l(handlers.o)
    0x080001d0   0x0000000e   Code   RO         2461    i.__scatterload_zeroinit  mc_w.l(handlers.o)
    0x080001de   0x00000002   PAD
    0x080001e0   0x00000020   Data   RO         2457    Region$$Table       anon$$obj.o


    Execution Region RW_IRAM1 (Base: 0x20000000, Size: 0x00015428, Max: 0x00020000, ABSOLUTE, COMPRESSED[0x000000f0])

    Base Addr    Size         Type   Attr      Idx    E Section Name        Object

    0x20000000   0x00000014   Data   RW          269    .data               system_stm32f4xx.o
    0x20000014   0x00000024   Data   RW          304    .data               systemscope.o
    0x20000038   0x0000001d   Data   RW          332    .data               processscope.o
    0x20000055   0x0000000c   Data   RW          362    .data               protocol.o
    0x20000061   0x00000003   PAD
    0x20000064   0x0000021a   Data   RW          394    .data               interfacescope.o
    0x2000027e   0x00000014   Data   RW          422    .data               samplingport.o
    0x20000292   0x00000002   PAD
    0x20000294   0x00000010   Data   RW          476    .data               stm32f4x7_eth.o
    0x200002a4   0x00000010   Data   RW         1031    .data               stm32f4xx_rcc.o
    0x200002b4   0x00000020   Data   RW         1238    .data               scope_it.o
    0x200002d4   0x00000012   Data   RW         1317    .data               buffercircle.o
    0x200002e6   0x00000012   Data   RW         1340    .data               netbuffercircle.o
    0x200002f8   0x00000012   Data   RW         1363    .data               samplebuffercircle.o
    0x2000030a   0x0000000c   Data   RW         1413    .data               driver.o
    0x20000316   0x00000001   Data   RW         1529    .data               etharp.o
    0x20000317   0x00000001   PAD
    0x20000318   0x00000012   Data   RW         1644    .data               ip.o
    0x2000032a   0x00000002   PAD
    0x2000032c   0x00000006   Data   RW         1704    .data               ip_frag.o
    0x20000332   0x00000002   PAD
    0x20000334   0x00000004   Data   RW         1734    .data               dhcp.o
    0x20000338   0x0000000c   Data   RW         1792    .data               mem.o
    0x20000344   0x00000009   Data   RW         1834    .data               netif.o
    0x2000034d   0x00000003   PAD
    0x20000350   0x00000004   Data   RW         1868    .data               raw.o
    0x20000354   0x00000023   Data   RW         1896    .data               tcp.o
    0x20000377   0x00000001   PAD
    0x20000378   0x00000020   Data   RW         1919    .data               tcp_in.o
    0x20000398   0x00000008   Data   RW         1965    .data               udp.o
    0x200003a0   0x00000018   Data   RW         2048    .data               netconf.o
    0x200003b8   0x00000010   Data   RW         2073    .data               stm32f4x7_eth_bsp.o
    0x200003c8   0x00000018   Data   RW         2106    .data               udp_echoserver.o
    0x200003e0   0x00000004   Data   RW         2437    .data               mc_w.l(stdout.o)
    0x200003e4   0x00000092   Zero   RW          302    .bss                systemscope.o
    0x20000476   0x00000002   PAD
    0x20000478   0x00000820   Zero   RW          330    .bss                processscope.o
    0x20000c98   0x00000cb8   Zero   RW          361    .bss                protocol.o
    0x20001950   0x00000bb8   Zero   RW          392    .bss                interfacescope.o
    0x20002508   0x00000050   Zero   RW          421    .bss                samplingport.o
    0x20002558   0x0000001c   Zero   RW          448    .bss                storagemanagement.o
    0x20002574   0x0000614c   Zero   RW          475    .bss                stm32f4x7_eth.o
    0x200086c0   0x00000030   Zero   RW         1288    .bss                scope_move.o
    0x200086f0   0x000009c4   Zero   RW         1316    .bss                buffercircle.o
    0x200090b4   0x00000c80   Zero   RW         1339    .bss                netbuffercircle.o
    0x20009d34   0x000000c8   Zero   RW         1362    .bss                samplebuffercircle.o
    0x20009dfc   0x000000c8   Zero   RW         1527    .bss                etharp.o
    0x20009ec4   0x00000010   Zero   RW         1681    .bss                ip_addr.o
    0x20009ed4   0x00000032   Zero   RW         1733    .bss                dhcp.o
    0x20009f06   0x00002814   Zero   RW         1791    .bss                mem.o
    0x2000c71a   0x00000002   PAD
    0x2000c71c   0x00004c07   Zero   RW         1807    .bss                memp.o
    0x20011323   0x00000001   PAD
    0x20011324   0x00000010   Zero   RW         1918    .bss                tcp_in.o
    0x20011334   0x00000038   Zero   RW         2047    .bss                netconf.o
    0x2001136c   0x000000bc   Zero   RW         2072    .bss                stm32f4x7_eth_bsp.o
    0x20011428   0x00004000   Zero   RW          292    STACK               startup_stm32f40_41xxx.o



  Load Region LR_IROM2 (Base: 0x08008000, Size: 0x00023314, Max: 0x0003ffff, ABSOLUTE)

    Execution Region ER_IROM2 (Base: 0x08008000, Size: 0x00023314, Max: 0x0003ffff, ABSOLUTE)

    Base Addr    Size         Type   Attr      Idx    E Section Name        Object

    0x08008000   0x0000022c   Code   RO            3    .text               scopemain.o
    0x0800822c   0x000002cc   Code   RO          268    .text               system_stm32f4xx.o
    0x080084f8   0x00000024   Code   RO          295    .text               startup_stm32f40_41xxx.o
    0x0800851c   0x000001d4   Code   RO          301    .text               systemscope.o
    0x080086f0   0x00005604   Code   RO          329    .text               processscope.o
    0x0800dcf4   0x0000049c   Code   RO          360    .text               protocol.o
    0x0800e190   0x000018f8   Code   RO          391    .text               interfacescope.o
    0x0800fa88   0x00000364   Code   RO          420    .text               samplingport.o
    0x0800fdec   0x00000190   Code   RO          447    .text               storagemanagement.o
    0x0800ff7c   0x00001e30   Code   RO          474    .text               stm32f4x7_eth.o
    0x08011dac   0x000001dc   Code   RO          498    .text               misc.o
    0x08011f88   0x00001070   Code   RO          538    .text               stm32f4xx_adc.o
    0x08012ff8   0x000005f8   Code   RO          678    .text               stm32f4xx_dac.o
    0x080135f0   0x000013a4   Code   RO          761    .text               stm32f4xx_dma.o
    0x08014994   0x000002f8   Code   RO          781    .text               stm32f4xx_exti.o
    0x08014c8c   0x00000a94   Code   RO          801    .text               stm32f4xx_flash.o
    0x08015720   0x00000e48   Code   RO          844    .text               stm32f4xx_fsmc.o
    0x08016568   0x00000a10   Code   RO          867    .text               stm32f4xx_gpio.o
    0x08016f78   0x00000f60   Code   RO         1030    .text               stm32f4xx_rcc.o
    0x08017ed8   0x00000dd0   Code   RO         1135    .text               stm32f4xx_spi.o
    0x08018ca8   0x0000019c   Code   RO         1155    .text               stm32f4xx_syscfg.o
    0x08018e44   0x00003284   Code   RO         1175    .text               stm32f4xx_tim.o
    0x0801c0c8   0x0000115c   Code   RO         1195    .text               stm32f4xx_usart.o
    0x0801d224   0x00000378   Code   RO         1215    .text               fpga.o
    0x0801d59c   0x00000320   Code   RO         1237    .text               scope_it.o
    0x0801d8bc   0x00000470   Code   RO         1259    .text               scope_eval.o
    0x0801dd2c   0x000003ec   Code   RO         1287    .text               scope_move.o
    0x0801e118   0x000003b8   Code   RO         1315    .text               buffercircle.o
    0x0801e4d0   0x000003b8   Code   RO         1338    .text               netbuffercircle.o
    0x0801e888   0x0000038c   Code   RO         1361    .text               samplebuffercircle.o
    0x0801ec14   0x0000275c   Code   RO         1410    .text               driver.o
    0x08021370   0x0000084c   Code   RO         1462    .text               ad7799.o
    0x08021bbc   0x00000290   Code   RO         1484    .text               ethernetif.o
    0x08021e4c   0x0000092c   Code   RO         1526    .text               etharp.o
    0x08022778   0x000001f0   Code   RO         1585    .text               icmp.o
    0x08022968   0x00000222   Code   RO         1625    .text               inet_chksum.o
    0x08022b8a   0x00000002   PAD
    0x08022b8c   0x00000308   Code   RO         1643    .text               ip.o
    0x08022e94   0x000002b4   Code   RO         1680    .text               ip_addr.o
    0x08023148   0x00000694   Code   RO         1703    .text               ip_frag.o
    0x080237dc   0x0000003e   Code   RO         1720    .text               def.o
    0x0802381a   0x00000002   PAD
    0x0802381c   0x000010cc   Code   RO         1732    .text               dhcp.o
    0x080248e8   0x0000033c   Code   RO         1790    .text               mem.o
    0x08024c24   0x000000a8   Code   RO         1806    .text               memp.o
    0x08024ccc   0x000002ac   Code   RO         1833    .text               netif.o
    0x08024f78   0x0000073a   Code   RO         1855    .text               pbuf.o
    0x080256b2   0x00000002   PAD
    0x080256b4   0x000001b0   Code   RO         1867    .text               raw.o
    0x08025864   0x00000e18   Code   RO         1893    .text               tcp.o
    0x0802667c   0x000012ac   Code   RO         1917    .text               tcp_in.o
    0x08027928   0x00000c2e   Code   RO         1940    .text               tcp_out.o
    0x08028556   0x00000002   Code   RO         1952    .text               timers.o
    0x08028558   0x00000480   Code   RO         1964    .text               udp.o
    0x080289d8   0x00000170   Code   RO         2046    .text               netconf.o
    0x08028b48   0x00000438   Code   RO         2071    .text               stm32f4x7_eth_bsp.o
    0x08028f80   0x0000025c   Code   RO         2104    .text               udp_echoserver.o
    0x080291dc   0x00000024   Code   RO         2136    .text               mc_w.l(memcpya.o)
    0x08029200   0x00000024   Code   RO         2138    .text               mc_w.l(memseta.o)
    0x08029224   0x00000018   Code   RO         2140    .text               mc_w.l(strncpy.o)
    0x0802923c   0x0000000e   Code   RO         2142    .text               mc_w.l(strlen.o)
    0x0802924a   0x0000001a   Code   RO         2144    .text               mc_w.l(memcmp.o)
    0x08029264   0x0000014e   Code   RO         2409    .text               mf_w.l(dadd.o)
    0x080293b2   0x000000e4   Code   RO         2411    .text               mf_w.l(dmul.o)
    0x08029496   0x0000001a   Code   RO         2413    .text               mf_w.l(dfltui.o)
    0x080294b0   0x0000003e   Code   RO         2415    .text               mf_w.l(dfixi.o)
    0x080294ee   0x00000032   Code   RO         2417    .text               mf_w.l(dfixui.o)
    0x08029520   0x00000026   Code   RO         2419    .text               mf_w.l(f2d.o)
    0x08029546   0x00000002   PAD
    0x08029548   0x00000028   Code   RO         2421    .text               mf_w.l(cdrcmple.o)
    0x08029570   0x0000002c   Code   RO         2438    .text               mc_w.l(uidiv.o)
    0x0802959c   0x00000062   Code   RO         2440    .text               mc_w.l(uldiv.o)
    0x080295fe   0x0000001e   Code   RO         2442    .text               mc_w.l(llshl.o)
    0x0802961c   0x00000020   Code   RO         2444    .text               mc_w.l(llushr.o)
    0x0802963c   0x00000024   Code   RO         2446    .text               mc_w.l(llsshr.o)
    0x08029660   0x00000000   Code   RO         2448    .text               mc_w.l(iusefp.o)
    0x08029660   0x000000be   Code   RO         2449    .text               mf_w.l(depilogue.o)
    0x0802971e   0x000000de   Code   RO         2451    .text               mf_w.l(ddiv.o)
    0x080297fc   0x00000030   Code   RO         2453    .text               mf_w.l(dfixul.o)
    0x0802982c   0x00000060   Code   RO         2465    .text               mc_w.l(__dclz77c.o)
    0x0802988c   0x00000020   Code   RO         2381    i.__0printf         mc_w.l(printfa.o)
    0x080298ac   0x00000028   Code   RO         2383    i.__0sprintf        mc_w.l(printfa.o)
    0x080298d4   0x0000015c   Code   RO         2388    i._fp_digits        mc_w.l(printfa.o)
    0x08029a30   0x000006f0   Code   RO         2389    i._printf_core      mc_w.l(printfa.o)
    0x0802a120   0x00000026   Code   RO         2390    i._printf_post_padding  mc_w.l(printfa.o)
    0x0802a146   0x00000030   Code   RO         2391    i._printf_pre_padding  mc_w.l(printfa.o)
    0x0802a176   0x0000000a   Code   RO         2393    i._sputc            mc_w.l(printfa.o)
    0x0802a180   0x000000c0   Data   RO          303    .constdata          systemscope.o
    0x0802a240   0x00000d9d   Data   RO          331    .constdata          processscope.o
    0x0802afdd   0x00000003   PAD
    0x0802afe0   0x00000098   Data   RO          393    .constdata          interfacescope.o
    0x0802b078   0x0000001c   Data   RO          845    .constdata          stm32f4xx_fsmc.o
    0x0802b094   0x00000134   Data   RO         1260    .constdata          scope_eval.o
    0x0802b1c8   0x00000010   Data   RO         1289    .constdata          scope_move.o
    0x0802b1d8   0x0000000c   Data   RO         1528    .constdata          etharp.o
    0x0802b1e4   0x00000008   Data   RO         1682    .constdata          ip_addr.o
    0x0802b1ec   0x00000024   Data   RO         1808    .constdata          memp.o
    0x0802b210   0x00000050   Data   RO         1894    .constdata          tcp.o
    0x0802b260   0x0000004b   Data   RO         2105    .constdata          udp_echoserver.o
    0x0802b2ab   0x00000068   Data   RO         1895    .conststring        tcp.o


==============================================================================

Image component sizes


      Code (inc. data)   RO Data    RW Data    ZI Data      Debug   Object Name

      2124        164          0          0          0       5749   ad7799.o
       952         16          0         18       2500       4434   buffercircle.o
        62          0          0          0          0       1182   def.o
      4300         80          0          4         50      12594   dhcp.o
     10076       1310          0         12          0      32662   driver.o
      2348         22         12          1        200      15941   etharp.o
       656         36          0          0          0       7795   ethernetif.o
       888         18          0          0          0       2707   fpga.o
       496          8          0          0          0       3366   icmp.o
         0          0          0          0          0       3776   inet.o
       546          0          0          0          0       2913   inet_chksum.o
      6392        584        152        538       3000      45439   interfacescope.o
       776         30          0         18          0      15532   ip.o
       692         12          8          0         16       9191   ip_addr.o
      1684         18          0          6          0       7020   ip_frag.o
       828         18          0         12      10260       3850   mem.o
       168         18         36          0      19463       2346   memp.o
       476         56          0          0          0       1905   misc.o
       952         16          0         18       3200       4748   netbuffercircle.o
       368        142          0         24         56       1850   netconf.o
       684         20          0          9          0       6481   netif.o
      1850          0          0          0          0       8829   pbuf.o
     22020       4886       3485         29       2080      32045   processscope.o
      1180         58          0         12       3256       8287   protocol.o
       432         14          0          4          0       3265   raw.o
       908         16          0         18        200       4458   samplebuffercircle.o
       868         32          0         20         80       6241   samplingport.o
      1136        176        308          0          0      31266   scope_eval.o
       800        128          0         32          0       3404   scope_it.o
      1004         18         16          0         48       4463   scope_move.o
       556        278          0          0          0     421409   scopemain.o
        36          8        392          0      16384        804   startup_stm32f40_41xxx.o
      7728        216          0         16      24908      23313   stm32f4x7_eth.o
      1080        192          0         16        188       4701   stm32f4x7_eth_bsp.o
      4208        130          0          0          0      12570   stm32f4xx_adc.o
      1528         48          0          0          0       5397   stm32f4xx_dac.o
      5028        330          0          0          0       8529   stm32f4xx_dma.o
       760         50          0          0          0       2567   stm32f4xx_exti.o
      2708         82          0          0          0       9934   stm32f4xx_flash.o
      3656        130         28          0          0       7062   stm32f4xx_fsmc.o
      2576        178          0          0          0       5229   stm32f4xx_gpio.o
      3936        252          0         16          0      15080   stm32f4xx_rcc.o
      3536        168          0          0          0       8349   stm32f4xx_spi.o
       412         62          0          0          0       1969   stm32f4xx_syscfg.o
     12932        652          0          0          0      29120   stm32f4xx_tim.o
      4444        228          0          0          0       9868   stm32f4xx_usart.o
       400         46          0          0         28       3984   storagemanagement.o
       716         50          0         20          0       1992   system_stm32f4xx.o
       468         46        192         36        146       5721   systemscope.o
      3608        138        184         35          0      21247   tcp.o
      4780        232          0         32         16      14527   tcp_in.o
      3118          8          0          0          0       9323   tcp_out.o
         2          0          0          0          0        443   timers.o
      1152         22          0          8          0      13829   udp.o
       604        216         75         24          0       2261   udp_echoserver.o

    ----------------------------------------------------------------------
    135644      11658       4924        992      86084     932967   Object Totals
         0          0         32          0          0          0   (incl. Generated)
         6          0          4         14          5          0   (incl. Padding)

    ----------------------------------------------------------------------

      Code (inc. data)   RO Data    RW Data    ZI Data      Debug   Library Member Name

        96          0          0          0          0          0   __dclz77c.o
         0          0          0          0          0          0   entry.o
         0          0          0          0          0          0   entry10a.o
         0          0          0          0          0          0   entry11a.o
         8          4          0          0          0          0   entry2.o
         4          0          0          0          0          0   entry5.o
         0          0          0          0          0          0   entry7b.o
         0          0          0          0          0          0   entry8b.o
         8          4          0          0          0          0   entry9a.o
        30          0          0          0          0          0   handlers.o
        36          8          0          0          0         68   init.o
         0          0          0          0          0          0   iusefp.o
        30          0          0          0          0         68   llshl.o
        36          0          0          0          0         68   llsshr.o
        32          0          0          0          0         68   llushr.o
        26          0          0          0          0         80   memcmp.o
        36          0          0          0          0         68   memcpya.o
        36          0          0          0          0        108   memseta.o
      2292         96          0          0          0        596   printfa.o
         0          0          0          4          0          0   stdout.o
        14          0          0          0          0         68   strlen.o
        24          0          0          0          0         76   strncpy.o
        44          0          0          0          0         80   uidiv.o
        98          0          0          0          0         92   uldiv.o
        40          2          0          0          0         68   cdrcmple.o
       334          0          0          0          0        148   dadd.o
       222          0          0          0          0        100   ddiv.o
       190          0          0          0          0        176   depilogue.o
        62          0          0          0          0         80   dfixi.o
        50          0          0          0          0         76   dfixui.o
        48          0          0          0          0         68   dfixul.o
        26          0          0          0          0         76   dfltui.o
       228          0          0          0          0         96   dmul.o
        38          0          0          0          0         68   f2d.o

    ----------------------------------------------------------------------
      4092        114          0          4          0       2396   Library Totals
         4          0          0          0          0          0   (incl. Padding)

    ----------------------------------------------------------------------

      Code (inc. data)   RO Data    RW Data    ZI Data      Debug   Library Name

      2850        112          0          4          0       1440   mc_w.l
      1238          2          0          0          0        956   mf_w.l

    ----------------------------------------------------------------------
      4092        114          0          4          0       2396   Library Totals

    ----------------------------------------------------------------------

==============================================================================


      Code (inc. data)   RO Data    RW Data    ZI Data      Debug   

    139736      11772       4924        996      86084     921463   Grand Totals
    139736      11772       4924        240      86084     921463   ELF Image Totals (compressed)
    139736      11772       4924        240          0          0   ROM Totals

==============================================================================

    Total RO  Size (Code + RO Data)               144660 ( 141.27kB)
    Total RW  Size (RW Data + ZI Data)             87080 (  85.04kB)
    Total ROM Size (Code + RO Data + RW Data)     144900 ( 141.50kB)

==============================================================================

