ARM Linker, 5.03 [Build 76] [MDK-ARM Professional]

==============================================================================

Section Cross References

    scopemain.o(.text) refers to memseta.o(.text) for __aeabi_memclr4
    scopemain.o(.text) refers to storagemanagement.o(.text) for Flash_Read_Param
    scopemain.o(.text) refers to printfa.o(i.__0printf) for __2printf
    scopemain.o(.text) refers to scope_eval.o(.text) for EVAL_OutputSet
    scopemain.o(.text) refers to scope_it.o(.text) for IT_SYS_DlyMs
    scopemain.o(.text) refers to protocol.o(.text) for PL_InitProtocol
    scopemain.o(.text) refers to samplingport.o(.text) for SPG_InitProtocol
    scopemain.o(.text) refers to stm32f4x7_eth_bsp.o(.text) for ETH_BSP_Config
    scopemain.o(.text) refers to netconf.o(.text) for LwIP_Init
    scopemain.o(.text) refers to udp_echoserver.o(.text) for udp_echoserver_init
    scopemain.o(.text) refers to systemscope.o(.text) for Iint_SysParam
    scopemain.o(.text) refers to interfacescope.o(.text) for HW_LWIP_MainLine
    scopemain.o(.text) refers to storagemanagement.o(.bss) for g_Record_Param
    scopemain.o(.text) refers to stm32f4x7_eth_bsp.o(.data) for EthStatus
    scopemain.o(.text) refers to processscope.o(.data) for g_AirLight_Flag
    system_stm32f4xx.o(.text) refers to stm32f4xx_rcc.o(.text) for RCC_DeInit
    system_stm32f4xx.o(.text) refers to system_stm32f4xx.o(.data) for SystemCoreClock
    startup_stm32f40_41xxx.o(RESET) refers to startup_stm32f40_41xxx.o(STACK) for __initial_sp
    startup_stm32f40_41xxx.o(RESET) refers to startup_stm32f40_41xxx.o(.text) for Reset_Handler
    startup_stm32f40_41xxx.o(RESET) refers to scope_it.o(.text) for SysTick_Handler
    startup_stm32f40_41xxx.o(RESET) refers to driver.o(.text) for EXTI9_5_IRQHandler
    startup_stm32f40_41xxx.o(.text) refers to system_stm32f4xx.o(.text) for SystemInit
    startup_stm32f40_41xxx.o(.text) refers to entry.o(.ARM.Collect$$$$00000000) for __main
    systemscope.o(.text) refers to memseta.o(.text) for __aeabi_memclr4
    systemscope.o(.text) refers to processscope.o(.bss) for g_CRP_Data
    systemscope.o(.text) refers to systemscope.o(.data) for g_nError
    systemscope.o(.text) refers to systemscope.o(.bss) for g_tAxisPosStatus
    systemscope.o(.text) refers to systemscope.o(.constdata) for m_nConstBitsMap
    processscope.o(.text) refers to scope_it.o(.text) for IT_LIST_GetTicks
    processscope.o(.text) refers to protocol.o(.text) for PL_NET_SendResult
    processscope.o(.text) refers to processscope.o(.data) for g_Udp_Count
    processscope.o(.text) refers to printfa.o(i.__0printf) for __2printf
    processscope.o(.text) refers to interfacescope.o(.text) for HW_Valve_On
    processscope.o(.text) refers to systemscope.o(.bss) for g_tAxisPosStatus
    processscope.o(.text) refers to processscope.o(.constdata) for .constdata
    processscope.o(.text) refers to storagemanagement.o(.bss) for g_Record_Param
    processscope.o(.text) refers to storagemanagement.o(.text) for Flash_Write_Param
    processscope.o(.text) refers to driver.o(.text) for LED_All_Reset
    processscope.o(.text) refers to memseta.o(.text) for __aeabi_memclr4
    processscope.o(.text) refers to ad7799.o(.text) for AD7799_SetChannel
    processscope.o(.text) refers to processscope.o(.bss) for g_CRP_Data
    processscope.o(.text) refers to f2d.o(.text) for __aeabi_f2d
    processscope.o(.text) refers to stm32f4xx_adc.o(.text) for ADC_DMACmd
    processscope.o(.text) refers to stm32f4xx_dma.o(.text) for DMA_Cmd
    processscope.o(.text) refers to printfa.o(i.__0sprintf) for __2sprintf
    processscope.o(.text) refers to udp_echoserver.o(.text) for udp_echoserver_senddata
    processscope.o(.text) refers to protocol.o(.bss) for g_achFbkSdLogBuf
    processscope.o(.text) refers to update.o(.text) for Update_Start_Msg
    processscope.o(.text) refers to systemscope.o(.text) for SYS_HasError
    processscope.o(.text) refers to netconf.o(.text) for LwIP_Periodic_Handle
    processscope.o(.text) refers to strncpy.o(.text) for strncpy
    protocol.o(.text) refers to buffercircle.o(.text) for BUF_Send_Init
    protocol.o(.text) refers to netbuffercircle.o(.text) for NET_BUF_Send_Init
    protocol.o(.text) refers to stm32f4xx_usart.o(.text) for USART_ITConfig
    protocol.o(.text) refers to udp_echoserver.o(.text) for udp_echoserver_senddata
    protocol.o(.text) refers to memcpya.o(.text) for __aeabi_memcpy
    protocol.o(.text) refers to strlen.o(.text) for strlen
    protocol.o(.text) refers to protocol.o(.data) for m_NET_tRecvBufStatus
    protocol.o(.text) refers to protocol.o(.bss) for g_NET_achCmdRvBuf
    interfacescope.o(.text) refers to scope_move.o(.text) for MV_InitPara
    interfacescope.o(.text) refers to driver.o(.text) for Get_In_OC_Status
    interfacescope.o(.text) refers to processscope.o(.text) for moto_work_stat_2
    interfacescope.o(.text) refers to printfa.o(i.__0printf) for __2printf
[...]
    FLASH_OB_GetPCROP                        0x080155cb   Thumb Code     8  stm32f4xx_flash.o(.text)
    FLASH_OB_GetPCROP1                       0x080155d3   Thumb Code     8  stm32f4xx_flash.o(.text)
    FLASH_OB_GetRDP                          0x080155db   Thumb Code    18  stm32f4xx_flash.o(.text)
    FLASH_OB_GetBOR                          0x080155ed   Thumb Code    12  stm32f4xx_flash.o(.text)
    FLASH_ITConfig                           0x080155f9   Thumb Code    82  stm32f4xx_flash.o(.text)
    FLASH_GetFlagStatus                      0x0801564b   Thumb Code    76  stm32f4xx_flash.o(.text)
    FLASH_ClearFlag                          0x08015697   Thumb Code    38  stm32f4xx_flash.o(.text)
    FSMC_NORSRAMDeInit                       0x080156c1   Thumb Code    84  stm32f4xx_fsmc.o(.text)
    FSMC_NORSRAMInit                         0x08015715   Thumb Code   870  stm32f4xx_fsmc.o(.text)
    FSMC_NORSRAMStructInit                   0x08015a7b   Thumb Code    48  stm32f4xx_fsmc.o(.text)
    FSMC_NORSRAMCmd                          0x08015aab   Thumb Code   152  stm32f4xx_fsmc.o(.text)
    FSMC_NANDDeInit                          0x08015b43   Thumb Code    90  stm32f4xx_fsmc.o(.text)
    FSMC_NANDInit                            0x08015b9d   Thumb Code   594  stm32f4xx_fsmc.o(.text)
    FSMC_NANDStructInit                      0x08015def   Thumb Code    54  stm32f4xx_fsmc.o(.text)
    FSMC_NANDCmd                             0x08015e25   Thumb Code   136  stm32f4xx_fsmc.o(.text)
    FSMC_NANDECCCmd                          0x08015ead   Thumb Code   160  stm32f4xx_fsmc.o(.text)
    FSMC_GetECC                              0x08015f4d   Thumb Code    22  stm32f4xx_fsmc.o(.text)
    FSMC_PCCARDDeInit                        0x08015f63   Thumb Code    40  stm32f4xx_fsmc.o(.text)
    FSMC_PCCARDInit                          0x08015f8b   Thumb Code   532  stm32f4xx_fsmc.o(.text)
    FSMC_PCCARDStructInit                    0x0801619f   Thumb Code    60  stm32f4xx_fsmc.o(.text)
    FSMC_PCCARDCmd                           0x080161db   Thumb Code    64  stm32f4xx_fsmc.o(.text)
    FSMC_ITConfig                            0x0801621b   Thumb Code   206  stm32f4xx_fsmc.o(.text)
    FSMC_GetFlagStatus                       0x080162e9   Thumb Code   160  stm32f4xx_fsmc.o(.text)
    FSMC_ClearFlag                           0x08016389   Thumb Code   120  stm32f4xx_fsmc.o(.text)
    FSMC_GetITStatus                         0x08016401   Thumb Code   132  stm32f4xx_fsmc.o(.text)
    FSMC_ClearITPendingBit                   0x08016485   Thumb Code   122  stm32f4xx_fsmc.o(.text)
    GPIO_DeInit                              0x08016509   Thumb Code   344  stm32f4xx_gpio.o(.text)
    GPIO_Init                                0x08016661   Thumb Code   354  stm32f4xx_gpio.o(.text)
    GPIO_StructInit                          0x080167c3   Thumb Code    18  stm32f4xx_gpio.o(.text)
    GPIO_PinLockConfig                       0x080167d5   Thumb Code   134  stm32f4xx_gpio.o(.text)
    GPIO_ReadInputDataBit                    0x0801685b   Thumb Code   282  stm32f4xx_gpio.o(.text)
    GPIO_ReadInputData                       0x08016975   Thumb Code    90  stm32f4xx_gpio.o(.text)
    GPIO_ReadOutputDataBit                   0x080169cf   Thumb Code   198  stm32f4xx_gpio.o(.text)
    GPIO_ReadOutputData                      0x08016a95   Thumb Code    90  stm32f4xx_gpio.o(.text)
    GPIO_SetBits                             0x08016aef   Thumb Code   110  stm32f4xx_gpio.o(.text)
    GPIO_ResetBits                           0x08016b5d   Thumb Code   110  stm32f4xx_gpio.o(.text)
    GPIO_WriteBit                            0x08016bcb   Thumb Code   212  stm32f4xx_gpio.o(.text)
    GPIO_Write                               0x08016c9f   Thumb Code    90  stm32f4xx_gpio.o(.text)
    GPIO_ToggleBits                          0x08016cf9   Thumb Code   140  stm32f4xx_gpio.o(.text)
    GPIO_PinAFConfig                         0x08016d85   Thumb Code   358  stm32f4xx_gpio.o(.text)
    RCC_DeInit                               0x08016f19   Thumb Code    82  stm32f4xx_rcc.o(.text)
    RCC_HSEConfig                            0x08016f6b   Thumb Code    40  stm32f4xx_rcc.o(.text)
    RCC_GetFlagStatus                        0x08016f93   Thumb Code   134  stm32f4xx_rcc.o(.text)
    RCC_WaitForHSEStartUp                    0x08017019   Thumb Code    56  stm32f4xx_rcc.o(.text)
    RCC_AdjustHSICalibrationValue            0x08017051   Thumb Code    38  stm32f4xx_rcc.o(.text)
    RCC_HSICmd                               0x08017077   Thumb Code    28  stm32f4xx_rcc.o(.text)
    RCC_LSEConfig                            0x08017093   Thumb Code    72  stm32f4xx_rcc.o(.text)
    RCC_LSICmd                               0x080170db   Thumb Code    28  stm32f4xx_rcc.o(.text)
    RCC_PLLConfig                            0x080170f7   Thumb Code   156  stm32f4xx_rcc.o(.text)
    RCC_PLLCmd                               0x08017193   Thumb Code    28  stm32f4xx_rcc.o(.text)
    RCC_PLLI2SConfig                         0x080171af   Thumb Code    62  stm32f4xx_rcc.o(.text)
    RCC_PLLI2SCmd                            0x080171ed   Thumb Code    28  stm32f4xx_rcc.o(.text)
    RCC_PLLSAIConfig                         0x08017209   Thumb Code    88  stm32f4xx_rcc.o(.text)
    RCC_PLLSAICmd                            0x08017261   Thumb Code    28  stm32f4xx_rcc.o(.text)
    RCC_ClockSecuritySystemCmd               0x0801727d   Thumb Code    28  stm32f4xx_rcc.o(.text)
    RCC_MCO1Config                           0x08017299   Thumb Code   168  stm32f4xx_rcc.o(.text)
    RCC_MCO2Config                           0x08017341   Thumb Code   102  stm32f4xx_rcc.o(.text)
    RCC_SYSCLKConfig                         0x080173a7   Thumb Code    44  stm32f4xx_rcc.o(.text)
    RCC_GetSYSCLKSource                      0x080173d3   Thumb Code    10  stm32f4xx_rcc.o(.text)
    RCC_HCLKConfig                           0x080173dd   Thumb Code    68  stm32f4xx_rcc.o(.text)
    RCC_PCLK1Config                          0x08017421   Thumb Code    60  stm32f4xx_rcc.o(.text)
    RCC_PCLK2Config                          0x0801745d   Thumb Code    62  stm32f4xx_rcc.o(.text)
    RCC_GetClocksFreq                        0x0801749b   Thumb Code   214  stm32f4xx_rcc.o(.text)
    RCC_RTCCLKConfig                         0x08017571   Thumb Code   262  stm32f4xx_rcc.o(.text)
    RCC_RTCCLKCmd                            0x08017677   Thumb Code    30  stm32f4xx_rcc.o(.text)
    RCC_BackupResetCmd                       0x08017695   Thumb Code    32  stm32f4xx_rcc.o(.text)
    RCC_I2SCLKConfig                         0x080176b5   Thumb Code    30  stm32f4xx_rcc.o(.text)
    RCC_SAIBlockACLKConfig                   0x080176d3   Thumb Code    50  stm32f4xx_rcc.o(.text)
    RCC_SAIBlockBCLKConfig                   0x08017705   Thumb Code    50  stm32f4xx_rcc.o(.text)
    RCC_SAIPLLI2SClkDivConfig                0x08017737   Thumb Code    50  stm32f4xx_rcc.o(.text)
    RCC_SAIPLLSAIClkDivConfig                0x08017769   Thumb Code   196  stm32f4xx_rcc.o(.text)
    RCC_LTDCCLKDivConfig                     0x0801782d   Thumb Code    54  stm32f4xx_rcc.o(.text)
    RCC_TIMCLKPresConfig                     0x08017863   Thumb Code    30  stm32f4xx_rcc.o(.text)
    RCC_AHB1PeriphClockCmd                   0x08017881   Thumb Code    82  stm32f4xx_rcc.o(.text)
    RCC_AHB2PeriphClockCmd                   0x080178d3   Thumb Code    82  stm32f4xx_rcc.o(.text)
    RCC_AHB3PeriphClockCmd                   0x08017925   Thumb Code    82  stm32f4xx_rcc.o(.text)
    RCC_APB1PeriphClockCmd                   0x08017977   Thumb Code    82  stm32f4xx_rcc.o(.text)
    RCC_APB2PeriphClockCmd                   0x080179c9   Thumb Code    82  stm32f4xx_rcc.o(.text)
    RCC_AHB1PeriphResetCmd                   0x08017a1b   Thumb Code    82  stm32f4xx_rcc.o(.text)
    RCC_AHB2PeriphResetCmd                   0x08017a6d   Thumb Code    82  stm32f4xx_rcc.o(.text)
    RCC_AHB3PeriphResetCmd                   0x08017abf   Thumb Code    82  stm32f4xx_rcc.o(.text)
    RCC_APB1PeriphResetCmd                   0x08017b11   Thumb Code    82  stm32f4xx_rcc.o(.text)
    RCC_APB2PeriphResetCmd                   0x08017b63   Thumb Code    82  stm32f4xx_rcc.o(.text)
    RCC_AHB1PeriphClockLPModeCmd             0x08017bb5   Thumb Code   108  stm32f4xx_rcc.o(.text)
    RCC_AHB2PeriphClockLPModeCmd             0x08017c21   Thumb Code    82  stm32f4xx_rcc.o(.text)
    RCC_AHB3PeriphClockLPModeCmd             0x08017c73   Thumb Code    82  stm32f4xx_rcc.o(.text)
    RCC_APB1PeriphClockLPModeCmd             0x08017cc5   Thumb Code    82  stm32f4xx_rcc.o(.text)
    RCC_APB2PeriphClockLPModeCmd             0x08017d17   Thumb Code    82  stm32f4xx_rcc.o(.text)
    RCC_LSEModeConfig                        0x08017d69   Thumb Code    64  stm32f4xx_rcc.o(.text)
    RCC_ITConfig                             0x08017da9   Thumb Code    82  stm32f4xx_rcc.o(.text)
    RCC_ClearFlag                            0x08017dfb   Thumb Code    18  stm32f4xx_rcc.o(.text)
    RCC_GetITStatus                          0x08017e0d   Thumb Code    72  stm32f4xx_rcc.o(.text)
    RCC_ClearITPendingBit                    0x08017e55   Thumb Code    28  stm32f4xx_rcc.o(.text)
    SPI_I2S_DeInit                           0x08017e79   Thumb Code   198  stm32f4xx_spi.o(.text)
    SPI_Init                                 0x08017f3f   Thumb Code   366  stm32f4xx_spi.o(.text)
    I2S_Init                                 0x080180ad   Thumb Code   624  stm32f4xx_spi.o(.text)
    SPI_StructInit                           0x0801831d   Thumb Code    24  stm32f4xx_spi.o(.text)
    I2S_StructInit                           0x08018335   Thumb Code    20  stm32f4xx_spi.o(.text)
    SPI_Cmd                                  0x08018349   Thumb Code   100  stm32f4xx_spi.o(.text)
    I2S_Cmd                                  0x080183ad   Thumb Code    88  stm32f4xx_spi.o(.text)
    SPI_DataSizeConfig                       0x08018405   Thumb Code    96  stm32f4xx_spi.o(.text)
    SPI_BiDirectionalLineConfig              0x08018465   Thumb Code   112  stm32f4xx_spi.o(.text)
    SPI_NSSInternalSoftwareConfig            0x080184d5   Thumb Code   114  stm32f4xx_spi.o(.text)
    SPI_SSOutputCmd                          0x08018547   Thumb Code   100  stm32f4xx_spi.o(.text)
    SPI_TIModeCmd                            0x080185ab   Thumb Code   100  stm32f4xx_spi.o(.text)
    I2S_FullDuplexConfig                     0x0801860f   Thumb Code   258  stm32f4xx_spi.o(.text)
    SPI_I2S_ReceiveData                      0x08018711   Thumb Code   100  stm32f4xx_spi.o(.text)
    SPI_I2S_SendData                         0x08018775   Thumb Code    72  stm32f4xx_spi.o(.text)
    SPI_CalculateCRC                         0x080187bd   Thumb Code   100  stm32f4xx_spi.o(.text)
    SPI_TransmitCRC                          0x08018821   Thumb Code    64  stm32f4xx_spi.o(.text)
    SPI_GetCRC                               0x08018861   Thumb Code    92  stm32f4xx_spi.o(.text)
    SPI_GetCRCPolynomial                     0x080188bd   Thumb Code    58  stm32f4xx_spi.o(.text)
    SPI_I2S_DMACmd                           0x080188f7   Thumb Code   132  stm32f4xx_spi.o(.text)
    SPI_I2S_ITConfig                         0x0801897b   Thumb Code   156  stm32f4xx_spi.o(.text)
    SPI_I2S_GetFlagStatus                    0x08018a17   Thumb Code   138  stm32f4xx_spi.o(.text)
    SPI_I2S_ClearFlag                        0x08018aa1   Thumb Code    92  stm32f4xx_spi.o(.text)
    SPI_I2S_GetITStatus                      0x08018afd   Thumb Code   200  stm32f4xx_spi.o(.text)
    SPI_I2S_ClearITPendingBit                0x08018bc5   Thumb Code   104  stm32f4xx_spi.o(.text)
    SYSCFG_DeInit                            0x08018c49   Thumb Code    22  stm32f4xx_syscfg.o(.text)
    SYSCFG_MemoryRemapConfig                 0x08018c5f   Thumb Code    34  stm32f4xx_syscfg.o(.text)
    SYSCFG_MemorySwappingBank                0x08018c81   Thumb Code    26  stm32f4xx_syscfg.o(.text)
    SYSCFG_EXTILineConfig                    0x08018c9b   Thumb Code   194  stm32f4xx_syscfg.o(.text)
    SYSCFG_ETH_MediaInterfaceConfig          0x08018d5d   Thumb Code    26  stm32f4xx_syscfg.o(.text)
    SYSCFG_CompensationCellCmd               0x08018d77   Thumb Code    26  stm32f4xx_syscfg.o(.text)
    SYSCFG_GetCompensationCellStatus         0x08018d91   Thumb Code    22  stm32f4xx_syscfg.o(.text)
    TIM_DeInit                               0x08018de5   Thumb Code   440  stm32f4xx_tim.o(.text)
    TIM_TimeBaseInit                         0x08018f9d   Thumb Code   278  stm32f4xx_tim.o(.text)
    TIM_TimeBaseStructInit                   0x080190b3   Thumb Code    18  stm32f4xx_tim.o(.text)
    TIM_PrescalerConfig                      0x080190c5   Thumb Code   128  stm32f4xx_tim.o(.text)
    TIM_CounterModeConfig                    0x08019145   Thumb Code   100  stm32f4xx_tim.o(.text)
    TIM_SetCounter                           0x080191a9   Thumb Code   202  stm32f4xx_tim.o(.text)
    TIM_SetAutoreload                        0x08019273   Thumb Code   108  stm32f4xx_tim.o(.text)
    TIM_GetCounter                           0x080192df   Thumb Code   106  stm32f4xx_tim.o(.text)
    TIM_GetPrescaler                         0x08019349   Thumb Code   106  stm32f4xx_tim.o(.text)
    TIM_UpdateDisableConfig                  0x080193b3   Thumb Code   148  stm32f4xx_tim.o(.text)
    TIM_UpdateRequestConfig                  0x08019447   Thumb Code   148  stm32f4xx_tim.o(.text)
    TIM_ARRPreloadConfig                     0x080194db   Thumb Code   148  stm32f4xx_tim.o(.text)
    TIM_SelectOnePulseMode                   0x0801956f   Thumb Code   142  stm32f4xx_tim.o(.text)
    TIM_SetClockDivision                     0x080195fd   Thumb Code   192  stm32f4xx_tim.o(.text)
    TIM_Cmd                                  0x080196bd   Thumb Code   148  stm32f4xx_tim.o(.text)
    TIM_OC1Init                              0x08019751   Thumb Code   416  stm32f4xx_tim.o(.text)
    TIM_OC2Init                              0x080198f1   Thumb Code   486  stm32f4xx_tim.o(.text)
    TIM_OC3Init                              0x08019ad7   Thumb Code   416  stm32f4xx_tim.o(.text)
    TIM_OC4Init                              0x08019c77   Thumb Code   300  stm32f4xx_tim.o(.text)
    TIM_OCStructInit                         0x08019da3   Thumb Code    20  stm32f4xx_tim.o(.text)
    TIM_SelectOCxM                           0x08019db7   Thumb Code   256  stm32f4xx_tim.o(.text)
    TIM_SetCompare1                          0x08019eb7   Thumb Code   142  stm32f4xx_tim.o(.text)
    TIM_SetCompare2                          0x08019f45   Thumb Code    72  stm32f4xx_tim.o(.text)
    TIM_SetCompare3                          0x08019f8d   Thumb Code    60  stm32f4xx_tim.o(.text)
    TIM_SetCompare4                          0x08019fc9   Thumb Code    60  stm32f4xx_tim.o(.text)
    TIM_ForcedOC1Config                      0x0801a005   Thumb Code   130  stm32f4xx_tim.o(.text)
    TIM_ForcedOC2Config                      0x0801a087   Thumb Code   114  stm32f4xx_tim.o(.text)
    TIM_ForcedOC3Config                      0x0801a0f9   Thumb Code    94  stm32f4xx_tim.o(.text)
    TIM_ForcedOC4Config                      0x0801a157   Thumb Code   102  stm32f4xx_tim.o(.text)
    TIM_OC1PreloadConfig                     0x0801a1bd   Thumb Code   126  stm32f4xx_tim.o(.text)
    TIM_OC2PreloadConfig                     0x0801a23b   Thumb Code   108  stm32f4xx_tim.o(.text)
    TIM_OC3PreloadConfig                     0x0801a2a7   Thumb Code   138  stm32f4xx_tim.o(.text)
    TIM_OC4PreloadConfig                     0x0801a331   Thumb Code    96  stm32f4xx_tim.o(.text)
    TIM_OC1FastConfig                        0x0801a391   Thumb Code   124  stm32f4xx_tim.o(.text)
    TIM_OC2FastConfig                        0x0801a40d   Thumb Code   108  stm32f4xx_tim.o(.text)
    TIM_OC3FastConfig                        0x0801a479   Thumb Code    88  stm32f4xx_tim.o(.text)
    TIM_OC4FastConfig                        0x0801a4d1   Thumb Code    96  stm32f4xx_tim.o(.text)
    TIM_ClearOC1Ref                          0x0801a531   Thumb Code   124  stm32f4xx_tim.o(.text)
    TIM_ClearOC2Ref                          0x0801a5ad   Thumb Code   106  stm32f4xx_tim.o(.text)
    TIM_ClearOC3Ref                          0x0801a617   Thumb Code    88  stm32f4xx_tim.o(.text)
    TIM_ClearOC4Ref                          0x0801a66f   Thumb Code    94  stm32f4xx_tim.o(.text)
    TIM_OC1PolarityConfig                    0x0801a6cd   Thumb Code   174  stm32f4xx_tim.o(.text)
    TIM_OC1NPolarityConfig                   0x0801a77b   Thumb Code    64  stm32f4xx_tim.o(.text)
    TIM_OC2PolarityConfig                    0x0801a7bb   Thumb Code   108  stm32f4xx_tim.o(.text)
    TIM_OC2NPolarityConfig                   0x0801a827   Thumb Code    72  stm32f4xx_tim.o(.text)
    TIM_OC3PolarityConfig                    0x0801a86f   Thumb Code    96  stm32f4xx_tim.o(.text)
    TIM_OC3NPolarityConfig                   0x0801a8cf   Thumb Code    72  stm32f4xx_tim.o(.text)
    TIM_OC4PolarityConfig                    0x0801a917   Thumb Code    96  stm32f4xx_tim.o(.text)
    TIM_CCxCmd                               0x0801a977   Thumb Code   168  stm32f4xx_tim.o(.text)
    TIM_CCxNCmd                              0x0801aa1f   Thumb Code   104  stm32f4xx_tim.o(.text)
    TIM_SetIC4Prescaler                      0x0801aa87   Thumb Code   106  stm32f4xx_tim.o(.text)
    TIM_SetIC3Prescaler                      0x0801ab71   Thumb Code    98  stm32f4xx_tim.o(.text)
    TIM_SetIC2Prescaler                      0x0801ac1b   Thumb Code   118  stm32f4xx_tim.o(.text)
    TIM_SetIC1Prescaler                      0x0801ace1   Thumb Code   134  stm32f4xx_tim.o(.text)
    TIM_ICInit                               0x0801ada1   Thumb Code   508  stm32f4xx_tim.o(.text)
    TIM_ICStructInit                         0x0801af9d   Thumb Code    18  stm32f4xx_tim.o(.text)
    TIM_PWMIConfig                           0x0801afaf   Thumb Code   184  stm32f4xx_tim.o(.text)
    TIM_GetCapture1                          0x0801b067   Thumb Code    92  stm32f4xx_tim.o(.text)
    TIM_GetCapture2                          0x0801b0c3   Thumb Code    68  stm32f4xx_tim.o(.text)
    TIM_GetCapture3                          0x0801b107   Thumb Code    56  stm32f4xx_tim.o(.text)
    TIM_GetCapture4                          0x0801b13f   Thumb Code    56  stm32f4xx_tim.o(.text)
    TIM_BDTRConfig                           0x0801b177   Thumb Code   222  stm32f4xx_tim.o(.text)
    TIM_BDTRStructInit                       0x0801b255   Thumb Code    18  stm32f4xx_tim.o(.text)
    TIM_CtrlPWMOutputs                       0x0801b267   Thumb Code    78  stm32f4xx_tim.o(.text)
    TIM_SelectCOM                            0x0801b2b5   Thumb Code    72  stm32f4xx_tim.o(.text)
    TIM_CCPreloadControl                     0x0801b2fd   Thumb Code    72  stm32f4xx_tim.o(.text)
    TIM_ITConfig                             0x0801b345   Thumb Code   218  stm32f4xx_tim.o(.text)
    TIM_GenerateEvent                        0x0801b41f   Thumb Code   126  stm32f4xx_tim.o(.text)
    TIM_GetFlagStatus                        0x0801b49d   Thumb Code   188  stm32f4xx_tim.o(.text)
    TIM_ClearFlag                            0x0801b559   Thumb Code   108  stm32f4xx_tim.o(.text)
    TIM_GetITStatus                          0x0801b5c5   Thumb Code   186  stm32f4xx_tim.o(.text)
    TIM_ClearITPendingBit                    0x0801b67f   Thumb Code   108  stm32f4xx_tim.o(.text)
    TIM_DMAConfig                            0x0801b6eb   Thumb Code   334  stm32f4xx_tim.o(.text)
    TIM_DMACmd                               0x0801b839   Thumb Code   126  stm32f4xx_tim.o(.text)
    TIM_SelectCCDMA                          0x0801b8b7   Thumb Code    96  stm32f4xx_tim.o(.text)
    TIM_InternalClockConfig                  0x0801b917   Thumb Code    76  stm32f4xx_tim.o(.text)
    TIM_SelectInputTrigger                   0x0801b963   Thumb Code   148  stm32f4xx_tim.o(.text)
    TIM_ITRxExternalClockConfig              0x0801b9f7   Thumb Code   110  stm32f4xx_tim.o(.text)
    TIM_TIxExternalClockConfig               0x0801ba65   Thumb Code   184  stm32f4xx_tim.o(.text)
    TIM_ETRConfig                            0x0801bb1d   Thumb Code   164  stm32f4xx_tim.o(.text)
    TIM_ETRClockMode1Config                  0x0801bbc1   Thumb Code   228  stm32f4xx_tim.o(.text)
    TIM_ETRClockMode2Config                  0x0801bca5   Thumb Code   152  stm32f4xx_tim.o(.text)
    TIM_SelectOutputTrigger                  0x0801bd3d   Thumb Code   126  stm32f4xx_tim.o(.text)
    TIM_SelectSlaveMode                      0x0801bdbb   Thumb Code   112  stm32f4xx_tim.o(.text)
    TIM_SelectMasterSlaveMode                0x0801be2b   Thumb Code   102  stm32f4xx_tim.o(.text)
    TIM_EncoderInterfaceConfig               0x0801be91   Thumb Code   226  stm32f4xx_tim.o(.text)
    TIM_SelectHallSensor                     0x0801bf73   Thumb Code   108  stm32f4xx_tim.o(.text)
    TIM_RemapConfig                          0x0801bfdf   Thumb Code   138  stm32f4xx_tim.o(.text)
    USART_DeInit                             0x0801c069   Thumb Code   276  stm32f4xx_usart.o(.text)
    USART_Init                               0x0801c17d   Thumb Code   492  stm32f4xx_usart.o(.text)
    USART_StructInit                         0x0801c369   Thumb Code    24  stm32f4xx_usart.o(.text)
    USART_ClockInit                          0x0801c381   Thumb Code   166  stm32f4xx_usart.o(.text)
    USART_ClockStructInit                    0x0801c427   Thumb Code    12  stm32f4xx_usart.o(.text)
    USART_Cmd                                0x0801c433   Thumb Code   214  stm32f4xx_usart.o(.text)
    USART_SetPrescaler                       0x0801c509   Thumb Code    96  stm32f4xx_usart.o(.text)
    USART_OverSampling8Cmd                   0x0801c569   Thumb Code   122  stm32f4xx_usart.o(.text)
    USART_OneBitMethodCmd                    0x0801c5e3   Thumb Code   124  stm32f4xx_usart.o(.text)
    USART_SendData                           0x0801c65f   Thumb Code   108  stm32f4xx_usart.o(.text)
    USART_ReceiveData                        0x0801c6cb   Thumb Code    86  stm32f4xx_usart.o(.text)
    USART_SetAddress                         0x0801c721   Thumb Code   116  stm32f4xx_usart.o(.text)
    USART_ReceiverWakeUpCmd                  0x0801c795   Thumb Code   124  stm32f4xx_usart.o(.text)
    USART_WakeUpConfig                       0x0801c811   Thumb Code   120  stm32f4xx_usart.o(.text)
    USART_LINBreakDetectLengthConfig         0x0801c889   Thumb Code   160  stm32f4xx_usart.o(.text)
    USART_LINCmd                             0x0801c929   Thumb Code   124  stm32f4xx_usart.o(.text)
    USART_SendBreak                          0x0801c9a5   Thumb Code    88  stm32f4xx_usart.o(.text)
    USART_HalfDuplexCmd                      0x0801c9fd   Thumb Code   124  stm32f4xx_usart.o(.text)
    USART_SetGuardTime                       0x0801ca79   Thumb Code    60  stm32f4xx_usart.o(.text)
    USART_SmartCardCmd                       0x0801cab5   Thumb Code    88  stm32f4xx_usart.o(.text)
    USART_SmartCardNACKCmd                   0x0801cb0d   Thumb Code    88  stm32f4xx_usart.o(.text)
    USART_IrDAConfig                         0x0801cb65   Thumb Code   118  stm32f4xx_usart.o(.text)
    USART_IrDACmd                            0x0801cbdb   Thumb Code   124  stm32f4xx_usart.o(.text)
    USART_DMACmd                             0x0801cc57   Thumb Code   184  stm32f4xx_usart.o(.text)
    USART_ITConfig                           0x0801cd0f   Thumb Code   290  stm32f4xx_usart.o(.text)
    USART_GetFlagStatus                      0x0801ce31   Thumb Code   200  stm32f4xx_usart.o(.text)
    USART_ClearFlag                          0x0801cef9   Thumb Code   158  stm32f4xx_usart.o(.text)
    USART_GetITStatus                        0x0801cf97   Thumb Code   306  stm32f4xx_usart.o(.text)
    USART_ClearITPendingBit                  0x0801d0c9   Thumb Code   234  stm32f4xx_usart.o(.text)
    FPGA_Init                                0x0801d1c5   Thumb Code   674  fpga.o(.text)
    FPGA_WriteBuffer                         0x0801d467   Thumb Code    24  fpga.o(.text)
    FPGA_ResetHardware                       0x0801d47f   Thumb Code   104  fpga.o(.text)
    FPGA_ReadBuffer                          0x0801d4e7   Thumb Code    22  fpga.o(.text)
    FPGA_DATA_WriteBuffer                    0x0801d4fd   Thumb Code    24  fpga.o(.text)
    FPGA_DATA_ReadBuffer                     0x0801d515   Thumb Code    22  fpga.o(.text)
    SysTick_Handler                          0x0801d53d   Thumb Code    38  scope_it.o(.text)
    IT_SYS_GetTicks                          0x0801d563   Thumb Code     6  scope_it.o(.text)
    TIM2_IRQHandler                          0x0801d569   Thumb Code   492  scope_it.o(.text)
    USART1_IRQHandler                        0x0801d755   Thumb Code    14  scope_it.o(.text)
    USART3_IRQHandler                        0x0801d763   Thumb Code    14  scope_it.o(.text)
    IT_SYS_DlyMs                             0x0801d771   Thumb Code    30  scope_it.o(.text)
    IT_SYS_SetTicks                          0x0801d78f   Thumb Code    10  scope_it.o(.text)
    IT_SYS_SetDlyMs                          0x0801d799   Thumb Code    16  scope_it.o(.text)
    IT_SYS_CheckDlyFin                       0x0801d7a9   Thumb Code    20  scope_it.o(.text)
    IT_LIST_GetTicks                         0x0801d7bd   Thumb Code     6  scope_it.o(.text)
    IT_LIST_SetTicks                         0x0801d7c3   Thumb Code    10  scope_it.o(.text)
    IT_ADC_GetTicks                          0x0801d7cd   Thumb Code     6  scope_it.o(.text)
    IT_ADC_SetTicks                          0x0801d7d3   Thumb Code    10  scope_it.o(.text)
    assert_failed                            0x0801d87d   Thumb Code    18  scope_eval.o(.text)
    fputc                                    0x0801d88f   Thumb Code    16  scope_eval.o(.text)
    PF_InitTimer2                            0x0801d89f   Thumb Code   122  scope_eval.o(.text)
    EVAL_Init                                0x0801da41   Thumb Code   240  scope_eval.o(.text)
    EVAL_OutputSet                           0x0801db31   Thumb Code    16  scope_eval.o(.text)
    EVAL_OutputClr                           0x0801db41   Thumb Code    16  scope_eval.o(.text)
    EVAL_OutputToggle                        0x0801db51   Thumb Code    26  scope_eval.o(.text)
    EVAL_InputGetState                       0x0801dc07   Thumb Code    22  scope_eval.o(.text)
    MV_InitPara                              0x0801dccd   Thumb Code   190  scope_move.o(.text)
    MV_Move                                  0x0801dd8b   Thumb Code   434  scope_move.o(.text)
    MV_Stop                                  0x0801df3d   Thumb Code    98  scope_move.o(.text)
    MV_Wait                                  0x0801df9f   Thumb Code    84  scope_move.o(.text)
    MV_GetStepsExecuted                      0x0801dff3   Thumb Code    56  scope_move.o(.text)
    MV_IsFinished                            0x0801e02b   Thumb Code    20  scope_move.o(.text)
    MV_IsrMoveHandling                       0x0801e03f   Thumb Code   104  scope_move.o(.text)
    BUF_Send_Init                            0x0801e0b9   Thumb Code    14  buffercircle.o(.text)
    BUF_Send_PutChar                         0x0801e0c7   Thumb Code    54  buffercircle.o(.text)
    BUF_Send_GetChar                         0x0801e0fd   Thumb Code    74  buffercircle.o(.text)
    BUF_Send_PutNChar                        0x0801e1d1   Thumb Code    94  buffercircle.o(.text)
    BUF_Send_GetNChar                        0x0801e22f   Thumb Code    94  buffercircle.o(.text)
    BUF_Recv_Init                            0x0801e28d   Thumb Code    14  buffercircle.o(.text)
    BUF_Recv_PutChar                         0x0801e29b   Thumb Code    54  buffercircle.o(.text)
    BUF_Recv_GetChar                         0x0801e2d1   Thumb Code    74  buffercircle.o(.text)
    BUF_Recv_PutNChar                        0x0801e3a5   Thumb Code    94  buffercircle.o(.text)
    BUF_Recv_GetNChar                        0x0801e403   Thumb Code    94  buffercircle.o(.text)
    NET_BUF_Send_Init                        0x0801e471   Thumb Code    14  netbuffercircle.o(.text)
    NET_BUF_Send_PutChar                     0x0801e47f   Thumb Code    54  netbuffercircle.o(.text)
    NET_BUF_Send_GetChar                     0x0801e4b5   Thumb Code    74  netbuffercircle.o(.text)
    NET_BUF_Send_GetLenConsume               0x0801e4ff   Thumb Code   112  netbuffercircle.o(.text)
    NET_BUF_Send_GetLenRemain                0x0801e56f   Thumb Code    26  netbuffercircle.o(.text)
    NET_BUF_Send_PutNChar                    0x0801e589   Thumb Code    94  netbuffercircle.o(.text)
    NET_BUF_Send_GetNChar                    0x0801e5e7   Thumb Code    94  netbuffercircle.o(.text)
    NET_BUF_Recv_Init                        0x0801e645   Thumb Code    14  netbuffercircle.o(.text)
    NET_BUF_Recv_PutChar                     0x0801e653   Thumb Code    54  netbuffercircle.o(.text)
    NET_BUF_Recv_GetChar                     0x0801e689   Thumb Code    74  netbuffercircle.o(.text)
    NET_BUF_Recv_GetLenConsume               0x0801e6d3   Thumb Code   112  netbuffercircle.o(.text)
    NET_BUF_Recv_GetLenRemain                0x0801e743   Thumb Code    26  netbuffercircle.o(.text)
    NET_BUF_Recv_PutNChar                    0x0801e75d   Thumb Code    94  netbuffercircle.o(.text)
    NET_BUF_Recv_GetNChar                    0x0801e7bb   Thumb Code    94  netbuffercircle.o(.text)
    SPG_Send_Init                            0x0801e829   Thumb Code    14  samplebuffercircle.o(.text)
    SPG_Send_PutChar                         0x0801e837   Thumb Code    52  samplebuffercircle.o(.text)
    SPG_Send_GetChar                         0x0801e86b   Thumb Code    68  samplebuffercircle.o(.text)
    SPG_Send_PutNChar                        0x0801e92f   Thumb Code    92  samplebuffercircle.o(.text)
    SPG_Send_GetNChar                        0x0801e98b   Thumb Code    92  samplebuffercircle.o(.text)
    SPG_Recv_Init                            0x0801e9e7   Thumb Code    14  samplebuffercircle.o(.text)
    SPG_Recv_PutChar                         0x0801e9f5   Thumb Code    52  samplebuffercircle.o(.text)
    SPG_Recv_GetChar                         0x0801ea29   Thumb Code    68  samplebuffercircle.o(.text)
    SPG_Recv_PutNChar                        0x0801eaed   Thumb Code    92  samplebuffercircle.o(.text)
    SPG_Recv_GetNChar                        0x0801eb49   Thumb Code    92  samplebuffercircle.o(.text)
    Delay_US                                 0x0801ebb5   Thumb Code    54  driver.o(.text)
    ADC1_DMA_Config                          0x0801ebeb   Thumb Code   174  driver.o(.text)
    ADC1_Init                                0x0801ec99   Thumb Code   192  driver.o(.text)
    DMA2_Stream0_IRQHandler                  0x0801ed59   Thumb Code    72  driver.o(.text)
    DMA2_Stream3_IRQHandler                  0x0801eda1   Thumb Code    80  driver.o(.text)
    ADC2_DMA_Config                          0x0801edf1   Thumb Code   194  driver.o(.text)
    ADC2_Init                                0x0801eeb3   Thumb Code   174  driver.o(.text)
    ADC3_GPIO_Init                           0x0801ef61   Thumb Code   358  driver.o(.text)
    ADC3_Init                                0x0801f0c7   Thumb Code    84  driver.o(.text)
    Get_ADC3_Channel_Value                   0x0801f11b   Thumb Code    90  driver.o(.text)
    Get_Press_ADC                            0x0801f175   Thumb Code     4  driver.o(.text)
    Get_XK_ADC                               0x0801f179   Thumb Code    18  driver.o(.text)
    Get_XK_V                                 0x0801f18b   Thumb Code    24  driver.o(.text)
    Get_12V_N_ADC                            0x0801f1a3   Thumb Code    18  driver.o(.text)
    Get_12V_P_ADC                            0x0801f1b5   Thumb Code    18  driver.o(.text)
    Get_56V_Cur_ADC                          0x0801f1c7   Thumb Code    18  driver.o(.text)
    Get_56V_Cur_V                            0x0801f1d9   Thumb Code    24  driver.o(.text)
    Get_LED_Cur_ADC                          0x0801f1f1   Thumb Code    18  driver.o(.text)
    Get_Temp_ADC                             0x0801f203   Thumb Code    18  driver.o(.text)
    HW_Get_ADC_HGB                           0x0801f215   Thumb Code    20  driver.o(.text)
    HW_Get_ADC_CRP                           0x0801f229   Thumb Code    20  driver.o(.text)
    Get_HGB_Value                            0x0801f23d   Thumb Code    38  driver.o(.text)
    Get_CRP_Value                            0x0801f263   Thumb Code    26  driver.o(.text)
    OutIn_Motor_PWM_Init                     0x0801f27d   Thumb Code   168  driver.o(.text)
    OutIn_Motor_Init                         0x0801f325   Thumb Code   118  driver.o(.text)
    OutIn_Motor_Speed_Set                    0x0801f39b   Thumb Code    32  driver.o(.text)
    OutIn_Motor_In                           0x0801f3bb   Thumb Code    14  driver.o(.text)
    OutIn_Motor_Out                          0x0801f3c9   Thumb Code    14  driver.o(.text)
    OutIn_Motor_Run                          0x0801f3d7   Thumb Code    80  driver.o(.text)
    OutIn_Motor_Enable                       0x0801f427   Thumb Code    14  driver.o(.text)
    OutIn_Motor_Disable                      0x0801f435   Thumb Code    14  driver.o(.text)
    Press_I2C_Init                           0x0801f443   Thumb Code    96  driver.o(.text)
    Press_Init                               0x0801f4a3   Thumb Code     8  driver.o(.text)
    Press_I2C_Start                          0x0801f4ab   Thumb Code    68  driver.o(.text)
    Press_I2C_Stop                           0x0801f4ef   Thumb Code    60  driver.o(.text)
    Press_I2C_Wait_Ack                       0x0801f52b   Thumb Code    78  driver.o(.text)
    Press_I2C_Ack                            0x0801f579   Thumb Code    72  driver.o(.text)
    Press_I2C_NAck                           0x0801f5c1   Thumb Code    72  driver.o(.text)
    Press_I2C_Send_Byte                      0x0801f609   Thumb Code   102  driver.o(.text)
    Press_I2C_Read_Byte                      0x0801f66f   Thumb Code    98  driver.o(.text)
    Get_Press_I2C                            0x0801f6d1   Thumb Code   202  driver.o(.text)
    Reset_Elec_Status                        0x0801f79b   Thumb Code    14  driver.o(.text)
    Set_Elec_Status                          0x0801f7a9   Thumb Code    14  driver.o(.text)
    Get_Elec_Status                          0x0801f7b7   Thumb Code    14  driver.o(.text)
    Elec_Init                                0x0801f7c5   Thumb Code    44  driver.o(.text)
    Get_Elec_ADC                             0x0801f7f1   Thumb Code   120  driver.o(.text)
    Get_Elec_V                               0x0801f869   Thumb Code    24  driver.o(.text)
    Beep_Init                                0x0801f881   Thumb Code    46  driver.o(.text)
    Beep                                     0x0801f8af   Thumb Code    86  driver.o(.text)
    Pump_PWM_Init                            0x0801f905   Thumb Code   176  driver.o(.text)
    Pump_init                                0x0801f9b5   Thumb Code    22  driver.o(.text)
    Pump_AntiClockWise                       0x0801f9cb   Thumb Code     2  driver.o(.text)
    Pump_ClockWise                           0x0801f9cd   Thumb Code     2  driver.o(.text)
    Pump_Speed_Set                           0x0801f9cf   Thumb Code    32  driver.o(.text)
    Pump_Exec                                0x0801f9ef   Thumb Code    40  driver.o(.text)
    Mixing_Motor_Init                        0x0801fa17   Thumb Code    60  driver.o(.text)
    Mixing_Motor_Run                         0x0801fa53   Thumb Code    14  driver.o(.text)
    Mixing_Motor_Stop                        0x0801fa61   Thumb Code    14  driver.o(.text)
    Valve_Init                               0x0801fa6f   Thumb Code   100  driver.o(.text)
    Valve_Air_Exec                           0x0801fad3   Thumb Code    32  driver.o(.text)
    Valve_Liquid_Exec                        0x0801faf3   Thumb Code    30  driver.o(.text)
    Valve_Exec                               0x0801fb11   Thumb Code    28  driver.o(.text)
    Turn_Motor_Init                          0x0801fb2d   Thumb Code   146  driver.o(.text)
    Turn_CLK_Set                             0x0801fbbf   Thumb Code    14  driver.o(.text)
    Turn_CLK_Reset                           0x0801fbcd   Thumb Code    14  driver.o(.text)
    Turn_Motor_Enable                        0x0801fbdb   Thumb Code    12  driver.o(.text)
    Turn_Motor_Disable                       0x0801fbe7   Thumb Code    12  driver.o(.text)
    Turn_Motor_Dir                           0x0801fbf3   Thumb Code    30  driver.o(.text)
    Turn_Motor_One_Step                      0x0801fc11   Thumb Code   150  driver.o(.text)
    Get_Turn_Select_OC_Status                0x0801fca7   Thumb Code    12  driver.o(.text)
    Turn_Motor_Run                           0x0801fcb3   Thumb Code    98  driver.o(.text)
    Turn_Motor_Goto_Postion                  0x0801fd15   Thumb Code    22  driver.o(.text)
    Get_Turn_Reset_OC_Status                 0x0801fd2b   Thumb Code    14  driver.o(.text)
    Turn_Motor_Reset                         0x0801fd39   Thumb Code    88  driver.o(.text)
    Turn_Motor_Pass_Kong                     0x0801fd91   Thumb Code    26  driver.o(.text)
    Turn_Motor_Select_LED                    0x0801fdab   Thumb Code   230  driver.o(.text)
    Get_Micro_OC_Status                      0x0801fe91   Thumb Code    12  driver.o(.text)
    EXTI9_5_IRQHandler                       0x0801fe9d   Thumb Code    96  driver.o(.text)
    Micro_OC_Init                            0x0801fefd   Thumb Code   140  driver.o(.text)
    Micro_OC_Exit_Disable                    0x0801ff89   Thumb Code   136  driver.o(.text)
    OC_Init                                  0x08020011   Thumb Code   442  driver.o(.text)
    Get_Out_OC_Status                        0x080201cb   Thumb Code    14  driver.o(.text)
    Get_In_OC_Status                         0x080201d9   Thumb Code    14  driver.o(.text)
    Counter_Check_Init                       0x080201e7   Thumb Code    54  driver.o(.text)
    Get_Counter_Check_Status                 0x0802021d   Thumb Code    14  driver.o(.text)
    Counter_Adjust_PWM_Init                  0x0802022b   Thumb Code   168  driver.o(.text)
    Counter_Adjust_Init                      0x080202d3   Thumb Code    58  driver.o(.text)
    Counter_Adjust_Switch                    0x0802030d   Thumb Code    30  driver.o(.text)
    Counter_Adjust_Set_Freq                  0x0802032b   Thumb Code    62  driver.o(.text)
    LED_Cur_DAC_Init                         0x08020369   Thumb Code    84  driver.o(.text)
    LED_Init                                 0x080203bd   Thumb Code   656  driver.o(.text)
    LED_Cur_Switch                           0x0802064d   Thumb Code    32  driver.o(.text)
    LED_Cur_DAC_Set                          0x0802066d   Thumb Code    14  driver.o(.text)
    LED_Cur_Auto_Adjust                      0x0802067b   Thumb Code    96  driver.o(.text)
    LED_Cur_ADC_Check_Channel                0x080206db   Thumb Code   288  driver.o(.text)
    LED_Exec                                 0x080207fb   Thumb Code   246  driver.o(.text)
    LED_All_Reset                            0x080208f1   Thumb Code    24  driver.o(.text)
    DResistor_Init                           0x08020909   Thumb Code   142  driver.o(.text)
    DRegister_Write                          0x08020997   Thumb Code   216  driver.o(.text)
    Driver_Debug                             0x08020a6f   Thumb Code  2120  driver.o(.text)
    ADC24Bit_SPI_ReadWriteByte               0x080213f9   Thumb Code    80  ad7799.o(.text)
    ADC24Bit_SPI_Init                        0x08021449   Thumb Code   322  ad7799.o(.text)
    ADC24Bit_GPIO_Init                       0x0802158b   Thumb Code   190  ad7799.o(.text)
    SPI_Write                                0x08021649   Thumb Code   144  ad7799.o(.text)
    AD7799_Reset                             0x080216d9   Thumb Code    40  ad7799.o(.text)
    SPI_Read                                 0x08021701   Thumb Code   144  ad7799.o(.text)
    AD7799_GetRegisterValue                  0x08021791   Thumb Code   162  ad7799.o(.text)
    AD7799_SetRegisterValue                  0x08021833   Thumb Code   110  ad7799.o(.text)
    AD7799_Init                              0x080218a1   Thumb Code   254  ad7799.o(.text)
    ADC24Bit_Init                            0x0802199f   Thumb Code    12  ad7799.o(.text)
    AD7799_Calibrate                         0x080219ab   Thumb Code   256  ad7799.o(.text)
    AD7799_SetChannel                        0x08021aab   Thumb Code    36  ad7799.o(.text)
    AD7799_SetMode                           0x08021acf   Thumb Code    48  ad7799.o(.text)
    AD7799_SetGain                           0x08021aff   Thumb Code    38  ad7799.o(.text)
    AD7799_SetBurnoutCurren                  0x08021b25   Thumb Code    36  ad7799.o(.text)
    AD7799_SetBufMode                        0x08021b49   Thumb Code    36  ad7799.o(.text)
    AD7799_Get_Out_Data                      0x08021b6d   Thumb Code    12  ad7799.o(.text)
    AD7799_Get_ADC_Value                     0x08021b79   Thumb Code    12  ad7799.o(.text)
    AD7799_Get_Value                         0x08021b85   Thumb Code    56  ad7799.o(.text)
    ethernetif_input                         0x08021e5d   Thumb Code    42  ethernetif.o(.text)
    ethernetif_init                          0x08021e87   Thumb Code    38  ethernetif.o(.text)
    etharp_tmr                               0x08021f0b   Thumb Code   136  etharp.o(.text)
    etharp_cleanup_netif                     0x080221d9   Thumb Code    52  etharp.o(.text)
    etharp_find_addr                         0x0802220d   Thumb Code    82  etharp.o(.text)
    etharp_request                           0x08022421   Thumb Code    36  etharp.o(.text)
    etharp_query                             0x080224ad   Thumb Code   338  etharp.o(.text)
    etharp_output                            0x080225ff   Thumb Code   314  etharp.o(.text)
    ethernet_input                           0x08022739   Thumb Code   178  etharp.o(.text)
    icmp_input                               0x080227fd   Thumb Code   340  icmp.o(.text)
    icmp_dest_unreach                        0x080229c1   Thumb Code    18  icmp.o(.text)
    icmp_time_exceeded                       0x080229d3   Thumb Code    18  icmp.o(.text)
    inet_chksum_pseudo                       0x08022a4b   Thumb Code   162  inet_chksum.o(.text)
    inet_chksum_pseudo_partial               0x08022aed   Thumb Code   184  inet_chksum.o(.text)
    inet_chksum                              0x08022ba5   Thumb Code    20  inet_chksum.o(.text)
    inet_chksum_pbuf                         0x08022bb9   Thumb Code    86  inet_chksum.o(.text)
    ip_route                                 0x08022c11   Thumb Code    76  ip.o(.text)
    ip_input                                 0x08022c5d   Thumb Code   422  ip.o(.text)
    ip_output_if                             0x08022e03   Thumb Code   192  ip.o(.text)
    ip_output                                0x08022ec3   Thumb Code    56  ip.o(.text)
    ip4_addr_isbroadcast                     0x08022f19   Thumb Code    78  ip_addr.o(.text)
    ip4_addr_netmask_valid                   0x08022f67   Thumb Code    52  ip_addr.o(.text)
    ipaddr_aton                              0x08022f9b   Thumb Code   348  ip_addr.o(.text)
    ipaddr_addr                              0x080230f7   Thumb Code    24  ip_addr.o(.text)
    ipaddr_ntoa_r                            0x0802310f   Thumb Code   168  ip_addr.o(.text)
    ipaddr_ntoa                              0x080231b7   Thumb Code    16  ip_addr.o(.text)
    ip_reass_tmr                             0x08023291   Thumb Code    48  ip_frag.o(.text)
    ip_reass                                 0x080234e7   Thumb Code   396  ip_frag.o(.text)
    ip_frag                                  0x080236af   Thumb Code   424  ip_frag.o(.text)
    lwip_htons                               0x08023861   Thumb Code    12  def.o(.text)
    lwip_ntohs                               0x0802386d   Thumb Code    12  def.o(.text)
    lwip_htonl                               0x08023879   Thumb Code    26  def.o(.text)
    lwip_ntohl                               0x08023893   Thumb Code    12  def.o(.text)
    dhcp_renew                               0x08023d31   Thumb Code   160  dhcp.o(.text)
    dhcp_coarse_tmr                          0x08023e95   Thumb Code    62  dhcp.o(.text)
    dhcp_release                             0x08023f77   Thumb Code   162  dhcp.o(.text)
    dhcp_fine_tmr                            0x080241a1   Thumb Code    64  dhcp.o(.text)
    dhcp_set_struct                          0x08024267   Thumb Code    30  dhcp.o(.text)
    dhcp_cleanup                             0x08024285   Thumb Code    24  dhcp.o(.text)
    dhcp_stop                                0x0802429d   Thumb Code    58  dhcp.o(.text)
    dhcp_start                               0x080246e3   Thumb Code   206  dhcp.o(.text)
    dhcp_inform                              0x080247b1   Thumb Code   170  dhcp.o(.text)
    dhcp_network_changed                     0x0802485b   Thumb Code    80  dhcp.o(.text)
    dhcp_arp_reply                           0x08024929   Thumb Code    46  dhcp.o(.text)
    mem_init                                 0x080249e9   Thumb Code    74  mem.o(.text)
    mem_free                                 0x08024a33   Thumb Code    68  mem.o(.text)
    mem_trim                                 0x08024a77   Thumb Code   288  mem.o(.text)
    mem_malloc                               0x08024b97   Thumb Code   222  mem.o(.text)
    mem_calloc                               0x08024c75   Thumb Code    34  mem.o(.text)
    memp_init                                0x08024ca9   Thumb Code    82  memp.o(.text)
    memp_malloc                              0x08024cfb   Thumb Code    40  memp.o(.text)
    memp_free                                0x08024d23   Thumb Code    28  memp.o(.text)
    netif_init                               0x08024d51   Thumb Code     2  netif.o(.text)
    netif_set_gw                             0x08024d53   Thumb Code    12  netif.o(.text)
    netif_set_netmask                        0x08024d5f   Thumb Code    12  netif.o(.text)
    netif_set_ipaddr                         0x08024d6b   Thumb Code   110  netif.o(.text)
    netif_set_addr                           0x08024dd9   Thumb Code    40  netif.o(.text)
    netif_add                                0x08024e01   Thumb Code   104  netif.o(.text)
    netif_set_default                        0x08024e69   Thumb Code     6  netif.o(.text)
    netif_set_down                           0x08024e6f   Thumb Code    42  netif.o(.text)
    netif_remove                             0x08024e99   Thumb Code    90  netif.o(.text)
    netif_find                               0x08024ef3   Thumb Code    64  netif.o(.text)
    netif_set_up                             0x08024f33   Thumb Code    54  netif.o(.text)
    netif_set_link_up                        0x08024f69   Thumb Code    80  netif.o(.text)
    netif_set_link_down                      0x08024fb9   Thumb Code    42  netif.o(.text)
    netif_set_link_callback                  0x08024fe3   Thumb Code     6  netif.o(.text)
    pbuf_free                                0x08024ffd   Thumb Code   134  pbuf.o(.text)
    pbuf_alloc                               0x08025083   Thumb Code   408  pbuf.o(.text)
    pbuf_alloced_custom                      0x0802521b   Thumb Code   108  pbuf.o(.text)
    pbuf_realloc                             0x08025287   Thumb Code   120  pbuf.o(.text)
    pbuf_header                              0x080252ff   Thumb Code   126  pbuf.o(.text)
    pbuf_clen                                0x0802537d   Thumb Code    18  pbuf.o(.text)
    pbuf_ref                                 0x0802538f   Thumb Code    10  pbuf.o(.text)
    pbuf_cat                                 0x08025399   Thumb Code    56  pbuf.o(.text)
    pbuf_chain                               0x080253d1   Thumb Code    22  pbuf.o(.text)
    pbuf_dechain                             0x080253e7   Thumb Code    56  pbuf.o(.text)
    pbuf_copy                                0x0802541f   Thumb Code   192  pbuf.o(.text)
    pbuf_copy_partial                        0x080254df   Thumb Code   146  pbuf.o(.text)
    pbuf_take                                0x08025571   Thumb Code   116  pbuf.o(.text)
    pbuf_coalesce                            0x080255e5   Thumb Code    60  pbuf.o(.text)
    pbuf_get_at                              0x08025621   Thumb Code    46  pbuf.o(.text)
    pbuf_memcmp                              0x0802564f   Thumb Code    96  pbuf.o(.text)
    pbuf_memfind                             0x080256af   Thumb Code    76  pbuf.o(.text)
    pbuf_strstr                              0x080256fb   Thumb Code    60  pbuf.o(.text)
    raw_input                                0x08025739   Thumb Code   102  raw.o(.text)
    raw_bind                                 0x0802579f   Thumb Code    16  raw.o(.text)
    raw_connect                              0x080257af   Thumb Code    16  raw.o(.text)
    raw_recv                                 0x080257bf   Thumb Code     6  raw.o(.text)
    raw_sendto                               0x080257c5   Thumb Code   158  raw.o(.text)
    raw_send                                 0x08025863   Thumb Code    18  raw.o(.text)
    raw_remove                               0x08025875   Thumb Code    60  raw.o(.text)
    raw_new                                  0x080258b1   Thumb Code    42  raw.o(.text)
    tcp_init                                 0x080258e9   Thumb Code     2  tcp.o(.text)
    tcp_seg_free                             0x080258eb   Thumb Code    26  tcp.o(.text)
    tcp_segs_free                            0x08025905   Thumb Code    24  tcp.o(.text)
    tcp_pcb_purge                            0x0802591d   Thumb Code    64  tcp.o(.text)
    tcp_slowtmr                              0x0802595d   Thumb Code   802  tcp.o(.text)
    tcp_pcb_remove                           0x08025c7f   Thumb Code   140  tcp.o(.text)
    tcp_close                                0x08025ee3   Thumb Code    28  tcp.o(.text)
    tcp_update_rcv_ann_wnd                   0x08025eff   Thumb Code    78  tcp.o(.text)
    tcp_recved                               0x08025f4d   Thumb Code    70  tcp.o(.text)
    tcp_recv_null                            0x08025f93   Thumb Code    46  tcp.o(.text)
    tcp_process_refused_data                 0x08025fc1   Thumb Code   140  tcp.o(.text)
    tcp_fasttmr                              0x0802604d   Thumb Code   110  tcp.o(.text)
    tcp_tmr                                  0x080260bb   Thumb Code    30  tcp.o(.text)
    tcp_shutdown                             0x080260d9   Thumb Code    98  tcp.o(.text)
    tcp_abandon                              0x0802613b   Thumb Code   170  tcp.o(.text)
    tcp_abort                                0x080261e5   Thumb Code    14  tcp.o(.text)
    tcp_bind                                 0x08026253   Thumb Code   142  tcp.o(.text)
    tcp_listen_with_backlog                  0x080262e9   Thumb Code   198  tcp.o(.text)
    tcp_eff_send_mss                         0x080263af   Thumb Code    46  tcp.o(.text)
    tcp_next_iss                             0x080263dd   Thumb Code    20  tcp.o(.text)
    tcp_connect                              0x080263f1   Thumb Code   328  tcp.o(.text)
    tcp_setprio                              0x08026539   Thumb Code     4  tcp.o(.text)
    tcp_alloc                                0x080265bb   Thumb Code   242  tcp.o(.text)
    tcp_new                                  0x080266ad   Thumb Code    10  tcp.o(.text)
    tcp_arg                                  0x080266b7   Thumb Code     4  tcp.o(.text)
    tcp_recv                                 0x080266bb   Thumb Code     8  tcp.o(.text)
    tcp_sent                                 0x080266c3   Thumb Code     8  tcp.o(.text)
    tcp_err                                  0x080266cb   Thumb Code    10  tcp.o(.text)
    tcp_accept                               0x080266d5   Thumb Code     4  tcp.o(.text)
    tcp_poll                                 0x080266d9   Thumb Code    14  tcp.o(.text)
    tcp_debug_state_str                      0x080266e7   Thumb Code    10  tcp.o(.text)
    tcp_input                                0x08027515   Thumb Code  1134  tcp_in.o(.text)
    tcp_enqueue_flags                        0x08027ad1   Thumb Code   272  tcp_out.o(.text)
    tcp_send_fin                             0x08027be1   Thumb Code    74  tcp_out.o(.text)
    tcp_write                                0x08027d13   Thumb Code   902  tcp_out.o(.text)
    tcp_send_empty_ack                       0x08028099   Thumb Code    78  tcp_out.o(.text)
    tcp_output                               0x080281af   Thumb Code   444  tcp_out.o(.text)
    tcp_rst                                  0x0802836b   Thumb Code   124  tcp_out.o(.text)
    tcp_rexmit_rto                           0x080283e7   Thumb Code    58  tcp_out.o(.text)
    tcp_rexmit                               0x08028421   Thumb Code    90  tcp_out.o(.text)
    tcp_rexmit_fast                          0x0802847b   Thumb Code   112  tcp_out.o(.text)
    tcp_keepalive                            0x080284eb   Thumb Code    68  tcp_out.o(.text)
    tcp_zero_window_probe                    0x0802852f   Thumb Code   172  tcp_out.o(.text)
    tcp_timer_needed                         0x080285db   Thumb Code     2  timers.o(.text)
    udp_init                                 0x080285dd   Thumb Code     2  udp.o(.text)
    udp_input                                0x0802862f   Thumb Code   450  udp.o(.text)
    udp_bind                                 0x080287f1   Thumb Code   122  udp.o(.text)
    udp_sendto_if                            0x0802886b   Thumb Code   206  udp.o(.text)
    udp_sendto                               0x08028939   Thumb Code    46  udp.o(.text)
    udp_send                                 0x08028967   Thumb Code    20  udp.o(.text)
    udp_connect                              0x0802897b   Thumb Code   110  udp.o(.text)
    udp_disconnect                           0x080289e9   Thumb Code    16  udp.o(.text)
    udp_recv                                 0x080289f9   Thumb Code     6  udp.o(.text)
    udp_remove                               0x080289ff   Thumb Code    60  udp.o(.text)
    udp_new                                  0x08028a3b   Thumb Code    28  udp.o(.text)
    LwIP_Init                                0x08028a5d   Thumb Code   164  netconf.o(.text)
    LwIP_Pkt_Handle                          0x08028b01   Thumb Code    10  netconf.o(.text)
    LwIP_Periodic_Handle                     0x08028b0b   Thumb Code    52  netconf.o(.text)
    ETH_BSP_Config                           0x08028d27   Thumb Code    38  stm32f4x7_eth_bsp.o(.text)
    Eth_Link_PHYITConfig                     0x08028d4d   Thumb Code    70  stm32f4x7_eth_bsp.o(.text)
    Eth_Link_EXTIConfig                      0x08028d93   Thumb Code   104  stm32f4x7_eth_bsp.o(.text)
    Eth_Link_ITHandler                       0x08028dfb   Thumb Code    48  stm32f4x7_eth_bsp.o(.text)
    ETH_link_callback                        0x08028e2b   Thumb Code   282  stm32f4x7_eth_bsp.o(.text)
    udp_echoserver_receive_callback          0x08029005   Thumb Code   174  udp_echoserver.o(.text)
    udp_echoserver_init                      0x080290b3   Thumb Code   162  udp_echoserver.o(.text)
    udp_echoserver_senddata                  0x08029155   Thumb Code    52  udp_echoserver.o(.text)
    __aeabi_memcpy                           0x08029261   Thumb Code    36  memcpya.o(.text)
    __aeabi_memcpy4                          0x08029261   Thumb Code     0  memcpya.o(.text)
    __aeabi_memcpy8                          0x08029261   Thumb Code     0  memcpya.o(.text)
    __aeabi_memset                           0x08029285   Thumb Code    14  memseta.o(.text)
    __aeabi_memset4                          0x08029285   Thumb Code     0  memseta.o(.text)
    __aeabi_memset8                          0x08029285   Thumb Code     0  memseta.o(.text)
    __aeabi_memclr                           0x08029293   Thumb Code     4  memseta.o(.text)
    __aeabi_memclr4                          0x08029293   Thumb Code     0  memseta.o(.text)
    __aeabi_memclr8                          0x08029293   Thumb Code     0  memseta.o(.text)
    _memset$wrapper                          0x08029297   Thumb Code    18  memseta.o(.text)
    strncpy                                  0x080292a9   Thumb Code    24  strncpy.o(.text)
    strlen                                   0x080292c1   Thumb Code    14  strlen.o(.text)
    memcmp                                   0x080292cf   Thumb Code    26  memcmp.o(.text)
    __aeabi_f2d                              0x080292e9   Thumb Code    38  f2d.o(.text)
    __aeabi_uidiv                            0x0802930f   Thumb Code     0  uidiv.o(.text)
    __aeabi_uidivmod                         0x0802930f   Thumb Code    44  uidiv.o(.text)
    __aeabi_uldivmod                         0x0802933b   Thumb Code    98  uldiv.o(.text)
    __I$use$fp                               0x0802939d   Thumb Code     0  iusefp.o(.text)
    __aeabi_dadd                             0x0802939d   Thumb Code   322  dadd.o(.text)
    __aeabi_dsub                             0x080294df   Thumb Code     6  dadd.o(.text)
    __aeabi_drsub                            0x080294e5   Thumb Code     6  dadd.o(.text)
    __aeabi_dmul                             0x080294eb   Thumb Code   228  dmul.o(.text)
    __aeabi_ddiv                             0x080295cf   Thumb Code   222  ddiv.o(.text)
    __aeabi_d2ulz                            0x080296ad   Thumb Code    48  dfixul.o(.text)
    __aeabi_cdrcmple                         0x080296dd   Thumb Code    38  cdrcmple.o(.text)
    __aeabi_llsl                             0x08029705   Thumb Code    30  llshl.o(.text)
    _ll_shift_l                              0x08029705   Thumb Code     0  llshl.o(.text)
    __aeabi_llsr                             0x08029723   Thumb Code    32  llushr.o(.text)
    _ll_ushift_r                             0x08029723   Thumb Code     0  llushr.o(.text)
    __aeabi_lasr                             0x08029743   Thumb Code    36  llsshr.o(.text)
    _ll_sshift_r                             0x08029743   Thumb Code     0  llsshr.o(.text)
    _double_round                            0x08029767   Thumb Code    26  depilogue.o(.text)
    _double_epilogue                         0x08029781   Thumb Code   164  depilogue.o(.text)
    __decompress                             0x08029825   Thumb Code     0  __dczerorl2.o(.text)
    __decompress1                            0x08029825   Thumb Code    92  __dczerorl2.o(.text)
    __0printf                                0x08029881   Thumb Code    22  printfa.o(i.__0printf)
    __1printf                                0x08029881   Thumb Code     0  printfa.o(i.__0printf)
    __2printf                                0x08029881   Thumb Code     0  printfa.o(i.__0printf)
    __c89printf                              0x08029881   Thumb Code     0  printfa.o(i.__0printf)
    printf                                   0x08029881   Thumb Code     0  printfa.o(i.__0printf)
    __0sprintf                               0x080298a1   Thumb Code    34  printfa.o(i.__0sprintf)
    __1sprintf                               0x080298a1   Thumb Code     0  printfa.o(i.__0sprintf)
    __2sprintf                               0x080298a1   Thumb Code     0  printfa.o(i.__0sprintf)
    __c89sprintf                             0x080298a1   Thumb Code     0  printfa.o(i.__0sprintf)
    sprintf                                  0x080298a1   Thumb Code     0  printfa.o(i.__0sprintf)
    softver_edtion                           0x0802a234   Data           6  processscope.o(.constdata)
    FSMC_DefaultTimingStruct                 0x0802b06c   Data          28  stm32f4xx_fsmc.o(.constdata)
    COM_USART                                0x0802b088   Data          12  scope_eval.o(.constdata)
    COM_USART_CLK                            0x0802b094   Data          12  scope_eval.o(.constdata)
    COM_ET_IRQn                              0x0802b0a0   Data           6  scope_eval.o(.constdata)
    COM_TX_PORT                              0x0802b0a8   Data          12  scope_eval.o(.constdata)
    COM_TX_PIN                               0x0802b0b4   Data           6  scope_eval.o(.constdata)
    COM_TX_PORT_CLK                          0x0802b0bc   Data          12  scope_eval.o(.constdata)
    COM_RX_PORT                              0x0802b0c8   Data          12  scope_eval.o(.constdata)
    COM_RX_PIN                               0x0802b0d4   Data           6  scope_eval.o(.constdata)
    COM_RX_PORT_CLK                          0x0802b0dc   Data          12  scope_eval.o(.constdata)
    COM_AF_TX_PINSOURCE                      0x0802b0e8   Data           3  scope_eval.o(.constdata)
    COM_AF_RX_PINSOURCE                      0x0802b0eb   Data           3  scope_eval.o(.constdata)
    COM_AF_UART                              0x0802b0ee   Data           3  scope_eval.o(.constdata)
    OUT_PORT                                 0x0802b0f4   Data          28  scope_eval.o(.constdata)
    OUT_PIN                                  0x0802b110   Data          14  scope_eval.o(.constdata)
    OUT_CLK                                  0x0802b120   Data          28  scope_eval.o(.constdata)
    IN_PORT                                  0x0802b13c   Data          28  scope_eval.o(.constdata)
    IN_PIN                                   0x0802b158   Data          14  scope_eval.o(.constdata)
    IN_CLK                                   0x0802b168   Data          28  scope_eval.o(.constdata)
    IN_ET_LINE                               0x0802b184   Data          14  scope_eval.o(.constdata)
    IN_ET_PORT                               0x0802b192   Data          14  scope_eval.o(.constdata)
    IN_ET_PIN                                0x0802b1a0   Data          14  scope_eval.o(.constdata)
    IN_ET_IRQn                               0x0802b1ae   Data          14  scope_eval.o(.constdata)
    g_Turn_Motor_Table                       0x0802b1cc   Data          16  driver.o(.constdata)
    ethbroadcast                             0x0802b21e   Data           6  etharp.o(.constdata)
    ethzero                                  0x0802b224   Data           6  etharp.o(.constdata)
    ip_addr_any                              0x0802b22c   Data           4  ip_addr.o(.constdata)
    ip_addr_broadcast                        0x0802b230   Data           4  ip_addr.o(.constdata)
    tcp_state_str                            0x0802b258   Data          44  tcp.o(.constdata)
    tcp_backoff                              0x0802b284   Data          13  tcp.o(.constdata)
    tcp_persist_backoff                      0x0802b291   Data           7  tcp.o(.constdata)
    tcp_pcb_lists                            0x0802b298   Data          16  tcp.o(.constdata)
    SystemCoreClock                          0x20000000   Data           4  system_stm32f4xx.o(.data)
    AHBPrescTable                            0x20000004   Data          16  system_stm32f4xx.o(.data)
    g_tOCLevel                               0x2000001e   Data           4  systemscope.o(.data)
    g_tSystemStatus                          0x20000022   Data           3  systemscope.o(.data)
    g_atInterval                             0x20000026   Data           8  systemscope.o(.data)
    g_nError                                 0x20000030   Data           4  systemscope.o(.data)
    g_nFlag                                  0x20000034   Data           4  systemscope.o(.data)
    g_Test_Mode                              0x20000042   Data           1  processscope.o(.data)
    g_Micro_Switch                           0x20000043   Data           1  processscope.o(.data)
    g_Udp_Count                              0x20000048   Data           4  processscope.o(.data)
    g_Frame_Count                            0x2000004c   Data           4  processscope.o(.data)
    g_Send_Fail                              0x20000050   Data           4  processscope.o(.data)
    g_AirLight_Flag                          0x20000054   Data           1  processscope.o(.data)
    g_Debug_Data                             0x2000006c   Data         512  interfacescope.o(.data)
    DMATxDescToSet                           0x20000288   Data           4  stm32f4x7_eth.o(.data)
    DMARxDescToGet                           0x2000028c   Data           4  stm32f4x7_eth.o(.data)
    DMA_RX_FRAME_infos                       0x20000290   Data           4  stm32f4x7_eth.o(.data)
    Frame_Rx_index                           0x20000294   Data           4  stm32f4x7_eth.o(.data)
    g_Elec_Status                            0x20000308   Data           1  driver.o(.data)
    g_Turn_Position                          0x20000309   Data           1  driver.o(.data)
    current_netif                            0x2000030c   Data           4  ip.o(.data)
    current_header                           0x20000310   Data           4  ip.o(.data)
    current_iphdr_src                        0x20000314   Data           4  ip.o(.data)
    current_iphdr_dest                       0x20000318   Data           4  ip.o(.data)
    netif_list                               0x20000338   Data           4  netif.o(.data)
    netif_default                            0x2000033c   Data           4  netif.o(.data)
    tcp_ticks                                0x20000350   Data           4  tcp.o(.data)
    tcp_bound_pcbs                           0x20000354   Data           4  tcp.o(.data)
    tcp_listen_pcbs                          0x20000358   Data           4  tcp.o(.data)
    tcp_active_pcbs                          0x2000035c   Data           4  tcp.o(.data)
    tcp_tw_pcbs                              0x20000360   Data           4  tcp.o(.data)
    tcp_tmp_pcb                              0x20000364   Data           4  tcp.o(.data)
    tcp_active_pcbs_changed                  0x20000368   Data           1  tcp.o(.data)
    tcp_input_pcb                            0x20000388   Data           4  tcp_in.o(.data)
    udp_pcbs                                 0x20000390   Data           4  udp.o(.data)
    TCPTimer                                 0x200003a0   Data           4  netconf.o(.data)
    ARPTimer                                 0x200003a4   Data           4  netconf.o(.data)
    IPaddress                                0x200003a8   Data           4  netconf.o(.data)
    EthStatus                                0x200003b8   Data           4  stm32f4x7_eth_bsp.o(.data)
    s_tAddr                                  0x200003c8   Data           4  udp_echoserver.o(.data)
    s_nPort                                  0x200003cc   Data           2  udp_echoserver.o(.data)
    s_ptUpcb                                 0x200003d0   Data           4  udp_echoserver.o(.data)
    __stdout                                 0x200003d4   Data           4  stdout.o(.data)
    g_tAxisPosStatus                         0x200003d8   Data          28  systemscope.o(.bss)
    g_tSystemPara                            0x200003f4   Data          54  systemscope.o(.bss)
    g_nErrorParaSet                          0x2000042a   Data          64  systemscope.o(.bss)
    ADC1_Status                              0x2000046c   Data          12  processscope.o(.bss)
    g_ADC1_Buffer                            0x20000478   Data         512  processscope.o(.bss)
    ADC2_Status                              0x20000678   Data          12  processscope.o(.bss)
    g_ADC2_Buffer                            0x20000684   Data         512  processscope.o(.bss)
    g_CRP_Data                               0x20000884   Data        1032  processscope.o(.bss)
    g_NET_achCmdRvBuf                        0x20000c8c   Data         256  protocol.o(.bss)
    g_achFbkSdBuf                            0x20000d8c   Data        1500  protocol.o(.bss)
    g_achFbkSdLogBuf                         0x20001368   Data        1500  protocol.o(.bss)
    g_SPG_achCmdRvBuf                        0x200024fc   Data          80  samplingport.o(.bss)
    g_Record_Param                           0x2000254c   Data          36  storagemanagement.o(.bss)
    DMARxDscrTab                             0x20002b60   Data         256  stm32f4x7_eth.o(.bss)
    DMATxDscrTab                             0x20002c60   Data         256  stm32f4x7_eth.o(.bss)
    Rx_Buff                                  0x20002d60   Data       12192  stm32f4x7_eth.o(.bss)
    Tx_Buff                                  0x20005d00   Data       12192  stm32f4x7_eth.o(.bss)
    RX_Frame_Descriptor                      0x20008ca0   Data          12  stm32f4x7_eth.o(.bss)
    g_atMotorStatus                          0x20008cac   Data          16  scope_move.o(.bss)
    g_atMotorPara                            0x20008cbc   Data          32  scope_move.o(.bss)
    dhcp_rx_options_val                      0x2000a4c0   Data          40  dhcp.o(.bss)
    dhcp_rx_options_given                    0x2000a4e8   Data          10  dhcp.o(.bss)
    ram_heap                                 0x2000a4f2   Data       10260  mem.o(.bss)
    gnetif                                   0x20011920   Data          56  netconf.o(.bss)
    ETH_InitStructure                        0x20011958   Data         188  stm32f4x7_eth_bsp.o(.bss)
    __initial_sp                             0x20015a18   Data           0  startup_stm32f40_41xxx.o(STACK)



==============================================================================

Memory Map of the image

  Image Entry point : 0x08000189

  Load Region LR_IROM1 (Base: 0x08000000, Size: 0x000005d8, Max: 0x00003fff, ABSOLUTE, COMPRESSED[0x000002e8])

    Execution Region ER_IROM1 (Base: 0x08000000, Size: 0x00000200, Max: 0x00003fff, ABSOLUTE)

    Base Addr    Size         Type   Attr      Idx    E Section Name        Object

    0x08000000   0x00000188   Data   RO          297    RESET               startup_stm32f40_41xxx.o
    0x08000188   0x00000000   Code   RO         2159  * .ARM.Collect$$$$00000000  mc_w.l(entry.o)
    0x08000188   0x00000004   Code   RO         2437    .ARM.Collect$$$$00000001  mc_w.l(entry2.o)
    0x0800018c   0x00000004   Code   RO         2440    .ARM.Collect$$$$00000004  mc_w.l(entry5.o)
    0x08000190   0x00000000   Code   RO         2442    .ARM.Collect$$$$00000008  mc_w.l(entry7b.o)
    0x08000190   0x00000000   Code   RO         2444    .ARM.Collect$$$$0000000A  mc_w.l(entry8b.o)
    0x08000190   0x00000008   Code   RO         2445    .ARM.Collect$$$$0000000B  mc_w.l(entry9a.o)
    0x08000198   0x00000000   Code   RO         2447    .ARM.Collect$$$$0000000D  mc_w.l(entry10a.o)
    0x08000198   0x00000000   Code   RO         2449    .ARM.Collect$$$$0000000F  mc_w.l(entry11a.o)
    0x08000198   0x00000004   Code   RO         2438    .ARM.Collect$$$$00002712  mc_w.l(entry2.o)
    0x0800019c   0x00000024   Code   RO         2467    .text               mc_w.l(init.o)
    0x080001c0   0x0000000e   Code   RO         2479    i.__scatterload_copy  mc_w.l(handlers.o)
    0x080001ce   0x00000002   Code   RO         2480    i.__scatterload_null  mc_w.l(handlers.o)
    0x080001d0   0x0000000e   Code   RO         2481    i.__scatterload_zeroinit  mc_w.l(handlers.o)
    0x080001de   0x00000002   PAD
    0x080001e0   0x00000020   Data   RO         2477    Region$$Table       anon$$obj.o


    Execution Region RW_IRAM1 (Base: 0x20000000, Size: 0x00015a18, Max: 0x00020000, ABSOLUTE, COMPRESSED[0x000000e8])

    Base Addr    Size         Type   Attr      Idx    E Section Name        Object

    0x20000000   0x00000014   Data   RW          272    .data               system_stm32f4xx.o
    0x20000014   0x00000024   Data   RW          307    .data               systemscope.o
    0x20000038   0x0000001d   Data   RW          335    .data               processscope.o
    0x20000055   0x0000000c   Data   RW          365    .data               protocol.o
    0x20000061   0x00000001   PAD
    0x20000062   0x00000212   Data   RW          397    .data               interfacescope.o
    0x20000274   0x00000014   Data   RW          425    .data               samplingport.o
    0x20000288   0x00000010   Data   RW          502    .data               stm32f4x7_eth.o
    0x20000298   0x00000010   Data   RW         1057    .data               stm32f4xx_rcc.o
    0x200002a8   0x00000020   Data   RW         1264    .data               scope_it.o
    0x200002c8   0x00000012   Data   RW         1343    .data               buffercircle.o
    0x200002da   0x00000012   Data   RW         1366    .data               netbuffercircle.o
    0x200002ec   0x00000012   Data   RW         1389    .data               samplebuffercircle.o
    0x200002fe   0x0000000c   Data   RW         1439    .data               driver.o
    0x2000030a   0x00000001   Data   RW         1555    .data               etharp.o
    0x2000030b   0x00000001   PAD
    0x2000030c   0x00000012   Data   RW         1670    .data               ip.o
    0x2000031e   0x00000002   PAD
    0x20000320   0x00000006   Data   RW         1730    .data               ip_frag.o
    0x20000326   0x00000002   PAD
    0x20000328   0x00000004   Data   RW         1760    .data               dhcp.o
    0x2000032c   0x0000000c   Data   RW         1818    .data               mem.o
    0x20000338   0x00000009   Data   RW         1860    .data               netif.o
    0x20000341   0x00000003   PAD
    0x20000344   0x00000004   Data   RW         1894    .data               raw.o
    0x20000348   0x00000023   Data   RW         1922    .data               tcp.o
    0x2000036b   0x00000001   PAD
    0x2000036c   0x00000020   Data   RW         1945    .data               tcp_in.o
    0x2000038c   0x00000008   Data   RW         1991    .data               udp.o
    0x20000394   0x00000018   Data   RW         2074    .data               netconf.o
    0x200003ac   0x00000010   Data   RW         2099    .data               stm32f4x7_eth_bsp.o
    0x200003bc   0x00000018   Data   RW         2132    .data               udp_echoserver.o
    0x200003d4   0x00000004   Data   RW         2451    .data               mc_w.l(stdout.o)
    0x200003d8   0x00000092   Zero   RW          305    .bss                systemscope.o
    0x2000046a   0x00000002   PAD
    0x2000046c   0x00000820   Zero   RW          333    .bss                processscope.o
    0x20000c8c   0x00000cb8   Zero   RW          364    .bss                protocol.o
    0x20001944   0x00000bb8   Zero   RW          395    .bss                interfacescope.o
    0x200024fc   0x00000050   Zero   RW          424    .bss                samplingport.o
    0x2000254c   0x00000024   Zero   RW          451    .bss                storagemanagement.o
    0x20002570   0x000005f0   Zero   RW          478    .bss                update.o
    0x20002b60   0x0000614c   Zero   RW          501    .bss                stm32f4x7_eth.o
    0x20008cac   0x00000030   Zero   RW         1314    .bss                scope_move.o
    0x20008cdc   0x000009c4   Zero   RW         1342    .bss                buffercircle.o
    0x200096a0   0x00000c80   Zero   RW         1365    .bss                netbuffercircle.o
    0x2000a320   0x000000c8   Zero   RW         1388    .bss                samplebuffercircle.o
    0x2000a3e8   0x000000c8   Zero   RW         1553    .bss                etharp.o
    0x2000a4b0   0x00000010   Zero   RW         1707    .bss                ip_addr.o
    0x2000a4c0   0x00000032   Zero   RW         1759    .bss                dhcp.o
    0x2000a4f2   0x00002814   Zero   RW         1817    .bss                mem.o
    0x2000cd06   0x00000002   PAD
    0x2000cd08   0x00004c07   Zero   RW         1833    .bss                memp.o
    0x2001190f   0x00000001   PAD
    0x20011910   0x00000010   Zero   RW         1944    .bss                tcp_in.o
    0x20011920   0x00000038   Zero   RW         2073    .bss                netconf.o
    0x20011958   0x000000bc   Zero   RW         2098    .bss                stm32f4x7_eth_bsp.o
    0x20011a14   0x00000004   PAD
    0x20011a18   0x00004000   Zero   RW          295    STACK               startup_stm32f40_41xxx.o



  Load Region LR_IROM2 (Base: 0x08008000, Size: 0x0002335c, Max: 0x00097fff, ABSOLUTE)

    Execution Region ER_IROM2 (Base: 0x08008000, Size: 0x0002335c, Max: 0x00097fff, ABSOLUTE)

    Base Addr    Size         Type   Attr      Idx    E Section Name        Object

    0x08008000   0x00000228   Code   RO            3    .text               scopemain.o
    0x08008228   0x000002cc   Code   RO          271    .text               system_stm32f4xx.o
    0x080084f4   0x00000024   Code   RO          298    .text               startup_stm32f40_41xxx.o
    0x08008518   0x000001d4   Code   RO          304    .text               systemscope.o
    0x080086ec   0x0000527c   Code   RO          332    .text               processscope.o
    0x0800d968   0x0000049c   Code   RO          363    .text               protocol.o
    0x0800de04   0x00001868   Code   RO          394    .text               interfacescope.o
    0x0800f66c   0x00000364   Code   RO          423    .text               samplingport.o
    0x0800f9d0   0x000002ec   Code   RO          450    .text               storagemanagement.o
    0x0800fcbc   0x00000260   Code   RO          477    .text               update.o
    0x0800ff1c   0x00001e30   Code   RO          500    .text               stm32f4x7_eth.o
    0x08011d4c   0x000001dc   Code   RO          524    .text               misc.o
    0x08011f28   0x00001070   Code   RO          564    .text               stm32f4xx_adc.o
    0x08012f98   0x000005f8   Code   RO          704    .text               stm32f4xx_dac.o
    0x08013590   0x000013a4   Code   RO          787    .text               stm32f4xx_dma.o
    0x08014934   0x000002f8   Code   RO          807    .text               stm32f4xx_exti.o
    0x08014c2c   0x00000a94   Code   RO          827    .text               stm32f4xx_flash.o
    0x080156c0   0x00000e48   Code   RO          870    .text               stm32f4xx_fsmc.o
    0x08016508   0x00000a10   Code   RO          893    .text               stm32f4xx_gpio.o
    0x08016f18   0x00000f60   Code   RO         1056    .text               stm32f4xx_rcc.o
    0x08017e78   0x00000dd0   Code   RO         1161    .text               stm32f4xx_spi.o
    0x08018c48   0x0000019c   Code   RO         1181    .text               stm32f4xx_syscfg.o
    0x08018de4   0x00003284   Code   RO         1201    .text               stm32f4xx_tim.o
    0x0801c068   0x0000115c   Code   RO         1221    .text               stm32f4xx_usart.o
    0x0801d1c4   0x00000378   Code   RO         1241    .text               fpga.o
    0x0801d53c   0x00000320   Code   RO         1263    .text               scope_it.o
    0x0801d85c   0x00000470   Code   RO         1285    .text               scope_eval.o
    0x0801dccc   0x000003ec   Code   RO         1313    .text               scope_move.o
    0x0801e0b8   0x000003b8   Code   RO         1341    .text               buffercircle.o
    0x0801e470   0x000003b8   Code   RO         1364    .text               netbuffercircle.o
    0x0801e828   0x0000038c   Code   RO         1387    .text               samplebuffercircle.o
    0x0801ebb4   0x00002844   Code   RO         1436    .text               driver.o
    0x080213f8   0x00000848   Code   RO         1488    .text               ad7799.o
    0x08021c40   0x00000290   Code   RO         1510    .text               ethernetif.o
    0x08021ed0   0x0000092c   Code   RO         1552    .text               etharp.o
    0x080227fc   0x000001f0   Code   RO         1611    .text               icmp.o
    0x080229ec   0x00000222   Code   RO         1651    .text               inet_chksum.o
    0x08022c0e   0x00000002   PAD
    0x08022c10   0x00000308   Code   RO         1669    .text               ip.o
    0x08022f18   0x000002b4   Code   RO         1706    .text               ip_addr.o
    0x080231cc   0x00000694   Code   RO         1729    .text               ip_frag.o
    0x08023860   0x0000003e   Code   RO         1746    .text               def.o
    0x0802389e   0x00000002   PAD
    0x080238a0   0x000010cc   Code   RO         1758    .text               dhcp.o
    0x0802496c   0x0000033c   Code   RO         1816    .text               mem.o
    0x08024ca8   0x000000a8   Code   RO         1832    .text               memp.o
    0x08024d50   0x000002ac   Code   RO         1859    .text               netif.o
    0x08024ffc   0x0000073a   Code   RO         1881    .text               pbuf.o
    0x08025736   0x00000002   PAD
    0x08025738   0x000001b0   Code   RO         1893    .text               raw.o
    0x080258e8   0x00000e18   Code   RO         1919    .text               tcp.o
    0x08026700   0x000012ac   Code   RO         1943    .text               tcp_in.o
    0x080279ac   0x00000c2e   Code   RO         1966    .text               tcp_out.o
    0x080285da   0x00000002   Code   RO         1978    .text               timers.o
    0x080285dc   0x00000480   Code   RO         1990    .text               udp.o
    0x08028a5c   0x00000170   Code   RO         2072    .text               netconf.o
    0x08028bcc   0x00000438   Code   RO         2097    .text               stm32f4x7_eth_bsp.o
    0x08029004   0x0000025c   Code   RO         2130    .text               udp_echoserver.o
    0x08029260   0x00000024   Code   RO         2162    .text               mc_w.l(memcpya.o)
    0x08029284   0x00000024   Code   RO         2164    .text               mc_w.l(memseta.o)
    0x080292a8   0x00000018   Code   RO         2166    .text               mc_w.l(strncpy.o)
    0x080292c0   0x0000000e   Code   RO         2168    .text               mc_w.l(strlen.o)
    0x080292ce   0x0000001a   Code   RO         2170    .text               mc_w.l(memcmp.o)
    0x080292e8   0x00000026   Code   RO         2435    .text               mf_w.l(f2d.o)
    0x0802930e   0x0000002c   Code   RO         2452    .text               mc_w.l(uidiv.o)
    0x0802933a   0x00000062   Code   RO         2454    .text               mc_w.l(uldiv.o)
    0x0802939c   0x00000000   Code   RO         2456    .text               mc_w.l(iusefp.o)
    0x0802939c   0x0000014e   Code   RO         2457    .text               mf_w.l(dadd.o)
    0x080294ea   0x000000e4   Code   RO         2459    .text               mf_w.l(dmul.o)
    0x080295ce   0x000000de   Code   RO         2461    .text               mf_w.l(ddiv.o)
    0x080296ac   0x00000030   Code   RO         2463    .text               mf_w.l(dfixul.o)
    0x080296dc   0x00000028   Code   RO         2465    .text               mf_w.l(cdrcmple.o)
    0x08029704   0x0000001e   Code   RO         2469    .text               mc_w.l(llshl.o)
    0x08029722   0x00000020   Code   RO         2471    .text               mc_w.l(llushr.o)
    0x08029742   0x00000024   Code   RO         2473    .text               mc_w.l(llsshr.o)
    0x08029766   0x000000be   Code   RO         2475    .text               mf_w.l(depilogue.o)
    0x08029824   0x0000005c   Code   RO         2485    .text               mc_w.l(__dczerorl2.o)
    0x08029880   0x00000020   Code   RO         2407    i.__0printf         mc_w.l(printfa.o)
    0x080298a0   0x00000028   Code   RO         2409    i.__0sprintf        mc_w.l(printfa.o)
    0x080298c8   0x0000015c   Code   RO         2414    i._fp_digits        mc_w.l(printfa.o)
    0x08029a24   0x000006f0   Code   RO         2415    i._printf_core      mc_w.l(printfa.o)
    0x0802a114   0x00000026   Code   RO         2416    i._printf_post_padding  mc_w.l(printfa.o)
    0x0802a13a   0x00000030   Code   RO         2417    i._printf_pre_padding  mc_w.l(printfa.o)
    0x0802a16a   0x0000000a   Code   RO         2419    i._sputc            mc_w.l(printfa.o)
    0x0802a174   0x000000c0   Data   RO          306    .constdata          systemscope.o
    0x0802a234   0x00000d9d   Data   RO          334    .constdata          processscope.o
    0x0802afd1   0x00000003   PAD
    0x0802afd4   0x00000098   Data   RO          396    .constdata          interfacescope.o
    0x0802b06c   0x0000001c   Data   RO          871    .constdata          stm32f4xx_fsmc.o
    0x0802b088   0x00000134   Data   RO         1286    .constdata          scope_eval.o
    0x0802b1bc   0x00000010   Data   RO         1315    .constdata          scope_move.o
    0x0802b1cc   0x00000052   Data   RO         1438    .constdata          driver.o
    0x0802b21e   0x0000000c   Data   RO         1554    .constdata          etharp.o
    0x0802b22a   0x00000002   PAD
    0x0802b22c   0x00000008   Data   RO         1708    .constdata          ip_addr.o
    0x0802b234   0x00000024   Data   RO         1834    .constdata          memp.o
    0x0802b258   0x00000050   Data   RO         1920    .constdata          tcp.o
    0x0802b2a8   0x0000004b   Data   RO         2131    .constdata          udp_echoserver.o
    0x0802b2f3   0x00000068   Data   RO         1921    .conststring        tcp.o


==============================================================================

Image component sizes


      Code (inc. data)   RO Data    RW Data    ZI Data      Debug   Object Name

      2120        162          0          0          0       5741   ad7799.o
       952         16          0         18       2500       4422   buffercircle.o
        62          0          0          0          0       1178   def.o
      4300         80          0          4         50      12582   dhcp.o
     10308       1310         82         12          0      33261   driver.o
      2348         22         12          1        200      15909   etharp.o
       656         36          0          0          0       7775   ethernetif.o
       888         18          0          0          0       2699   fpga.o
       496          8          0          0          0       3354   icmp.o
         0          0          0          0          0       3772   inet.o
       546          0          0          0          0       2905   inet_chksum.o
      6248        626        152        530       3000      44879   interfacescope.o
       776         30          0         18          0      15504   ip.o
       692         12          8          0         16       9171   ip_addr.o
      1684         18          0          6          0       7004   ip_frag.o
       828         18          0         12      10260       3838   mem.o
       168         18         36          0      19463       2334   memp.o
       476         56          0          0          0       1897   misc.o
       952         16          0         18       3200       4736   netbuffercircle.o
       368        142          0         24         56       1838   netconf.o
       684         20          0          9          0       6465   netif.o
      1850          0          0          0          0       8821   pbuf.o
     21116       4660       3485         29       2080      30788   processscope.o
      1180         58          0         12       3256       8271   protocol.o
       432         14          0          4          0       3253   raw.o
       908         16          0         18        200       4446   samplebuffercircle.o
       868         32          0         20         80       6225   samplingport.o
      1136        176        308          0          0      31246   scope_eval.o
       800        128          0         32          0       3392   scope_it.o
      1004         18         16          0         48       4447   scope_move.o
       552        274          0          0          0     422196   scopemain.o
        36          8        392          0      16384        800   startup_stm32f40_41xxx.o
      7728        216          0         16      24908      23301   stm32f4x7_eth.o
      1080        192          0         16        188       4685   stm32f4x7_eth_bsp.o
      4208        130          0          0          0      12562   stm32f4xx_adc.o
      1528         48          0          0          0       5389   stm32f4xx_dac.o
      5028        330          0          0          0       8521   stm32f4xx_dma.o
       760         50          0          0          0       2559   stm32f4xx_exti.o
      2708         82          0          0          0       9926   stm32f4xx_flash.o
      3656        130         28          0          0       7050   stm32f4xx_fsmc.o
      2576        178          0          0          0       5221   stm32f4xx_gpio.o
      3936        252          0         16          0      15068   stm32f4xx_rcc.o
      3536        168          0          0          0       8341   stm32f4xx_spi.o
       412         62          0          0          0       1965   stm32f4xx_syscfg.o
     12932        652          0          0          0      29112   stm32f4xx_tim.o
      4444        228          0          0          0       9860   stm32f4xx_usart.o
       748        100          0          0         36       5980   storagemanagement.o
       716         50          0         20          0       1980   system_stm32f4xx.o
       468         46        192         36        146       5705   systemscope.o
      3608        138        184         35          0      21227   tcp.o
      4780        232          0         32         16      14507   tcp_in.o
      3118          8          0          0          0       9315   tcp_out.o
         2          0          0          0          0        439   timers.o
      1152         22          0          8          0      13797   udp.o
       604        216         75         24          0       2249   udp_echoserver.o
       608        164          0          0       1520       2142   update.o

    ----------------------------------------------------------------------
    135776      11686       5008        980      87616     936050   Object Totals
         0          0         32          0          0          0   (incl. Generated)
         6          0          6         10          9          0   (incl. Padding)

    ----------------------------------------------------------------------

      Code (inc. data)   RO Data    RW Data    ZI Data      Debug   Library Member Name

        92          0          0          0          0          0   __dczerorl2.o
         0          0          0          0          0          0   entry.o
         0          0          0          0          0          0   entry10a.o
         0          0          0          0          0          0   entry11a.o
         8          4          0          0          0          0   entry2.o
         4          0          0          0          0          0   entry5.o
         0          0          0          0          0          0   entry7b.o
         0          0          0          0          0          0   entry8b.o
         8          4          0          0          0          0   entry9a.o
        30          0          0          0          0          0   handlers.o
        36          8          0          0          0         68   init.o
         0          0          0          0          0          0   iusefp.o
        30          0          0          0          0         68   llshl.o
        36          0          0          0          0         68   llsshr.o
        32          0          0          0          0         68   llushr.o
        26          0          0          0          0         80   memcmp.o
        36          0          0          0          0         68   memcpya.o
        36          0          0          0          0        108   memseta.o
      2292         96          0          0          0        596   printfa.o
         0          0          0          4          0          0   stdout.o
        14          0          0          0          0         68   strlen.o
        24          0          0          0          0         76   strncpy.o
        44          0          0          0          0         80   uidiv.o
        98          0          0          0          0         92   uldiv.o
        40          2          0          0          0         68   cdrcmple.o
       334          0          0          0          0        148   dadd.o
       222          0          0          0          0        100   ddiv.o
       190          0          0          0          0        176   depilogue.o
        48          0          0          0          0         68   dfixul.o
       228          0          0          0          0         96   dmul.o
        38          0          0          0          0         68   f2d.o

    ----------------------------------------------------------------------
      3948        114          0          4          0       2164   Library Totals
         2          0          0          0          0          0   (incl. Padding)

    ----------------------------------------------------------------------

      Code (inc. data)   RO Data    RW Data    ZI Data      Debug   Library Name

      2846        112          0          4          0       1440   mc_w.l
      1100          2          0          0          0        724   mf_w.l

    ----------------------------------------------------------------------
      3948        114          0          4          0       2164   Library Totals

    ----------------------------------------------------------------------

==============================================================================


      Code (inc. data)   RO Data    RW Data    ZI Data      Debug   

    139724      11800       5008        984      87616     924270   Grand Totals
    139724      11800       5008        232      87616     924270   ELF Image Totals (compressed)
    139724      11800       5008        232          0          0   ROM Totals

==============================================================================

    Total RO  Size (Code + RO Data)               144732 ( 141.34kB)
    Total RW  Size (RW Data + ZI Data)             88600 (  86.52kB)
    Total ROM Size (Code + RO Data + RW Data)     144964 ( 141.57kB)

==============================================================================

