ARM Linker, 5.03 [Build 76] [MDK-ARM Professional]

==============================================================================

Section Cross References

    scopemain.o(.text) refers to memseta.o(.text) for __aeabi_memclr4
    scopemain.o(.text) refers to storagemanagement.o(.text) for Flash_Read_Param
    scopemain.o(.text) refers to printfa.o(i.__0printf) for __2printf
    scopemain.o(.text) refers to scope_eval.o(.text) for EVAL_OutputSet
    scopemain.o(.text) refers to scope_it.o(.text) for IT_SYS_DlyMs
    scopemain.o(.text) refers to protocol.o(.text) for PL_InitProtocol
    scopemain.o(.text) refers to samplingport.o(.text) for SPG_InitProtocol
    scopemain.o(.text) refers to stm32f4x7_eth_bsp.o(.text) for ETH_BSP_Config
    scopemain.o(.text) refers to netconf.o(.text) for LwIP_Init
    scopemain.o(.text) refers to udp_echoserver.o(.text) for udp_echoserver_init
    scopemain.o(.text) refers to systemscope.o(.text) for Iint_SysParam
    scopemain.o(.text) refers to interfacescope.o(.text) for HW_LWIP_MainLine
    scopemain.o(.text) refers to storagemanagement.o(.bss) for g_Record_Param
    scopemain.o(.text) refers to processscope.o(.constdata) for softver_edtion
    scopemain.o(.text) refers to processscope.o(.data) for g_AirLight_Flag
    system_stm32f4xx.o(.text) refers to stm32f4xx_rcc.o(.text) for RCC_DeInit
    system_stm32f4xx.o(.text) refers to system_stm32f4xx.o(.data) for SystemCoreClock
    startup_stm32f40_41xxx.o(RESET) refers to startup_stm32f40_41xxx.o(STACK) for __initial_sp
    startup_stm32f40_41xxx.o(RESET) refers to startup_stm32f40_41xxx.o(.text) for Reset_Handler
    startup_stm32f40_41xxx.o(RESET) refers to scope_it.o(.text) for SysTick_Handler
    startup_stm32f40_41xxx.o(RESET) refers to driver.o(.text) for EXTI9_5_IRQHandler
    startup_stm32f40_41xxx.o(.text) refers to system_stm32f4xx.o(.text) for SystemInit
    startup_stm32f40_41xxx.o(.text) refers to entry.o(.ARM.Collect$$$$00000000) for __main
    systemscope.o(.text) refers to memseta.o(.text) for __aeabi_memclr4
    systemscope.o(.text) refers to processscope.o(.bss) for g_CRP_Data
    systemscope.o(.text) refers to systemscope.o(.data) for g_nError
    systemscope.o(.text) refers to systemscope.o(.bss) for g_tAxisPosStatus
    systemscope.o(.text) refers to systemscope.o(.constdata) for m_nConstBitsMap
    processscope.o(.text) refers to scope_it.o(.text) for IT_LIST_GetTicks
    processscope.o(.text) refers to protocol.o(.text) for PL_NET_SendResult
    processscope.o(.text) refers to processscope.o(.data) for g_Udp_Count
    processscope.o(.text) refers to printfa.o(i.__0printf) for __2printf
    processscope.o(.text) refers to interfacescope.o(.text) for HW_LWIP_Working_Recv_Handle
    processscope.o(.text) refers to netconf.o(.text) for LwIP_Periodic_Handle
    processscope.o(.text) refers to systemscope.o(.bss) for g_tAxisPosStatus
    processscope.o(.text) refers to processscope.o(.constdata) for .constdata
    processscope.o(.text) refers to storagemanagement.o(.bss) for g_Record_Param
    processscope.o(.text) refers to storagemanagement.o(.text) for Flash_Write_Param
    processscope.o(.text) refers to memseta.o(.text) for __aeabi_memclr4
    processscope.o(.text) refers to driver.o(.text) for Get_Micro_OC_Status
    processscope.o(.text) refers to processscope.o(.bss) for g_CRP_Data
    processscope.o(.text) refers to stm32f4xx_adc.o(.text) for ADC_DMACmd
    processscope.o(.text) refers to stm32f4xx_dma.o(.text) for DMA_Cmd
    processscope.o(.text) refers to printfa.o(i.__0sprintf) for __2sprintf
    processscope.o(.text) refers to udp_echoserver.o(.text) for udp_echoserver_senddata
    processscope.o(.text) refers to protocol.o(.bss) for g_achFbkSdLogBuf
    processscope.o(.text) refers to systemscope.o(.text) for SYS_HasError
    processscope.o(.text) refers to strncpy.o(.text) for strncpy
    protocol.o(.text) refers to buffercircle.o(.text) for BUF_Send_Init
    protocol.o(.text) refers to netbuffercircle.o(.text) for NET_BUF_Send_Init
    protocol.o(.text) refers to stm32f4xx_usart.o(.text) for USART_ITConfig
    protocol.o(.text) refers to udp_echoserver.o(.text) for udp_echoserver_senddata
    protocol.o(.text) refers to memcpya.o(.text) for __aeabi_memcpy
    protocol.o(.text) refers to strlen.o(.text) for strlen
    protocol.o(.text) refers to protocol.o(.data) for m_NET_tRecvBufStatus
    protocol.o(.text) refers to protocol.o(.bss) for g_NET_achCmdRvBuf
    interfacescope.o(.text) refers to scope_move.o(.text) for MV_InitPara
    interfacescope.o(.text) refers to fpga.o(.text) for FPGA_ReadBuffer
    interfacescope.o(.text) refers to processscope.o(.text) for moto_work_stat_2
    interfacescope.o(.text) refers to scope_it.o(.text) for IT_SYS_DlyMs
    interfacescope.o(.text) refers to printfa.o(i.__0printf) for __2printf
    interfacescope.o(.text) refers to systemscope.o(.bss) for g_tAxisPosStatus
    interfacescope.o(.text) refers to scope_move.o(.bss) for g_atMotorPara
[...]
    FLASH_OB_WRP1Config                      0x0801531f   Thumb Code    96  stm32f4xx_flash.o(.text)
    FLASH_OB_PCROPSelectionConfig            0x0801537f   Thumb Code    48  stm32f4xx_flash.o(.text)
    FLASH_OB_PCROPConfig                     0x080153af   Thumb Code    96  stm32f4xx_flash.o(.text)
    FLASH_OB_PCROP1Config                    0x0801540f   Thumb Code   118  stm32f4xx_flash.o(.text)
    FLASH_OB_RDPConfig                       0x08015485   Thumb Code    44  stm32f4xx_flash.o(.text)
    FLASH_OB_UserConfig                      0x080154b1   Thumb Code   116  stm32f4xx_flash.o(.text)
    FLASH_OB_BootConfig                      0x08015525   Thumb Code    50  stm32f4xx_flash.o(.text)
    FLASH_OB_BORConfig                       0x08015557   Thumb Code    58  stm32f4xx_flash.o(.text)
    FLASH_OB_Launch                          0x08015591   Thumb Code    30  stm32f4xx_flash.o(.text)
    FLASH_OB_GetUser                         0x080155af   Thumb Code    12  stm32f4xx_flash.o(.text)
    FLASH_OB_GetWRP                          0x080155bb   Thumb Code     8  stm32f4xx_flash.o(.text)
    FLASH_OB_GetWRP1                         0x080155c3   Thumb Code     8  stm32f4xx_flash.o(.text)
    FLASH_OB_GetPCROP                        0x080155cb   Thumb Code     8  stm32f4xx_flash.o(.text)
    FLASH_OB_GetPCROP1                       0x080155d3   Thumb Code     8  stm32f4xx_flash.o(.text)
    FLASH_OB_GetRDP                          0x080155db   Thumb Code    18  stm32f4xx_flash.o(.text)
    FLASH_OB_GetBOR                          0x080155ed   Thumb Code    12  stm32f4xx_flash.o(.text)
    FLASH_ITConfig                           0x080155f9   Thumb Code    82  stm32f4xx_flash.o(.text)
    FLASH_GetFlagStatus                      0x0801564b   Thumb Code    76  stm32f4xx_flash.o(.text)
    FLASH_ClearFlag                          0x08015697   Thumb Code    38  stm32f4xx_flash.o(.text)
    FSMC_NORSRAMDeInit                       0x080156c1   Thumb Code    84  stm32f4xx_fsmc.o(.text)
    FSMC_NORSRAMInit                         0x08015715   Thumb Code   870  stm32f4xx_fsmc.o(.text)
    FSMC_NORSRAMStructInit                   0x08015a7b   Thumb Code    48  stm32f4xx_fsmc.o(.text)
    FSMC_NORSRAMCmd                          0x08015aab   Thumb Code   152  stm32f4xx_fsmc.o(.text)
    FSMC_NANDDeInit                          0x08015b43   Thumb Code    90  stm32f4xx_fsmc.o(.text)
    FSMC_NANDInit                            0x08015b9d   Thumb Code   594  stm32f4xx_fsmc.o(.text)
    FSMC_NANDStructInit                      0x08015def   Thumb Code    54  stm32f4xx_fsmc.o(.text)
    FSMC_NANDCmd                             0x08015e25   Thumb Code   136  stm32f4xx_fsmc.o(.text)
    FSMC_NANDECCCmd                          0x08015ead   Thumb Code   160  stm32f4xx_fsmc.o(.text)
    FSMC_GetECC                              0x08015f4d   Thumb Code    22  stm32f4xx_fsmc.o(.text)
    FSMC_PCCARDDeInit                        0x08015f63   Thumb Code    40  stm32f4xx_fsmc.o(.text)
    FSMC_PCCARDInit                          0x08015f8b   Thumb Code   532  stm32f4xx_fsmc.o(.text)
    FSMC_PCCARDStructInit                    0x0801619f   Thumb Code    60  stm32f4xx_fsmc.o(.text)
    FSMC_PCCARDCmd                           0x080161db   Thumb Code    64  stm32f4xx_fsmc.o(.text)
    FSMC_ITConfig                            0x0801621b   Thumb Code   206  stm32f4xx_fsmc.o(.text)
    FSMC_GetFlagStatus                       0x080162e9   Thumb Code   160  stm32f4xx_fsmc.o(.text)
    FSMC_ClearFlag                           0x08016389   Thumb Code   120  stm32f4xx_fsmc.o(.text)
    FSMC_GetITStatus                         0x08016401   Thumb Code   132  stm32f4xx_fsmc.o(.text)
    FSMC_ClearITPendingBit                   0x08016485   Thumb Code   122  stm32f4xx_fsmc.o(.text)
    GPIO_DeInit                              0x08016509   Thumb Code   344  stm32f4xx_gpio.o(.text)
    GPIO_Init                                0x08016661   Thumb Code   354  stm32f4xx_gpio.o(.text)
    GPIO_StructInit                          0x080167c3   Thumb Code    18  stm32f4xx_gpio.o(.text)
    GPIO_PinLockConfig                       0x080167d5   Thumb Code   134  stm32f4xx_gpio.o(.text)
    GPIO_ReadInputDataBit                    0x0801685b   Thumb Code   282  stm32f4xx_gpio.o(.text)
    GPIO_ReadInputData                       0x08016975   Thumb Code    90  stm32f4xx_gpio.o(.text)
    GPIO_ReadOutputDataBit                   0x080169cf   Thumb Code   198  stm32f4xx_gpio.o(.text)
    GPIO_ReadOutputData                      0x08016a95   Thumb Code    90  stm32f4xx_gpio.o(.text)
    GPIO_SetBits                             0x08016aef   Thumb Code   110  stm32f4xx_gpio.o(.text)
    GPIO_ResetBits                           0x08016b5d   Thumb Code   110  stm32f4xx_gpio.o(.text)
    GPIO_WriteBit                            0x08016bcb   Thumb Code   212  stm32f4xx_gpio.o(.text)
    GPIO_Write                               0x08016c9f   Thumb Code    90  stm32f4xx_gpio.o(.text)
    GPIO_ToggleBits                          0x08016cf9   Thumb Code   140  stm32f4xx_gpio.o(.text)
    GPIO_PinAFConfig                         0x08016d85   Thumb Code   358  stm32f4xx_gpio.o(.text)
    RCC_DeInit                               0x08016f19   Thumb Code    82  stm32f4xx_rcc.o(.text)
    RCC_HSEConfig                            0x08016f6b   Thumb Code    40  stm32f4xx_rcc.o(.text)
    RCC_GetFlagStatus                        0x08016f93   Thumb Code   134  stm32f4xx_rcc.o(.text)
    RCC_WaitForHSEStartUp                    0x08017019   Thumb Code    56  stm32f4xx_rcc.o(.text)
    RCC_AdjustHSICalibrationValue            0x08017051   Thumb Code    38  stm32f4xx_rcc.o(.text)
    RCC_HSICmd                               0x08017077   Thumb Code    28  stm32f4xx_rcc.o(.text)
    RCC_LSEConfig                            0x08017093   Thumb Code    72  stm32f4xx_rcc.o(.text)
    RCC_LSICmd                               0x080170db   Thumb Code    28  stm32f4xx_rcc.o(.text)
    RCC_PLLConfig                            0x080170f7   Thumb Code   156  stm32f4xx_rcc.o(.text)
    RCC_PLLCmd                               0x08017193   Thumb Code    28  stm32f4xx_rcc.o(.text)
    RCC_PLLI2SConfig                         0x080171af   Thumb Code    62  stm32f4xx_rcc.o(.text)
    RCC_PLLI2SCmd                            0x080171ed   Thumb Code    28  stm32f4xx_rcc.o(.text)
    RCC_PLLSAIConfig                         0x08017209   Thumb Code    88  stm32f4xx_rcc.o(.text)
    RCC_PLLSAICmd                            0x08017261   Thumb Code    28  stm32f4xx_rcc.o(.text)
    RCC_ClockSecuritySystemCmd               0x0801727d   Thumb Code    28  stm32f4xx_rcc.o(.text)
    RCC_MCO1Config                           0x08017299   Thumb Code   168  stm32f4xx_rcc.o(.text)
    RCC_MCO2Config                           0x08017341   Thumb Code   102  stm32f4xx_rcc.o(.text)
    RCC_SYSCLKConfig                         0x080173a7   Thumb Code    44  stm32f4xx_rcc.o(.text)
    RCC_GetSYSCLKSource                      0x080173d3   Thumb Code    10  stm32f4xx_rcc.o(.text)
    RCC_HCLKConfig                           0x080173dd   Thumb Code    68  stm32f4xx_rcc.o(.text)
    RCC_PCLK1Config                          0x08017421   Thumb Code    60  stm32f4xx_rcc.o(.text)
    RCC_PCLK2Config                          0x0801745d   Thumb Code    62  stm32f4xx_rcc.o(.text)
    RCC_GetClocksFreq                        0x0801749b   Thumb Code   214  stm32f4xx_rcc.o(.text)
    RCC_RTCCLKConfig                         0x08017571   Thumb Code   262  stm32f4xx_rcc.o(.text)
    RCC_RTCCLKCmd                            0x08017677   Thumb Code    30  stm32f4xx_rcc.o(.text)
    RCC_BackupResetCmd                       0x08017695   Thumb Code    32  stm32f4xx_rcc.o(.text)
    RCC_I2SCLKConfig                         0x080176b5   Thumb Code    30  stm32f4xx_rcc.o(.text)
    RCC_SAIBlockACLKConfig                   0x080176d3   Thumb Code    50  stm32f4xx_rcc.o(.text)
    RCC_SAIBlockBCLKConfig                   0x08017705   Thumb Code    50  stm32f4xx_rcc.o(.text)
    RCC_SAIPLLI2SClkDivConfig                0x08017737   Thumb Code    50  stm32f4xx_rcc.o(.text)
    RCC_SAIPLLSAIClkDivConfig                0x08017769   Thumb Code   196  stm32f4xx_rcc.o(.text)
    RCC_LTDCCLKDivConfig                     0x0801782d   Thumb Code    54  stm32f4xx_rcc.o(.text)
    RCC_TIMCLKPresConfig                     0x08017863   Thumb Code    30  stm32f4xx_rcc.o(.text)
    RCC_AHB1PeriphClockCmd                   0x08017881   Thumb Code    82  stm32f4xx_rcc.o(.text)
    RCC_AHB2PeriphClockCmd                   0x080178d3   Thumb Code    82  stm32f4xx_rcc.o(.text)
    RCC_AHB3PeriphClockCmd                   0x08017925   Thumb Code    82  stm32f4xx_rcc.o(.text)
    RCC_APB1PeriphClockCmd                   0x08017977   Thumb Code    82  stm32f4xx_rcc.o(.text)
    RCC_APB2PeriphClockCmd                   0x080179c9   Thumb Code    82  stm32f4xx_rcc.o(.text)
    RCC_AHB1PeriphResetCmd                   0x08017a1b   Thumb Code    82  stm32f4xx_rcc.o(.text)
    RCC_AHB2PeriphResetCmd                   0x08017a6d   Thumb Code    82  stm32f4xx_rcc.o(.text)
    RCC_AHB3PeriphResetCmd                   0x08017abf   Thumb Code    82  stm32f4xx_rcc.o(.text)
    RCC_APB1PeriphResetCmd                   0x08017b11   Thumb Code    82  stm32f4xx_rcc.o(.text)
    RCC_APB2PeriphResetCmd                   0x08017b63   Thumb Code    82  stm32f4xx_rcc.o(.text)
    RCC_AHB1PeriphClockLPModeCmd             0x08017bb5   Thumb Code   108  stm32f4xx_rcc.o(.text)
    RCC_AHB2PeriphClockLPModeCmd             0x08017c21   Thumb Code    82  stm32f4xx_rcc.o(.text)
    RCC_AHB3PeriphClockLPModeCmd             0x08017c73   Thumb Code    82  stm32f4xx_rcc.o(.text)
    RCC_APB1PeriphClockLPModeCmd             0x08017cc5   Thumb Code    82  stm32f4xx_rcc.o(.text)
    RCC_APB2PeriphClockLPModeCmd             0x08017d17   Thumb Code    82  stm32f4xx_rcc.o(.text)
    RCC_LSEModeConfig                        0x08017d69   Thumb Code    64  stm32f4xx_rcc.o(.text)
    RCC_ITConfig                             0x08017da9   Thumb Code    82  stm32f4xx_rcc.o(.text)
    RCC_ClearFlag                            0x08017dfb   Thumb Code    18  stm32f4xx_rcc.o(.text)
    RCC_GetITStatus                          0x08017e0d   Thumb Code    72  stm32f4xx_rcc.o(.text)
    RCC_ClearITPendingBit                    0x08017e55   Thumb Code    28  stm32f4xx_rcc.o(.text)
    SPI_I2S_DeInit                           0x08017e79   Thumb Code   198  stm32f4xx_spi.o(.text)
    SPI_Init                                 0x08017f3f   Thumb Code   366  stm32f4xx_spi.o(.text)
    I2S_Init                                 0x080180ad   Thumb Code   624  stm32f4xx_spi.o(.text)
    SPI_StructInit                           0x0801831d   Thumb Code    24  stm32f4xx_spi.o(.text)
    I2S_StructInit                           0x08018335   Thumb Code    20  stm32f4xx_spi.o(.text)
    SPI_Cmd                                  0x08018349   Thumb Code   100  stm32f4xx_spi.o(.text)
    I2S_Cmd                                  0x080183ad   Thumb Code    88  stm32f4xx_spi.o(.text)
    SPI_DataSizeConfig                       0x08018405   Thumb Code    96  stm32f4xx_spi.o(.text)
    SPI_BiDirectionalLineConfig              0x08018465   Thumb Code   112  stm32f4xx_spi.o(.text)
    SPI_NSSInternalSoftwareConfig            0x080184d5   Thumb Code   114  stm32f4xx_spi.o(.text)
    SPI_SSOutputCmd                          0x08018547   Thumb Code   100  stm32f4xx_spi.o(.text)
    SPI_TIModeCmd                            0x080185ab   Thumb Code   100  stm32f4xx_spi.o(.text)
    I2S_FullDuplexConfig                     0x0801860f   Thumb Code   258  stm32f4xx_spi.o(.text)
    SPI_I2S_ReceiveData                      0x08018711   Thumb Code   100  stm32f4xx_spi.o(.text)
    SPI_I2S_SendData                         0x08018775   Thumb Code    72  stm32f4xx_spi.o(.text)
    SPI_CalculateCRC                         0x080187bd   Thumb Code   100  stm32f4xx_spi.o(.text)
    SPI_TransmitCRC                          0x08018821   Thumb Code    64  stm32f4xx_spi.o(.text)
    SPI_GetCRC                               0x08018861   Thumb Code    92  stm32f4xx_spi.o(.text)
    SPI_GetCRCPolynomial                     0x080188bd   Thumb Code    58  stm32f4xx_spi.o(.text)
    SPI_I2S_DMACmd                           0x080188f7   Thumb Code   132  stm32f4xx_spi.o(.text)
    SPI_I2S_ITConfig                         0x0801897b   Thumb Code   156  stm32f4xx_spi.o(.text)
    SPI_I2S_GetFlagStatus                    0x08018a17   Thumb Code   138  stm32f4xx_spi.o(.text)
    SPI_I2S_ClearFlag                        0x08018aa1   Thumb Code    92  stm32f4xx_spi.o(.text)
    SPI_I2S_GetITStatus                      0x08018afd   Thumb Code   200  stm32f4xx_spi.o(.text)
    SPI_I2S_ClearITPendingBit                0x08018bc5   Thumb Code   104  stm32f4xx_spi.o(.text)
    SYSCFG_DeInit                            0x08018c49   Thumb Code    22  stm32f4xx_syscfg.o(.text)
    SYSCFG_MemoryRemapConfig                 0x08018c5f   Thumb Code    34  stm32f4xx_syscfg.o(.text)
    SYSCFG_MemorySwappingBank                0x08018c81   Thumb Code    26  stm32f4xx_syscfg.o(.text)
    SYSCFG_EXTILineConfig                    0x08018c9b   Thumb Code   194  stm32f4xx_syscfg.o(.text)
    SYSCFG_ETH_MediaInterfaceConfig          0x08018d5d   Thumb Code    26  stm32f4xx_syscfg.o(.text)
    SYSCFG_CompensationCellCmd               0x08018d77   Thumb Code    26  stm32f4xx_syscfg.o(.text)
    SYSCFG_GetCompensationCellStatus         0x08018d91   Thumb Code    22  stm32f4xx_syscfg.o(.text)
    TIM_DeInit                               0x08018de5   Thumb Code   440  stm32f4xx_tim.o(.text)
    TIM_TimeBaseInit                         0x08018f9d   Thumb Code   278  stm32f4xx_tim.o(.text)
    TIM_TimeBaseStructInit                   0x080190b3   Thumb Code    18  stm32f4xx_tim.o(.text)
    TIM_PrescalerConfig                      0x080190c5   Thumb Code   128  stm32f4xx_tim.o(.text)
    TIM_CounterModeConfig                    0x08019145   Thumb Code   100  stm32f4xx_tim.o(.text)
    TIM_SetCounter                           0x080191a9   Thumb Code   202  stm32f4xx_tim.o(.text)
    TIM_SetAutoreload                        0x08019273   Thumb Code   108  stm32f4xx_tim.o(.text)
    TIM_GetCounter                           0x080192df   Thumb Code   106  stm32f4xx_tim.o(.text)
    TIM_GetPrescaler                         0x08019349   Thumb Code   106  stm32f4xx_tim.o(.text)
    TIM_UpdateDisableConfig                  0x080193b3   Thumb Code   148  stm32f4xx_tim.o(.text)
    TIM_UpdateRequestConfig                  0x08019447   Thumb Code   148  stm32f4xx_tim.o(.text)
    TIM_ARRPreloadConfig                     0x080194db   Thumb Code   148  stm32f4xx_tim.o(.text)
    TIM_SelectOnePulseMode                   0x0801956f   Thumb Code   142  stm32f4xx_tim.o(.text)
    TIM_SetClockDivision                     0x080195fd   Thumb Code   192  stm32f4xx_tim.o(.text)
    TIM_Cmd                                  0x080196bd   Thumb Code   148  stm32f4xx_tim.o(.text)
    TIM_OC1Init                              0x08019751   Thumb Code   416  stm32f4xx_tim.o(.text)
    TIM_OC2Init                              0x080198f1   Thumb Code   486  stm32f4xx_tim.o(.text)
    TIM_OC3Init                              0x08019ad7   Thumb Code   416  stm32f4xx_tim.o(.text)
    TIM_OC4Init                              0x08019c77   Thumb Code   300  stm32f4xx_tim.o(.text)
    TIM_OCStructInit                         0x08019da3   Thumb Code    20  stm32f4xx_tim.o(.text)
    TIM_SelectOCxM                           0x08019db7   Thumb Code   256  stm32f4xx_tim.o(.text)
    TIM_SetCompare1                          0x08019eb7   Thumb Code   142  stm32f4xx_tim.o(.text)
    TIM_SetCompare2                          0x08019f45   Thumb Code    72  stm32f4xx_tim.o(.text)
    TIM_SetCompare3                          0x08019f8d   Thumb Code    60  stm32f4xx_tim.o(.text)
    TIM_SetCompare4                          0x08019fc9   Thumb Code    60  stm32f4xx_tim.o(.text)
    TIM_ForcedOC1Config                      0x0801a005   Thumb Code   130  stm32f4xx_tim.o(.text)
    TIM_ForcedOC2Config                      0x0801a087   Thumb Code   114  stm32f4xx_tim.o(.text)
    TIM_ForcedOC3Config                      0x0801a0f9   Thumb Code    94  stm32f4xx_tim.o(.text)
    TIM_ForcedOC4Config                      0x0801a157   Thumb Code   102  stm32f4xx_tim.o(.text)
    TIM_OC1PreloadConfig                     0x0801a1bd   Thumb Code   126  stm32f4xx_tim.o(.text)
    TIM_OC2PreloadConfig                     0x0801a23b   Thumb Code   108  stm32f4xx_tim.o(.text)
    TIM_OC3PreloadConfig                     0x0801a2a7   Thumb Code   138  stm32f4xx_tim.o(.text)
    TIM_OC4PreloadConfig                     0x0801a331   Thumb Code    96  stm32f4xx_tim.o(.text)
    TIM_OC1FastConfig                        0x0801a391   Thumb Code   124  stm32f4xx_tim.o(.text)
    TIM_OC2FastConfig                        0x0801a40d   Thumb Code   108  stm32f4xx_tim.o(.text)
    TIM_OC3FastConfig                        0x0801a479   Thumb Code    88  stm32f4xx_tim.o(.text)
    TIM_OC4FastConfig                        0x0801a4d1   Thumb Code    96  stm32f4xx_tim.o(.text)
    TIM_ClearOC1Ref                          0x0801a531   Thumb Code   124  stm32f4xx_tim.o(.text)
    TIM_ClearOC2Ref                          0x0801a5ad   Thumb Code   106  stm32f4xx_tim.o(.text)
    TIM_ClearOC3Ref                          0x0801a617   Thumb Code    88  stm32f4xx_tim.o(.text)
    TIM_ClearOC4Ref                          0x0801a66f   Thumb Code    94  stm32f4xx_tim.o(.text)
    TIM_OC1PolarityConfig                    0x0801a6cd   Thumb Code   174  stm32f4xx_tim.o(.text)
    TIM_OC1NPolarityConfig                   0x0801a77b   Thumb Code    64  stm32f4xx_tim.o(.text)
    TIM_OC2PolarityConfig                    0x0801a7bb   Thumb Code   108  stm32f4xx_tim.o(.text)
    TIM_OC2NPolarityConfig                   0x0801a827   Thumb Code    72  stm32f4xx_tim.o(.text)
    TIM_OC3PolarityConfig                    0x0801a86f   Thumb Code    96  stm32f4xx_tim.o(.text)
    TIM_OC3NPolarityConfig                   0x0801a8cf   Thumb Code    72  stm32f4xx_tim.o(.text)
    TIM_OC4PolarityConfig                    0x0801a917   Thumb Code    96  stm32f4xx_tim.o(.text)
    TIM_CCxCmd                               0x0801a977   Thumb Code   168  stm32f4xx_tim.o(.text)
    TIM_CCxNCmd                              0x0801aa1f   Thumb Code   104  stm32f4xx_tim.o(.text)
    TIM_SetIC4Prescaler                      0x0801aa87   Thumb Code   106  stm32f4xx_tim.o(.text)
    TIM_SetIC3Prescaler                      0x0801ab71   Thumb Code    98  stm32f4xx_tim.o(.text)
    TIM_SetIC2Prescaler                      0x0801ac1b   Thumb Code   118  stm32f4xx_tim.o(.text)
    TIM_SetIC1Prescaler                      0x0801ace1   Thumb Code   134  stm32f4xx_tim.o(.text)
    TIM_ICInit                               0x0801ada1   Thumb Code   508  stm32f4xx_tim.o(.text)
    TIM_ICStructInit                         0x0801af9d   Thumb Code    18  stm32f4xx_tim.o(.text)
    TIM_PWMIConfig                           0x0801afaf   Thumb Code   184  stm32f4xx_tim.o(.text)
    TIM_GetCapture1                          0x0801b067   Thumb Code    92  stm32f4xx_tim.o(.text)
    TIM_GetCapture2                          0x0801b0c3   Thumb Code    68  stm32f4xx_tim.o(.text)
    TIM_GetCapture3                          0x0801b107   Thumb Code    56  stm32f4xx_tim.o(.text)
    TIM_GetCapture4                          0x0801b13f   Thumb Code    56  stm32f4xx_tim.o(.text)
    TIM_BDTRConfig                           0x0801b177   Thumb Code   222  stm32f4xx_tim.o(.text)
    TIM_BDTRStructInit                       0x0801b255   Thumb Code    18  stm32f4xx_tim.o(.text)
    TIM_CtrlPWMOutputs                       0x0801b267   Thumb Code    78  stm32f4xx_tim.o(.text)
    TIM_SelectCOM                            0x0801b2b5   Thumb Code    72  stm32f4xx_tim.o(.text)
    TIM_CCPreloadControl                     0x0801b2fd   Thumb Code    72  stm32f4xx_tim.o(.text)
    TIM_ITConfig                             0x0801b345   Thumb Code   218  stm32f4xx_tim.o(.text)
    TIM_GenerateEvent                        0x0801b41f   Thumb Code   126  stm32f4xx_tim.o(.text)
    TIM_GetFlagStatus                        0x0801b49d   Thumb Code   188  stm32f4xx_tim.o(.text)
    TIM_ClearFlag                            0x0801b559   Thumb Code   108  stm32f4xx_tim.o(.text)
    TIM_GetITStatus                          0x0801b5c5   Thumb Code   186  stm32f4xx_tim.o(.text)
    TIM_ClearITPendingBit                    0x0801b67f   Thumb Code   108  stm32f4xx_tim.o(.text)
    TIM_DMAConfig                            0x0801b6eb   Thumb Code   334  stm32f4xx_tim.o(.text)
    TIM_DMACmd                               0x0801b839   Thumb Code   126  stm32f4xx_tim.o(.text)
    TIM_SelectCCDMA                          0x0801b8b7   Thumb Code    96  stm32f4xx_tim.o(.text)
    TIM_InternalClockConfig                  0x0801b917   Thumb Code    76  stm32f4xx_tim.o(.text)
    TIM_SelectInputTrigger                   0x0801b963   Thumb Code   148  stm32f4xx_tim.o(.text)
    TIM_ITRxExternalClockConfig              0x0801b9f7   Thumb Code   110  stm32f4xx_tim.o(.text)
    TIM_TIxExternalClockConfig               0x0801ba65   Thumb Code   184  stm32f4xx_tim.o(.text)
    TIM_ETRConfig                            0x0801bb1d   Thumb Code   164  stm32f4xx_tim.o(.text)
    TIM_ETRClockMode1Config                  0x0801bbc1   Thumb Code   228  stm32f4xx_tim.o(.text)
    TIM_ETRClockMode2Config                  0x0801bca5   Thumb Code   152  stm32f4xx_tim.o(.text)
    TIM_SelectOutputTrigger                  0x0801bd3d   Thumb Code   126  stm32f4xx_tim.o(.text)
    TIM_SelectSlaveMode                      0x0801bdbb   Thumb Code   112  stm32f4xx_tim.o(.text)
    TIM_SelectMasterSlaveMode                0x0801be2b   Thumb Code   102  stm32f4xx_tim.o(.text)
    TIM_EncoderInterfaceConfig               0x0801be91   Thumb Code   226  stm32f4xx_tim.o(.text)
    TIM_SelectHallSensor                     0x0801bf73   Thumb Code   108  stm32f4xx_tim.o(.text)
    TIM_RemapConfig                          0x0801bfdf   Thumb Code   138  stm32f4xx_tim.o(.text)
    USART_DeInit                             0x0801c069   Thumb Code   276  stm32f4xx_usart.o(.text)
    USART_Init                               0x0801c17d   Thumb Code   492  stm32f4xx_usart.o(.text)
    USART_StructInit                         0x0801c369   Thumb Code    24  stm32f4xx_usart.o(.text)
    USART_ClockInit                          0x0801c381   Thumb Code   166  stm32f4xx_usart.o(.text)
    USART_ClockStructInit                    0x0801c427   Thumb Code    12  stm32f4xx_usart.o(.text)
    USART_Cmd                                0x0801c433   Thumb Code   214  stm32f4xx_usart.o(.text)
    USART_SetPrescaler                       0x0801c509   Thumb Code    96  stm32f4xx_usart.o(.text)
    USART_OverSampling8Cmd                   0x0801c569   Thumb Code   122  stm32f4xx_usart.o(.text)
    USART_OneBitMethodCmd                    0x0801c5e3   Thumb Code   124  stm32f4xx_usart.o(.text)
    USART_SendData                           0x0801c65f   Thumb Code   108  stm32f4xx_usart.o(.text)
    USART_ReceiveData                        0x0801c6cb   Thumb Code    86  stm32f4xx_usart.o(.text)
    USART_SetAddress                         0x0801c721   Thumb Code   116  stm32f4xx_usart.o(.text)
    USART_ReceiverWakeUpCmd                  0x0801c795   Thumb Code   124  stm32f4xx_usart.o(.text)
    USART_WakeUpConfig                       0x0801c811   Thumb Code   120  stm32f4xx_usart.o(.text)
    USART_LINBreakDetectLengthConfig         0x0801c889   Thumb Code   160  stm32f4xx_usart.o(.text)
    USART_LINCmd                             0x0801c929   Thumb Code   124  stm32f4xx_usart.o(.text)
    USART_SendBreak                          0x0801c9a5   Thumb Code    88  stm32f4xx_usart.o(.text)
    USART_HalfDuplexCmd                      0x0801c9fd   Thumb Code   124  stm32f4xx_usart.o(.text)
    USART_SetGuardTime                       0x0801ca79   Thumb Code    60  stm32f4xx_usart.o(.text)
    USART_SmartCardCmd                       0x0801cab5   Thumb Code    88  stm32f4xx_usart.o(.text)
    USART_SmartCardNACKCmd                   0x0801cb0d   Thumb Code    88  stm32f4xx_usart.o(.text)
    USART_IrDAConfig                         0x0801cb65   Thumb Code   118  stm32f4xx_usart.o(.text)
    USART_IrDACmd                            0x0801cbdb   Thumb Code   124  stm32f4xx_usart.o(.text)
    USART_DMACmd                             0x0801cc57   Thumb Code   184  stm32f4xx_usart.o(.text)
    USART_ITConfig                           0x0801cd0f   Thumb Code   290  stm32f4xx_usart.o(.text)
    USART_GetFlagStatus                      0x0801ce31   Thumb Code   200  stm32f4xx_usart.o(.text)
    USART_ClearFlag                          0x0801cef9   Thumb Code   158  stm32f4xx_usart.o(.text)
    USART_GetITStatus                        0x0801cf97   Thumb Code   306  stm32f4xx_usart.o(.text)
    USART_ClearITPendingBit                  0x0801d0c9   Thumb Code   234  stm32f4xx_usart.o(.text)
    FPGA_Init                                0x0801d1c5   Thumb Code   674  fpga.o(.text)
    FPGA_WriteBuffer                         0x0801d467   Thumb Code    24  fpga.o(.text)
    FPGA_ResetHardware                       0x0801d47f   Thumb Code   104  fpga.o(.text)
    FPGA_ReadBuffer                          0x0801d4e7   Thumb Code    22  fpga.o(.text)
    FPGA_DATA_WriteBuffer                    0x0801d4fd   Thumb Code    24  fpga.o(.text)
    FPGA_DATA_ReadBuffer                     0x0801d515   Thumb Code    22  fpga.o(.text)
    SysTick_Handler                          0x0801d53d   Thumb Code    38  scope_it.o(.text)
    TIM2_IRQHandler                          0x0801d563   Thumb Code   380  scope_it.o(.text)
    USART1_IRQHandler                        0x0801d6df   Thumb Code    14  scope_it.o(.text)
    USART3_IRQHandler                        0x0801d6ed   Thumb Code    14  scope_it.o(.text)
    IT_SYS_DlyMs                             0x0801d6fb   Thumb Code    30  scope_it.o(.text)
    IT_SYS_GetTicks                          0x0801d719   Thumb Code     6  scope_it.o(.text)
    IT_SYS_SetTicks                          0x0801d71f   Thumb Code    10  scope_it.o(.text)
    IT_SYS_SetDlyMs                          0x0801d729   Thumb Code    16  scope_it.o(.text)
    IT_SYS_CheckDlyFin                       0x0801d739   Thumb Code    20  scope_it.o(.text)
    IT_LIST_GetTicks                         0x0801d74d   Thumb Code     6  scope_it.o(.text)
    IT_LIST_SetTicks                         0x0801d753   Thumb Code    10  scope_it.o(.text)
    IT_ADC_GetTicks                          0x0801d75d   Thumb Code     6  scope_it.o(.text)
    IT_ADC_SetTicks                          0x0801d763   Thumb Code    10  scope_it.o(.text)
    assert_failed                            0x0801d7d1   Thumb Code    18  scope_eval.o(.text)
    fputc                                    0x0801d7e3   Thumb Code    16  scope_eval.o(.text)
    PF_InitTimer2                            0x0801d7f3   Thumb Code   122  scope_eval.o(.text)
    EVAL_Init                                0x0801d995   Thumb Code   250  scope_eval.o(.text)
    EVAL_OutputSet                           0x0801da8f   Thumb Code    16  scope_eval.o(.text)
    EVAL_OutputClr                           0x0801da9f   Thumb Code    16  scope_eval.o(.text)
    EVAL_OutputToggle                        0x0801daaf   Thumb Code    26  scope_eval.o(.text)
    EVAL_InputGetState                       0x0801db65   Thumb Code    22  scope_eval.o(.text)
    MV_InitPara                              0x0801dc75   Thumb Code   190  scope_move.o(.text)
    MV_Move                                  0x0801dd33   Thumb Code   434  scope_move.o(.text)
    MV_Stop                                  0x0801dee5   Thumb Code    98  scope_move.o(.text)
    MV_Wait                                  0x0801df47   Thumb Code    84  scope_move.o(.text)
    MV_GetStepsExecuted                      0x0801df9b   Thumb Code    56  scope_move.o(.text)
    MV_IsFinished                            0x0801dfd3   Thumb Code    20  scope_move.o(.text)
    MV_IsrMoveHandling                       0x0801dfe7   Thumb Code   104  scope_move.o(.text)
    BUF_Send_Init                            0x0801e061   Thumb Code    14  buffercircle.o(.text)
    BUF_Send_PutChar                         0x0801e06f   Thumb Code    54  buffercircle.o(.text)
    BUF_Send_GetChar                         0x0801e0a5   Thumb Code    74  buffercircle.o(.text)
    BUF_Send_PutNChar                        0x0801e179   Thumb Code    94  buffercircle.o(.text)
    BUF_Send_GetNChar                        0x0801e1d7   Thumb Code    94  buffercircle.o(.text)
    BUF_Recv_Init                            0x0801e235   Thumb Code    14  buffercircle.o(.text)
    BUF_Recv_PutChar                         0x0801e243   Thumb Code    54  buffercircle.o(.text)
    BUF_Recv_GetChar                         0x0801e279   Thumb Code    74  buffercircle.o(.text)
    BUF_Recv_PutNChar                        0x0801e34d   Thumb Code    94  buffercircle.o(.text)
    BUF_Recv_GetNChar                        0x0801e3ab   Thumb Code    94  buffercircle.o(.text)
    NET_BUF_Send_Init                        0x0801e419   Thumb Code    14  netbuffercircle.o(.text)
    NET_BUF_Send_PutChar                     0x0801e427   Thumb Code    54  netbuffercircle.o(.text)
    NET_BUF_Send_GetChar                     0x0801e45d   Thumb Code    74  netbuffercircle.o(.text)
    NET_BUF_Send_GetLenConsume               0x0801e4a7   Thumb Code   112  netbuffercircle.o(.text)
    NET_BUF_Send_GetLenRemain                0x0801e517   Thumb Code    26  netbuffercircle.o(.text)
    NET_BUF_Send_PutNChar                    0x0801e531   Thumb Code    94  netbuffercircle.o(.text)
    NET_BUF_Send_GetNChar                    0x0801e58f   Thumb Code    94  netbuffercircle.o(.text)
    NET_BUF_Recv_Init                        0x0801e5ed   Thumb Code    14  netbuffercircle.o(.text)
    NET_BUF_Recv_PutChar                     0x0801e5fb   Thumb Code    54  netbuffercircle.o(.text)
    NET_BUF_Recv_GetChar                     0x0801e631   Thumb Code    74  netbuffercircle.o(.text)
    NET_BUF_Recv_GetLenConsume               0x0801e67b   Thumb Code   112  netbuffercircle.o(.text)
    NET_BUF_Recv_GetLenRemain                0x0801e6eb   Thumb Code    26  netbuffercircle.o(.text)
    NET_BUF_Recv_PutNChar                    0x0801e705   Thumb Code    94  netbuffercircle.o(.text)
    NET_BUF_Recv_GetNChar                    0x0801e763   Thumb Code    94  netbuffercircle.o(.text)
    SPG_Send_Init                            0x0801e7d1   Thumb Code    14  samplebuffercircle.o(.text)
    SPG_Send_PutChar                         0x0801e7df   Thumb Code    52  samplebuffercircle.o(.text)
    SPG_Send_GetChar                         0x0801e813   Thumb Code    68  samplebuffercircle.o(.text)
    SPG_Send_PutNChar                        0x0801e8d7   Thumb Code    92  samplebuffercircle.o(.text)
    SPG_Send_GetNChar                        0x0801e933   Thumb Code    92  samplebuffercircle.o(.text)
    SPG_Recv_Init                            0x0801e98f   Thumb Code    14  samplebuffercircle.o(.text)
    SPG_Recv_PutChar                         0x0801e99d   Thumb Code    52  samplebuffercircle.o(.text)
    SPG_Recv_GetChar                         0x0801e9d1   Thumb Code    68  samplebuffercircle.o(.text)
    SPG_Recv_PutNChar                        0x0801ea95   Thumb Code    92  samplebuffercircle.o(.text)
    SPG_Recv_GetNChar                        0x0801eaf1   Thumb Code    92  samplebuffercircle.o(.text)
    Delay_US                                 0x0801eb5d   Thumb Code    54  driver.o(.text)
    ADC1_DMA_Config                          0x0801eb93   Thumb Code   174  driver.o(.text)
    ADC1_Init                                0x0801ec41   Thumb Code   192  driver.o(.text)
    DMA2_Stream0_IRQHandler                  0x0801ed01   Thumb Code    72  driver.o(.text)
    DMA2_Stream3_IRQHandler                  0x0801ed49   Thumb Code    80  driver.o(.text)
    ADC2_DMA_Config                          0x0801ed99   Thumb Code   194  driver.o(.text)
    ADC2_Init                                0x0801ee5b   Thumb Code   174  driver.o(.text)
    ADC3_GPIO_Init                           0x0801ef09   Thumb Code   358  driver.o(.text)
    ADC3_Init                                0x0801f06f   Thumb Code    84  driver.o(.text)
    Get_ADC3_Channel_Value                   0x0801f0c3   Thumb Code    90  driver.o(.text)
    Get_Press_ADC                            0x0801f11d   Thumb Code     4  driver.o(.text)
    Get_XK_ADC                               0x0801f121   Thumb Code    18  driver.o(.text)
    Get_12V_N_ADC                            0x0801f133   Thumb Code    18  driver.o(.text)
    Get_12V_P_ADC                            0x0801f145   Thumb Code    18  driver.o(.text)
    Get_56V_Cur_ADC                          0x0801f157   Thumb Code    18  driver.o(.text)
    Get_LED_Cur_ADC                          0x0801f169   Thumb Code    18  driver.o(.text)
    Get_Temp_ADC                             0x0801f17b   Thumb Code    18  driver.o(.text)
    HW_Get_ADC_HGB                           0x0801f18d   Thumb Code    14  driver.o(.text)
    HW_Get_ADC_CRP                           0x0801f19b   Thumb Code    14  driver.o(.text)
    Get_HGB_Value                            0x0801f1a9   Thumb Code    38  driver.o(.text)
    Get_CRP_Value                            0x0801f1cf   Thumb Code    26  driver.o(.text)
    Press_I2C_Init                           0x0801f1e9   Thumb Code    96  driver.o(.text)
    Press_Init                               0x0801f249   Thumb Code     8  driver.o(.text)
    Press_I2C_Start                          0x0801f251   Thumb Code    68  driver.o(.text)
    Press_I2C_Stop                           0x0801f295   Thumb Code    60  driver.o(.text)
    Press_I2C_Wait_Ack                       0x0801f2d1   Thumb Code    78  driver.o(.text)
    Press_I2C_Ack                            0x0801f31f   Thumb Code    72  driver.o(.text)
    Press_I2C_NAck                           0x0801f367   Thumb Code   134  driver.o(.text)
    Press_I2C_Send_Byte                      0x0801f3ed   Thumb Code   102  driver.o(.text)
    Press_I2C_Read_Byte                      0x0801f453   Thumb Code    98  driver.o(.text)
    Get_Press_I2C                            0x0801f4b5   Thumb Code   202  driver.o(.text)
    Reset_Elec_Status                        0x0801f57f   Thumb Code    14  driver.o(.text)
    Set_Elec_Status                          0x0801f58d   Thumb Code    14  driver.o(.text)
    Get_Elec_Status                          0x0801f59b   Thumb Code    14  driver.o(.text)
    Elec_Init                                0x0801f5a9   Thumb Code    44  driver.o(.text)
    Get_Elec_ADC                             0x0801f5d5   Thumb Code    86  driver.o(.text)
    Beep_Init                                0x0801f62b   Thumb Code    46  driver.o(.text)
    Beep                                     0x0801f659   Thumb Code    28  driver.o(.text)
    Pump_PWM_Init                            0x0801f675   Thumb Code   176  driver.o(.text)
    Pump_init                                0x0801f725   Thumb Code    22  driver.o(.text)
    Pump_AntiClockWise                       0x0801f73b   Thumb Code     2  driver.o(.text)
    Pump_ClockWise                           0x0801f73d   Thumb Code     2  driver.o(.text)
    Pump_Speed_Set                           0x0801f73f   Thumb Code    32  driver.o(.text)
    Pump_Exec                                0x0801f75f   Thumb Code    40  driver.o(.text)
    Mixing_Motor_Init                        0x0801f787   Thumb Code    56  driver.o(.text)
    Mixing_Motor_Run                         0x0801f7bf   Thumb Code    54  driver.o(.text)
    Mixing_Motor_Stop                        0x0801f7f5   Thumb Code    12  driver.o(.text)
    Valve_Init                               0x0801f801   Thumb Code   100  driver.o(.text)
    Valve_Air_Exec                           0x0801f865   Thumb Code    32  driver.o(.text)
    Valve_Liquid_Exec                        0x0801f885   Thumb Code    30  driver.o(.text)
    Valve_Exec                               0x0801f8a3   Thumb Code    28  driver.o(.text)
    Turn_Motor_Init                          0x0801f8bf   Thumb Code   252  driver.o(.text)
    Turn_Motor_Power                         0x0801f9bb   Thumb Code    32  driver.o(.text)
    Turn_Motor_Break                         0x0801f9db   Thumb Code    18  driver.o(.text)
    Turn_Motor_Free                          0x0801f9ed   Thumb Code    18  driver.o(.text)
    Get_Turn_Reset_OC_Status                 0x0801f9ff   Thumb Code    12  driver.o(.text)
    Turn_Motor_Reset                         0x0801fa0b   Thumb Code   144  driver.o(.text)
    Get_Turn_Select_OC_Status                0x0801fa9b   Thumb Code    12  driver.o(.text)
    Turn_Motor_Anti_ClockWise                0x0801faa7   Thumb Code   188  driver.o(.text)
    Turn_Motor_ClockWise                     0x0801fb63   Thumb Code   258  driver.o(.text)
    Turn_Motor_Goto_Postion                  0x0801fc65   Thumb Code    28  driver.o(.text)
    Turn_Motor_Select_LED                    0x0801fc81   Thumb Code   100  driver.o(.text)
    Get_Micro_OC_Status                      0x0801fce5   Thumb Code    12  driver.o(.text)
    EXTI9_5_IRQHandler                       0x0801fcf1   Thumb Code    54  driver.o(.text)
    Micro_OC_Init                            0x0801fd27   Thumb Code   128  driver.o(.text)
    OC_Init                                  0x0801fda7   Thumb Code   170  driver.o(.text)
    Get_Out_OC_Status                        0x0801fe51   Thumb Code    12  driver.o(.text)
    Get_In_OC_Status                         0x0801fe5d   Thumb Code    12  driver.o(.text)
    LED_Cur_DAC_Init                         0x0801fe69   Thumb Code    84  driver.o(.text)
    LED_Init                                 0x0801febd   Thumb Code   630  driver.o(.text)
    LED_Cur_DAC_Set                          0x08020133   Thumb Code    14  driver.o(.text)
    LED_Cur_Switch                           0x08020141   Thumb Code    32  driver.o(.text)
    LED_Cur_Auto_Adjust                      0x08020161   Thumb Code    98  driver.o(.text)
    LEC_Cur_ADC_Check_Channel                0x080201c3   Thumb Code    20  driver.o(.text)
    LED_Exec                                 0x080201d7   Thumb Code   246  driver.o(.text)
    LED_All_Reset                            0x080202cd   Thumb Code    24  driver.o(.text)
    DRegister_SPI_Init                       0x080202e5   Thumb Code   252  driver.o(.text)
    DResistor_Init                           0x080203e1   Thumb Code     8  driver.o(.text)
    DRegister_Write                          0x080203e9   Thumb Code    28  driver.o(.text)
    DResistor_Set                            0x08020405   Thumb Code    24  driver.o(.text)
    Driver_Debug                             0x0802041d   Thumb Code  2148  driver.o(.text)
    ADC24Bit_SPI_Init                        0x08020c81   Thumb Code   286  ad7799.o(.text)
    ADC24Bit_GPIO_Init                       0x08020d9f   Thumb Code   196  ad7799.o(.text)
    SPI_Write                                0x08020e63   Thumb Code   172  ad7799.o(.text)
    AD7799_SetRegisterValue                  0x08020f0f   Thumb Code    90  ad7799.o(.text)
    AD7799_Init                              0x08020f69   Thumb Code    78  ad7799.o(.text)
    ADC24Bit_Init                            0x08020fb7   Thumb Code    12  ad7799.o(.text)
    ADC24Bit_SPI_GetByte                     0x08020fc3   Thumb Code    24  ad7799.o(.text)
    ADC24Bit_SPI_SendByte                    0x08020fdb   Thumb Code    28  ad7799.o(.text)
    SPI_Read                                 0x08020ff7   Thumb Code   194  ad7799.o(.text)
    AD7799_GetRegisterValue                  0x080210b9   Thumb Code   102  ad7799.o(.text)
    AD7799_Reset                             0x0802111f   Thumb Code    40  ad7799.o(.text)
    AD7799_Calibrate                         0x08021147   Thumb Code   266  ad7799.o(.text)
    AD7799_SetChannel                        0x08021251   Thumb Code    36  ad7799.o(.text)
    AD7799_SetMode                           0x08021275   Thumb Code    48  ad7799.o(.text)
    AD7799_SetGain                           0x080212a5   Thumb Code    38  ad7799.o(.text)
    AD7799_SetBurnoutCurren                  0x080212cb   Thumb Code    36  ad7799.o(.text)
    AD7799_SetBufMode                        0x080212ef   Thumb Code    36  ad7799.o(.text)
    AD7799_Get_ADC_Value                     0x08021313   Thumb Code    12  ad7799.o(.text)
    AD7799_Get_Value                         0x0802131f   Thumb Code    56  ad7799.o(.text)
    ethernetif_input                         0x08021589   Thumb Code    42  ethernetif.o(.text)
    ethernetif_init                          0x080215b3   Thumb Code    38  ethernetif.o(.text)
    etharp_tmr                               0x08021637   Thumb Code   136  etharp.o(.text)
    etharp_cleanup_netif                     0x08021905   Thumb Code    52  etharp.o(.text)
    etharp_find_addr                         0x08021939   Thumb Code    82  etharp.o(.text)
    etharp_request                           0x08021b4d   Thumb Code    36  etharp.o(.text)
    etharp_query                             0x08021bd9   Thumb Code   338  etharp.o(.text)
    etharp_output                            0x08021d2b   Thumb Code   314  etharp.o(.text)
    ethernet_input                           0x08021e65   Thumb Code   178  etharp.o(.text)
    icmp_input                               0x08021f29   Thumb Code   340  icmp.o(.text)
    icmp_dest_unreach                        0x080220ed   Thumb Code    18  icmp.o(.text)
    icmp_time_exceeded                       0x080220ff   Thumb Code    18  icmp.o(.text)
    inet_chksum_pseudo                       0x08022177   Thumb Code   162  inet_chksum.o(.text)
    inet_chksum_pseudo_partial               0x08022219   Thumb Code   184  inet_chksum.o(.text)
    inet_chksum                              0x080222d1   Thumb Code    20  inet_chksum.o(.text)
    inet_chksum_pbuf                         0x080222e5   Thumb Code    86  inet_chksum.o(.text)
    ip_route                                 0x0802233d   Thumb Code    76  ip.o(.text)
    ip_input                                 0x08022389   Thumb Code   422  ip.o(.text)
    ip_output_if                             0x0802252f   Thumb Code   192  ip.o(.text)
    ip_output                                0x080225ef   Thumb Code    56  ip.o(.text)
    ip4_addr_isbroadcast                     0x08022645   Thumb Code    78  ip_addr.o(.text)
    ip4_addr_netmask_valid                   0x08022693   Thumb Code    52  ip_addr.o(.text)
    ipaddr_aton                              0x080226c7   Thumb Code   348  ip_addr.o(.text)
    ipaddr_addr                              0x08022823   Thumb Code    24  ip_addr.o(.text)
    ipaddr_ntoa_r                            0x0802283b   Thumb Code   168  ip_addr.o(.text)
    ipaddr_ntoa                              0x080228e3   Thumb Code    16  ip_addr.o(.text)
    ip_reass_tmr                             0x080229bd   Thumb Code    48  ip_frag.o(.text)
    ip_reass                                 0x08022c13   Thumb Code   396  ip_frag.o(.text)
    ip_frag                                  0x08022ddb   Thumb Code   424  ip_frag.o(.text)
    lwip_htons                               0x08022f8d   Thumb Code    12  def.o(.text)
    lwip_ntohs                               0x08022f99   Thumb Code    12  def.o(.text)
    lwip_htonl                               0x08022fa5   Thumb Code    26  def.o(.text)
    lwip_ntohl                               0x08022fbf   Thumb Code    12  def.o(.text)
    dhcp_renew                               0x0802345d   Thumb Code   160  dhcp.o(.text)
    dhcp_coarse_tmr                          0x080235c1   Thumb Code    62  dhcp.o(.text)
    dhcp_release                             0x080236a3   Thumb Code   162  dhcp.o(.text)
    dhcp_fine_tmr                            0x080238cd   Thumb Code    64  dhcp.o(.text)
    dhcp_set_struct                          0x08023993   Thumb Code    30  dhcp.o(.text)
    dhcp_cleanup                             0x080239b1   Thumb Code    24  dhcp.o(.text)
    dhcp_stop                                0x080239c9   Thumb Code    58  dhcp.o(.text)
    dhcp_start                               0x08023e0f   Thumb Code   206  dhcp.o(.text)
    dhcp_inform                              0x08023edd   Thumb Code   170  dhcp.o(.text)
    dhcp_network_changed                     0x08023f87   Thumb Code    80  dhcp.o(.text)
    dhcp_arp_reply                           0x08024055   Thumb Code    46  dhcp.o(.text)
    mem_init                                 0x08024115   Thumb Code    74  mem.o(.text)
    mem_free                                 0x0802415f   Thumb Code    68  mem.o(.text)
    mem_trim                                 0x080241a3   Thumb Code   288  mem.o(.text)
    mem_malloc                               0x080242c3   Thumb Code   222  mem.o(.text)
    mem_calloc                               0x080243a1   Thumb Code    34  mem.o(.text)
    memp_init                                0x080243d5   Thumb Code    82  memp.o(.text)
    memp_malloc                              0x08024427   Thumb Code    40  memp.o(.text)
    memp_free                                0x0802444f   Thumb Code    28  memp.o(.text)
    netif_init                               0x0802447d   Thumb Code     2  netif.o(.text)
    netif_set_gw                             0x0802447f   Thumb Code    12  netif.o(.text)
    netif_set_netmask                        0x0802448b   Thumb Code    12  netif.o(.text)
    netif_set_ipaddr                         0x08024497   Thumb Code   110  netif.o(.text)
    netif_set_addr                           0x08024505   Thumb Code    40  netif.o(.text)
    netif_add                                0x0802452d   Thumb Code   104  netif.o(.text)
    netif_set_default                        0x08024595   Thumb Code     6  netif.o(.text)
    netif_set_down                           0x0802459b   Thumb Code    42  netif.o(.text)
    netif_remove                             0x080245c5   Thumb Code    90  netif.o(.text)
    netif_find                               0x0802461f   Thumb Code    64  netif.o(.text)
    netif_set_up                             0x0802465f   Thumb Code    54  netif.o(.text)
    netif_set_link_up                        0x08024695   Thumb Code    80  netif.o(.text)
    netif_set_link_down                      0x080246e5   Thumb Code    42  netif.o(.text)
    netif_set_link_callback                  0x0802470f   Thumb Code     6  netif.o(.text)
    pbuf_free                                0x08024729   Thumb Code   134  pbuf.o(.text)
    pbuf_alloc                               0x080247af   Thumb Code   408  pbuf.o(.text)
    pbuf_alloced_custom                      0x08024947   Thumb Code   108  pbuf.o(.text)
    pbuf_realloc                             0x080249b3   Thumb Code   120  pbuf.o(.text)
    pbuf_header                              0x08024a2b   Thumb Code   126  pbuf.o(.text)
    pbuf_clen                                0x08024aa9   Thumb Code    18  pbuf.o(.text)
    pbuf_ref                                 0x08024abb   Thumb Code    10  pbuf.o(.text)
    pbuf_cat                                 0x08024ac5   Thumb Code    56  pbuf.o(.text)
    pbuf_chain                               0x08024afd   Thumb Code    22  pbuf.o(.text)
    pbuf_dechain                             0x08024b13   Thumb Code    56  pbuf.o(.text)
    pbuf_copy                                0x08024b4b   Thumb Code   192  pbuf.o(.text)
    pbuf_copy_partial                        0x08024c0b   Thumb Code   146  pbuf.o(.text)
    pbuf_take                                0x08024c9d   Thumb Code   116  pbuf.o(.text)
    pbuf_coalesce                            0x08024d11   Thumb Code    60  pbuf.o(.text)
    pbuf_get_at                              0x08024d4d   Thumb Code    46  pbuf.o(.text)
    pbuf_memcmp                              0x08024d7b   Thumb Code    96  pbuf.o(.text)
    pbuf_memfind                             0x08024ddb   Thumb Code    76  pbuf.o(.text)
    pbuf_strstr                              0x08024e27   Thumb Code    60  pbuf.o(.text)
    raw_input                                0x08024e65   Thumb Code   102  raw.o(.text)
    raw_bind                                 0x08024ecb   Thumb Code    16  raw.o(.text)
    raw_connect                              0x08024edb   Thumb Code    16  raw.o(.text)
    raw_recv                                 0x08024eeb   Thumb Code     6  raw.o(.text)
    raw_sendto                               0x08024ef1   Thumb Code   158  raw.o(.text)
    raw_send                                 0x08024f8f   Thumb Code    18  raw.o(.text)
    raw_remove                               0x08024fa1   Thumb Code    60  raw.o(.text)
    raw_new                                  0x08024fdd   Thumb Code    42  raw.o(.text)
    tcp_init                                 0x08025015   Thumb Code     2  tcp.o(.text)
    tcp_seg_free                             0x08025017   Thumb Code    26  tcp.o(.text)
    tcp_segs_free                            0x08025031   Thumb Code    24  tcp.o(.text)
    tcp_pcb_purge                            0x08025049   Thumb Code    64  tcp.o(.text)
    tcp_slowtmr                              0x08025089   Thumb Code   802  tcp.o(.text)
    tcp_pcb_remove                           0x080253ab   Thumb Code   140  tcp.o(.text)
    tcp_close                                0x0802560f   Thumb Code    28  tcp.o(.text)
    tcp_update_rcv_ann_wnd                   0x0802562b   Thumb Code    78  tcp.o(.text)
    tcp_recved                               0x08025679   Thumb Code    70  tcp.o(.text)
    tcp_recv_null                            0x080256bf   Thumb Code    46  tcp.o(.text)
    tcp_process_refused_data                 0x080256ed   Thumb Code   140  tcp.o(.text)
    tcp_fasttmr                              0x08025779   Thumb Code   110  tcp.o(.text)
    tcp_tmr                                  0x080257e7   Thumb Code    30  tcp.o(.text)
    tcp_shutdown                             0x08025805   Thumb Code    98  tcp.o(.text)
    tcp_abandon                              0x08025867   Thumb Code   170  tcp.o(.text)
    tcp_abort                                0x08025911   Thumb Code    14  tcp.o(.text)
    tcp_bind                                 0x0802597f   Thumb Code   142  tcp.o(.text)
    tcp_listen_with_backlog                  0x08025a15   Thumb Code   198  tcp.o(.text)
    tcp_eff_send_mss                         0x08025adb   Thumb Code    46  tcp.o(.text)
    tcp_next_iss                             0x08025b09   Thumb Code    20  tcp.o(.text)
    tcp_connect                              0x08025b1d   Thumb Code   328  tcp.o(.text)
    tcp_setprio                              0x08025c65   Thumb Code     4  tcp.o(.text)
    tcp_alloc                                0x08025ce7   Thumb Code   242  tcp.o(.text)
    tcp_new                                  0x08025dd9   Thumb Code    10  tcp.o(.text)
    tcp_arg                                  0x08025de3   Thumb Code     4  tcp.o(.text)
    tcp_recv                                 0x08025de7   Thumb Code     8  tcp.o(.text)
    tcp_sent                                 0x08025def   Thumb Code     8  tcp.o(.text)
    tcp_err                                  0x08025df7   Thumb Code    10  tcp.o(.text)
    tcp_accept                               0x08025e01   Thumb Code     4  tcp.o(.text)
    tcp_poll                                 0x08025e05   Thumb Code    14  tcp.o(.text)
    tcp_debug_state_str                      0x08025e13   Thumb Code    10  tcp.o(.text)
    tcp_input                                0x08026c41   Thumb Code  1134  tcp_in.o(.text)
    tcp_enqueue_flags                        0x080271fd   Thumb Code   272  tcp_out.o(.text)
    tcp_send_fin                             0x0802730d   Thumb Code    74  tcp_out.o(.text)
    tcp_write                                0x0802743f   Thumb Code   902  tcp_out.o(.text)
    tcp_send_empty_ack                       0x080277c5   Thumb Code    78  tcp_out.o(.text)
    tcp_output                               0x080278db   Thumb Code   444  tcp_out.o(.text)
    tcp_rst                                  0x08027a97   Thumb Code   124  tcp_out.o(.text)
    tcp_rexmit_rto                           0x08027b13   Thumb Code    58  tcp_out.o(.text)
    tcp_rexmit                               0x08027b4d   Thumb Code    90  tcp_out.o(.text)
    tcp_rexmit_fast                          0x08027ba7   Thumb Code   112  tcp_out.o(.text)
    tcp_keepalive                            0x08027c17   Thumb Code    68  tcp_out.o(.text)
    tcp_zero_window_probe                    0x08027c5b   Thumb Code   172  tcp_out.o(.text)
    tcp_timer_needed                         0x08027d07   Thumb Code     2  timers.o(.text)
    udp_init                                 0x08027d09   Thumb Code     2  udp.o(.text)
    udp_input                                0x08027d5b   Thumb Code   450  udp.o(.text)
    udp_bind                                 0x08027f1d   Thumb Code   122  udp.o(.text)
    udp_sendto_if                            0x08027f97   Thumb Code   206  udp.o(.text)
    udp_sendto                               0x08028065   Thumb Code    46  udp.o(.text)
    udp_send                                 0x08028093   Thumb Code    20  udp.o(.text)
    udp_connect                              0x080280a7   Thumb Code   110  udp.o(.text)
    udp_disconnect                           0x08028115   Thumb Code    16  udp.o(.text)
    udp_recv                                 0x08028125   Thumb Code     6  udp.o(.text)
    udp_remove                               0x0802812b   Thumb Code    60  udp.o(.text)
    udp_new                                  0x08028167   Thumb Code    28  udp.o(.text)
    LwIP_Init                                0x08028189   Thumb Code   164  netconf.o(.text)
    LwIP_Pkt_Handle                          0x0802822d   Thumb Code    10  netconf.o(.text)
    LwIP_Periodic_Handle                     0x08028237   Thumb Code    52  netconf.o(.text)
    ETH_BSP_Config                           0x08028453   Thumb Code    38  stm32f4x7_eth_bsp.o(.text)
    Eth_Link_PHYITConfig                     0x08028479   Thumb Code    70  stm32f4x7_eth_bsp.o(.text)
    Eth_Link_EXTIConfig                      0x080284bf   Thumb Code   104  stm32f4x7_eth_bsp.o(.text)
    Eth_Link_ITHandler                       0x08028527   Thumb Code    48  stm32f4x7_eth_bsp.o(.text)
    ETH_link_callback                        0x08028557   Thumb Code   282  stm32f4x7_eth_bsp.o(.text)
    udp_echoserver_receive_callback          0x08028731   Thumb Code   174  udp_echoserver.o(.text)
    udp_echoserver_init                      0x080287df   Thumb Code   162  udp_echoserver.o(.text)
    udp_echoserver_senddata                  0x08028881   Thumb Code    52  udp_echoserver.o(.text)
    __aeabi_memcpy                           0x0802898d   Thumb Code    36  memcpya.o(.text)
    __aeabi_memcpy4                          0x0802898d   Thumb Code     0  memcpya.o(.text)
    __aeabi_memcpy8                          0x0802898d   Thumb Code     0  memcpya.o(.text)
    __aeabi_memset                           0x080289b1   Thumb Code    14  memseta.o(.text)
    __aeabi_memset4                          0x080289b1   Thumb Code     0  memseta.o(.text)
    __aeabi_memset8                          0x080289b1   Thumb Code     0  memseta.o(.text)
    __aeabi_memclr                           0x080289bf   Thumb Code     4  memseta.o(.text)
    __aeabi_memclr4                          0x080289bf   Thumb Code     0  memseta.o(.text)
    __aeabi_memclr8                          0x080289bf   Thumb Code     0  memseta.o(.text)
    _memset$wrapper                          0x080289c3   Thumb Code    18  memseta.o(.text)
    strncpy                                  0x080289d5   Thumb Code    24  strncpy.o(.text)
    strlen                                   0x080289ed   Thumb Code    14  strlen.o(.text)
    memcmp                                   0x080289fb   Thumb Code    26  memcmp.o(.text)
    __aeabi_dadd                             0x08028a15   Thumb Code   322  dadd.o(.text)
    __aeabi_dsub                             0x08028b57   Thumb Code     6  dadd.o(.text)
    __aeabi_drsub                            0x08028b5d   Thumb Code     6  dadd.o(.text)
    __aeabi_dmul                             0x08028b63   Thumb Code   228  dmul.o(.text)
    __aeabi_ui2d                             0x08028c47   Thumb Code    26  dfltui.o(.text)
    __aeabi_d2iz                             0x08028c61   Thumb Code    62  dfixi.o(.text)
    __aeabi_d2uiz                            0x08028c9f   Thumb Code    50  dfixui.o(.text)
    __aeabi_f2d                              0x08028cd1   Thumb Code    38  f2d.o(.text)
    __aeabi_cdrcmple                         0x08028cf9   Thumb Code    38  cdrcmple.o(.text)
    __aeabi_uidiv                            0x08028d21   Thumb Code     0  uidiv.o(.text)
    __aeabi_uidivmod                         0x08028d21   Thumb Code    44  uidiv.o(.text)
    __aeabi_uldivmod                         0x08028d4d   Thumb Code    98  uldiv.o(.text)
    __aeabi_llsl                             0x08028daf   Thumb Code    30  llshl.o(.text)
    _ll_shift_l                              0x08028daf   Thumb Code     0  llshl.o(.text)
    __aeabi_llsr                             0x08028dcd   Thumb Code    32  llushr.o(.text)
    _ll_ushift_r                             0x08028dcd   Thumb Code     0  llushr.o(.text)
    __aeabi_lasr                             0x08028ded   Thumb Code    36  llsshr.o(.text)
    _ll_sshift_r                             0x08028ded   Thumb Code     0  llsshr.o(.text)
    __I$use$fp                               0x08028e11   Thumb Code     0  iusefp.o(.text)
    _double_round                            0x08028e11   Thumb Code    26  depilogue.o(.text)
    _double_epilogue                         0x08028e2b   Thumb Code   164  depilogue.o(.text)
    __aeabi_ddiv                             0x08028ecf   Thumb Code   222  ddiv.o(.text)
    __aeabi_d2ulz                            0x08028fad   Thumb Code    48  dfixul.o(.text)
    __decompress                             0x08028fdd   Thumb Code     0  __dclz77c.o(.text)
    __decompress2                            0x08028fdd   Thumb Code    96  __dclz77c.o(.text)
    __0printf                                0x0802903d   Thumb Code    22  printfa.o(i.__0printf)
    __1printf                                0x0802903d   Thumb Code     0  printfa.o(i.__0printf)
    __2printf                                0x0802903d   Thumb Code     0  printfa.o(i.__0printf)
    __c89printf                              0x0802903d   Thumb Code     0  printfa.o(i.__0printf)
    printf                                   0x0802903d   Thumb Code     0  printfa.o(i.__0printf)
    __0sprintf                               0x0802905d   Thumb Code    34  printfa.o(i.__0sprintf)
    __1sprintf                               0x0802905d   Thumb Code     0  printfa.o(i.__0sprintf)
    __2sprintf                               0x0802905d   Thumb Code     0  printfa.o(i.__0sprintf)
    __c89sprintf                             0x0802905d   Thumb Code     0  printfa.o(i.__0sprintf)
    sprintf                                  0x0802905d   Thumb Code     0  printfa.o(i.__0sprintf)
    softver_edtion                           0x080299f0   Data           6  processscope.o(.constdata)
    FSMC_DefaultTimingStruct                 0x0802a828   Data          28  stm32f4xx_fsmc.o(.constdata)
    COM_USART                                0x0802a844   Data          12  scope_eval.o(.constdata)
    COM_USART_CLK                            0x0802a850   Data          12  scope_eval.o(.constdata)
    COM_ET_IRQn                              0x0802a85c   Data           6  scope_eval.o(.constdata)
    COM_TX_PORT                              0x0802a864   Data          12  scope_eval.o(.constdata)
    COM_TX_PIN                               0x0802a870   Data           6  scope_eval.o(.constdata)
    COM_TX_PORT_CLK                          0x0802a878   Data          12  scope_eval.o(.constdata)
    COM_RX_PORT                              0x0802a884   Data          12  scope_eval.o(.constdata)
    COM_RX_PIN                               0x0802a890   Data           6  scope_eval.o(.constdata)
    COM_RX_PORT_CLK                          0x0802a898   Data          12  scope_eval.o(.constdata)
    COM_AF_TX_PINSOURCE                      0x0802a8a4   Data           3  scope_eval.o(.constdata)
    COM_AF_RX_PINSOURCE                      0x0802a8a7   Data           3  scope_eval.o(.constdata)
    COM_AF_UART                              0x0802a8aa   Data           3  scope_eval.o(.constdata)
    OUT_PORT                                 0x0802a8b0   Data          28  scope_eval.o(.constdata)
    OUT_PIN                                  0x0802a8cc   Data          14  scope_eval.o(.constdata)
    OUT_CLK                                  0x0802a8dc   Data          28  scope_eval.o(.constdata)
    IN_PORT                                  0x0802a8f8   Data          28  scope_eval.o(.constdata)
    IN_PIN                                   0x0802a914   Data          14  scope_eval.o(.constdata)
    IN_CLK                                   0x0802a924   Data          28  scope_eval.o(.constdata)
    IN_ET_LINE                               0x0802a940   Data          14  scope_eval.o(.constdata)
    IN_ET_PORT                               0x0802a94e   Data          14  scope_eval.o(.constdata)
    IN_ET_PIN                                0x0802a95c   Data          14  scope_eval.o(.constdata)
    IN_ET_IRQn                               0x0802a96a   Data          14  scope_eval.o(.constdata)
    g_Turn_Motor_Table                       0x0802a988   Data          16  driver.o(.constdata)
    ethbroadcast                             0x0802a998   Data           6  etharp.o(.constdata)
    ethzero                                  0x0802a99e   Data           6  etharp.o(.constdata)
    ip_addr_any                              0x0802a9a4   Data           4  ip_addr.o(.constdata)
    ip_addr_broadcast                        0x0802a9a8   Data           4  ip_addr.o(.constdata)
    tcp_state_str                            0x0802a9d0   Data          44  tcp.o(.constdata)
    tcp_backoff                              0x0802a9fc   Data          13  tcp.o(.constdata)
    tcp_persist_backoff                      0x0802aa09   Data           7  tcp.o(.constdata)
    tcp_pcb_lists                            0x0802aa10   Data          16  tcp.o(.constdata)
    SystemCoreClock                          0x20000000   Data           4  system_stm32f4xx.o(.data)
    AHBPrescTable                            0x20000004   Data          16  system_stm32f4xx.o(.data)
    g_tOCLevel                               0x2000001e   Data           4  systemscope.o(.data)
    g_tSystemStatus                          0x20000022   Data           3  systemscope.o(.data)
    g_atInterval                             0x20000026   Data           8  systemscope.o(.data)
    g_nError                                 0x20000030   Data           4  systemscope.o(.data)
    g_nFlag                                  0x20000034   Data           4  systemscope.o(.data)
    g_Test_Mode                              0x20000042   Data           1  processscope.o(.data)
    g_Micro_Switch                           0x20000043   Data           1  processscope.o(.data)
    g_Udp_Count                              0x20000048   Data           4  processscope.o(.data)
    g_Frame_Count                            0x2000004c   Data           4  processscope.o(.data)
    g_Send_Fail                              0x20000050   Data           4  processscope.o(.data)
    g_AirLight_Flag                          0x20000054   Data           1  processscope.o(.data)
    g_Debug_Data                             0x2000006e   Data         512  interfacescope.o(.data)
    DMATxDescToSet                           0x20000294   Data           4  stm32f4x7_eth.o(.data)
    DMARxDescToGet                           0x20000298   Data           4  stm32f4x7_eth.o(.data)
    DMA_RX_FRAME_infos                       0x2000029c   Data           4  stm32f4x7_eth.o(.data)
    Frame_Rx_index                           0x200002a0   Data           4  stm32f4x7_eth.o(.data)
    g_Elec_Status                            0x20000314   Data           1  driver.o(.data)
    g_Turn_Position                          0x20000315   Data           1  driver.o(.data)
    current_netif                            0x20000318   Data           4  ip.o(.data)
    current_header                           0x2000031c   Data           4  ip.o(.data)
    current_iphdr_src                        0x20000320   Data           4  ip.o(.data)
    current_iphdr_dest                       0x20000324   Data           4  ip.o(.data)
    netif_list                               0x20000344   Data           4  netif.o(.data)
    netif_default                            0x20000348   Data           4  netif.o(.data)
    tcp_ticks                                0x2000035c   Data           4  tcp.o(.data)
    tcp_bound_pcbs                           0x20000360   Data           4  tcp.o(.data)
    tcp_listen_pcbs                          0x20000364   Data           4  tcp.o(.data)
    tcp_active_pcbs                          0x20000368   Data           4  tcp.o(.data)
    tcp_tw_pcbs                              0x2000036c   Data           4  tcp.o(.data)
    tcp_tmp_pcb                              0x20000370   Data           4  tcp.o(.data)
    tcp_active_pcbs_changed                  0x20000374   Data           1  tcp.o(.data)
    tcp_input_pcb                            0x20000394   Data           4  tcp_in.o(.data)
    udp_pcbs                                 0x2000039c   Data           4  udp.o(.data)
    TCPTimer                                 0x200003ac   Data           4  netconf.o(.data)
    ARPTimer                                 0x200003b0   Data           4  netconf.o(.data)
    IPaddress                                0x200003b4   Data           4  netconf.o(.data)
    EthStatus                                0x200003c4   Data           4  stm32f4x7_eth_bsp.o(.data)
    s_tAddr                                  0x200003d4   Data           4  udp_echoserver.o(.data)
    s_nPort                                  0x200003d8   Data           2  udp_echoserver.o(.data)
    s_ptUpcb                                 0x200003dc   Data           4  udp_echoserver.o(.data)
    __stdout                                 0x200003e0   Data           4  stdout.o(.data)
    g_tAxisPosStatus                         0x200003e4   Data          28  systemscope.o(.bss)
    g_tSystemPara                            0x20000400   Data          54  systemscope.o(.bss)
    g_nErrorParaSet                          0x20000436   Data          64  systemscope.o(.bss)
    ADC1_Status                              0x20000478   Data          12  processscope.o(.bss)
    g_ADC1_Buffer                            0x20000484   Data         512  processscope.o(.bss)
    ADC2_Status                              0x20000684   Data          12  processscope.o(.bss)
    g_ADC2_Buffer                            0x20000690   Data         512  processscope.o(.bss)
    g_CRP_Data                               0x20000890   Data        1032  processscope.o(.bss)
    g_NET_achCmdRvBuf                        0x20000c98   Data         256  protocol.o(.bss)
    g_achFbkSdBuf                            0x20000d98   Data        1500  protocol.o(.bss)
    g_achFbkSdLogBuf                         0x20001374   Data        1500  protocol.o(.bss)
    g_SPG_achCmdRvBuf                        0x20002508   Data          80  samplingport.o(.bss)
    g_Record_Param                           0x20002558   Data          28  storagemanagement.o(.bss)
    DMARxDscrTab                             0x20002574   Data         256  stm32f4x7_eth.o(.bss)
    DMATxDscrTab                             0x20002674   Data         256  stm32f4x7_eth.o(.bss)
    Rx_Buff                                  0x20002774   Data       12192  stm32f4x7_eth.o(.bss)
    Tx_Buff                                  0x20005714   Data       12192  stm32f4x7_eth.o(.bss)
    RX_Frame_Descriptor                      0x200086b4   Data          12  stm32f4x7_eth.o(.bss)
    g_atMotorStatus                          0x200086c0   Data          16  scope_move.o(.bss)
    g_atMotorPara                            0x200086d0   Data          32  scope_move.o(.bss)
    dhcp_rx_options_val                      0x20009ed4   Data          40  dhcp.o(.bss)
    dhcp_rx_options_given                    0x20009efc   Data          10  dhcp.o(.bss)
    ram_heap                                 0x20009f06   Data       10260  mem.o(.bss)
    gnetif                                   0x20011334   Data          56  netconf.o(.bss)
    ETH_InitStructure                        0x2001136c   Data         188  stm32f4x7_eth_bsp.o(.bss)
    __initial_sp                             0x20015428   Data           0  startup_stm32f40_41xxx.o(STACK)



==============================================================================

Memory Map of the image

  Image Entry point : 0x08000189

  Load Region LR_IROM1 (Base: 0x08000000, Size: 0x000005e4, Max: 0x00003fff, ABSOLUTE, COMPRESSED[0x000002f0])

    Execution Region ER_IROM1 (Base: 0x08000000, Size: 0x00000200, Max: 0x00003fff, ABSOLUTE)

    Base Addr    Size         Type   Attr      Idx    E Section Name        Object

    0x08000000   0x00000188   Data   RO          293    RESET               startup_stm32f40_41xxx.o
    0x08000188   0x00000000   Code   RO         2132  * .ARM.Collect$$$$00000000  mc_w.l(entry.o)
    0x08000188   0x00000004   Code   RO         2422    .ARM.Collect$$$$00000001  mc_w.l(entry2.o)
    0x0800018c   0x00000004   Code   RO         2425    .ARM.Collect$$$$00000004  mc_w.l(entry5.o)
    0x08000190   0x00000000   Code   RO         2427    .ARM.Collect$$$$00000008  mc_w.l(entry7b.o)
    0x08000190   0x00000000   Code   RO         2429    .ARM.Collect$$$$0000000A  mc_w.l(entry8b.o)
    0x08000190   0x00000008   Code   RO         2430    .ARM.Collect$$$$0000000B  mc_w.l(entry9a.o)
    0x08000198   0x00000000   Code   RO         2432    .ARM.Collect$$$$0000000D  mc_w.l(entry10a.o)
    0x08000198   0x00000000   Code   RO         2434    .ARM.Collect$$$$0000000F  mc_w.l(entry11a.o)
    0x08000198   0x00000004   Code   RO         2423    .ARM.Collect$$$$00002712  mc_w.l(entry2.o)
    0x0800019c   0x00000024   Code   RO         2454    .text               mc_w.l(init.o)
    0x080001c0   0x0000000e   Code   RO         2458    i.__scatterload_copy  mc_w.l(handlers.o)
    0x080001ce   0x00000002   Code   RO         2459    i.__scatterload_null  mc_w.l(handlers.o)
    0x080001d0   0x0000000e   Code   RO         2460    i.__scatterload_zeroinit  mc_w.l(handlers.o)
    0x080001de   0x00000002   PAD
    0x080001e0   0x00000020   Data   RO         2456    Region$$Table       anon$$obj.o


    Execution Region RW_IRAM1 (Base: 0x20000000, Size: 0x00015428, Max: 0x00020000, ABSOLUTE, COMPRESSED[0x000000f0])

    Base Addr    Size         Type   Attr      Idx    E Section Name        Object

    0x20000000   0x00000014   Data   RW          268    .data               system_stm32f4xx.o
    0x20000014   0x00000024   Data   RW          303    .data               systemscope.o
    0x20000038   0x0000001d   Data   RW          331    .data               processscope.o
    0x20000055   0x0000000c   Data   RW          361    .data               protocol.o
    0x20000061   0x00000003   PAD
    0x20000064   0x0000021a   Data   RW          393    .data               interfacescope.o
    0x2000027e   0x00000014   Data   RW          421    .data               samplingport.o
    0x20000292   0x00000002   PAD
    0x20000294   0x00000010   Data   RW          475    .data               stm32f4x7_eth.o
    0x200002a4   0x00000010   Data   RW         1030    .data               stm32f4xx_rcc.o
    0x200002b4   0x00000020   Data   RW         1237    .data               scope_it.o
    0x200002d4   0x00000012   Data   RW         1316    .data               buffercircle.o
    0x200002e6   0x00000012   Data   RW         1339    .data               netbuffercircle.o
    0x200002f8   0x00000012   Data   RW         1362    .data               samplebuffercircle.o
    0x2000030a   0x0000000c   Data   RW         1412    .data               driver.o
    0x20000316   0x00000001   Data   RW         1528    .data               etharp.o
    0x20000317   0x00000001   PAD
    0x20000318   0x00000012   Data   RW         1643    .data               ip.o
    0x2000032a   0x00000002   PAD
    0x2000032c   0x00000006   Data   RW         1703    .data               ip_frag.o
    0x20000332   0x00000002   PAD
    0x20000334   0x00000004   Data   RW         1733    .data               dhcp.o
    0x20000338   0x0000000c   Data   RW         1791    .data               mem.o
    0x20000344   0x00000009   Data   RW         1833    .data               netif.o
    0x2000034d   0x00000003   PAD
    0x20000350   0x00000004   Data   RW         1867    .data               raw.o
    0x20000354   0x00000023   Data   RW         1895    .data               tcp.o
    0x20000377   0x00000001   PAD
    0x20000378   0x00000020   Data   RW         1918    .data               tcp_in.o
    0x20000398   0x00000008   Data   RW         1964    .data               udp.o
    0x200003a0   0x00000018   Data   RW         2047    .data               netconf.o
    0x200003b8   0x00000010   Data   RW         2072    .data               stm32f4x7_eth_bsp.o
    0x200003c8   0x00000018   Data   RW         2105    .data               udp_echoserver.o
    0x200003e0   0x00000004   Data   RW         2436    .data               mc_w.l(stdout.o)
    0x200003e4   0x00000092   Zero   RW          301    .bss                systemscope.o
    0x20000476   0x00000002   PAD
    0x20000478   0x00000820   Zero   RW          329    .bss                processscope.o
    0x20000c98   0x00000cb8   Zero   RW          360    .bss                protocol.o
    0x20001950   0x00000bb8   Zero   RW          391    .bss                interfacescope.o
    0x20002508   0x00000050   Zero   RW          420    .bss                samplingport.o
    0x20002558   0x0000001c   Zero   RW          447    .bss                storagemanagement.o
    0x20002574   0x0000614c   Zero   RW          474    .bss                stm32f4x7_eth.o
    0x200086c0   0x00000030   Zero   RW         1287    .bss                scope_move.o
    0x200086f0   0x000009c4   Zero   RW         1315    .bss                buffercircle.o
    0x200090b4   0x00000c80   Zero   RW         1338    .bss                netbuffercircle.o
    0x20009d34   0x000000c8   Zero   RW         1361    .bss                samplebuffercircle.o
    0x20009dfc   0x000000c8   Zero   RW         1526    .bss                etharp.o
    0x20009ec4   0x00000010   Zero   RW         1680    .bss                ip_addr.o
    0x20009ed4   0x00000032   Zero   RW         1732    .bss                dhcp.o
    0x20009f06   0x00002814   Zero   RW         1790    .bss                mem.o
    0x2000c71a   0x00000002   PAD
    0x2000c71c   0x00004c07   Zero   RW         1806    .bss                memp.o
    0x20011323   0x00000001   PAD
    0x20011324   0x00000010   Zero   RW         1917    .bss                tcp_in.o
    0x20011334   0x00000038   Zero   RW         2046    .bss                netconf.o
    0x2001136c   0x000000bc   Zero   RW         2071    .bss                stm32f4x7_eth_bsp.o
    0x20011428   0x00004000   Zero   RW          291    STACK               startup_stm32f40_41xxx.o



  Load Region LR_IROM2 (Base: 0x08008000, Size: 0x00022ad4, Max: 0x0003ffff, ABSOLUTE)

    Execution Region ER_IROM2 (Base: 0x08008000, Size: 0x00022ad4, Max: 0x0003ffff, ABSOLUTE)

    Base Addr    Size         Type   Attr      Idx    E Section Name        Object

    0x08008000   0x00000200   Code   RO            3    .text               scopemain.o
    0x08008200   0x000002cc   Code   RO          267    .text               system_stm32f4xx.o
    0x080084cc   0x00000024   Code   RO          294    .text               startup_stm32f40_41xxx.o
    0x080084f0   0x000001d4   Code   RO          300    .text               systemscope.o
    0x080086c4   0x000054d0   Code   RO          328    .text               processscope.o
    0x0800db94   0x0000049c   Code   RO          359    .text               protocol.o
    0x0800e030   0x000019f8   Code   RO          390    .text               interfacescope.o
    0x0800fa28   0x00000364   Code   RO          419    .text               samplingport.o
    0x0800fd8c   0x00000190   Code   RO          446    .text               storagemanagement.o
    0x0800ff1c   0x00001e30   Code   RO          473    .text               stm32f4x7_eth.o
    0x08011d4c   0x000001dc   Code   RO          497    .text               misc.o
    0x08011f28   0x00001070   Code   RO          537    .text               stm32f4xx_adc.o
    0x08012f98   0x000005f8   Code   RO          677    .text               stm32f4xx_dac.o
    0x08013590   0x000013a4   Code   RO          760    .text               stm32f4xx_dma.o
    0x08014934   0x000002f8   Code   RO          780    .text               stm32f4xx_exti.o
    0x08014c2c   0x00000a94   Code   RO          800    .text               stm32f4xx_flash.o
    0x080156c0   0x00000e48   Code   RO          843    .text               stm32f4xx_fsmc.o
    0x08016508   0x00000a10   Code   RO          866    .text               stm32f4xx_gpio.o
    0x08016f18   0x00000f60   Code   RO         1029    .text               stm32f4xx_rcc.o
    0x08017e78   0x00000dd0   Code   RO         1134    .text               stm32f4xx_spi.o
    0x08018c48   0x0000019c   Code   RO         1154    .text               stm32f4xx_syscfg.o
    0x08018de4   0x00003284   Code   RO         1174    .text               stm32f4xx_tim.o
    0x0801c068   0x0000115c   Code   RO         1194    .text               stm32f4xx_usart.o
    0x0801d1c4   0x00000378   Code   RO         1214    .text               fpga.o
    0x0801d53c   0x00000274   Code   RO         1236    .text               scope_it.o
    0x0801d7b0   0x000004c4   Code   RO         1258    .text               scope_eval.o
    0x0801dc74   0x000003ec   Code   RO         1286    .text               scope_move.o
    0x0801e060   0x000003b8   Code   RO         1314    .text               buffercircle.o
    0x0801e418   0x000003b8   Code   RO         1337    .text               netbuffercircle.o
    0x0801e7d0   0x0000038c   Code   RO         1360    .text               samplebuffercircle.o
    0x0801eb5c   0x00002124   Code   RO         1409    .text               driver.o
    0x08020c80   0x000006ec   Code   RO         1461    .text               ad7799.o
    0x0802136c   0x00000290   Code   RO         1483    .text               ethernetif.o
    0x080215fc   0x0000092c   Code   RO         1525    .text               etharp.o
    0x08021f28   0x000001f0   Code   RO         1584    .text               icmp.o
    0x08022118   0x00000222   Code   RO         1624    .text               inet_chksum.o
    0x0802233a   0x00000002   PAD
    0x0802233c   0x00000308   Code   RO         1642    .text               ip.o
    0x08022644   0x000002b4   Code   RO         1679    .text               ip_addr.o
    0x080228f8   0x00000694   Code   RO         1702    .text               ip_frag.o
    0x08022f8c   0x0000003e   Code   RO         1719    .text               def.o
    0x08022fca   0x00000002   PAD
    0x08022fcc   0x000010cc   Code   RO         1731    .text               dhcp.o
    0x08024098   0x0000033c   Code   RO         1789    .text               mem.o
    0x080243d4   0x000000a8   Code   RO         1805    .text               memp.o
    0x0802447c   0x000002ac   Code   RO         1832    .text               netif.o
    0x08024728   0x0000073a   Code   RO         1854    .text               pbuf.o
    0x08024e62   0x00000002   PAD
    0x08024e64   0x000001b0   Code   RO         1866    .text               raw.o
    0x08025014   0x00000e18   Code   RO         1892    .text               tcp.o
    0x08025e2c   0x000012ac   Code   RO         1916    .text               tcp_in.o
    0x080270d8   0x00000c2e   Code   RO         1939    .text               tcp_out.o
    0x08027d06   0x00000002   Code   RO         1951    .text               timers.o
    0x08027d08   0x00000480   Code   RO         1963    .text               udp.o
    0x08028188   0x00000170   Code   RO         2045    .text               netconf.o
    0x080282f8   0x00000438   Code   RO         2070    .text               stm32f4x7_eth_bsp.o
    0x08028730   0x0000025c   Code   RO         2103    .text               udp_echoserver.o
    0x0802898c   0x00000024   Code   RO         2135    .text               mc_w.l(memcpya.o)
    0x080289b0   0x00000024   Code   RO         2137    .text               mc_w.l(memseta.o)
    0x080289d4   0x00000018   Code   RO         2139    .text               mc_w.l(strncpy.o)
    0x080289ec   0x0000000e   Code   RO         2141    .text               mc_w.l(strlen.o)
    0x080289fa   0x0000001a   Code   RO         2143    .text               mc_w.l(memcmp.o)
    0x08028a14   0x0000014e   Code   RO         2408    .text               mf_w.l(dadd.o)
    0x08028b62   0x000000e4   Code   RO         2410    .text               mf_w.l(dmul.o)
    0x08028c46   0x0000001a   Code   RO         2412    .text               mf_w.l(dfltui.o)
    0x08028c60   0x0000003e   Code   RO         2414    .text               mf_w.l(dfixi.o)
    0x08028c9e   0x00000032   Code   RO         2416    .text               mf_w.l(dfixui.o)
    0x08028cd0   0x00000026   Code   RO         2418    .text               mf_w.l(f2d.o)
    0x08028cf6   0x00000002   PAD
    0x08028cf8   0x00000028   Code   RO         2420    .text               mf_w.l(cdrcmple.o)
    0x08028d20   0x0000002c   Code   RO         2437    .text               mc_w.l(uidiv.o)
    0x08028d4c   0x00000062   Code   RO         2439    .text               mc_w.l(uldiv.o)
    0x08028dae   0x0000001e   Code   RO         2441    .text               mc_w.l(llshl.o)
    0x08028dcc   0x00000020   Code   RO         2443    .text               mc_w.l(llushr.o)
    0x08028dec   0x00000024   Code   RO         2445    .text               mc_w.l(llsshr.o)
    0x08028e10   0x00000000   Code   RO         2447    .text               mc_w.l(iusefp.o)
    0x08028e10   0x000000be   Code   RO         2448    .text               mf_w.l(depilogue.o)
    0x08028ece   0x000000de   Code   RO         2450    .text               mf_w.l(ddiv.o)
    0x08028fac   0x00000030   Code   RO         2452    .text               mf_w.l(dfixul.o)
    0x08028fdc   0x00000060   Code   RO         2464    .text               mc_w.l(__dclz77c.o)
    0x0802903c   0x00000020   Code   RO         2380    i.__0printf         mc_w.l(printfa.o)
    0x0802905c   0x00000028   Code   RO         2382    i.__0sprintf        mc_w.l(printfa.o)
    0x08029084   0x0000015c   Code   RO         2387    i._fp_digits        mc_w.l(printfa.o)
    0x080291e0   0x000006f0   Code   RO         2388    i._printf_core      mc_w.l(printfa.o)
    0x080298d0   0x00000026   Code   RO         2389    i._printf_post_padding  mc_w.l(printfa.o)
    0x080298f6   0x00000030   Code   RO         2390    i._printf_pre_padding  mc_w.l(printfa.o)
    0x08029926   0x0000000a   Code   RO         2392    i._sputc            mc_w.l(printfa.o)
    0x08029930   0x000000c0   Data   RO          302    .constdata          systemscope.o
    0x080299f0   0x00000d9d   Data   RO          330    .constdata          processscope.o
    0x0802a78d   0x00000003   PAD
    0x0802a790   0x00000098   Data   RO          392    .constdata          interfacescope.o
    0x0802a828   0x0000001c   Data   RO          844    .constdata          stm32f4xx_fsmc.o
    0x0802a844   0x00000134   Data   RO         1259    .constdata          scope_eval.o
    0x0802a978   0x00000010   Data   RO         1288    .constdata          scope_move.o
    0x0802a988   0x00000010   Data   RO         1411    .constdata          driver.o
    0x0802a998   0x0000000c   Data   RO         1527    .constdata          etharp.o
    0x0802a9a4   0x00000008   Data   RO         1681    .constdata          ip_addr.o
    0x0802a9ac   0x00000024   Data   RO         1807    .constdata          memp.o
    0x0802a9d0   0x00000050   Data   RO         1893    .constdata          tcp.o
    0x0802aa20   0x0000004b   Data   RO         2104    .constdata          udp_echoserver.o
    0x0802aa6b   0x00000068   Data   RO         1894    .conststring        tcp.o


==============================================================================

Image component sizes


      Code (inc. data)   RO Data    RW Data    ZI Data      Debug   Object Name

      1772         44          0          0          0       5245   ad7799.o
       952         16          0         18       2500       4406   buffercircle.o
        62          0          0          0          0       1174   def.o
      4300         80          0          4         50      12570   dhcp.o
      8484        902         16         12          0      27735   driver.o
      2348         22         12          1        200      15877   etharp.o
       656         36          0          0          0       7755   ethernetif.o
       888         18          0          0          0       2691   fpga.o
       496          8          0          0          0       3342   icmp.o
         0          0          0          0          0       3768   inet.o
       546          0          0          0          0       2897   inet_chksum.o
      6648        478        152        538       3000      45509   interfacescope.o
       776         30          0         18          0      15476   ip.o
       692         12          8          0         16       9151   ip_addr.o
      1684         18          0          6          0       6988   ip_frag.o
       828         18          0         12      10260       3822   mem.o
       168         18         36          0      19463       2322   memp.o
       476         56          0          0          0       1889   misc.o
       952         16          0         18       3200       4724   netbuffercircle.o
       368        142          0         24         56       1826   netconf.o
       684         20          0          9          0       6449   netif.o
      1850          0          0          0          0       8809   pbuf.o
     21712       4908       3485         29       2080      31337   processscope.o
      1180         58          0         12       3256       8251   protocol.o
       432         14          0          4          0       3237   raw.o
       908         16          0         18        200       4434   samplebuffercircle.o
       868         32          0         20         80       6209   samplingport.o
      1220        250        308          0          0      31230   scope_eval.o
       628         68          0         32          0       3292   scope_it.o
      1004         18         16          0         48       4431   scope_move.o
       512        246          0          0          0     419465   scopemain.o
        36          8        392          0      16384        796   startup_stm32f40_41xxx.o
      7728        216          0         16      24908      23289   stm32f4x7_eth.o
      1080        192          0         16        188       4669   stm32f4x7_eth_bsp.o
      4208        130          0          0          0      12554   stm32f4xx_adc.o
      1528         48          0          0          0       5381   stm32f4xx_dac.o
      5028        330          0          0          0       8513   stm32f4xx_dma.o
       760         50          0          0          0       2551   stm32f4xx_exti.o
      2708         82          0          0          0       9918   stm32f4xx_flash.o
      3656        130         28          0          0       7038   stm32f4xx_fsmc.o
      2576        178          0          0          0       5213   stm32f4xx_gpio.o
      3936        252          0         16          0      15056   stm32f4xx_rcc.o
      3536        168          0          0          0       8333   stm32f4xx_spi.o
       412         62          0          0          0       1961   stm32f4xx_syscfg.o
     12932        652          0          0          0      29104   stm32f4xx_tim.o
      4444        228          0          0          0       9852   stm32f4xx_usart.o
       400         46          0          0         28       3952   storagemanagement.o
       716         50          0         20          0       1968   system_stm32f4xx.o
       468         46        192         36        146       5689   systemscope.o
      3608        138        184         35          0      21203   tcp.o
      4780        232          0         32         16      14487   tcp_in.o
      3118          8          0          0          0       9307   tcp_out.o
         2          0          0          0          0        435   timers.o
      1152         22          0          8          0      13765   udp.o
       604        216         75         24          0       2237   udp_echoserver.o

    ----------------------------------------------------------------------
    133516      11028       4940        992      86084     923582   Object Totals
         0          0         32          0          0          0   (incl. Generated)
         6          0          4         14          5          0   (incl. Padding)

    ----------------------------------------------------------------------

      Code (inc. data)   RO Data    RW Data    ZI Data      Debug   Library Member Name

        96          0          0          0          0          0   __dclz77c.o
         0          0          0          0          0          0   entry.o
         0          0          0          0          0          0   entry10a.o
         0          0          0          0          0          0   entry11a.o
         8          4          0          0          0          0   entry2.o
         4          0          0          0          0          0   entry5.o
         0          0          0          0          0          0   entry7b.o
         0          0          0          0          0          0   entry8b.o
         8          4          0          0          0          0   entry9a.o
        30          0          0          0          0          0   handlers.o
        36          8          0          0          0         68   init.o
         0          0          0          0          0          0   iusefp.o
        30          0          0          0          0         68   llshl.o
        36          0          0          0          0         68   llsshr.o
        32          0          0          0          0         68   llushr.o
        26          0          0          0          0         80   memcmp.o
        36          0          0          0          0         68   memcpya.o
        36          0          0          0          0        108   memseta.o
      2292         96          0          0          0        596   printfa.o
         0          0          0          4          0          0   stdout.o
        14          0          0          0          0         68   strlen.o
        24          0          0          0          0         76   strncpy.o
        44          0          0          0          0         80   uidiv.o
        98          0          0          0          0         92   uldiv.o
        40          2          0          0          0         68   cdrcmple.o
       334          0          0          0          0        148   dadd.o
       222          0          0          0          0        100   ddiv.o
       190          0          0          0          0        176   depilogue.o
        62          0          0          0          0         80   dfixi.o
        50          0          0          0          0         76   dfixui.o
        48          0          0          0          0         68   dfixul.o
        26          0          0          0          0         76   dfltui.o
       228          0          0          0          0         96   dmul.o
        38          0          0          0          0         68   f2d.o

    ----------------------------------------------------------------------
      4092        114          0          4          0       2396   Library Totals
         4          0          0          0          0          0   (incl. Padding)

    ----------------------------------------------------------------------

      Code (inc. data)   RO Data    RW Data    ZI Data      Debug   Library Name

      2850        112          0          4          0       1440   mc_w.l
      1238          2          0          0          0        956   mf_w.l

    ----------------------------------------------------------------------
      4092        114          0          4          0       2396   Library Totals

    ----------------------------------------------------------------------

==============================================================================


      Code (inc. data)   RO Data    RW Data    ZI Data      Debug   

    137608      11142       4940        996      86084     912278   Grand Totals
    137608      11142       4940        240      86084     912278   ELF Image Totals (compressed)
    137608      11142       4940        240          0          0   ROM Totals

==============================================================================

    Total RO  Size (Code + RO Data)               142548 ( 139.21kB)
    Total RW  Size (RW Data + ZI Data)             87080 (  85.04kB)
    Total ROM Size (Code + RO Data + RW Data)     142788 ( 139.44kB)

==============================================================================

