ARM Linker, 5.03 [Build 76] [MDK-ARM Professional]

==============================================================================

Section Cross References

    scopemain.o(.text) refers to driver.o(.text) for EVAL_Init
    scopemain.o(.text) refers to printfa.o(i.__0printf) for __2printf
    scopemain.o(.text) refers to stm32f4x7_eth_bsp.o(.text) for ETH_BSP_Config
    scopemain.o(.text) refers to scope_it.o(.text) for IT_SYS_DlyMs
    scopemain.o(.text) refers to netconf.o(.text) for LwIP_Init
    scopemain.o(.text) refers to udp_echoserver.o(.text) for udp_echoserver_init
    scopemain.o(.text) refers to systemscope.o(.text) for Iint_SysParam
    scopemain.o(.text) refers to processscope.o(.text) for start_run
    scopemain.o(.text) refers to interfacescope.o(.text) for HW_LWIP_MainLine
    scopemain.o(.text) refers to stm32f4x7_eth_bsp.o(.data) for EthStatus
    scopemain.o(.text) refers to processscope.o(.constdata) for softver_edtion
    scopemain.o(.text) refers to processscope.o(.data) for g_AirLight_Flag
    system_stm32f4xx.o(.text) refers to stm32f4xx_rcc.o(.text) for RCC_DeInit
    system_stm32f4xx.o(.text) refers to system_stm32f4xx.o(.data) for SystemCoreClock
    startup_stm32f40_41xxx.o(RESET) refers to startup_stm32f40_41xxx.o(STACK) for __initial_sp
    startup_stm32f40_41xxx.o(RESET) refers to startup_stm32f40_41xxx.o(.text) for Reset_Handler
    startup_stm32f40_41xxx.o(RESET) refers to scope_it.o(.text) for SysTick_Handler
    startup_stm32f40_41xxx.o(RESET) refers to driver.o(.text) for EXTI9_5_IRQHandler
    startup_stm32f40_41xxx.o(.text) refers to system_stm32f4xx.o(.text) for SystemInit
    startup_stm32f40_41xxx.o(.text) refers to entry.o(.ARM.Collect$$$$00000000) for __main
    systemscope.o(.text) refers to memseta.o(.text) for __aeabi_memclr4
    systemscope.o(.text) refers to processscope.o(.bss) for g_CRP_Data
    systemscope.o(.text) refers to systemscope.o(.data) for g_nError
    systemscope.o(.text) refers to systemscope.o(.bss) for g_tAxisPosStatus
    systemscope.o(.text) refers to systemscope.o(.constdata) for m_nConstBitsMap
    processscope.o(.text) refers to scope_it.o(.text) for IT_LIST_GetTicks
    processscope.o(.text) refers to protocol.o(.text) for PL_NET_SendResult
    processscope.o(.text) refers to processscope.o(.data) for g_Udp_Count
    processscope.o(.text) refers to printfa.o(i.__0printf) for __2printf
    processscope.o(.text) refers to interfacescope.o(.text) for HW_LWIP_Working_Recv_Handle
    processscope.o(.text) refers to netconf.o(.text) for LwIP_Periodic_Handle
    processscope.o(.text) refers to systemscope.o(.bss) for g_tAxisPosStatus
    processscope.o(.text) refers to processscope.o(.constdata) for .constdata
    processscope.o(.text) refers to storagemanagement.o(.bss) for g_Record_Param
    processscope.o(.text) refers to storagemanagement.o(.text) for Flash_Write_Param
    processscope.o(.text) refers to memseta.o(.text) for __aeabi_memclr4
    processscope.o(.text) refers to processscope.o(.bss) for g_CRP_Data
    processscope.o(.text) refers to driver.o(.text) for Beep
    processscope.o(.text) refers to f2d.o(.text) for __aeabi_f2d
    processscope.o(.text) refers to printfa.o(i.__0sprintf) for __2sprintf
    processscope.o(.text) refers to udp_echoserver.o(.text) for udp_echoserver_senddata
    processscope.o(.text) refers to protocol.o(.bss) for g_achFbkSdLogBuf
    processscope.o(.text) refers to driver.o(.bss) for ADC1_Status
    processscope.o(.text) refers to systemscope.o(.text) for SYS_HasError
    processscope.o(.text) refers to strncpy.o(.text) for strncpy
    processscope.o(.text) refers to driver.o(.data) for g_Micro_Switch
    protocol.o(.text) refers to buffercircle.o(.text) for BUF_Send_Init
    protocol.o(.text) refers to netbuffercircle.o(.text) for NET_BUF_Send_Init
    protocol.o(.text) refers to udp_echoserver.o(.text) for udp_echoserver_senddata
    protocol.o(.text) refers to memcpya.o(.text) for __aeabi_memcpy
    protocol.o(.text) refers to strlen.o(.text) for strlen
    protocol.o(.text) refers to protocol.o(.data) for m_NET_tRecvBufStatus
    protocol.o(.text) refers to protocol.o(.bss) for g_NET_achCmdRvBuf
    interfacescope.o(.text) refers to scope_move.o(.text) for MV_InitPara
    interfacescope.o(.text) refers to fpga.o(.text) for FPGA_ReadBuffer
    interfacescope.o(.text) refers to processscope.o(.text) for moto_work_stat_2
    interfacescope.o(.text) refers to scope_it.o(.text) for IT_SYS_DlyMs
    interfacescope.o(.text) refers to printfa.o(i.__0printf) for __2printf
    interfacescope.o(.text) refers to systemscope.o(.bss) for g_tAxisPosStatus
    interfacescope.o(.text) refers to scope_move.o(.bss) for g_atMotorPara
    interfacescope.o(.text) refers to storagemanagement.o(.bss) for g_Record_Param
    interfacescope.o(.text) refers to driver.o(.text) for Valve_Liquid_Exec
    interfacescope.o(.text) refers to dfltui.o(.text) for __aeabi_ui2d
[...]
    DMA_GetCurrDataCounter                   0x08013405   Thumb Code   148  stm32f4xx_dma.o(.text)
    DMA_DoubleBufferModeConfig               0x08013499   Thumb Code   204  stm32f4xx_dma.o(.text)
    DMA_DoubleBufferModeCmd                  0x08013565   Thumb Code   186  stm32f4xx_dma.o(.text)
    DMA_MemoryTargetConfig                   0x0801361f   Thumb Code   178  stm32f4xx_dma.o(.text)
    DMA_GetCurrentMemoryTarget               0x080136d1   Thumb Code   162  stm32f4xx_dma.o(.text)
    DMA_GetCmdStatus                         0x08013773   Thumb Code   162  stm32f4xx_dma.o(.text)
    DMA_GetFIFOStatus                        0x08013815   Thumb Code   154  stm32f4xx_dma.o(.text)
    DMA_GetFlagStatus                        0x080138af   Thumb Code   470  stm32f4xx_dma.o(.text)
    DMA_ClearFlag                            0x08013a85   Thumb Code   220  stm32f4xx_dma.o(.text)
    DMA_ITConfig                             0x08013b61   Thumb Code   244  stm32f4xx_dma.o(.text)
    DMA_GetITStatus                          0x08013c55   Thumb Code   590  stm32f4xx_dma.o(.text)
    DMA_ClearITPendingBit                    0x08013ea3   Thumb Code   220  stm32f4xx_dma.o(.text)
    EXTI_DeInit                              0x08014021   Thumb Code    28  stm32f4xx_exti.o(.text)
    EXTI_Init                                0x0801403d   Thumb Code   236  stm32f4xx_exti.o(.text)
    EXTI_StructInit                          0x08014129   Thumb Code    16  stm32f4xx_exti.o(.text)
    EXTI_GenerateSWInterrupt                 0x08014139   Thumb Code    38  stm32f4xx_exti.o(.text)
    EXTI_GetFlagStatus                       0x0801415f   Thumb Code   164  stm32f4xx_exti.o(.text)
    EXTI_ClearFlag                           0x08014203   Thumb Code    30  stm32f4xx_exti.o(.text)
    EXTI_GetITStatus                         0x08014221   Thumb Code   166  stm32f4xx_exti.o(.text)
    EXTI_ClearITPendingBit                   0x080142c7   Thumb Code    32  stm32f4xx_exti.o(.text)
    FLASH_SetLatency                         0x08014319   Thumb Code    84  stm32f4xx_flash.o(.text)
    FLASH_PrefetchBufferCmd                  0x0801436d   Thumb Code    52  stm32f4xx_flash.o(.text)
    FLASH_InstructionCacheCmd                0x080143a1   Thumb Code    52  stm32f4xx_flash.o(.text)
    FLASH_DataCacheCmd                       0x080143d5   Thumb Code    52  stm32f4xx_flash.o(.text)
    FLASH_InstructionCacheReset              0x08014409   Thumb Code    14  stm32f4xx_flash.o(.text)
    FLASH_DataCacheReset                     0x08014417   Thumb Code    14  stm32f4xx_flash.o(.text)
    FLASH_Unlock                             0x08014425   Thumb Code    26  stm32f4xx_flash.o(.text)
    FLASH_Lock                               0x0801443f   Thumb Code    18  stm32f4xx_flash.o(.text)
    FLASH_GetStatus                          0x08014451   Thumb Code    90  stm32f4xx_flash.o(.text)
    FLASH_WaitForLastOperation               0x080144ab   Thumb Code    34  stm32f4xx_flash.o(.text)
    FLASH_EraseSector                        0x080144cd   Thumb Code   278  stm32f4xx_flash.o(.text)
    FLASH_EraseAllSectors                    0x080145e3   Thumb Code   140  stm32f4xx_flash.o(.text)
    FLASH_EraseAllBank1Sectors               0x0801466f   Thumb Code   140  stm32f4xx_flash.o(.text)
    FLASH_EraseAllBank2Sectors               0x080146fb   Thumb Code   190  stm32f4xx_flash.o(.text)
    FLASH_ProgramDoubleWord                  0x080147b9   Thumb Code   122  stm32f4xx_flash.o(.text)
    FLASH_ProgramWord                        0x08014833   Thumb Code   112  stm32f4xx_flash.o(.text)
    FLASH_ProgramHalfWord                    0x080148a3   Thumb Code   112  stm32f4xx_flash.o(.text)
    FLASH_ProgramByte                        0x08014913   Thumb Code   108  stm32f4xx_flash.o(.text)
    FLASH_OB_Unlock                          0x0801497f   Thumb Code    26  stm32f4xx_flash.o(.text)
    FLASH_OB_Lock                            0x08014999   Thumb Code    18  stm32f4xx_flash.o(.text)
    FLASH_OB_WRPConfig                       0x080149ab   Thumb Code    96  stm32f4xx_flash.o(.text)
    FLASH_OB_WRP1Config                      0x08014a0b   Thumb Code    96  stm32f4xx_flash.o(.text)
    FLASH_OB_PCROPSelectionConfig            0x08014a6b   Thumb Code    48  stm32f4xx_flash.o(.text)
    FLASH_OB_PCROPConfig                     0x08014a9b   Thumb Code    96  stm32f4xx_flash.o(.text)
    FLASH_OB_PCROP1Config                    0x08014afb   Thumb Code   118  stm32f4xx_flash.o(.text)
    FLASH_OB_RDPConfig                       0x08014b71   Thumb Code    44  stm32f4xx_flash.o(.text)
    FLASH_OB_UserConfig                      0x08014b9d   Thumb Code   116  stm32f4xx_flash.o(.text)
    FLASH_OB_BootConfig                      0x08014c11   Thumb Code    50  stm32f4xx_flash.o(.text)
    FLASH_OB_BORConfig                       0x08014c43   Thumb Code    58  stm32f4xx_flash.o(.text)
    FLASH_OB_Launch                          0x08014c7d   Thumb Code    30  stm32f4xx_flash.o(.text)
    FLASH_OB_GetUser                         0x08014c9b   Thumb Code    12  stm32f4xx_flash.o(.text)
    FLASH_OB_GetWRP                          0x08014ca7   Thumb Code     8  stm32f4xx_flash.o(.text)
    FLASH_OB_GetWRP1                         0x08014caf   Thumb Code     8  stm32f4xx_flash.o(.text)
    FLASH_OB_GetPCROP                        0x08014cb7   Thumb Code     8  stm32f4xx_flash.o(.text)
    FLASH_OB_GetPCROP1                       0x08014cbf   Thumb Code     8  stm32f4xx_flash.o(.text)
    FLASH_OB_GetRDP                          0x08014cc7   Thumb Code    18  stm32f4xx_flash.o(.text)
    FLASH_OB_GetBOR                          0x08014cd9   Thumb Code    12  stm32f4xx_flash.o(.text)
    FLASH_ITConfig                           0x08014ce5   Thumb Code    82  stm32f4xx_flash.o(.text)
    FLASH_GetFlagStatus                      0x08014d37   Thumb Code    76  stm32f4xx_flash.o(.text)
    FLASH_ClearFlag                          0x08014d83   Thumb Code    38  stm32f4xx_flash.o(.text)
    FSMC_NORSRAMDeInit                       0x08014dad   Thumb Code    84  stm32f4xx_fsmc.o(.text)
    FSMC_NORSRAMInit                         0x08014e01   Thumb Code   870  stm32f4xx_fsmc.o(.text)
    FSMC_NORSRAMStructInit                   0x08015167   Thumb Code    48  stm32f4xx_fsmc.o(.text)
    FSMC_NORSRAMCmd                          0x08015197   Thumb Code   152  stm32f4xx_fsmc.o(.text)
    FSMC_NANDDeInit                          0x0801522f   Thumb Code    90  stm32f4xx_fsmc.o(.text)
    FSMC_NANDInit                            0x08015289   Thumb Code   594  stm32f4xx_fsmc.o(.text)
    FSMC_NANDStructInit                      0x080154db   Thumb Code    54  stm32f4xx_fsmc.o(.text)
    FSMC_NANDCmd                             0x08015511   Thumb Code   136  stm32f4xx_fsmc.o(.text)
    FSMC_NANDECCCmd                          0x08015599   Thumb Code   160  stm32f4xx_fsmc.o(.text)
    FSMC_GetECC                              0x08015639   Thumb Code    22  stm32f4xx_fsmc.o(.text)
    FSMC_PCCARDDeInit                        0x0801564f   Thumb Code    40  stm32f4xx_fsmc.o(.text)
    FSMC_PCCARDInit                          0x08015677   Thumb Code   532  stm32f4xx_fsmc.o(.text)
    FSMC_PCCARDStructInit                    0x0801588b   Thumb Code    60  stm32f4xx_fsmc.o(.text)
    FSMC_PCCARDCmd                           0x080158c7   Thumb Code    64  stm32f4xx_fsmc.o(.text)
    FSMC_ITConfig                            0x08015907   Thumb Code   206  stm32f4xx_fsmc.o(.text)
    FSMC_GetFlagStatus                       0x080159d5   Thumb Code   160  stm32f4xx_fsmc.o(.text)
    FSMC_ClearFlag                           0x08015a75   Thumb Code   120  stm32f4xx_fsmc.o(.text)
    FSMC_GetITStatus                         0x08015aed   Thumb Code   132  stm32f4xx_fsmc.o(.text)
    FSMC_ClearITPendingBit                   0x08015b71   Thumb Code   122  stm32f4xx_fsmc.o(.text)
    GPIO_DeInit                              0x08015bf5   Thumb Code   344  stm32f4xx_gpio.o(.text)
    GPIO_Init                                0x08015d4d   Thumb Code   354  stm32f4xx_gpio.o(.text)
    GPIO_StructInit                          0x08015eaf   Thumb Code    18  stm32f4xx_gpio.o(.text)
    GPIO_PinLockConfig                       0x08015ec1   Thumb Code   134  stm32f4xx_gpio.o(.text)
    GPIO_ReadInputDataBit                    0x08015f47   Thumb Code   282  stm32f4xx_gpio.o(.text)
    GPIO_ReadInputData                       0x08016061   Thumb Code    90  stm32f4xx_gpio.o(.text)
    GPIO_ReadOutputDataBit                   0x080160bb   Thumb Code   198  stm32f4xx_gpio.o(.text)
    GPIO_ReadOutputData                      0x08016181   Thumb Code    90  stm32f4xx_gpio.o(.text)
    GPIO_SetBits                             0x080161db   Thumb Code   110  stm32f4xx_gpio.o(.text)
    GPIO_ResetBits                           0x08016249   Thumb Code   110  stm32f4xx_gpio.o(.text)
    GPIO_WriteBit                            0x080162b7   Thumb Code   212  stm32f4xx_gpio.o(.text)
    GPIO_Write                               0x0801638b   Thumb Code    90  stm32f4xx_gpio.o(.text)
    GPIO_ToggleBits                          0x080163e5   Thumb Code   140  stm32f4xx_gpio.o(.text)
    GPIO_PinAFConfig                         0x08016471   Thumb Code   358  stm32f4xx_gpio.o(.text)
    RCC_DeInit                               0x08016605   Thumb Code    82  stm32f4xx_rcc.o(.text)
    RCC_HSEConfig                            0x08016657   Thumb Code    40  stm32f4xx_rcc.o(.text)
    RCC_GetFlagStatus                        0x0801667f   Thumb Code   134  stm32f4xx_rcc.o(.text)
    RCC_WaitForHSEStartUp                    0x08016705   Thumb Code    56  stm32f4xx_rcc.o(.text)
    RCC_AdjustHSICalibrationValue            0x0801673d   Thumb Code    38  stm32f4xx_rcc.o(.text)
    RCC_HSICmd                               0x08016763   Thumb Code    28  stm32f4xx_rcc.o(.text)
    RCC_LSEConfig                            0x0801677f   Thumb Code    72  stm32f4xx_rcc.o(.text)
    RCC_LSICmd                               0x080167c7   Thumb Code    28  stm32f4xx_rcc.o(.text)
    RCC_PLLConfig                            0x080167e3   Thumb Code   156  stm32f4xx_rcc.o(.text)
    RCC_PLLCmd                               0x0801687f   Thumb Code    28  stm32f4xx_rcc.o(.text)
    RCC_PLLI2SConfig                         0x0801689b   Thumb Code    62  stm32f4xx_rcc.o(.text)
    RCC_PLLI2SCmd                            0x080168d9   Thumb Code    28  stm32f4xx_rcc.o(.text)
    RCC_PLLSAIConfig                         0x080168f5   Thumb Code    88  stm32f4xx_rcc.o(.text)
    RCC_PLLSAICmd                            0x0801694d   Thumb Code    28  stm32f4xx_rcc.o(.text)
    RCC_ClockSecuritySystemCmd               0x08016969   Thumb Code    28  stm32f4xx_rcc.o(.text)
    RCC_MCO1Config                           0x08016985   Thumb Code   168  stm32f4xx_rcc.o(.text)
    RCC_MCO2Config                           0x08016a2d   Thumb Code   102  stm32f4xx_rcc.o(.text)
    RCC_SYSCLKConfig                         0x08016a93   Thumb Code    44  stm32f4xx_rcc.o(.text)
    RCC_GetSYSCLKSource                      0x08016abf   Thumb Code    10  stm32f4xx_rcc.o(.text)
    RCC_HCLKConfig                           0x08016ac9   Thumb Code    68  stm32f4xx_rcc.o(.text)
    RCC_PCLK1Config                          0x08016b0d   Thumb Code    60  stm32f4xx_rcc.o(.text)
    RCC_PCLK2Config                          0x08016b49   Thumb Code    62  stm32f4xx_rcc.o(.text)
    RCC_GetClocksFreq                        0x08016b87   Thumb Code   214  stm32f4xx_rcc.o(.text)
    RCC_RTCCLKConfig                         0x08016c5d   Thumb Code   262  stm32f4xx_rcc.o(.text)
    RCC_RTCCLKCmd                            0x08016d63   Thumb Code    30  stm32f4xx_rcc.o(.text)
    RCC_BackupResetCmd                       0x08016d81   Thumb Code    32  stm32f4xx_rcc.o(.text)
    RCC_I2SCLKConfig                         0x08016da1   Thumb Code    30  stm32f4xx_rcc.o(.text)
    RCC_SAIBlockACLKConfig                   0x08016dbf   Thumb Code    50  stm32f4xx_rcc.o(.text)
    RCC_SAIBlockBCLKConfig                   0x08016df1   Thumb Code    50  stm32f4xx_rcc.o(.text)
    RCC_SAIPLLI2SClkDivConfig                0x08016e23   Thumb Code    50  stm32f4xx_rcc.o(.text)
    RCC_SAIPLLSAIClkDivConfig                0x08016e55   Thumb Code   196  stm32f4xx_rcc.o(.text)
    RCC_LTDCCLKDivConfig                     0x08016f19   Thumb Code    54  stm32f4xx_rcc.o(.text)
    RCC_TIMCLKPresConfig                     0x08016f4f   Thumb Code    30  stm32f4xx_rcc.o(.text)
    RCC_AHB1PeriphClockCmd                   0x08016f6d   Thumb Code    82  stm32f4xx_rcc.o(.text)
    RCC_AHB2PeriphClockCmd                   0x08016fbf   Thumb Code    82  stm32f4xx_rcc.o(.text)
    RCC_AHB3PeriphClockCmd                   0x08017011   Thumb Code    82  stm32f4xx_rcc.o(.text)
    RCC_APB1PeriphClockCmd                   0x08017063   Thumb Code    82  stm32f4xx_rcc.o(.text)
    RCC_APB2PeriphClockCmd                   0x080170b5   Thumb Code    82  stm32f4xx_rcc.o(.text)
    RCC_AHB1PeriphResetCmd                   0x08017107   Thumb Code    82  stm32f4xx_rcc.o(.text)
    RCC_AHB2PeriphResetCmd                   0x08017159   Thumb Code    82  stm32f4xx_rcc.o(.text)
    RCC_AHB3PeriphResetCmd                   0x080171ab   Thumb Code    82  stm32f4xx_rcc.o(.text)
    RCC_APB1PeriphResetCmd                   0x080171fd   Thumb Code    82  stm32f4xx_rcc.o(.text)
    RCC_APB2PeriphResetCmd                   0x0801724f   Thumb Code    82  stm32f4xx_rcc.o(.text)
    RCC_AHB1PeriphClockLPModeCmd             0x080172a1   Thumb Code   108  stm32f4xx_rcc.o(.text)
    RCC_AHB2PeriphClockLPModeCmd             0x0801730d   Thumb Code    82  stm32f4xx_rcc.o(.text)
    RCC_AHB3PeriphClockLPModeCmd             0x0801735f   Thumb Code    82  stm32f4xx_rcc.o(.text)
    RCC_APB1PeriphClockLPModeCmd             0x080173b1   Thumb Code    82  stm32f4xx_rcc.o(.text)
    RCC_APB2PeriphClockLPModeCmd             0x08017403   Thumb Code    82  stm32f4xx_rcc.o(.text)
    RCC_LSEModeConfig                        0x08017455   Thumb Code    64  stm32f4xx_rcc.o(.text)
    RCC_ITConfig                             0x08017495   Thumb Code    82  stm32f4xx_rcc.o(.text)
    RCC_ClearFlag                            0x080174e7   Thumb Code    18  stm32f4xx_rcc.o(.text)
    RCC_GetITStatus                          0x080174f9   Thumb Code    72  stm32f4xx_rcc.o(.text)
    RCC_ClearITPendingBit                    0x08017541   Thumb Code    28  stm32f4xx_rcc.o(.text)
    SPI_I2S_DeInit                           0x08017565   Thumb Code   198  stm32f4xx_spi.o(.text)
    SPI_Init                                 0x0801762b   Thumb Code   366  stm32f4xx_spi.o(.text)
    I2S_Init                                 0x08017799   Thumb Code   624  stm32f4xx_spi.o(.text)
    SPI_StructInit                           0x08017a09   Thumb Code    24  stm32f4xx_spi.o(.text)
    I2S_StructInit                           0x08017a21   Thumb Code    20  stm32f4xx_spi.o(.text)
    SPI_Cmd                                  0x08017a35   Thumb Code   100  stm32f4xx_spi.o(.text)
    I2S_Cmd                                  0x08017a99   Thumb Code    88  stm32f4xx_spi.o(.text)
    SPI_DataSizeConfig                       0x08017af1   Thumb Code    96  stm32f4xx_spi.o(.text)
    SPI_BiDirectionalLineConfig              0x08017b51   Thumb Code   112  stm32f4xx_spi.o(.text)
    SPI_NSSInternalSoftwareConfig            0x08017bc1   Thumb Code   114  stm32f4xx_spi.o(.text)
    SPI_SSOutputCmd                          0x08017c33   Thumb Code   100  stm32f4xx_spi.o(.text)
    SPI_TIModeCmd                            0x08017c97   Thumb Code   100  stm32f4xx_spi.o(.text)
    I2S_FullDuplexConfig                     0x08017cfb   Thumb Code   258  stm32f4xx_spi.o(.text)
    SPI_I2S_ReceiveData                      0x08017dfd   Thumb Code   100  stm32f4xx_spi.o(.text)
    SPI_I2S_SendData                         0x08017e61   Thumb Code    72  stm32f4xx_spi.o(.text)
    SPI_CalculateCRC                         0x08017ea9   Thumb Code   100  stm32f4xx_spi.o(.text)
    SPI_TransmitCRC                          0x08017f0d   Thumb Code    64  stm32f4xx_spi.o(.text)
    SPI_GetCRC                               0x08017f4d   Thumb Code    92  stm32f4xx_spi.o(.text)
    SPI_GetCRCPolynomial                     0x08017fa9   Thumb Code    58  stm32f4xx_spi.o(.text)
    SPI_I2S_DMACmd                           0x08017fe3   Thumb Code   132  stm32f4xx_spi.o(.text)
    SPI_I2S_ITConfig                         0x08018067   Thumb Code   156  stm32f4xx_spi.o(.text)
    SPI_I2S_GetFlagStatus                    0x08018103   Thumb Code   138  stm32f4xx_spi.o(.text)
    SPI_I2S_ClearFlag                        0x0801818d   Thumb Code    92  stm32f4xx_spi.o(.text)
    SPI_I2S_GetITStatus                      0x080181e9   Thumb Code   200  stm32f4xx_spi.o(.text)
    SPI_I2S_ClearITPendingBit                0x080182b1   Thumb Code   104  stm32f4xx_spi.o(.text)
    SYSCFG_DeInit                            0x08018335   Thumb Code    22  stm32f4xx_syscfg.o(.text)
    SYSCFG_MemoryRemapConfig                 0x0801834b   Thumb Code    34  stm32f4xx_syscfg.o(.text)
    SYSCFG_MemorySwappingBank                0x0801836d   Thumb Code    26  stm32f4xx_syscfg.o(.text)
    SYSCFG_EXTILineConfig                    0x08018387   Thumb Code   194  stm32f4xx_syscfg.o(.text)
    SYSCFG_ETH_MediaInterfaceConfig          0x08018449   Thumb Code    26  stm32f4xx_syscfg.o(.text)
    SYSCFG_CompensationCellCmd               0x08018463   Thumb Code    26  stm32f4xx_syscfg.o(.text)
    SYSCFG_GetCompensationCellStatus         0x0801847d   Thumb Code    22  stm32f4xx_syscfg.o(.text)
    TIM_DeInit                               0x080184d1   Thumb Code   440  stm32f4xx_tim.o(.text)
    TIM_TimeBaseInit                         0x08018689   Thumb Code   278  stm32f4xx_tim.o(.text)
    TIM_TimeBaseStructInit                   0x0801879f   Thumb Code    18  stm32f4xx_tim.o(.text)
    TIM_PrescalerConfig                      0x080187b1   Thumb Code   128  stm32f4xx_tim.o(.text)
    TIM_CounterModeConfig                    0x08018831   Thumb Code   100  stm32f4xx_tim.o(.text)
    TIM_SetCounter                           0x08018895   Thumb Code   202  stm32f4xx_tim.o(.text)
    TIM_SetAutoreload                        0x0801895f   Thumb Code   108  stm32f4xx_tim.o(.text)
    TIM_GetCounter                           0x080189cb   Thumb Code   106  stm32f4xx_tim.o(.text)
    TIM_GetPrescaler                         0x08018a35   Thumb Code   106  stm32f4xx_tim.o(.text)
    TIM_UpdateDisableConfig                  0x08018a9f   Thumb Code   148  stm32f4xx_tim.o(.text)
    TIM_UpdateRequestConfig                  0x08018b33   Thumb Code   148  stm32f4xx_tim.o(.text)
    TIM_ARRPreloadConfig                     0x08018bc7   Thumb Code   148  stm32f4xx_tim.o(.text)
    TIM_SelectOnePulseMode                   0x08018c5b   Thumb Code   142  stm32f4xx_tim.o(.text)
    TIM_SetClockDivision                     0x08018ce9   Thumb Code   192  stm32f4xx_tim.o(.text)
    TIM_Cmd                                  0x08018da9   Thumb Code   148  stm32f4xx_tim.o(.text)
    TIM_OC1Init                              0x08018e3d   Thumb Code   416  stm32f4xx_tim.o(.text)
    TIM_OC2Init                              0x08018fdd   Thumb Code   486  stm32f4xx_tim.o(.text)
    TIM_OC3Init                              0x080191c3   Thumb Code   416  stm32f4xx_tim.o(.text)
    TIM_OC4Init                              0x08019363   Thumb Code   300  stm32f4xx_tim.o(.text)
    TIM_OCStructInit                         0x0801948f   Thumb Code    20  stm32f4xx_tim.o(.text)
    TIM_SelectOCxM                           0x080194a3   Thumb Code   256  stm32f4xx_tim.o(.text)
    TIM_SetCompare1                          0x080195a3   Thumb Code   142  stm32f4xx_tim.o(.text)
    TIM_SetCompare2                          0x08019631   Thumb Code    72  stm32f4xx_tim.o(.text)
    TIM_SetCompare3                          0x08019679   Thumb Code    60  stm32f4xx_tim.o(.text)
    TIM_SetCompare4                          0x080196b5   Thumb Code    60  stm32f4xx_tim.o(.text)
    TIM_ForcedOC1Config                      0x080196f1   Thumb Code   130  stm32f4xx_tim.o(.text)
    TIM_ForcedOC2Config                      0x08019773   Thumb Code   114  stm32f4xx_tim.o(.text)
    TIM_ForcedOC3Config                      0x080197e5   Thumb Code    94  stm32f4xx_tim.o(.text)
    TIM_ForcedOC4Config                      0x08019843   Thumb Code   102  stm32f4xx_tim.o(.text)
    TIM_OC1PreloadConfig                     0x080198a9   Thumb Code   126  stm32f4xx_tim.o(.text)
    TIM_OC2PreloadConfig                     0x08019927   Thumb Code   108  stm32f4xx_tim.o(.text)
    TIM_OC3PreloadConfig                     0x08019993   Thumb Code   138  stm32f4xx_tim.o(.text)
    TIM_OC4PreloadConfig                     0x08019a1d   Thumb Code    96  stm32f4xx_tim.o(.text)
    TIM_OC1FastConfig                        0x08019a7d   Thumb Code   124  stm32f4xx_tim.o(.text)
    TIM_OC2FastConfig                        0x08019af9   Thumb Code   108  stm32f4xx_tim.o(.text)
    TIM_OC3FastConfig                        0x08019b65   Thumb Code    88  stm32f4xx_tim.o(.text)
    TIM_OC4FastConfig                        0x08019bbd   Thumb Code    96  stm32f4xx_tim.o(.text)
    TIM_ClearOC1Ref                          0x08019c1d   Thumb Code   124  stm32f4xx_tim.o(.text)
    TIM_ClearOC2Ref                          0x08019c99   Thumb Code   106  stm32f4xx_tim.o(.text)
    TIM_ClearOC3Ref                          0x08019d03   Thumb Code    88  stm32f4xx_tim.o(.text)
    TIM_ClearOC4Ref                          0x08019d5b   Thumb Code    94  stm32f4xx_tim.o(.text)
    TIM_OC1PolarityConfig                    0x08019db9   Thumb Code   174  stm32f4xx_tim.o(.text)
    TIM_OC1NPolarityConfig                   0x08019e67   Thumb Code    64  stm32f4xx_tim.o(.text)
    TIM_OC2PolarityConfig                    0x08019ea7   Thumb Code   108  stm32f4xx_tim.o(.text)
    TIM_OC2NPolarityConfig                   0x08019f13   Thumb Code    72  stm32f4xx_tim.o(.text)
    TIM_OC3PolarityConfig                    0x08019f5b   Thumb Code    96  stm32f4xx_tim.o(.text)
    TIM_OC3NPolarityConfig                   0x08019fbb   Thumb Code    72  stm32f4xx_tim.o(.text)
    TIM_OC4PolarityConfig                    0x0801a003   Thumb Code    96  stm32f4xx_tim.o(.text)
    TIM_CCxCmd                               0x0801a063   Thumb Code   168  stm32f4xx_tim.o(.text)
    TIM_CCxNCmd                              0x0801a10b   Thumb Code   104  stm32f4xx_tim.o(.text)
    TIM_SetIC4Prescaler                      0x0801a173   Thumb Code   106  stm32f4xx_tim.o(.text)
    TIM_SetIC3Prescaler                      0x0801a25d   Thumb Code    98  stm32f4xx_tim.o(.text)
    TIM_SetIC2Prescaler                      0x0801a307   Thumb Code   118  stm32f4xx_tim.o(.text)
    TIM_SetIC1Prescaler                      0x0801a3cd   Thumb Code   134  stm32f4xx_tim.o(.text)
    TIM_ICInit                               0x0801a48d   Thumb Code   508  stm32f4xx_tim.o(.text)
    TIM_ICStructInit                         0x0801a689   Thumb Code    18  stm32f4xx_tim.o(.text)
    TIM_PWMIConfig                           0x0801a69b   Thumb Code   184  stm32f4xx_tim.o(.text)
    TIM_GetCapture1                          0x0801a753   Thumb Code    92  stm32f4xx_tim.o(.text)
    TIM_GetCapture2                          0x0801a7af   Thumb Code    68  stm32f4xx_tim.o(.text)
    TIM_GetCapture3                          0x0801a7f3   Thumb Code    56  stm32f4xx_tim.o(.text)
    TIM_GetCapture4                          0x0801a82b   Thumb Code    56  stm32f4xx_tim.o(.text)
    TIM_BDTRConfig                           0x0801a863   Thumb Code   222  stm32f4xx_tim.o(.text)
    TIM_BDTRStructInit                       0x0801a941   Thumb Code    18  stm32f4xx_tim.o(.text)
    TIM_CtrlPWMOutputs                       0x0801a953   Thumb Code    78  stm32f4xx_tim.o(.text)
    TIM_SelectCOM                            0x0801a9a1   Thumb Code    72  stm32f4xx_tim.o(.text)
    TIM_CCPreloadControl                     0x0801a9e9   Thumb Code    72  stm32f4xx_tim.o(.text)
    TIM_ITConfig                             0x0801aa31   Thumb Code   218  stm32f4xx_tim.o(.text)
    TIM_GenerateEvent                        0x0801ab0b   Thumb Code   126  stm32f4xx_tim.o(.text)
    TIM_GetFlagStatus                        0x0801ab89   Thumb Code   188  stm32f4xx_tim.o(.text)
    TIM_ClearFlag                            0x0801ac45   Thumb Code   108  stm32f4xx_tim.o(.text)
    TIM_GetITStatus                          0x0801acb1   Thumb Code   186  stm32f4xx_tim.o(.text)
    TIM_ClearITPendingBit                    0x0801ad6b   Thumb Code   108  stm32f4xx_tim.o(.text)
    TIM_DMAConfig                            0x0801add7   Thumb Code   334  stm32f4xx_tim.o(.text)
    TIM_DMACmd                               0x0801af25   Thumb Code   126  stm32f4xx_tim.o(.text)
    TIM_SelectCCDMA                          0x0801afa3   Thumb Code    96  stm32f4xx_tim.o(.text)
    TIM_InternalClockConfig                  0x0801b003   Thumb Code    76  stm32f4xx_tim.o(.text)
    TIM_SelectInputTrigger                   0x0801b04f   Thumb Code   148  stm32f4xx_tim.o(.text)
    TIM_ITRxExternalClockConfig              0x0801b0e3   Thumb Code   110  stm32f4xx_tim.o(.text)
    TIM_TIxExternalClockConfig               0x0801b151   Thumb Code   184  stm32f4xx_tim.o(.text)
    TIM_ETRConfig                            0x0801b209   Thumb Code   164  stm32f4xx_tim.o(.text)
    TIM_ETRClockMode1Config                  0x0801b2ad   Thumb Code   228  stm32f4xx_tim.o(.text)
    TIM_ETRClockMode2Config                  0x0801b391   Thumb Code   152  stm32f4xx_tim.o(.text)
    TIM_SelectOutputTrigger                  0x0801b429   Thumb Code   126  stm32f4xx_tim.o(.text)
    TIM_SelectSlaveMode                      0x0801b4a7   Thumb Code   112  stm32f4xx_tim.o(.text)
    TIM_SelectMasterSlaveMode                0x0801b517   Thumb Code   102  stm32f4xx_tim.o(.text)
    TIM_EncoderInterfaceConfig               0x0801b57d   Thumb Code   226  stm32f4xx_tim.o(.text)
    TIM_SelectHallSensor                     0x0801b65f   Thumb Code   108  stm32f4xx_tim.o(.text)
    TIM_RemapConfig                          0x0801b6cb   Thumb Code   138  stm32f4xx_tim.o(.text)
    USART_DeInit                             0x0801b755   Thumb Code   276  stm32f4xx_usart.o(.text)
    USART_Init                               0x0801b869   Thumb Code   492  stm32f4xx_usart.o(.text)
    USART_StructInit                         0x0801ba55   Thumb Code    24  stm32f4xx_usart.o(.text)
    USART_ClockInit                          0x0801ba6d   Thumb Code   166  stm32f4xx_usart.o(.text)
    USART_ClockStructInit                    0x0801bb13   Thumb Code    12  stm32f4xx_usart.o(.text)
    USART_Cmd                                0x0801bb1f   Thumb Code   214  stm32f4xx_usart.o(.text)
    USART_SetPrescaler                       0x0801bbf5   Thumb Code    96  stm32f4xx_usart.o(.text)
    USART_OverSampling8Cmd                   0x0801bc55   Thumb Code   122  stm32f4xx_usart.o(.text)
    USART_OneBitMethodCmd                    0x0801bccf   Thumb Code   124  stm32f4xx_usart.o(.text)
    USART_SendData                           0x0801bd4b   Thumb Code   108  stm32f4xx_usart.o(.text)
    USART_ReceiveData                        0x0801bdb7   Thumb Code    86  stm32f4xx_usart.o(.text)
    USART_SetAddress                         0x0801be0d   Thumb Code   116  stm32f4xx_usart.o(.text)
    USART_ReceiverWakeUpCmd                  0x0801be81   Thumb Code   124  stm32f4xx_usart.o(.text)
    USART_WakeUpConfig                       0x0801befd   Thumb Code   120  stm32f4xx_usart.o(.text)
    USART_LINBreakDetectLengthConfig         0x0801bf75   Thumb Code   160  stm32f4xx_usart.o(.text)
    USART_LINCmd                             0x0801c015   Thumb Code   124  stm32f4xx_usart.o(.text)
    USART_SendBreak                          0x0801c091   Thumb Code    88  stm32f4xx_usart.o(.text)
    USART_HalfDuplexCmd                      0x0801c0e9   Thumb Code   124  stm32f4xx_usart.o(.text)
    USART_SetGuardTime                       0x0801c165   Thumb Code    60  stm32f4xx_usart.o(.text)
    USART_SmartCardCmd                       0x0801c1a1   Thumb Code    88  stm32f4xx_usart.o(.text)
    USART_SmartCardNACKCmd                   0x0801c1f9   Thumb Code    88  stm32f4xx_usart.o(.text)
    USART_IrDAConfig                         0x0801c251   Thumb Code   118  stm32f4xx_usart.o(.text)
    USART_IrDACmd                            0x0801c2c7   Thumb Code   124  stm32f4xx_usart.o(.text)
    USART_DMACmd                             0x0801c343   Thumb Code   184  stm32f4xx_usart.o(.text)
    USART_ITConfig                           0x0801c3fb   Thumb Code   290  stm32f4xx_usart.o(.text)
    USART_GetFlagStatus                      0x0801c51d   Thumb Code   200  stm32f4xx_usart.o(.text)
    USART_ClearFlag                          0x0801c5e5   Thumb Code   158  stm32f4xx_usart.o(.text)
    USART_GetITStatus                        0x0801c683   Thumb Code   306  stm32f4xx_usart.o(.text)
    USART_ClearITPendingBit                  0x0801c7b5   Thumb Code   234  stm32f4xx_usart.o(.text)
    FPGA_Init                                0x0801c8b1   Thumb Code   674  fpga.o(.text)
    FPGA_WriteBuffer                         0x0801cb53   Thumb Code    24  fpga.o(.text)
    FPGA_ResetHardware                       0x0801cb6b   Thumb Code   104  fpga.o(.text)
    FPGA_ReadBuffer                          0x0801cbd3   Thumb Code    22  fpga.o(.text)
    FPGA_DATA_WriteBuffer                    0x0801cbe9   Thumb Code    24  fpga.o(.text)
    FPGA_DATA_ReadBuffer                     0x0801cc01   Thumb Code    22  fpga.o(.text)
    SysTick_Handler                          0x0801cc29   Thumb Code    38  scope_it.o(.text)
    TIM2_IRQHandler                          0x0801cc4f   Thumb Code   486  scope_it.o(.text)
    IT_SYS_DlyMs                             0x0801ce35   Thumb Code    30  scope_it.o(.text)
    IT_SYS_GetTicks                          0x0801ce53   Thumb Code     6  scope_it.o(.text)
    IT_SYS_SetTicks                          0x0801ce59   Thumb Code    10  scope_it.o(.text)
    IT_SYS_SetDlyMs                          0x0801ce63   Thumb Code    16  scope_it.o(.text)
    IT_SYS_CheckDlyFin                       0x0801ce73   Thumb Code    20  scope_it.o(.text)
    IT_LIST_GetTicks                         0x0801ce87   Thumb Code     6  scope_it.o(.text)
    IT_LIST_SetTicks                         0x0801ce8d   Thumb Code    10  scope_it.o(.text)
    IT_ADC_GetTicks                          0x0801ce97   Thumb Code     6  scope_it.o(.text)
    IT_ADC_SetTicks                          0x0801ce9d   Thumb Code    10  scope_it.o(.text)
    MV_InitPara                              0x0801cef5   Thumb Code   190  scope_move.o(.text)
    MV_Move                                  0x0801cfb3   Thumb Code   434  scope_move.o(.text)
    MV_Stop                                  0x0801d165   Thumb Code    98  scope_move.o(.text)
    MV_Wait                                  0x0801d1c7   Thumb Code    84  scope_move.o(.text)
    MV_GetStepsExecuted                      0x0801d21b   Thumb Code    56  scope_move.o(.text)
    MV_IsFinished                            0x0801d253   Thumb Code    20  scope_move.o(.text)
    MV_IsrMoveHandling                       0x0801d267   Thumb Code   104  scope_move.o(.text)
    BUF_Send_Init                            0x0801d2e1   Thumb Code    14  buffercircle.o(.text)
    BUF_Send_PutChar                         0x0801d2ef   Thumb Code    54  buffercircle.o(.text)
    BUF_Send_GetChar                         0x0801d325   Thumb Code    74  buffercircle.o(.text)
    BUF_Send_PutNChar                        0x0801d3f9   Thumb Code    94  buffercircle.o(.text)
    BUF_Send_GetNChar                        0x0801d457   Thumb Code    94  buffercircle.o(.text)
    BUF_Recv_Init                            0x0801d4b5   Thumb Code    14  buffercircle.o(.text)
    BUF_Recv_PutChar                         0x0801d4c3   Thumb Code    54  buffercircle.o(.text)
    BUF_Recv_GetChar                         0x0801d4f9   Thumb Code    74  buffercircle.o(.text)
    BUF_Recv_PutNChar                        0x0801d5cd   Thumb Code    94  buffercircle.o(.text)
    BUF_Recv_GetNChar                        0x0801d62b   Thumb Code    94  buffercircle.o(.text)
    NET_BUF_Send_Init                        0x0801d699   Thumb Code    14  netbuffercircle.o(.text)
    NET_BUF_Send_PutChar                     0x0801d6a7   Thumb Code    54  netbuffercircle.o(.text)
    NET_BUF_Send_GetChar                     0x0801d6dd   Thumb Code    74  netbuffercircle.o(.text)
    NET_BUF_Send_GetLenConsume               0x0801d727   Thumb Code   112  netbuffercircle.o(.text)
    NET_BUF_Send_GetLenRemain                0x0801d797   Thumb Code    26  netbuffercircle.o(.text)
    NET_BUF_Send_PutNChar                    0x0801d7b1   Thumb Code    94  netbuffercircle.o(.text)
    NET_BUF_Send_GetNChar                    0x0801d80f   Thumb Code    94  netbuffercircle.o(.text)
    NET_BUF_Recv_Init                        0x0801d86d   Thumb Code    14  netbuffercircle.o(.text)
    NET_BUF_Recv_PutChar                     0x0801d87b   Thumb Code    54  netbuffercircle.o(.text)
    NET_BUF_Recv_GetChar                     0x0801d8b1   Thumb Code    74  netbuffercircle.o(.text)
    NET_BUF_Recv_GetLenConsume               0x0801d8fb   Thumb Code   112  netbuffercircle.o(.text)
    NET_BUF_Recv_GetLenRemain                0x0801d96b   Thumb Code    26  netbuffercircle.o(.text)
    NET_BUF_Recv_PutNChar                    0x0801d985   Thumb Code    94  netbuffercircle.o(.text)
    NET_BUF_Recv_GetNChar                    0x0801d9e3   Thumb Code    94  netbuffercircle.o(.text)
    Delay_US                                 0x0801da71   Thumb Code    54  driver.o(.text)
    EVAL_OutputInit                          0x0801daa7   Thumb Code    62  driver.o(.text)
    EVAL_OutputSet                           0x0801dae5   Thumb Code    16  driver.o(.text)
    EVAL_OutputClr                           0x0801daf5   Thumb Code    16  driver.o(.text)
    EVAL_OutputToggle                        0x0801db05   Thumb Code    26  driver.o(.text)
    PF_InitTimer2                            0x0801db1f   Thumb Code   122  driver.o(.text)
    _sys_exit                                0x0801db99   Thumb Code     6  driver.o(.text)
    fputc                                    0x0801db9f   Thumb Code    20  driver.o(.text)
    COM_Init                                 0x0801dbb3   Thumb Code   126  driver.o(.text)
    Debug_Uart_Init                          0x0801dc31   Thumb Code     8  driver.o(.text)
    ADC1_DMA_Config                          0x0801dc39   Thumb Code   174  driver.o(.text)
    ADC1_Init                                0x0801dce7   Thumb Code   192  driver.o(.text)
    DMA2_Stream0_IRQHandler                  0x0801dda7   Thumb Code    72  driver.o(.text)
    DMA2_Stream3_IRQHandler                  0x0801ddef   Thumb Code   154  driver.o(.text)
    ADC2_DMA_Config                          0x0801de89   Thumb Code   178  driver.o(.text)
    ADC2_Init                                0x0801df3b   Thumb Code   174  driver.o(.text)
    ADC3_GPIO_Init                           0x0801dfe9   Thumb Code   288  driver.o(.text)
    ADC3_Init                                0x0801e109   Thumb Code    88  driver.o(.text)
    Disable_ADC                              0x0801e161   Thumb Code    64  driver.o(.text)
    Reset_ADC_InitDataType                   0x0801e1a1   Thumb Code    20  driver.o(.text)
    Eable_ADC                                0x0801e1b5   Thumb Code    48  driver.o(.text)
    Get_ADC3_Channel_Value                   0x0801e1e5   Thumb Code   102  driver.o(.text)
    Get_Press_ADC                            0x0801e24b   Thumb Code     4  driver.o(.text)
    Get_XK_ADC                               0x0801e24f   Thumb Code    18  driver.o(.text)
    Get_12V_N_ADC                            0x0801e261   Thumb Code    72  driver.o(.text)
    Get_12V_P_ADC                            0x0801e2a9   Thumb Code    18  driver.o(.text)
    Get_56V_Cur_ADC                          0x0801e2bb   Thumb Code    18  driver.o(.text)
    Get_LED_Cur_ADC                          0x0801e2cd   Thumb Code    18  driver.o(.text)
    Get_Temp_ADC                             0x0801e2df   Thumb Code    18  driver.o(.text)
    HW_Get_ADC_HGB                           0x0801e2f1   Thumb Code    20  driver.o(.text)
    HW_Get_ADC_CRP                           0x0801e305   Thumb Code    20  driver.o(.text)
    Get_HGB_Value                            0x0801e319   Thumb Code    38  driver.o(.text)
    Get_CRP_Value                            0x0801e33f   Thumb Code    26  driver.o(.text)
    Press_I2C_Init                           0x0801e359   Thumb Code    96  driver.o(.text)
    Press_Init                               0x0801e3b9   Thumb Code     8  driver.o(.text)
    Press_I2C_Start                          0x0801e3c1   Thumb Code    68  driver.o(.text)
    Press_I2C_Stop                           0x0801e405   Thumb Code    60  driver.o(.text)
    Press_I2C_Wait_Ack                       0x0801e441   Thumb Code    78  driver.o(.text)
    Press_I2C_Ack                            0x0801e48f   Thumb Code    72  driver.o(.text)
    Press_I2C_NAck                           0x0801e4d7   Thumb Code    72  driver.o(.text)
    Press_I2C_Send_Byte                      0x0801e51f   Thumb Code   102  driver.o(.text)
    Press_I2C_Read_Byte                      0x0801e585   Thumb Code    98  driver.o(.text)
    Get_Press_I2C                            0x0801e5e7   Thumb Code   202  driver.o(.text)
    Reset_Elec_Status                        0x0801e6b1   Thumb Code    14  driver.o(.text)
    Set_Elec_Status                          0x0801e6bf   Thumb Code    14  driver.o(.text)
    Get_Elec_Status                          0x0801e6cd   Thumb Code    14  driver.o(.text)
    Elec_Init                                0x0801e6db   Thumb Code    44  driver.o(.text)
    Get_Elec_ADC                             0x0801e707   Thumb Code   136  driver.o(.text)
    Beep_Init                                0x0801e78f   Thumb Code    46  driver.o(.text)
    Beep                                     0x0801e7bd   Thumb Code    86  driver.o(.text)
    Pump_PWM_Init                            0x0801e813   Thumb Code   176  driver.o(.text)
    Pump_init                                0x0801e8c3   Thumb Code    22  driver.o(.text)
    Pump_AntiClockWise                       0x0801e8d9   Thumb Code     2  driver.o(.text)
    Pump_ClockWise                           0x0801e8db   Thumb Code     2  driver.o(.text)
    Pump_Speed_Set                           0x0801e8dd   Thumb Code    32  driver.o(.text)
    Pump_Exec                                0x0801e8fd   Thumb Code    40  driver.o(.text)
    Mixing_Motor_Init                        0x0801e925   Thumb Code    56  driver.o(.text)
    Mixing_Motor_Run                         0x0801e95d   Thumb Code    12  driver.o(.text)
    Mixing_Motor_Stop                        0x0801e969   Thumb Code    12  driver.o(.text)
    Valve_Init                               0x0801e975   Thumb Code   100  driver.o(.text)
    Valve_Air_Exec                           0x0801e9d9   Thumb Code    32  driver.o(.text)
    Valve_Liquid_Exec                        0x0801e9f9   Thumb Code    30  driver.o(.text)
    Valve_Exec                               0x0801ea17   Thumb Code    28  driver.o(.text)
    Turn_Motor_Init                          0x0801ea33   Thumb Code   252  driver.o(.text)
    Turn_Motor_Power                         0x0801eb2f   Thumb Code    60  driver.o(.text)
    Turn_Motor_Break                         0x0801eb6b   Thumb Code    14  driver.o(.text)
    Turn_Motor_Free                          0x0801eb79   Thumb Code    14  driver.o(.text)
    Get_Turn_Reset_OC_Status                 0x0801eb87   Thumb Code    12  driver.o(.text)
    Turn_Motor_Reset                         0x0801eb93   Thumb Code   142  driver.o(.text)
    Get_Turn_Select_OC_Status                0x0801ec21   Thumb Code    12  driver.o(.text)
    Turn_Motor_Anti_ClockWise                0x0801ec2d   Thumb Code   186  driver.o(.text)
    Turn_Motor_ClockWise                     0x0801ece7   Thumb Code   188  driver.o(.text)
    Turn_Motor_Goto_Postion                  0x0801eda3   Thumb Code    28  driver.o(.text)
    Turn_Motor_Select_LED                    0x0801edbf   Thumb Code   228  driver.o(.text)
    Get_Micro_OC_Status                      0x0801eea3   Thumb Code    12  driver.o(.text)
    EXTI9_5_IRQHandler                       0x0801eeaf   Thumb Code    96  driver.o(.text)
    Micro_OC_Init                            0x0801ef0f   Thumb Code   444  driver.o(.text)
    OC_Init                                  0x0801f0cb   Thumb Code   170  driver.o(.text)
    Get_Out_OC_Status                        0x0801f175   Thumb Code    12  driver.o(.text)
    Get_In_OC_Status                         0x0801f181   Thumb Code    12  driver.o(.text)
    LED_Cur_DAC_Init                         0x0801f18d   Thumb Code    84  driver.o(.text)
    LED_Init                                 0x0801f1e1   Thumb Code   572  driver.o(.text)
    LED_Cur_DAC_Set                          0x0801f41d   Thumb Code    14  driver.o(.text)
    LED_Cur_Auto_Adjust                      0x0801f42b   Thumb Code   122  driver.o(.text)
    LED_Cur_Switch                           0x0801f4a5   Thumb Code    32  driver.o(.text)
    LED_Cur_ADC_Check_Channel                0x0801f4c5   Thumb Code   302  driver.o(.text)
    LED_Exec                                 0x0801f5f3   Thumb Code   246  driver.o(.text)
    LED_All_Reset                            0x0801f6e9   Thumb Code    24  driver.o(.text)
    DResistor_Init                           0x0801f701   Thumb Code   142  driver.o(.text)
    DRegister_Write                          0x0801f78f   Thumb Code   164  driver.o(.text)
    EVAL_Init                                0x0801f833   Thumb Code   242  driver.o(.text)
    Driver_Debug                             0x0801f925   Thumb Code  2270  driver.o(.text)
    ADC24Bit_SPI_ReadWriteByte               0x08020309   Thumb Code    80  ad7799.o(.text)
    ADC24Bit_SPI_Init                        0x08020359   Thumb Code   324  ad7799.o(.text)
    ADC24Bit_GPIO_Init                       0x0802049d   Thumb Code   194  ad7799.o(.text)
    SPI_Write                                0x0802055f   Thumb Code   152  ad7799.o(.text)
    AD7799_Reset                             0x080205f7   Thumb Code    36  ad7799.o(.text)
    SPI_Read                                 0x0802061b   Thumb Code   152  ad7799.o(.text)
    AD7799_GetRegisterValue                  0x080206b3   Thumb Code   152  ad7799.o(.text)
    AD7799_SetRegisterValue                  0x0802074b   Thumb Code   106  ad7799.o(.text)
    AD7799_Init                              0x080207b5   Thumb Code   254  ad7799.o(.text)
    ADC24Bit_Init                            0x080208b3   Thumb Code    12  ad7799.o(.text)
    AD7799_Calibrate                         0x080208bf   Thumb Code   256  ad7799.o(.text)
    AD7799_SetChannel                        0x080209bf   Thumb Code    36  ad7799.o(.text)
    AD7799_SetMode                           0x080209e3   Thumb Code    48  ad7799.o(.text)
    AD7799_SetGain                           0x08020a13   Thumb Code    38  ad7799.o(.text)
    AD7799_SetBurnoutCurren                  0x08020a39   Thumb Code    36  ad7799.o(.text)
    AD7799_SetBufMode                        0x08020a5d   Thumb Code    36  ad7799.o(.text)
    AD7799_Get_Out_Data                      0x08020a81   Thumb Code    12  ad7799.o(.text)
    AD7799_Get_ADC_Value                     0x08020a8d   Thumb Code    14  ad7799.o(.text)
    AD7799_Get_Value                         0x08020a9b   Thumb Code    56  ad7799.o(.text)
    ethernetif_input                         0x08020d71   Thumb Code    42  ethernetif.o(.text)
    ethernetif_init                          0x08020d9b   Thumb Code    38  ethernetif.o(.text)
    etharp_tmr                               0x08020e1f   Thumb Code   136  etharp.o(.text)
    etharp_cleanup_netif                     0x080210ed   Thumb Code    52  etharp.o(.text)
    etharp_find_addr                         0x08021121   Thumb Code    82  etharp.o(.text)
    etharp_request                           0x08021335   Thumb Code    36  etharp.o(.text)
    etharp_query                             0x080213c1   Thumb Code   338  etharp.o(.text)
    etharp_output                            0x08021513   Thumb Code   314  etharp.o(.text)
    ethernet_input                           0x0802164d   Thumb Code   178  etharp.o(.text)
    icmp_input                               0x08021711   Thumb Code   340  icmp.o(.text)
    icmp_dest_unreach                        0x080218d5   Thumb Code    18  icmp.o(.text)
    icmp_time_exceeded                       0x080218e7   Thumb Code    18  icmp.o(.text)
    inet_chksum_pseudo                       0x0802195f   Thumb Code   162  inet_chksum.o(.text)
    inet_chksum_pseudo_partial               0x08021a01   Thumb Code   184  inet_chksum.o(.text)
    inet_chksum                              0x08021ab9   Thumb Code    20  inet_chksum.o(.text)
    inet_chksum_pbuf                         0x08021acd   Thumb Code    86  inet_chksum.o(.text)
    ip_route                                 0x08021b25   Thumb Code    76  ip.o(.text)
    ip_input                                 0x08021b71   Thumb Code   422  ip.o(.text)
    ip_output_if                             0x08021d17   Thumb Code   192  ip.o(.text)
    ip_output                                0x08021dd7   Thumb Code    56  ip.o(.text)
    ip4_addr_isbroadcast                     0x08021e2d   Thumb Code    78  ip_addr.o(.text)
    ip4_addr_netmask_valid                   0x08021e7b   Thumb Code    52  ip_addr.o(.text)
    ipaddr_aton                              0x08021eaf   Thumb Code   348  ip_addr.o(.text)
    ipaddr_addr                              0x0802200b   Thumb Code    24  ip_addr.o(.text)
    ipaddr_ntoa_r                            0x08022023   Thumb Code   168  ip_addr.o(.text)
    ipaddr_ntoa                              0x080220cb   Thumb Code    16  ip_addr.o(.text)
    ip_reass_tmr                             0x080221a5   Thumb Code    48  ip_frag.o(.text)
    ip_reass                                 0x080223fb   Thumb Code   396  ip_frag.o(.text)
    ip_frag                                  0x080225c3   Thumb Code   424  ip_frag.o(.text)
    lwip_htons                               0x08022775   Thumb Code    12  def.o(.text)
    lwip_ntohs                               0x08022781   Thumb Code    12  def.o(.text)
    lwip_htonl                               0x0802278d   Thumb Code    26  def.o(.text)
    lwip_ntohl                               0x080227a7   Thumb Code    12  def.o(.text)
    dhcp_renew                               0x08022c45   Thumb Code   160  dhcp.o(.text)
    dhcp_coarse_tmr                          0x08022da9   Thumb Code    62  dhcp.o(.text)
    dhcp_release                             0x08022e8b   Thumb Code   162  dhcp.o(.text)
    dhcp_fine_tmr                            0x080230b5   Thumb Code    64  dhcp.o(.text)
    dhcp_set_struct                          0x0802317b   Thumb Code    30  dhcp.o(.text)
    dhcp_cleanup                             0x08023199   Thumb Code    24  dhcp.o(.text)
    dhcp_stop                                0x080231b1   Thumb Code    58  dhcp.o(.text)
    dhcp_start                               0x080235f7   Thumb Code   206  dhcp.o(.text)
    dhcp_inform                              0x080236c5   Thumb Code   170  dhcp.o(.text)
    dhcp_network_changed                     0x0802376f   Thumb Code    80  dhcp.o(.text)
    dhcp_arp_reply                           0x0802383d   Thumb Code    46  dhcp.o(.text)
    mem_init                                 0x080238fd   Thumb Code    74  mem.o(.text)
    mem_free                                 0x08023947   Thumb Code    68  mem.o(.text)
    mem_trim                                 0x0802398b   Thumb Code   288  mem.o(.text)
    mem_malloc                               0x08023aab   Thumb Code   222  mem.o(.text)
    mem_calloc                               0x08023b89   Thumb Code    34  mem.o(.text)
    memp_init                                0x08023bbd   Thumb Code    82  memp.o(.text)
    memp_malloc                              0x08023c0f   Thumb Code    40  memp.o(.text)
    memp_free                                0x08023c37   Thumb Code    28  memp.o(.text)
    netif_init                               0x08023c65   Thumb Code     2  netif.o(.text)
    netif_set_gw                             0x08023c67   Thumb Code    12  netif.o(.text)
    netif_set_netmask                        0x08023c73   Thumb Code    12  netif.o(.text)
    netif_set_ipaddr                         0x08023c7f   Thumb Code   110  netif.o(.text)
    netif_set_addr                           0x08023ced   Thumb Code    40  netif.o(.text)
    netif_add                                0x08023d15   Thumb Code   104  netif.o(.text)
    netif_set_default                        0x08023d7d   Thumb Code     6  netif.o(.text)
    netif_set_down                           0x08023d83   Thumb Code    42  netif.o(.text)
    netif_remove                             0x08023dad   Thumb Code    90  netif.o(.text)
    netif_find                               0x08023e07   Thumb Code    64  netif.o(.text)
    netif_set_up                             0x08023e47   Thumb Code    54  netif.o(.text)
    netif_set_link_up                        0x08023e7d   Thumb Code    80  netif.o(.text)
    netif_set_link_down                      0x08023ecd   Thumb Code    42  netif.o(.text)
    netif_set_link_callback                  0x08023ef7   Thumb Code     6  netif.o(.text)
    pbuf_free                                0x08023f11   Thumb Code   134  pbuf.o(.text)
    pbuf_alloc                               0x08023f97   Thumb Code   408  pbuf.o(.text)
    pbuf_alloced_custom                      0x0802412f   Thumb Code   108  pbuf.o(.text)
    pbuf_realloc                             0x0802419b   Thumb Code   120  pbuf.o(.text)
    pbuf_header                              0x08024213   Thumb Code   126  pbuf.o(.text)
    pbuf_clen                                0x08024291   Thumb Code    18  pbuf.o(.text)
    pbuf_ref                                 0x080242a3   Thumb Code    10  pbuf.o(.text)
    pbuf_cat                                 0x080242ad   Thumb Code    56  pbuf.o(.text)
    pbuf_chain                               0x080242e5   Thumb Code    22  pbuf.o(.text)
    pbuf_dechain                             0x080242fb   Thumb Code    56  pbuf.o(.text)
    pbuf_copy                                0x08024333   Thumb Code   192  pbuf.o(.text)
    pbuf_copy_partial                        0x080243f3   Thumb Code   146  pbuf.o(.text)
    pbuf_take                                0x08024485   Thumb Code   116  pbuf.o(.text)
    pbuf_coalesce                            0x080244f9   Thumb Code    60  pbuf.o(.text)
    pbuf_get_at                              0x08024535   Thumb Code    46  pbuf.o(.text)
    pbuf_memcmp                              0x08024563   Thumb Code    96  pbuf.o(.text)
    pbuf_memfind                             0x080245c3   Thumb Code    76  pbuf.o(.text)
    pbuf_strstr                              0x0802460f   Thumb Code    60  pbuf.o(.text)
    raw_input                                0x0802464d   Thumb Code   102  raw.o(.text)
    raw_bind                                 0x080246b3   Thumb Code    16  raw.o(.text)
    raw_connect                              0x080246c3   Thumb Code    16  raw.o(.text)
    raw_recv                                 0x080246d3   Thumb Code     6  raw.o(.text)
    raw_sendto                               0x080246d9   Thumb Code   158  raw.o(.text)
    raw_send                                 0x08024777   Thumb Code    18  raw.o(.text)
    raw_remove                               0x08024789   Thumb Code    60  raw.o(.text)
    raw_new                                  0x080247c5   Thumb Code    42  raw.o(.text)
    tcp_init                                 0x080247fd   Thumb Code     2  tcp.o(.text)
    tcp_seg_free                             0x080247ff   Thumb Code    26  tcp.o(.text)
    tcp_segs_free                            0x08024819   Thumb Code    24  tcp.o(.text)
    tcp_pcb_purge                            0x08024831   Thumb Code    64  tcp.o(.text)
    tcp_slowtmr                              0x08024871   Thumb Code   802  tcp.o(.text)
    tcp_pcb_remove                           0x08024b93   Thumb Code   140  tcp.o(.text)
    tcp_close                                0x08024df7   Thumb Code    28  tcp.o(.text)
    tcp_update_rcv_ann_wnd                   0x08024e13   Thumb Code    78  tcp.o(.text)
    tcp_recved                               0x08024e61   Thumb Code    70  tcp.o(.text)
    tcp_recv_null                            0x08024ea7   Thumb Code    46  tcp.o(.text)
    tcp_process_refused_data                 0x08024ed5   Thumb Code   140  tcp.o(.text)
    tcp_fasttmr                              0x08024f61   Thumb Code   110  tcp.o(.text)
    tcp_tmr                                  0x08024fcf   Thumb Code    30  tcp.o(.text)
    tcp_shutdown                             0x08024fed   Thumb Code    98  tcp.o(.text)
    tcp_abandon                              0x0802504f   Thumb Code   170  tcp.o(.text)
    tcp_abort                                0x080250f9   Thumb Code    14  tcp.o(.text)
    tcp_bind                                 0x08025167   Thumb Code   142  tcp.o(.text)
    tcp_listen_with_backlog                  0x080251fd   Thumb Code   198  tcp.o(.text)
    tcp_eff_send_mss                         0x080252c3   Thumb Code    46  tcp.o(.text)
    tcp_next_iss                             0x080252f1   Thumb Code    20  tcp.o(.text)
    tcp_connect                              0x08025305   Thumb Code   328  tcp.o(.text)
    tcp_setprio                              0x0802544d   Thumb Code     4  tcp.o(.text)
    tcp_alloc                                0x080254cf   Thumb Code   242  tcp.o(.text)
    tcp_new                                  0x080255c1   Thumb Code    10  tcp.o(.text)
    tcp_arg                                  0x080255cb   Thumb Code     4  tcp.o(.text)
    tcp_recv                                 0x080255cf   Thumb Code     8  tcp.o(.text)
    tcp_sent                                 0x080255d7   Thumb Code     8  tcp.o(.text)
    tcp_err                                  0x080255df   Thumb Code    10  tcp.o(.text)
    tcp_accept                               0x080255e9   Thumb Code     4  tcp.o(.text)
    tcp_poll                                 0x080255ed   Thumb Code    14  tcp.o(.text)
    tcp_debug_state_str                      0x080255fb   Thumb Code    10  tcp.o(.text)
    tcp_input                                0x08026429   Thumb Code  1134  tcp_in.o(.text)
    tcp_enqueue_flags                        0x080269e5   Thumb Code   272  tcp_out.o(.text)
    tcp_send_fin                             0x08026af5   Thumb Code    74  tcp_out.o(.text)
    tcp_write                                0x08026c27   Thumb Code   902  tcp_out.o(.text)
    tcp_send_empty_ack                       0x08026fad   Thumb Code    78  tcp_out.o(.text)
    tcp_output                               0x080270c3   Thumb Code   444  tcp_out.o(.text)
    tcp_rst                                  0x0802727f   Thumb Code   124  tcp_out.o(.text)
    tcp_rexmit_rto                           0x080272fb   Thumb Code    58  tcp_out.o(.text)
    tcp_rexmit                               0x08027335   Thumb Code    90  tcp_out.o(.text)
    tcp_rexmit_fast                          0x0802738f   Thumb Code   112  tcp_out.o(.text)
    tcp_keepalive                            0x080273ff   Thumb Code    68  tcp_out.o(.text)
    tcp_zero_window_probe                    0x08027443   Thumb Code   172  tcp_out.o(.text)
    tcp_timer_needed                         0x080274ef   Thumb Code     2  timers.o(.text)
    udp_init                                 0x080274f1   Thumb Code     2  udp.o(.text)
    udp_input                                0x08027543   Thumb Code   450  udp.o(.text)
    udp_bind                                 0x08027705   Thumb Code   122  udp.o(.text)
    udp_sendto_if                            0x0802777f   Thumb Code   206  udp.o(.text)
    udp_sendto                               0x0802784d   Thumb Code    46  udp.o(.text)
    udp_send                                 0x0802787b   Thumb Code    20  udp.o(.text)
    udp_connect                              0x0802788f   Thumb Code   110  udp.o(.text)
    udp_disconnect                           0x080278fd   Thumb Code    16  udp.o(.text)
    udp_recv                                 0x0802790d   Thumb Code     6  udp.o(.text)
    udp_remove                               0x08027913   Thumb Code    60  udp.o(.text)
    udp_new                                  0x0802794f   Thumb Code    28  udp.o(.text)
    LwIP_Init                                0x08027971   Thumb Code   164  netconf.o(.text)
    LwIP_Pkt_Handle                          0x08027a15   Thumb Code    10  netconf.o(.text)
    LwIP_Periodic_Handle                     0x08027a1f   Thumb Code    52  netconf.o(.text)
    ETH_BSP_Config                           0x08027c3b   Thumb Code    38  stm32f4x7_eth_bsp.o(.text)
    Eth_Link_PHYITConfig                     0x08027c61   Thumb Code    70  stm32f4x7_eth_bsp.o(.text)
    Eth_Link_EXTIConfig                      0x08027ca7   Thumb Code   104  stm32f4x7_eth_bsp.o(.text)
    Eth_Link_ITHandler                       0x08027d0f   Thumb Code    48  stm32f4x7_eth_bsp.o(.text)
    ETH_link_callback                        0x08027d3f   Thumb Code   282  stm32f4x7_eth_bsp.o(.text)
    udp_echoserver_receive_callback          0x08027f19   Thumb Code   160  udp_echoserver.o(.text)
    udp_echoserver_init                      0x08027fb9   Thumb Code   162  udp_echoserver.o(.text)
    udp_echoserver_senddata                  0x0802805b   Thumb Code    52  udp_echoserver.o(.text)
    __aeabi_memcpy                           0x08028165   Thumb Code    36  memcpya.o(.text)
    __aeabi_memcpy4                          0x08028165   Thumb Code     0  memcpya.o(.text)
    __aeabi_memcpy8                          0x08028165   Thumb Code     0  memcpya.o(.text)
    __aeabi_memset                           0x08028189   Thumb Code    14  memseta.o(.text)
    __aeabi_memset4                          0x08028189   Thumb Code     0  memseta.o(.text)
    __aeabi_memset8                          0x08028189   Thumb Code     0  memseta.o(.text)
    __aeabi_memclr                           0x08028197   Thumb Code     4  memseta.o(.text)
    __aeabi_memclr4                          0x08028197   Thumb Code     0  memseta.o(.text)
    __aeabi_memclr8                          0x08028197   Thumb Code     0  memseta.o(.text)
    _memset$wrapper                          0x0802819b   Thumb Code    18  memseta.o(.text)
    strncpy                                  0x080281ad   Thumb Code    24  strncpy.o(.text)
    strlen                                   0x080281c5   Thumb Code    14  strlen.o(.text)
    memcmp                                   0x080281d3   Thumb Code    26  memcmp.o(.text)
    __aeabi_dadd                             0x080281ed   Thumb Code   322  dadd.o(.text)
    __aeabi_dsub                             0x0802832f   Thumb Code     6  dadd.o(.text)
    __aeabi_drsub                            0x08028335   Thumb Code     6  dadd.o(.text)
    __aeabi_dmul                             0x0802833b   Thumb Code   228  dmul.o(.text)
    __aeabi_ui2d                             0x0802841f   Thumb Code    26  dfltui.o(.text)
    __aeabi_d2iz                             0x08028439   Thumb Code    62  dfixi.o(.text)
    __aeabi_d2uiz                            0x08028477   Thumb Code    50  dfixui.o(.text)
    __aeabi_f2d                              0x080284a9   Thumb Code    38  f2d.o(.text)
    __aeabi_cdrcmple                         0x080284d1   Thumb Code    38  cdrcmple.o(.text)
    __aeabi_uidiv                            0x080284f9   Thumb Code     0  uidiv.o(.text)
    __aeabi_uidivmod                         0x080284f9   Thumb Code    44  uidiv.o(.text)
    __aeabi_uldivmod                         0x08028525   Thumb Code    98  uldiv.o(.text)
    __aeabi_llsl                             0x08028587   Thumb Code    30  llshl.o(.text)
    _ll_shift_l                              0x08028587   Thumb Code     0  llshl.o(.text)
    __aeabi_llsr                             0x080285a5   Thumb Code    32  llushr.o(.text)
    _ll_ushift_r                             0x080285a5   Thumb Code     0  llushr.o(.text)
    __aeabi_lasr                             0x080285c5   Thumb Code    36  llsshr.o(.text)
    _ll_sshift_r                             0x080285c5   Thumb Code     0  llsshr.o(.text)
    __I$use$fp                               0x080285e9   Thumb Code     0  iusefp.o(.text)
    _double_round                            0x080285e9   Thumb Code    26  depilogue.o(.text)
    _double_epilogue                         0x08028603   Thumb Code   164  depilogue.o(.text)
    __aeabi_ddiv                             0x080286a7   Thumb Code   222  ddiv.o(.text)
    __aeabi_d2ulz                            0x08028785   Thumb Code    48  dfixul.o(.text)
    __decompress                             0x080287b5   Thumb Code     0  __dczerorl2.o(.text)
    __decompress1                            0x080287b5   Thumb Code    92  __dczerorl2.o(.text)
    __0printf                                0x08028811   Thumb Code    22  printfa.o(i.__0printf)
    __1printf                                0x08028811   Thumb Code     0  printfa.o(i.__0printf)
    __2printf                                0x08028811   Thumb Code     0  printfa.o(i.__0printf)
    __c89printf                              0x08028811   Thumb Code     0  printfa.o(i.__0printf)
    printf                                   0x08028811   Thumb Code     0  printfa.o(i.__0printf)
    __0sprintf                               0x08028831   Thumb Code    34  printfa.o(i.__0sprintf)
    __1sprintf                               0x08028831   Thumb Code     0  printfa.o(i.__0sprintf)
    __2sprintf                               0x08028831   Thumb Code     0  printfa.o(i.__0sprintf)
    __c89sprintf                             0x08028831   Thumb Code     0  printfa.o(i.__0sprintf)
    sprintf                                  0x08028831   Thumb Code     0  printfa.o(i.__0sprintf)
    softver_edtion                           0x080291c4   Data           6  processscope.o(.constdata)
    FSMC_DefaultTimingStruct                 0x08029ffc   Data          28  stm32f4xx_fsmc.o(.constdata)
    g_Turn_Motor_Table                       0x0802a028   Data          16  driver.o(.constdata)
    OUT_PORT                                 0x0802a038   Data          12  driver.o(.constdata)
    OUT_PIN                                  0x0802a044   Data           6  driver.o(.constdata)
    OUT_CLK                                  0x0802a04c   Data          12  driver.o(.constdata)
    ethbroadcast                             0x0802a058   Data           6  etharp.o(.constdata)
    ethzero                                  0x0802a05e   Data           6  etharp.o(.constdata)
    ip_addr_any                              0x0802a064   Data           4  ip_addr.o(.constdata)
    ip_addr_broadcast                        0x0802a068   Data           4  ip_addr.o(.constdata)
    tcp_state_str                            0x0802a090   Data          44  tcp.o(.constdata)
    tcp_backoff                              0x0802a0bc   Data          13  tcp.o(.constdata)
    tcp_persist_backoff                      0x0802a0c9   Data           7  tcp.o(.constdata)
    tcp_pcb_lists                            0x0802a0d0   Data          16  tcp.o(.constdata)
    SystemCoreClock                          0x20000000   Data           4  system_stm32f4xx.o(.data)
    AHBPrescTable                            0x20000004   Data          16  system_stm32f4xx.o(.data)
    g_tOCLevel                               0x2000001e   Data           4  systemscope.o(.data)
    g_tSystemStatus                          0x20000022   Data           3  systemscope.o(.data)
    g_atInterval                             0x20000026   Data           8  systemscope.o(.data)
    g_nError                                 0x20000030   Data           4  systemscope.o(.data)
    g_nFlag                                  0x20000034   Data           4  systemscope.o(.data)
    g_Test_Mode                              0x20000042   Data           1  processscope.o(.data)
    g_Udp_Count                              0x20000048   Data           4  processscope.o(.data)
    g_Frame_Count                            0x2000004c   Data           4  processscope.o(.data)
    g_Send_Fail                              0x20000050   Data           4  processscope.o(.data)
    g_AirLight_Flag                          0x20000054   Data           1  processscope.o(.data)
    g_Debug_Data                             0x2000006e   Data         512  interfacescope.o(.data)
    DMATxDescToSet                           0x2000027c   Data           4  stm32f4x7_eth.o(.data)
    DMARxDescToGet                           0x20000280   Data           4  stm32f4x7_eth.o(.data)
    DMA_RX_FRAME_infos                       0x20000284   Data           4  stm32f4x7_eth.o(.data)
    Frame_Rx_index                           0x20000288   Data           4  stm32f4x7_eth.o(.data)
    g_Elec_Status                            0x200002ea   Data           1  driver.o(.data)
    g_Turn_Position                          0x200002eb   Data           1  driver.o(.data)
    g_Micro_Switch                           0x200002ec   Data           1  driver.o(.data)
    __stdout                                 0x200002f0   Data           4  driver.o(.data)
    current_netif                            0x200002f8   Data           4  ip.o(.data)
    current_header                           0x200002fc   Data           4  ip.o(.data)
    current_iphdr_src                        0x20000300   Data           4  ip.o(.data)
    current_iphdr_dest                       0x20000304   Data           4  ip.o(.data)
    netif_list                               0x20000324   Data           4  netif.o(.data)
    netif_default                            0x20000328   Data           4  netif.o(.data)
    tcp_ticks                                0x2000033c   Data           4  tcp.o(.data)
    tcp_bound_pcbs                           0x20000340   Data           4  tcp.o(.data)
    tcp_listen_pcbs                          0x20000344   Data           4  tcp.o(.data)
    tcp_active_pcbs                          0x20000348   Data           4  tcp.o(.data)
    tcp_tw_pcbs                              0x2000034c   Data           4  tcp.o(.data)
    tcp_tmp_pcb                              0x20000350   Data           4  tcp.o(.data)
    tcp_active_pcbs_changed                  0x20000354   Data           1  tcp.o(.data)
    tcp_input_pcb                            0x20000374   Data           4  tcp_in.o(.data)
    udp_pcbs                                 0x2000037c   Data           4  udp.o(.data)
    TCPTimer                                 0x2000038c   Data           4  netconf.o(.data)
    ARPTimer                                 0x20000390   Data           4  netconf.o(.data)
    IPaddress                                0x20000394   Data           4  netconf.o(.data)
    EthStatus                                0x200003a4   Data           4  stm32f4x7_eth_bsp.o(.data)
    s_tAddr                                  0x200003b4   Data           4  udp_echoserver.o(.data)
    s_nPort                                  0x200003b8   Data           2  udp_echoserver.o(.data)
    s_ptUpcb                                 0x200003bc   Data           4  udp_echoserver.o(.data)
    g_tAxisPosStatus                         0x200003c0   Data          28  systemscope.o(.bss)
    g_tSystemPara                            0x200003dc   Data          54  systemscope.o(.bss)
    g_nErrorParaSet                          0x20000412   Data          64  systemscope.o(.bss)
    g_CRP_Data                               0x20000454   Data        1032  processscope.o(.bss)
    g_NET_achCmdRvBuf                        0x2000085c   Data         256  protocol.o(.bss)
    g_achFbkSdBuf                            0x2000095c   Data        1500  protocol.o(.bss)
    g_achFbkSdLogBuf                         0x20000f38   Data        1500  protocol.o(.bss)
    g_Record_Param                           0x200020cc   Data          28  storagemanagement.o(.bss)
    DMARxDscrTab                             0x200020e8   Data         256  stm32f4x7_eth.o(.bss)
    DMATxDscrTab                             0x200021e8   Data         256  stm32f4x7_eth.o(.bss)
    Rx_Buff                                  0x200022e8   Data       12192  stm32f4x7_eth.o(.bss)
    Tx_Buff                                  0x20005288   Data       12192  stm32f4x7_eth.o(.bss)
    RX_Frame_Descriptor                      0x20008228   Data          12  stm32f4x7_eth.o(.bss)
    g_atMotorStatus                          0x20008234   Data          16  scope_move.o(.bss)
    g_atMotorPara                            0x20008244   Data          32  scope_move.o(.bss)
    ADC1_Status                              0x200098a8   Data          12  driver.o(.bss)
    g_ADC1_Buffer                            0x200098b4   Data         512  driver.o(.bss)
    ADC2_Status                              0x20009ab4   Data          12  driver.o(.bss)
    g_ADC2_Buffer                            0x20009ac0   Data         512  driver.o(.bss)
    g_ADC3_Value                             0x20009cc0   Data          20  driver.o(.bss)
    dhcp_rx_options_val                      0x20009dac   Data          40  dhcp.o(.bss)
    dhcp_rx_options_given                    0x20009dd4   Data          10  dhcp.o(.bss)
    ram_heap                                 0x20009dde   Data       10260  mem.o(.bss)
    gnetif                                   0x2001120c   Data          56  netconf.o(.bss)
    ETH_InitStructure                        0x20011244   Data         188  stm32f4x7_eth_bsp.o(.bss)
    __initial_sp                             0x20015300   Data           0  startup_stm32f40_41xxx.o(STACK)



==============================================================================

Memory Map of the image

  Image Entry point : 0x08000189

  Load Region LR_IROM1 (Base: 0x08000000, Size: 0x000005c0, Max: 0x00003fff, ABSOLUTE, COMPRESSED[0x000002f0])

    Execution Region ER_IROM1 (Base: 0x08000000, Size: 0x00000200, Max: 0x00003fff, ABSOLUTE)

    Base Addr    Size         Type   Attr      Idx    E Section Name        Object

    0x08000000   0x00000188   Data   RO          290    RESET               startup_stm32f40_41xxx.o
    0x08000188   0x00000000   Code   RO         2078  * .ARM.Collect$$$$00000000  mc_w.l(entry.o)
    0x08000188   0x00000004   Code   RO         2368    .ARM.Collect$$$$00000001  mc_w.l(entry2.o)
    0x0800018c   0x00000004   Code   RO         2371    .ARM.Collect$$$$00000004  mc_w.l(entry5.o)
    0x08000190   0x00000000   Code   RO         2373    .ARM.Collect$$$$00000008  mc_w.l(entry7b.o)
    0x08000190   0x00000000   Code   RO         2375    .ARM.Collect$$$$0000000A  mc_w.l(entry8b.o)
    0x08000190   0x00000008   Code   RO         2376    .ARM.Collect$$$$0000000B  mc_w.l(entry9a.o)
    0x08000198   0x00000000   Code   RO         2378    .ARM.Collect$$$$0000000D  mc_w.l(entry10a.o)
    0x08000198   0x00000000   Code   RO         2380    .ARM.Collect$$$$0000000F  mc_w.l(entry11a.o)
    0x08000198   0x00000004   Code   RO         2369    .ARM.Collect$$$$00002712  mc_w.l(entry2.o)
    0x0800019c   0x00000024   Code   RO         2399    .text               mc_w.l(init.o)
    0x080001c0   0x0000000e   Code   RO         2403    i.__scatterload_copy  mc_w.l(handlers.o)
    0x080001ce   0x00000002   Code   RO         2404    i.__scatterload_null  mc_w.l(handlers.o)
    0x080001d0   0x0000000e   Code   RO         2405    i.__scatterload_zeroinit  mc_w.l(handlers.o)
    0x080001de   0x00000002   PAD
    0x080001e0   0x00000020   Data   RO         2401    Region$$Table       anon$$obj.o


    Execution Region RW_IRAM1 (Base: 0x20000000, Size: 0x00015300, Max: 0x00020000, ABSOLUTE, COMPRESSED[0x000000f0])

    Base Addr    Size         Type   Attr      Idx    E Section Name        Object

    0x20000000   0x00000014   Data   RW          265    .data               system_stm32f4xx.o
    0x20000014   0x00000024   Data   RW          300    .data               systemscope.o
    0x20000038   0x0000001d   Data   RW          328    .data               processscope.o
    0x20000055   0x0000000c   Data   RW          358    .data               protocol.o
    0x20000061   0x00000003   PAD
    0x20000064   0x00000218   Data   RW          389    .data               interfacescope.o
    0x2000027c   0x00000010   Data   RW          444    .data               stm32f4x7_eth.o
    0x2000028c   0x00000010   Data   RW          999    .data               stm32f4xx_rcc.o
    0x2000029c   0x00000020   Data   RW         1206    .data               scope_it.o
    0x200002bc   0x00000012   Data   RW         1257    .data               buffercircle.o
    0x200002ce   0x00000012   Data   RW         1280    .data               netbuffercircle.o
    0x200002e0   0x00000014   Data   RW         1350    .data               driver.o
    0x200002f4   0x00000001   Data   RW         1474    .data               etharp.o
    0x200002f5   0x00000003   PAD
    0x200002f8   0x00000012   Data   RW         1589    .data               ip.o
    0x2000030a   0x00000002   PAD
    0x2000030c   0x00000006   Data   RW         1649    .data               ip_frag.o
    0x20000312   0x00000002   PAD
    0x20000314   0x00000004   Data   RW         1679    .data               dhcp.o
    0x20000318   0x0000000c   Data   RW         1737    .data               mem.o
    0x20000324   0x00000009   Data   RW         1779    .data               netif.o
    0x2000032d   0x00000003   PAD
    0x20000330   0x00000004   Data   RW         1813    .data               raw.o
    0x20000334   0x00000023   Data   RW         1841    .data               tcp.o
    0x20000357   0x00000001   PAD
    0x20000358   0x00000020   Data   RW         1864    .data               tcp_in.o
    0x20000378   0x00000008   Data   RW         1910    .data               udp.o
    0x20000380   0x00000018   Data   RW         1993    .data               netconf.o
    0x20000398   0x00000010   Data   RW         2018    .data               stm32f4x7_eth_bsp.o
    0x200003a8   0x00000018   Data   RW         2051    .data               udp_echoserver.o
    0x200003c0   0x00000092   Zero   RW          298    .bss                systemscope.o
    0x20000452   0x00000002   PAD
    0x20000454   0x00000408   Zero   RW          326    .bss                processscope.o
    0x2000085c   0x00000cb8   Zero   RW          357    .bss                protocol.o
    0x20001514   0x00000bb8   Zero   RW          387    .bss                interfacescope.o
    0x200020cc   0x0000001c   Zero   RW          416    .bss                storagemanagement.o
    0x200020e8   0x0000614c   Zero   RW          443    .bss                stm32f4x7_eth.o
    0x20008234   0x00000030   Zero   RW         1228    .bss                scope_move.o
    0x20008264   0x000009c4   Zero   RW         1256    .bss                buffercircle.o
    0x20008c28   0x00000c80   Zero   RW         1279    .bss                netbuffercircle.o
    0x200098a8   0x0000042c   Zero   RW         1348    .bss                driver.o
    0x20009cd4   0x000000c8   Zero   RW         1472    .bss                etharp.o
    0x20009d9c   0x00000010   Zero   RW         1626    .bss                ip_addr.o
    0x20009dac   0x00000032   Zero   RW         1678    .bss                dhcp.o
    0x20009dde   0x00002814   Zero   RW         1736    .bss                mem.o
    0x2000c5f2   0x00000002   PAD
    0x2000c5f4   0x00004c07   Zero   RW         1752    .bss                memp.o
    0x200111fb   0x00000001   PAD
    0x200111fc   0x00000010   Zero   RW         1863    .bss                tcp_in.o
    0x2001120c   0x00000038   Zero   RW         1992    .bss                netconf.o
    0x20011244   0x000000bc   Zero   RW         2017    .bss                stm32f4x7_eth_bsp.o
    0x20011300   0x00004000   Zero   RW          288    STACK               startup_stm32f40_41xxx.o



  Load Region LR_IROM2 (Base: 0x08008000, Size: 0x00022194, Max: 0x0003ffff, ABSOLUTE)

    Execution Region ER_IROM2 (Base: 0x08008000, Size: 0x00022194, Max: 0x0003ffff, ABSOLUTE)

    Base Addr    Size         Type   Attr      Idx    E Section Name        Object

    0x08008000   0x000000c0   Code   RO            3    .text               scopemain.o
    0x080080c0   0x000002cc   Code   RO          264    .text               system_stm32f4xx.o
    0x0800838c   0x00000024   Code   RO          291    .text               startup_stm32f40_41xxx.o
    0x080083b0   0x000001d4   Code   RO          297    .text               systemscope.o
    0x08008584   0x000052ec   Code   RO          325    .text               processscope.o
    0x0800d870   0x00000260   Code   RO          356    .text               protocol.o
    0x0800dad0   0x000019a8   Code   RO          386    .text               interfacescope.o
    0x0800f478   0x00000190   Code   RO          415    .text               storagemanagement.o
    0x0800f608   0x00001e30   Code   RO          442    .text               stm32f4x7_eth.o
    0x08011438   0x000001dc   Code   RO          466    .text               misc.o
    0x08011614   0x00001070   Code   RO          506    .text               stm32f4xx_adc.o
    0x08012684   0x000005f8   Code   RO          646    .text               stm32f4xx_dac.o
    0x08012c7c   0x000013a4   Code   RO          729    .text               stm32f4xx_dma.o
    0x08014020   0x000002f8   Code   RO          749    .text               stm32f4xx_exti.o
    0x08014318   0x00000a94   Code   RO          769    .text               stm32f4xx_flash.o
    0x08014dac   0x00000e48   Code   RO          812    .text               stm32f4xx_fsmc.o
    0x08015bf4   0x00000a10   Code   RO          835    .text               stm32f4xx_gpio.o
    0x08016604   0x00000f60   Code   RO          998    .text               stm32f4xx_rcc.o
    0x08017564   0x00000dd0   Code   RO         1103    .text               stm32f4xx_spi.o
    0x08018334   0x0000019c   Code   RO         1123    .text               stm32f4xx_syscfg.o
    0x080184d0   0x00003284   Code   RO         1143    .text               stm32f4xx_tim.o
    0x0801b754   0x0000115c   Code   RO         1163    .text               stm32f4xx_usart.o
    0x0801c8b0   0x00000378   Code   RO         1183    .text               fpga.o
    0x0801cc28   0x000002cc   Code   RO         1205    .text               scope_it.o
    0x0801cef4   0x000003ec   Code   RO         1227    .text               scope_move.o
    0x0801d2e0   0x000003b8   Code   RO         1255    .text               buffercircle.o
    0x0801d698   0x000003b8   Code   RO         1278    .text               netbuffercircle.o
    0x0801da50   0x000028b8   Code   RO         1347    .text               driver.o
    0x08020308   0x0000084c   Code   RO         1407    .text               ad7799.o
    0x08020b54   0x00000290   Code   RO         1429    .text               ethernetif.o
    0x08020de4   0x0000092c   Code   RO         1471    .text               etharp.o
    0x08021710   0x000001f0   Code   RO         1530    .text               icmp.o
    0x08021900   0x00000222   Code   RO         1570    .text               inet_chksum.o
    0x08021b22   0x00000002   PAD
    0x08021b24   0x00000308   Code   RO         1588    .text               ip.o
    0x08021e2c   0x000002b4   Code   RO         1625    .text               ip_addr.o
    0x080220e0   0x00000694   Code   RO         1648    .text               ip_frag.o
    0x08022774   0x0000003e   Code   RO         1665    .text               def.o
    0x080227b2   0x00000002   PAD
    0x080227b4   0x000010cc   Code   RO         1677    .text               dhcp.o
    0x08023880   0x0000033c   Code   RO         1735    .text               mem.o
    0x08023bbc   0x000000a8   Code   RO         1751    .text               memp.o
    0x08023c64   0x000002ac   Code   RO         1778    .text               netif.o
    0x08023f10   0x0000073a   Code   RO         1800    .text               pbuf.o
    0x0802464a   0x00000002   PAD
    0x0802464c   0x000001b0   Code   RO         1812    .text               raw.o
    0x080247fc   0x00000e18   Code   RO         1838    .text               tcp.o
    0x08025614   0x000012ac   Code   RO         1862    .text               tcp_in.o
    0x080268c0   0x00000c2e   Code   RO         1885    .text               tcp_out.o
    0x080274ee   0x00000002   Code   RO         1897    .text               timers.o
    0x080274f0   0x00000480   Code   RO         1909    .text               udp.o
    0x08027970   0x00000170   Code   RO         1991    .text               netconf.o
    0x08027ae0   0x00000438   Code   RO         2016    .text               stm32f4x7_eth_bsp.o
    0x08027f18   0x0000024c   Code   RO         2049    .text               udp_echoserver.o
    0x08028164   0x00000024   Code   RO         2081    .text               mc_w.l(memcpya.o)
    0x08028188   0x00000024   Code   RO         2083    .text               mc_w.l(memseta.o)
    0x080281ac   0x00000018   Code   RO         2085    .text               mc_w.l(strncpy.o)
    0x080281c4   0x0000000e   Code   RO         2087    .text               mc_w.l(strlen.o)
    0x080281d2   0x0000001a   Code   RO         2089    .text               mc_w.l(memcmp.o)
    0x080281ec   0x0000014e   Code   RO         2354    .text               mf_w.l(dadd.o)
    0x0802833a   0x000000e4   Code   RO         2356    .text               mf_w.l(dmul.o)
    0x0802841e   0x0000001a   Code   RO         2358    .text               mf_w.l(dfltui.o)
    0x08028438   0x0000003e   Code   RO         2360    .text               mf_w.l(dfixi.o)
    0x08028476   0x00000032   Code   RO         2362    .text               mf_w.l(dfixui.o)
    0x080284a8   0x00000026   Code   RO         2364    .text               mf_w.l(f2d.o)
    0x080284ce   0x00000002   PAD
    0x080284d0   0x00000028   Code   RO         2366    .text               mf_w.l(cdrcmple.o)
    0x080284f8   0x0000002c   Code   RO         2382    .text               mc_w.l(uidiv.o)
    0x08028524   0x00000062   Code   RO         2384    .text               mc_w.l(uldiv.o)
    0x08028586   0x0000001e   Code   RO         2386    .text               mc_w.l(llshl.o)
    0x080285a4   0x00000020   Code   RO         2388    .text               mc_w.l(llushr.o)
    0x080285c4   0x00000024   Code   RO         2390    .text               mc_w.l(llsshr.o)
    0x080285e8   0x00000000   Code   RO         2392    .text               mc_w.l(iusefp.o)
    0x080285e8   0x000000be   Code   RO         2393    .text               mf_w.l(depilogue.o)
    0x080286a6   0x000000de   Code   RO         2395    .text               mf_w.l(ddiv.o)
    0x08028784   0x00000030   Code   RO         2397    .text               mf_w.l(dfixul.o)
    0x080287b4   0x0000005c   Code   RO         2409    .text               mc_w.l(__dczerorl2.o)
    0x08028810   0x00000020   Code   RO         2326    i.__0printf         mc_w.l(printfa.o)
    0x08028830   0x00000028   Code   RO         2328    i.__0sprintf        mc_w.l(printfa.o)
    0x08028858   0x0000015c   Code   RO         2333    i._fp_digits        mc_w.l(printfa.o)
    0x080289b4   0x000006f0   Code   RO         2334    i._printf_core      mc_w.l(printfa.o)
    0x080290a4   0x00000026   Code   RO         2335    i._printf_post_padding  mc_w.l(printfa.o)
    0x080290ca   0x00000030   Code   RO         2336    i._printf_pre_padding  mc_w.l(printfa.o)
    0x080290fa   0x0000000a   Code   RO         2338    i._sputc            mc_w.l(printfa.o)
    0x08029104   0x000000c0   Data   RO          299    .constdata          systemscope.o
    0x080291c4   0x00000d9d   Data   RO          327    .constdata          processscope.o
    0x08029f61   0x00000003   PAD
    0x08029f64   0x00000098   Data   RO          388    .constdata          interfacescope.o
    0x08029ffc   0x0000001c   Data   RO          813    .constdata          stm32f4xx_fsmc.o
    0x0802a018   0x00000010   Data   RO         1229    .constdata          scope_move.o
    0x0802a028   0x00000030   Data   RO         1349    .constdata          driver.o
    0x0802a058   0x0000000c   Data   RO         1473    .constdata          etharp.o
    0x0802a064   0x00000008   Data   RO         1627    .constdata          ip_addr.o
    0x0802a06c   0x00000024   Data   RO         1753    .constdata          memp.o
    0x0802a090   0x00000050   Data   RO         1839    .constdata          tcp.o
    0x0802a0e0   0x0000004b   Data   RO         2050    .constdata          udp_echoserver.o
    0x0802a12b   0x00000068   Data   RO         1840    .conststring        tcp.o


==============================================================================

Image component sizes


      Code (inc. data)   RO Data    RW Data    ZI Data      Debug   Object Name

      2124        154          0          0          0       5741   ad7799.o
       952         16          0         18       2500       4406   buffercircle.o
        62          0          0          0          0       1174   def.o
      4300         80          0          4         50      12570   dhcp.o
     10424       1418         48         20       1068      60531   driver.o
      2348         22         12          1        200      15877   etharp.o
       656         36          0          0          0       7755   ethernetif.o
       888         18          0          0          0       2691   fpga.o
       496          8          0          0          0       3342   icmp.o
         0          0          0          0          0       3768   inet.o
       546          0          0          0          0       2897   inet_chksum.o
      6568        472        152        536       3000      45110   interfacescope.o
       776         30          0         18          0      15476   ip.o
       692         12          8          0         16       9151   ip_addr.o
      1684         18          0          6          0       6988   ip_frag.o
       828         18          0         12      10260       3822   mem.o
       168         18         36          0      19463       2322   memp.o
       476         56          0          0          0       1889   misc.o
       952         16          0         18       3200       4724   netbuffercircle.o
       368        142          0         24         56       1826   netconf.o
       684         20          0          9          0       6449   netif.o
      1850          0          0          0          0       8809   pbuf.o
     21228       4826       3485         29       1032      30565   processscope.o
       608         12          0         12       3256       6553   protocol.o
       432         14          0          4          0       3237   raw.o
       716         78          0         32          0       3108   scope_it.o
      1004         18         16          0         48       4431   scope_move.o
       192        118          0          0          0     414072   scopemain.o
        36          8        392          0      16384        796   startup_stm32f40_41xxx.o
      7728        216          0         16      24908      23289   stm32f4x7_eth.o
      1080        192          0         16        188       4669   stm32f4x7_eth_bsp.o
      4208        130          0          0          0      12554   stm32f4xx_adc.o
      1528         48          0          0          0       5381   stm32f4xx_dac.o
      5028        330          0          0          0       8513   stm32f4xx_dma.o
       760         50          0          0          0       2551   stm32f4xx_exti.o
      2708         82          0          0          0       9918   stm32f4xx_flash.o
      3656        130         28          0          0       7038   stm32f4xx_fsmc.o
      2576        178          0          0          0       5213   stm32f4xx_gpio.o
      3936        252          0         16          0      15056   stm32f4xx_rcc.o
      3536        168          0          0          0       8333   stm32f4xx_spi.o
       412         62          0          0          0       1961   stm32f4xx_syscfg.o
     12932        652          0          0          0      29104   stm32f4xx_tim.o
      4444        228          0          0          0       9852   stm32f4xx_usart.o
       400         46          0          0         28       3952   storagemanagement.o
       716         50          0         20          0       1968   system_stm32f4xx.o
       468         46        192         36        146       5689   systemscope.o
      3608        138        184         35          0      21203   tcp.o
      4780        232          0         32         16      14487   tcp_in.o
      3118          8          0          0          0       9307   tcp_out.o
         2          0          0          0          0        435   timers.o
      1152         22          0          8          0      13765   udp.o
       588        214         75         24          0       2229   udp_echoserver.o

    ----------------------------------------------------------------------
    131428      11102       4664        960      85824     906547   Object Totals
         0          0         32          0          0          0   (incl. Generated)
         6          0          4         14          5          0   (incl. Padding)

    ----------------------------------------------------------------------

      Code (inc. data)   RO Data    RW Data    ZI Data      Debug   Library Member Name

        92          0          0          0          0          0   __dczerorl2.o
         0          0          0          0          0          0   entry.o
         0          0          0          0          0          0   entry10a.o
         0          0          0          0          0          0   entry11a.o
         8          4          0          0          0          0   entry2.o
         4          0          0          0          0          0   entry5.o
         0          0          0          0          0          0   entry7b.o
         0          0          0          0          0          0   entry8b.o
         8          4          0          0          0          0   entry9a.o
        30          0          0          0          0          0   handlers.o
        36          8          0          0          0         68   init.o
         0          0          0          0          0          0   iusefp.o
        30          0          0          0          0         68   llshl.o
        36          0          0          0          0         68   llsshr.o
        32          0          0          0          0         68   llushr.o
        26          0          0          0          0         80   memcmp.o
        36          0          0          0          0         68   memcpya.o
        36          0          0          0          0        108   memseta.o
      2292         96          0          0          0        596   printfa.o
        14          0          0          0          0         68   strlen.o
        24          0          0          0          0         76   strncpy.o
        44          0          0          0          0         80   uidiv.o
        98          0          0          0          0         92   uldiv.o
        40          2          0          0          0         68   cdrcmple.o
       334          0          0          0          0        148   dadd.o
       222          0          0          0          0        100   ddiv.o
       190          0          0          0          0        176   depilogue.o
        62          0          0          0          0         80   dfixi.o
        50          0          0          0          0         76   dfixui.o
        48          0          0          0          0         68   dfixul.o
        26          0          0          0          0         76   dfltui.o
       228          0          0          0          0         96   dmul.o
        38          0          0          0          0         68   f2d.o

    ----------------------------------------------------------------------
      4088        114          0          0          0       2396   Library Totals
         4          0          0          0          0          0   (incl. Padding)

    ----------------------------------------------------------------------

      Code (inc. data)   RO Data    RW Data    ZI Data      Debug   Library Name

      2846        112          0          0          0       1440   mc_w.l
      1238          2          0          0          0        956   mf_w.l

    ----------------------------------------------------------------------
      4088        114          0          0          0       2396   Library Totals

    ----------------------------------------------------------------------

==============================================================================


      Code (inc. data)   RO Data    RW Data    ZI Data      Debug   

    135516      11216       4664        960      85824     895943   Grand Totals
    135516      11216       4664        240      85824     895943   ELF Image Totals (compressed)
    135516      11216       4664        240          0          0   ROM Totals

==============================================================================

    Total RO  Size (Code + RO Data)               140180 ( 136.89kB)
    Total RW  Size (RW Data + ZI Data)             86784 (  84.75kB)
    Total ROM Size (Code + RO Data + RW Data)     140420 ( 137.13kB)

==============================================================================

